(2026-08-08 14:52:27.707) INFO [savont] COMMAND: /homes9/jshaw/.cargo/bin/savont asv -t 10 /hlilab/jshaw/16s_ont/benchmark/results-FINAL-preprint/subsampled/v1v8_zmock1_frac5792.093186649751.fastq -o /hlilab/jshaw/16s_ont/benchmark/reviewer_analyses/min_cluster_sensitivity/results/reads_5792/min_cluster_10 --min-cluster-size 10
(2026-08-08 14:52:27.708) INFO [savont] VERSION: 0.6.2
(2026-08-08 14:52:27.708) INFO [savont] SYSTEM NAME: Rocky Linux
(2026-08-08 14:52:27.708) INFO [savont] SYSTEM HOST NAME: ara.dfci.harvard.edu
(2026-08-08 14:52:27.709) INFO [savont] Created temp directory for intermediate files: /hlilab/jshaw/16s_ont/benchmark/reviewer_analyses/min_cluster_sensitivity/results/reads_5792/min_cluster_10/temp
(2026-08-08 14:52:27.750) INFO [savont] === SAVONT STARTED: Generating ASVs ===
(2026-08-08 14:52:27.750) INFO [savont] === STAGE 1: Processing k-mers and polymorphic markers ===
(2026-08-08 14:52:27.871) INFO [savont::seq_parse] Finished with k-mer counting in 121.520909ms. Total SNPmers after bloom filter: 162272
(2026-08-08 14:52:27.872) INFO [savont::utils] Memory usage after second round of k-mer counting processing --- Memory usage: 0.02 GB
(2026-08-08 14:52:27.900) INFO [savont::seq_parse] Removed 150498 SNPmers with counts < 1 in both strands and <= 3 multiplicity.
(2026-08-08 14:52:27.924) INFO [savont] Time elapsed in for counting k-mers is: 174.577909ms
(2026-08-08 14:52:27.948) INFO [savont::kmer_comp] Finding snpmers...
(2026-08-08 14:52:27.970) INFO [savont::kmer_comp] Number of snpmers: 156. 
(2026-08-08 14:52:27.989) INFO [savont] Time elapsed in for parsing snpmers is: 42.086351ms
(2026-08-08 14:52:27.990) INFO [savont::utils] STAGE 1 DONE: Obtained SNPmers --- Memory usage: 0.02 GB
(2026-08-08 14:52:28.007) INFO [savont] Using blockmers: false
(2026-08-08 14:52:28.007) INFO [savont] Getting reads...
(2026-08-08 14:52:28.025) INFO [savont::kmer_comp] Number of reads removed due to length filtering: 12.
(2026-08-08 14:52:28.160) INFO [savont::kmer_comp] Number of valid reads  - 5780. Number of reads below quality threshold - 258.
(2026-08-08 14:52:28.160) INFO [savont::kmer_comp] Mean SNPmer density: 3.77%
(2026-08-08 14:52:28.161) INFO [savont::kmer_comp] Mean Blockmer density: 0.00%
(2026-08-08 14:52:28.172) INFO [savont] Total reads: 5522, Reads without SNPmers: 0 (0.00%)
(2026-08-08 14:52:28.190) INFO [savont] === STAGE 2: Clustering reads by k-mers ===
(2026-08-08 14:52:28.190) INFO [savont::asv_cluster] Starting greedy k-mer based clustering...
(2026-08-08 14:52:28.335) INFO [savont::asv_cluster] Greedy clustering complete. 31 cluster representatives found
(2026-08-08 14:52:28.337) INFO [savont::asv_cluster] K-mer clustering complete. 22 clusters found. Largest cluster: 1131 reads
(2026-08-08 14:52:28.337) INFO [savont::asv_cluster] Wrote k-mer clusters to /hlilab/jshaw/16s_ont/benchmark/reviewer_analyses/min_cluster_sensitivity/results/reads_5792/min_cluster_10/temp/kmer_clusters_stage2.tsv
(2026-08-08 14:52:28.361) INFO [savont::utils] STAGE 2 DONE: Clustered reads by k-mers --- Memory usage: 0.05 GB
(2026-08-08 14:52:28.379) INFO [savont] === STAGE 3: Secondary clustering of reads by polymorphic markers ===
(2026-08-08 14:52:28.379) INFO [savont::asv_cluster] Starting greedy SNPmer-based clustering within k-mer clusters...
(2026-08-08 14:52:28.401) INFO [savont::asv_cluster] Wrote SNPmer clusters to /hlilab/jshaw/16s_ont/benchmark/reviewer_analyses/min_cluster_sensitivity/results/reads_5792/min_cluster_10/temp/snpmer_clusters_before_reclust2.5.tsv
(2026-08-08 14:52:28.407) INFO [savont::asv_cluster] Starting iterative reclustering using consensus representatives...
(2026-08-08 14:52:28.407) INFO [savont::asv_cluster] Starting with 22 k-mer groups containing 69 total SNPmer clusters
(2026-08-08 14:52:28.417) INFO [savont::asv_cluster] Iteration 1: 11 total merges, 242 total reassignments across 12 k-mer groups
(2026-08-08 14:52:28.425) INFO [savont::asv_cluster] Iteration 2: 0 total merges, 1 total reassignments across 12 k-mer groups
(2026-08-08 14:52:28.425) INFO [savont::asv_cluster] Convergence reached after 2 iterations
(2026-08-08 14:52:28.425) INFO [savont::asv_cluster] Final result: 52 total clusters across 12 k-mer groups
(2026-08-08 14:52:28.425) INFO [savont::asv_cluster] SNPmer clustering complete. 52 total SNPmer clusters from 22 k-mer clusters
(2026-08-08 14:52:28.491) INFO [savont::utils] STAGE 3 DONE: Clustered reads by polymorphic markers --- Memory usage: 0.06 GB
(2026-08-08 14:52:28.491) INFO [savont] === STAGE 4: Generating consensus sequences and analyzing pileupes ===
(2026-08-08 14:52:28.491) INFO [savont::alignment] Generating consensus sequences from SNPmer clusters...
(2026-08-08 14:52:29.049) INFO [savont::alignment] Wrote 52 consensus sequences to consensus_sequences.fasta
(2026-08-08 14:52:29.339) INFO [savont::alignment] Analyzing quality error rates from top 5 clusters
(2026-08-08 14:52:29.640) INFO [savont::alignment] Low quality consensus sequences: [35, 40, 41, 42, 43, 45, 47, 49, 50, 51]
(2026-08-08 14:52:29.669) INFO [savont::alignment] Wrote low quality cluster information to low_quality_clusters.tsv
(2026-08-08 14:52:29.702) INFO [savont::alignment] Wrote cluster information before filtering to clusters_after_quality_filter_stage4.tsv
(2026-08-08 14:52:29.702) INFO [savont::alignment] Polishing complete
(2026-08-08 14:52:29.717) INFO [savont::utils] STAGE 4 DONE: Analyzed pileups and estimated consensus qualities --- Memory usage: 0.36 GB
(2026-08-08 14:52:29.746) INFO [savont] === STAGE 5: Merging similar consensus sequences ===
(2026-08-08 14:52:29.746) INFO [savont::alignment] Removing duplicate consensus sequences based on k-mer similarity
(2026-08-08 14:52:29.751) INFO [savont::alignment] Reduced consensus sequences from 42 to 37 after k-mer based deduplication
(2026-08-08 14:52:29.802) INFO [savont::alignment] Wrote 37 polished consensus sequences to polished_consensuses.fasta
(2026-08-08 14:52:29.806) INFO [savont::alignment] Merging 10 low quality consensuses into high quality consensuses
(2026-08-08 14:52:29.842) INFO [savont::alignment] Merging similar consensus sequences based on alignment and depth criteria
(2026-08-08 14:52:29.873) INFO [savont::alignment] Consensus merging complete: 37 -> 26 consensuses
(2026-08-08 14:52:29.942) INFO [savont::alignment] Wrote 26 merged consensus sequences to merged_consensus_sequences.fasta
(2026-08-08 14:52:29.956) INFO [savont::utils] STAGE 5 DONE: Merged similar consensus sequences --- Memory usage: 0.36 GB
(2026-08-08 14:52:29.956) INFO [savont] === STAGE 6: Detecting and filtering chimeric consensus sequences ===
(2026-08-08 14:52:29.956) INFO [savont::chimera] Starting chimera detection for 26 consensuses
(2026-08-08 14:52:29.956) INFO [savont::chimera] Calculating pairwise similarities for 26 consensuses (using decompressed sequences)
(2026-08-08 14:52:30.019) INFO [savont::chimera] Filtered 1 chimeric consensuses with mean chimera score 0.00 and std 0.00, 25 remaining
(2026-08-08 14:52:30.028) INFO [savont::utils] STAGE 6 DONE: Filtered chimeric consensus sequences --- Memory usage: 0.37 GB
(2026-08-08 14:52:30.053) INFO [savont] === Final consensus count after chimera filtering: 25 ===
(2026-08-08 14:52:30.053) INFO [savont] === STAGE 7: Refining ASV depths with alignments and EM algorithm ===
(2026-08-08 14:52:30.053) INFO [savont::alignment] Refining ASV depths using EM algorithm with k-mer based read mapping
(2026-08-08 14:52:30.080) INFO [savont::alignment] Loaded 25 ASVs as TwinReads for k-mer comparison
(2026-08-08 14:52:30.107) INFO [savont::alignment] Built SNPmer index with 152 unique splitmers
(2026-08-08 14:52:30.128) INFO [savont::alignment] Mapping 5522 reads to 25 ASVs using k-mer comparison
(2026-08-08 14:52:31.074) INFO [savont::alignment] Filtered 481 reads with ratio > 0.005
(2026-08-08 14:52:31.074) INFO [savont::alignment] Total assigned reads: 5041
(2026-08-08 14:52:31.074) INFO [savont::alignment] Total percentage assigned: 91.29%
(2026-08-08 14:52:31.074) INFO [savont::alignment] Number of unique equivalence classes: 42
(2026-08-08 14:52:31.074) INFO [savont::alignment] Running EM algorithm with convergence threshold: 1.983733e-6
(2026-08-08 14:52:31.074) INFO [savont::alignment] EM converged after 7 iterations (max change: 6.333925e-7)
(2026-08-08 14:52:31.074) INFO [savont::alignment] Updating ASV depths based on EM abundances
(2026-08-08 14:52:31.074) INFO [savont::alignment] EM refinement complete: 25 ASVs remaining
(2026-08-08 14:52:31.129) INFO [savont::utils] STAGE 7 DONE: Refined ASV depths with EM algorithm --- Memory usage: 0.37 GB
(2026-08-08 14:52:31.129) INFO [savont] Final consensus count after EM refinement: 25
(2026-08-08 14:52:31.161) INFO [savont] Wrote 25 final consensus sequences to final_asvs.fasta
(2026-08-08 14:52:31.192) INFO [savont] Wrote feature-table.tsv (QIIME2-compatible)
(2026-08-08 14:52:31.239) INFO [savont] === SAVONT COMPLETED SUCCESSFULLY in 3 SECONDS ===
