(2026-08-08 14:52:50.086) INFO [savont] COMMAND: /homes9/jshaw/.cargo/bin/savont asv -t 10 /hlilab/jshaw/16s_ont/benchmark/results-FINAL-preprint/subsampled/v1v8_zmock1_frac25450.286947322187.fastq -o /hlilab/jshaw/16s_ont/benchmark/reviewer_analyses/min_cluster_sensitivity/results/reads_25450/min_cluster_8 --min-cluster-size 8
(2026-08-08 14:52:50.099) INFO [savont] VERSION: 0.6.2
(2026-08-08 14:52:50.099) INFO [savont] SYSTEM NAME: Rocky Linux
(2026-08-08 14:52:50.099) INFO [savont] SYSTEM HOST NAME: ara.dfci.harvard.edu
(2026-08-08 14:52:50.101) INFO [savont] Created temp directory for intermediate files: /hlilab/jshaw/16s_ont/benchmark/reviewer_analyses/min_cluster_sensitivity/results/reads_25450/min_cluster_8/temp
(2026-08-08 14:52:50.101) INFO [savont] === SAVONT STARTED: Generating ASVs ===
(2026-08-08 14:52:50.101) INFO [savont] === STAGE 1: Processing k-mers and polymorphic markers ===
(2026-08-08 14:52:50.745) INFO [savont::seq_parse] Finished with k-mer counting in 643.753593ms. Total SNPmers after bloom filter: 359700
(2026-08-08 14:52:50.745) INFO [savont::utils] Memory usage after second round of k-mer counting processing --- Memory usage: 0.02 GB
(2026-08-08 14:52:50.750) INFO [savont::seq_parse] Removed 308403 SNPmers with counts < 1 in both strands and <= 3 multiplicity.
(2026-08-08 14:52:50.750) INFO [savont] Time elapsed in for counting k-mers is: 649.338559ms
(2026-08-08 14:52:50.750) INFO [savont::kmer_comp] Finding snpmers...
(2026-08-08 14:52:50.757) INFO [savont::kmer_comp] Number of snpmers: 522. 
(2026-08-08 14:52:50.757) INFO [savont] Time elapsed in for parsing snpmers is: 6.548036ms
(2026-08-08 14:52:50.757) INFO [savont::utils] STAGE 1 DONE: Obtained SNPmers --- Memory usage: 0.01 GB
(2026-08-08 14:52:50.757) INFO [savont] Using blockmers: false
(2026-08-08 14:52:50.757) INFO [savont] Getting reads...
(2026-08-08 14:52:50.859) INFO [savont::kmer_comp] Number of reads removed due to length filtering: 43.
(2026-08-08 14:52:51.564) INFO [savont::kmer_comp] Number of valid reads  - 25407. Number of reads below quality threshold - 1099.
(2026-08-08 14:52:51.567) INFO [savont::kmer_comp] Mean SNPmer density: 3.83%
(2026-08-08 14:52:51.598) INFO [savont::kmer_comp] Mean Blockmer density: 0.00%
(2026-08-08 14:52:51.660) INFO [savont] Total reads: 24308, Reads without SNPmers: 0 (0.00%)
(2026-08-08 14:52:51.666) INFO [savont] === STAGE 2: Clustering reads by k-mers ===
(2026-08-08 14:52:51.666) INFO [savont::asv_cluster] Starting greedy k-mer based clustering...
(2026-08-08 14:52:52.043) INFO [savont::asv_cluster] Processed 10000 / 24308 reads. Current representatives: 34
(2026-08-08 14:52:52.493) INFO [savont::asv_cluster] Processed 20000 / 24308 reads. Current representatives: 38
(2026-08-08 14:52:52.708) INFO [savont::asv_cluster] Greedy clustering complete. 46 cluster representatives found
(2026-08-08 14:52:52.719) INFO [savont::asv_cluster] K-mer clustering complete. 32 clusters found. Largest cluster: 4631 reads
(2026-08-08 14:52:52.732) INFO [savont::asv_cluster] Wrote k-mer clusters to /hlilab/jshaw/16s_ont/benchmark/reviewer_analyses/min_cluster_sensitivity/results/reads_25450/min_cluster_8/temp/kmer_clusters_stage2.tsv
(2026-08-08 14:52:52.760) INFO [savont::utils] STAGE 2 DONE: Clustered reads by k-mers --- Memory usage: 0.17 GB
(2026-08-08 14:52:52.761) INFO [savont] === STAGE 3: Secondary clustering of reads by polymorphic markers ===
(2026-08-08 14:52:52.761) INFO [savont::asv_cluster] Starting greedy SNPmer-based clustering within k-mer clusters...
(2026-08-08 14:52:52.992) INFO [savont::asv_cluster] Wrote SNPmer clusters to /hlilab/jshaw/16s_ont/benchmark/reviewer_analyses/min_cluster_sensitivity/results/reads_25450/min_cluster_8/temp/snpmer_clusters_before_reclust2.5.tsv
(2026-08-08 14:52:52.992) INFO [savont::asv_cluster] Starting iterative reclustering using consensus representatives...
(2026-08-08 14:52:52.992) INFO [savont::asv_cluster] Starting with 32 k-mer groups containing 413 total SNPmer clusters
(2026-08-08 14:52:53.104) INFO [savont::asv_cluster] Iteration 1: 67 total merges, 2925 total reassignments across 23 k-mer groups
(2026-08-08 14:52:53.183) INFO [savont::asv_cluster] Iteration 2: 1 total merges, 311 total reassignments across 23 k-mer groups
(2026-08-08 14:52:53.279) INFO [savont::asv_cluster] Iteration 3: 0 total merges, 20 total reassignments across 23 k-mer groups
(2026-08-08 14:52:53.279) INFO [savont::asv_cluster] Convergence reached after 3 iterations
(2026-08-08 14:52:53.279) INFO [savont::asv_cluster] Final result: 255 total clusters across 23 k-mer groups
(2026-08-08 14:52:53.280) INFO [savont::asv_cluster] SNPmer clustering complete. 255 total SNPmer clusters from 32 k-mer clusters
(2026-08-08 14:52:53.365) INFO [savont::utils] STAGE 3 DONE: Clustered reads by polymorphic markers --- Memory usage: 0.18 GB
(2026-08-08 14:52:53.365) INFO [savont] === STAGE 4: Generating consensus sequences and analyzing pileupes ===
(2026-08-08 14:52:53.365) INFO [savont::alignment] Generating consensus sequences from SNPmer clusters...
(2026-08-08 14:52:55.021) INFO [savont::alignment] Wrote 255 consensus sequences to consensus_sequences.fasta
(2026-08-08 14:52:56.273) INFO [savont::alignment] Analyzing quality error rates from top 26 clusters
(2026-08-08 14:52:57.647) INFO [savont::alignment] Low quality consensus sequences: [43, 44, 46, 49, 52, 58, 59, 61, 62, 63, 67, 70, 73, 75, 76, 79, 83, 85, 91, 93, 94, 96, 101, 103, 104, 106, 107, 109, 112, 113, 115, 117, 118, 120, 124, 127, 128, 129, 133, 136, 137, 138, 140, 141, 142, 143, 144, 145, 146, 147, 150, 155, 156, 157, 159, 160, 161, 163, 164, 165, 166, 167, 168, 169, 170, 171, 173, 174, 178, 179, 180, 181, 182, 184, 185, 186, 187, 188, 189, 191, 192, 193, 194, 195, 196, 197, 201, 202, 203, 204, 205, 206, 207, 209, 211, 212, 213, 214, 216, 217, 218, 219, 220, 221, 222, 224, 225, 226, 227, 229, 230, 231, 232, 234, 236, 239, 241, 242, 243, 244, 245, 246, 247, 248, 249, 250, 251, 253, 254]
(2026-08-08 14:52:57.678) INFO [savont::alignment] Wrote low quality cluster information to low_quality_clusters.tsv
(2026-08-08 14:52:57.739) INFO [savont::alignment] Wrote cluster information before filtering to clusters_after_quality_filter_stage4.tsv
(2026-08-08 14:52:57.739) INFO [savont::alignment] Polishing complete
(2026-08-08 14:52:57.824) INFO [savont::utils] STAGE 4 DONE: Analyzed pileups and estimated consensus qualities --- Memory usage: 1.10 GB
(2026-08-08 14:52:57.862) INFO [savont] === STAGE 5: Merging similar consensus sequences ===
(2026-08-08 14:52:57.862) INFO [savont::alignment] Removing duplicate consensus sequences based on k-mer similarity
(2026-08-08 14:52:57.901) INFO [savont::alignment] Reduced consensus sequences from 126 to 113 after k-mer based deduplication
(2026-08-08 14:52:57.930) INFO [savont::alignment] Wrote 113 polished consensus sequences to polished_consensuses.fasta
(2026-08-08 14:52:57.938) INFO [savont::alignment] Merging 129 low quality consensuses into high quality consensuses
(2026-08-08 14:52:58.081) INFO [savont::alignment] Merging similar consensus sequences based on alignment and depth criteria
(2026-08-08 14:52:58.178) INFO [savont::alignment] Consensus merging complete: 113 -> 67 consensuses
(2026-08-08 14:52:58.309) INFO [savont::alignment] Wrote 67 merged consensus sequences to merged_consensus_sequences.fasta
(2026-08-08 14:52:58.332) INFO [savont::utils] STAGE 5 DONE: Merged similar consensus sequences --- Memory usage: 1.08 GB
(2026-08-08 14:52:58.332) INFO [savont] === STAGE 6: Detecting and filtering chimeric consensus sequences ===
(2026-08-08 14:52:58.332) INFO [savont::chimera] Starting chimera detection for 67 consensuses
(2026-08-08 14:52:58.332) INFO [savont::chimera] Calculating pairwise similarities for 67 consensuses (using decompressed sequences)
(2026-08-08 14:52:58.583) INFO [savont::chimera] Filtered 42 chimeric consensuses with mean chimera score 0.00 and std 0.00, 25 remaining
(2026-08-08 14:52:58.596) INFO [savont::utils] STAGE 6 DONE: Filtered chimeric consensus sequences --- Memory usage: 1.09 GB
(2026-08-08 14:52:58.610) INFO [savont] === Final consensus count after chimera filtering: 25 ===
(2026-08-08 14:52:58.610) INFO [savont] === STAGE 7: Refining ASV depths with alignments and EM algorithm ===
(2026-08-08 14:52:58.611) INFO [savont::alignment] Refining ASV depths using EM algorithm with k-mer based read mapping
(2026-08-08 14:52:58.663) INFO [savont::alignment] Loaded 25 ASVs as TwinReads for k-mer comparison
(2026-08-08 14:52:58.663) INFO [savont::alignment] Built SNPmer index with 159 unique splitmers
(2026-08-08 14:52:58.691) INFO [savont::alignment] Mapping 24308 reads to 25 ASVs using k-mer comparison
(2026-08-08 14:53:02.358) INFO [savont::alignment] Filtered 2123 reads with ratio > 0.005
(2026-08-08 14:53:02.358) INFO [savont::alignment] Total assigned reads: 22185
(2026-08-08 14:53:02.358) INFO [savont::alignment] Total percentage assigned: 91.27%
(2026-08-08 14:53:02.358) INFO [savont::alignment] Number of unique equivalence classes: 54
(2026-08-08 14:53:02.358) INFO [savont::alignment] Running EM algorithm with convergence threshold: 4.507550e-7
(2026-08-08 14:53:02.358) INFO [savont::alignment] EM converged after 6 iterations (max change: 4.306479e-8)
(2026-08-08 14:53:02.358) INFO [savont::alignment] Updating ASV depths based on EM abundances
(2026-08-08 14:53:02.358) INFO [savont::alignment] EM refinement complete: 25 ASVs remaining
(2026-08-08 14:53:02.434) INFO [savont::utils] STAGE 7 DONE: Refined ASV depths with EM algorithm --- Memory usage: 1.06 GB
(2026-08-08 14:53:02.434) INFO [savont] Final consensus count after EM refinement: 25
(2026-08-08 14:53:02.462) INFO [savont] Wrote 25 final consensus sequences to final_asvs.fasta
(2026-08-08 14:53:02.491) INFO [savont] Wrote feature-table.tsv (QIIME2-compatible)
(2026-08-08 14:53:02.563) INFO [savont] === SAVONT COMPLETED SUCCESSFULLY in 12 SECONDS ===
