(2026-08-08 19:29:17.308) INFO [savont] COMMAND: /homes9/jshaw/.cargo/bin/savont asv -t 10 /hlilab/jshaw/16s_ont/benchmark/reviewer_analyses/read_accuracy_sensitivity/subsampled/mean_accuracy_99_reads_1318.fastq -o /hlilab/jshaw/16s_ont/benchmark/reviewer_analyses/read_accuracy_sensitivity/results/mean_accuracy_99/reads_1318
(2026-08-08 19:29:17.325) INFO [savont] VERSION: 0.6.3
(2026-08-08 19:29:17.325) INFO [savont] SYSTEM NAME: Rocky Linux
(2026-08-08 19:29:17.325) INFO [savont] SYSTEM HOST NAME: ara.dfci.harvard.edu
(2026-08-08 19:29:17.326) INFO [savont] Created temp directory for intermediate files: /hlilab/jshaw/16s_ont/benchmark/reviewer_analyses/read_accuracy_sensitivity/results/mean_accuracy_99/reads_1318/temp
(2026-08-08 19:29:17.351) INFO [savont] === SAVONT STARTED: Generating ASVs ===
(2026-08-08 19:29:17.351) INFO [savont] === STAGE 1: Processing k-mers and polymorphic markers ===
(2026-08-08 19:29:17.391) INFO [savont::seq_parse] Finished with k-mer counting in 39.925186ms. Total SNPmers after bloom filter: 70956
(2026-08-08 19:29:17.391) INFO [savont::utils] Memory usage after second round of k-mer counting processing --- Memory usage: 0.01 GB
(2026-08-08 19:29:17.429) INFO [savont::seq_parse] Removed 62324 SNPmers with counts < 1 in both strands and <= 3 multiplicity.
(2026-08-08 19:29:17.456) INFO [savont] Time elapsed in for counting k-mers is: 104.935983ms
(2026-08-08 19:29:17.481) INFO [savont::kmer_comp] Finding snpmers...
(2026-08-08 19:29:17.482) INFO [savont::kmer_comp] Number of snpmers: 154. 
(2026-08-08 19:29:17.506) INFO [savont] Time elapsed in for parsing snpmers is: 24.653159ms
(2026-08-08 19:29:17.506) INFO [savont::utils] STAGE 1 DONE: Obtained SNPmers --- Memory usage: 0.01 GB
(2026-08-08 19:29:17.530) INFO [savont] Using blockmers: false
(2026-08-08 19:29:17.530) INFO [savont] Getting reads...
(2026-08-08 19:29:17.535) INFO [savont::kmer_comp] Number of reads removed due to length filtering: 0.
(2026-08-08 19:29:17.570) INFO [savont::kmer_comp] Number of valid reads  - 1318. Number of reads below quality threshold - 204.
(2026-08-08 19:29:17.579) INFO [savont::kmer_comp] Mean SNPmer density: 3.23%
(2026-08-08 19:29:17.610) INFO [savont::kmer_comp] Mean Blockmer density: 0.00%
(2026-08-08 19:29:17.612) INFO [savont] Total reads: 1114, Reads without SNPmers: 0 (0.00%)
(2026-08-08 19:29:17.630) INFO [savont] === STAGE 2: Clustering reads by k-mers ===
(2026-08-08 19:29:17.630) INFO [savont::asv_cluster] Starting greedy k-mer based clustering...
(2026-08-08 19:29:17.651) INFO [savont::asv_cluster] Greedy clustering complete. 7 cluster representatives found
(2026-08-08 19:29:17.658) INFO [savont::asv_cluster] K-mer clustering complete. 7 clusters found. Largest cluster: 220 reads
(2026-08-08 19:29:17.680) INFO [savont::asv_cluster] Wrote k-mer clusters to /hlilab/jshaw/16s_ont/benchmark/reviewer_analyses/read_accuracy_sensitivity/results/mean_accuracy_99/reads_1318/temp/kmer_clusters_stage2.tsv
(2026-08-08 19:29:17.705) INFO [savont::utils] STAGE 2 DONE: Clustered reads by k-mers --- Memory usage: 0.02 GB
(2026-08-08 19:29:17.736) INFO [savont] === STAGE 3: Secondary clustering of reads by polymorphic markers ===
(2026-08-08 19:29:17.736) INFO [savont::asv_cluster] Starting greedy SNPmer-based clustering within k-mer clusters...
(2026-08-08 19:29:17.737) INFO [savont::asv_cluster] Wrote SNPmer clusters to /hlilab/jshaw/16s_ont/benchmark/reviewer_analyses/read_accuracy_sensitivity/results/mean_accuracy_99/reads_1318/temp/snpmer_clusters_before_reclust2.5.tsv
(2026-08-08 19:29:17.768) INFO [savont::asv_cluster] Starting iterative reclustering using consensus representatives...
(2026-08-08 19:29:17.768) INFO [savont::asv_cluster] Starting with 7 k-mer groups containing 20 total SNPmer clusters
(2026-08-08 19:29:17.770) INFO [savont::asv_cluster] Iteration 1: 0 total merges, 117 total reassignments across 7 k-mer groups
(2026-08-08 19:29:17.790) INFO [savont::asv_cluster] Convergence reached after 1 iterations
(2026-08-08 19:29:17.790) INFO [savont::asv_cluster] Final result: 20 total clusters across 7 k-mer groups
(2026-08-08 19:29:17.790) INFO [savont::asv_cluster] SNPmer clustering complete. 20 total SNPmer clusters from 7 k-mer clusters
(2026-08-08 19:29:17.846) INFO [savont::utils] STAGE 3 DONE: Clustered reads by polymorphic markers --- Memory usage: 0.02 GB
(2026-08-08 19:29:17.846) INFO [savont] === STAGE 4: Generating consensus sequences and analyzing pileupes ===
(2026-08-08 19:29:17.846) INFO [savont::alignment] Generating consensus sequences from SNPmer clusters...
(2026-08-08 19:29:18.086) INFO [savont::alignment] Wrote 20 consensus sequences to consensus_sequences.fasta
(2026-08-08 19:29:18.198) INFO [savont::alignment] Analyzing quality error rates from top 2 clusters
(2026-08-08 19:29:18.304) INFO [savont::alignment] Low quality consensus sequences: []
(2026-08-08 19:29:18.305) INFO [savont::alignment] Wrote low quality cluster information to low_quality_clusters.tsv
(2026-08-08 19:29:18.359) INFO [savont::alignment] Wrote cluster information before filtering to clusters_after_quality_filter_stage4.tsv
(2026-08-08 19:29:18.359) INFO [savont::alignment] Polishing complete
(2026-08-08 19:29:18.365) INFO [savont::utils] STAGE 4 DONE: Analyzed pileups and estimated consensus qualities --- Memory usage: 0.20 GB
(2026-08-08 19:29:18.385) INFO [savont] === STAGE 5: Merging similar consensus sequences ===
(2026-08-08 19:29:18.408) INFO [savont::alignment] Removing duplicate consensus sequences based on k-mer similarity
(2026-08-08 19:29:18.410) INFO [savont::alignment] Reduced consensus sequences from 20 to 20 after k-mer based deduplication
(2026-08-08 19:29:18.459) INFO [savont::alignment] Wrote 20 polished consensus sequences to polished_consensuses.fasta
(2026-08-08 19:29:18.463) INFO [savont::alignment] Merging 0 low quality consensuses into high quality consensuses
(2026-08-08 19:29:18.485) INFO [savont::alignment] Merging similar consensus sequences based on alignment and depth criteria
(2026-08-08 19:29:18.489) INFO [savont::alignment] Consensus merging complete: 20 -> 20 consensuses
(2026-08-08 19:29:18.559) INFO [savont::alignment] Wrote 20 merged consensus sequences to merged_consensus_sequences.fasta
(2026-08-08 19:29:18.562) INFO [savont::utils] STAGE 5 DONE: Merged similar consensus sequences --- Memory usage: 0.20 GB
(2026-08-08 19:29:18.591) INFO [savont] === STAGE 6: Detecting and filtering chimeric consensus sequences ===
(2026-08-08 19:29:18.591) INFO [savont::chimera] Starting chimera detection for 20 consensuses
(2026-08-08 19:29:18.591) INFO [savont::chimera] Calculating pairwise similarities for 20 consensuses (using decompressed sequences)
(2026-08-08 19:29:18.621) INFO [savont::chimera] Filtered 0 chimeric consensuses with mean chimera score NaN and std NaN, 20 remaining
(2026-08-08 19:29:18.623) INFO [savont::utils] STAGE 6 DONE: Filtered chimeric consensus sequences --- Memory usage: 0.21 GB
(2026-08-08 19:29:18.650) INFO [savont] === Final consensus count after chimera filtering: 20 ===
(2026-08-08 19:29:18.650) INFO [savont] === STAGE 7: Refining ASV depths with alignments and EM algorithm ===
(2026-08-08 19:29:18.651) INFO [savont::alignment] Refining ASV depths using EM algorithm with k-mer based read mapping
(2026-08-08 19:29:18.703) INFO [savont::alignment] Loaded 20 ASVs as TwinReads for k-mer comparison
(2026-08-08 19:29:18.703) INFO [savont::alignment] Built SNPmer index with 154 unique splitmers
(2026-08-08 19:29:18.731) INFO [savont::alignment] Mapping 1114 reads to 20 ASVs using k-mer comparison
(2026-08-08 19:29:19.236) INFO [savont::alignment] Filtered 0 reads with ratio > 0.005
(2026-08-08 19:29:19.236) INFO [savont::alignment] Total assigned reads: 1114
(2026-08-08 19:29:19.236) INFO [savont::alignment] Total percentage assigned: 100.00%
(2026-08-08 19:29:19.236) INFO [savont::alignment] Number of unique equivalence classes: 23
(2026-08-08 19:29:19.236) INFO [savont::alignment] Running EM algorithm with convergence threshold: 8.976661e-6
(2026-08-08 19:29:19.236) INFO [savont::alignment] EM converged after 3 iterations (max change: 2.670742e-6)
(2026-08-08 19:29:19.236) INFO [savont::alignment] Updating ASV depths based on EM abundances
(2026-08-08 19:29:19.236) INFO [savont::alignment] EM refinement complete: 20 ASVs remaining
(2026-08-08 19:29:19.345) INFO [savont::utils] STAGE 7 DONE: Refined ASV depths with EM algorithm --- Memory usage: 0.21 GB
(2026-08-08 19:29:19.345) INFO [savont] Final consensus count after EM refinement: 20
(2026-08-08 19:29:19.373) INFO [savont] Wrote 20 final consensus sequences to final_asvs.fasta
(2026-08-08 19:29:19.400) INFO [savont] Wrote feature-table.tsv (QIIME2-compatible)
(2026-08-08 19:29:19.428) INFO [savont] === SAVONT COMPLETED SUCCESSFULLY in 2 SECONDS ===
