(2026-08-08 14:53:21.788) INFO [savont] COMMAND: /homes9/jshaw/.cargo/bin/savont asv -t 10 /hlilab/jshaw/16s_ont/benchmark/results-FINAL-preprint/subsampled/v1v8_zmock1_frac25450.286947322187.fastq -o /hlilab/jshaw/16s_ont/benchmark/reviewer_analyses/min_cluster_sensitivity/results/reads_25450/min_cluster_20 --min-cluster-size 20
(2026-08-08 14:53:21.789) INFO [savont] VERSION: 0.6.2
(2026-08-08 14:53:21.789) INFO [savont] SYSTEM NAME: Rocky Linux
(2026-08-08 14:53:21.789) INFO [savont] SYSTEM HOST NAME: ara.dfci.harvard.edu
(2026-08-08 14:53:21.790) INFO [savont] Created temp directory for intermediate files: /hlilab/jshaw/16s_ont/benchmark/reviewer_analyses/min_cluster_sensitivity/results/reads_25450/min_cluster_20/temp
(2026-08-08 14:53:21.816) INFO [savont] === SAVONT STARTED: Generating ASVs ===
(2026-08-08 14:53:21.816) INFO [savont] === STAGE 1: Processing k-mers and polymorphic markers ===
(2026-08-08 14:53:22.443) INFO [savont::seq_parse] Finished with k-mer counting in 626.934357ms. Total SNPmers after bloom filter: 359700
(2026-08-08 14:53:22.444) INFO [savont::utils] Memory usage after second round of k-mer counting processing --- Memory usage: 0.02 GB
(2026-08-08 14:53:22.474) INFO [savont::seq_parse] Removed 308403 SNPmers with counts < 1 in both strands and <= 3 multiplicity.
(2026-08-08 14:53:22.494) INFO [savont] Time elapsed in for counting k-mers is: 677.232ms
(2026-08-08 14:53:22.513) INFO [savont::kmer_comp] Finding snpmers...
(2026-08-08 14:53:22.537) INFO [savont::kmer_comp] Number of snpmers: 522. 
(2026-08-08 14:53:22.551) INFO [savont] Time elapsed in for parsing snpmers is: 37.617288ms
(2026-08-08 14:53:22.551) INFO [savont::utils] STAGE 1 DONE: Obtained SNPmers --- Memory usage: 0.01 GB
(2026-08-08 14:53:22.576) INFO [savont] Using blockmers: false
(2026-08-08 14:53:22.576) INFO [savont] Getting reads...
(2026-08-08 14:53:22.665) INFO [savont::kmer_comp] Number of reads removed due to length filtering: 43.
(2026-08-08 14:53:23.272) INFO [savont::kmer_comp] Number of valid reads  - 25407. Number of reads below quality threshold - 1099.
(2026-08-08 14:53:23.275) INFO [savont::kmer_comp] Mean SNPmer density: 3.83%
(2026-08-08 14:53:23.276) INFO [savont::kmer_comp] Mean Blockmer density: 0.00%
(2026-08-08 14:53:23.342) INFO [savont] Total reads: 24308, Reads without SNPmers: 0 (0.00%)
(2026-08-08 14:53:23.342) INFO [savont] === STAGE 2: Clustering reads by k-mers ===
(2026-08-08 14:53:23.342) INFO [savont::asv_cluster] Starting greedy k-mer based clustering...
(2026-08-08 14:53:23.729) INFO [savont::asv_cluster] Processed 10000 / 24308 reads. Current representatives: 34
(2026-08-08 14:53:24.184) INFO [savont::asv_cluster] Processed 20000 / 24308 reads. Current representatives: 38
(2026-08-08 14:53:24.413) INFO [savont::asv_cluster] Greedy clustering complete. 46 cluster representatives found
(2026-08-08 14:53:24.424) INFO [savont::asv_cluster] K-mer clustering complete. 31 clusters found. Largest cluster: 4631 reads
(2026-08-08 14:53:24.442) INFO [savont::asv_cluster] Wrote k-mer clusters to /hlilab/jshaw/16s_ont/benchmark/reviewer_analyses/min_cluster_sensitivity/results/reads_25450/min_cluster_20/temp/kmer_clusters_stage2.tsv
(2026-08-08 14:53:24.480) INFO [savont::utils] STAGE 2 DONE: Clustered reads by k-mers --- Memory usage: 0.18 GB
(2026-08-08 14:53:24.480) INFO [savont] === STAGE 3: Secondary clustering of reads by polymorphic markers ===
(2026-08-08 14:53:24.480) INFO [savont::asv_cluster] Starting greedy SNPmer-based clustering within k-mer clusters...
(2026-08-08 14:53:24.711) INFO [savont::asv_cluster] Wrote SNPmer clusters to /hlilab/jshaw/16s_ont/benchmark/reviewer_analyses/min_cluster_sensitivity/results/reads_25450/min_cluster_20/temp/snpmer_clusters_before_reclust2.5.tsv
(2026-08-08 14:53:24.711) INFO [savont::asv_cluster] Starting iterative reclustering using consensus representatives...
(2026-08-08 14:53:24.711) INFO [savont::asv_cluster] Starting with 31 k-mer groups containing 176 total SNPmer clusters
(2026-08-08 14:53:24.767) INFO [savont::asv_cluster] Iteration 1: 56 total merges, 1920 total reassignments across 16 k-mer groups
(2026-08-08 14:53:24.814) INFO [savont::asv_cluster] Iteration 2: 0 total merges, 114 total reassignments across 16 k-mer groups
(2026-08-08 14:53:24.814) INFO [savont::asv_cluster] Convergence reached after 2 iterations
(2026-08-08 14:53:24.814) INFO [savont::asv_cluster] Final result: 90 total clusters across 16 k-mer groups
(2026-08-08 14:53:24.814) INFO [savont::asv_cluster] SNPmer clustering complete. 90 total SNPmer clusters from 31 k-mer clusters
(2026-08-08 14:53:24.933) INFO [savont::utils] STAGE 3 DONE: Clustered reads by polymorphic markers --- Memory usage: 0.18 GB
(2026-08-08 14:53:24.933) INFO [savont] === STAGE 4: Generating consensus sequences and analyzing pileupes ===
(2026-08-08 14:53:24.933) INFO [savont::alignment] Generating consensus sequences from SNPmer clusters...
(2026-08-08 14:53:26.120) INFO [savont::alignment] Wrote 90 consensus sequences to consensus_sequences.fasta
(2026-08-08 14:53:26.932) INFO [savont::alignment] Analyzing quality error rates from top 9 clusters
(2026-08-08 14:53:27.865) INFO [savont::alignment] Low quality consensus sequences: [42, 44, 45, 50, 52, 55, 57, 59, 61, 62, 66, 68, 69, 70, 72, 75, 77, 82, 84, 88]
(2026-08-08 14:53:27.892) INFO [savont::alignment] Wrote low quality cluster information to low_quality_clusters.tsv
(2026-08-08 14:53:27.958) INFO [savont::alignment] Wrote cluster information before filtering to clusters_after_quality_filter_stage4.tsv
(2026-08-08 14:53:27.983) INFO [savont::alignment] Polishing complete
(2026-08-08 14:53:28.031) INFO [savont::utils] STAGE 4 DONE: Analyzed pileups and estimated consensus qualities --- Memory usage: 0.89 GB
(2026-08-08 14:53:28.090) INFO [savont] === STAGE 5: Merging similar consensus sequences ===
(2026-08-08 14:53:28.090) INFO [savont::alignment] Removing duplicate consensus sequences based on k-mer similarity
(2026-08-08 14:53:28.104) INFO [savont::alignment] Reduced consensus sequences from 70 to 61 after k-mer based deduplication
(2026-08-08 14:53:28.141) INFO [savont::alignment] Wrote 61 polished consensus sequences to polished_consensuses.fasta
(2026-08-08 14:53:28.170) INFO [savont::alignment] Merging 20 low quality consensuses into high quality consensuses
(2026-08-08 14:53:28.216) INFO [savont::alignment] Merging similar consensus sequences based on alignment and depth criteria
(2026-08-08 14:53:28.251) INFO [savont::alignment] Consensus merging complete: 61 -> 39 consensuses
(2026-08-08 14:53:28.341) INFO [savont::alignment] Wrote 39 merged consensus sequences to merged_consensus_sequences.fasta
(2026-08-08 14:53:28.361) INFO [savont::utils] STAGE 5 DONE: Merged similar consensus sequences --- Memory usage: 0.89 GB
(2026-08-08 14:53:28.365) INFO [savont] === STAGE 6: Detecting and filtering chimeric consensus sequences ===
(2026-08-08 14:53:28.365) INFO [savont::chimera] Starting chimera detection for 39 consensuses
(2026-08-08 14:53:28.365) INFO [savont::chimera] Calculating pairwise similarities for 39 consensuses (using decompressed sequences)
(2026-08-08 14:53:28.490) INFO [savont::chimera] Filtered 16 chimeric consensuses with mean chimera score 0.00 and std 0.00, 23 remaining
(2026-08-08 14:53:28.502) INFO [savont::utils] STAGE 6 DONE: Filtered chimeric consensus sequences --- Memory usage: 0.90 GB
(2026-08-08 14:53:28.510) INFO [savont] === Final consensus count after chimera filtering: 23 ===
(2026-08-08 14:53:28.510) INFO [savont] === STAGE 7: Refining ASV depths with alignments and EM algorithm ===
(2026-08-08 14:53:28.511) INFO [savont::alignment] Refining ASV depths using EM algorithm with k-mer based read mapping
(2026-08-08 14:53:28.573) INFO [savont::alignment] Loaded 23 ASVs as TwinReads for k-mer comparison
(2026-08-08 14:53:28.573) INFO [savont::alignment] Built SNPmer index with 159 unique splitmers
(2026-08-08 14:53:28.593) INFO [savont::alignment] Mapping 24308 reads to 23 ASVs using k-mer comparison
(2026-08-08 14:53:32.934) INFO [savont::alignment] Filtered 2196 reads with ratio > 0.005
(2026-08-08 14:53:32.934) INFO [savont::alignment] Total assigned reads: 22112
(2026-08-08 14:53:32.934) INFO [savont::alignment] Total percentage assigned: 90.97%
(2026-08-08 14:53:32.934) INFO [savont::alignment] Number of unique equivalence classes: 47
(2026-08-08 14:53:32.934) INFO [savont::alignment] Running EM algorithm with convergence threshold: 4.522431e-7
(2026-08-08 14:53:32.935) INFO [savont::alignment] EM converged after 6 iterations (max change: 4.320697e-8)
(2026-08-08 14:53:32.935) INFO [savont::alignment] Updating ASV depths based on EM abundances
(2026-08-08 14:53:32.935) INFO [savont::alignment] EM refinement complete: 23 ASVs remaining
(2026-08-08 14:53:33.035) INFO [savont::utils] STAGE 7 DONE: Refined ASV depths with EM algorithm --- Memory usage: 0.90 GB
(2026-08-08 14:53:33.035) INFO [savont] Final consensus count after EM refinement: 23
(2026-08-08 14:53:33.065) INFO [savont] Wrote 23 final consensus sequences to final_asvs.fasta
(2026-08-08 14:53:33.086) INFO [savont] Wrote feature-table.tsv (QIIME2-compatible)
(2026-08-08 14:53:33.143) INFO [savont] === SAVONT COMPLETED SUCCESSFULLY in 11 SECONDS ===
