(2026-08-08 19:29:15.987) INFO [savont] COMMAND: /homes9/jshaw/.cargo/bin/savont asv -t 10 /hlilab/jshaw/16s_ont/benchmark/reviewer_analyses/read_accuracy_sensitivity/subsampled/mean_accuracy_99_reads_300.fastq -o /hlilab/jshaw/16s_ont/benchmark/reviewer_analyses/read_accuracy_sensitivity/results/mean_accuracy_99/reads_300
(2026-08-08 19:29:15.988) INFO [savont] VERSION: 0.6.3
(2026-08-08 19:29:15.988) INFO [savont] SYSTEM NAME: Rocky Linux
(2026-08-08 19:29:15.988) INFO [savont] SYSTEM HOST NAME: ara.dfci.harvard.edu
(2026-08-08 19:29:15.989) INFO [savont] Created temp directory for intermediate files: /hlilab/jshaw/16s_ont/benchmark/reviewer_analyses/read_accuracy_sensitivity/results/mean_accuracy_99/reads_300/temp
(2026-08-08 19:29:16.015) INFO [savont] === SAVONT STARTED: Generating ASVs ===
(2026-08-08 19:29:16.015) INFO [savont] === STAGE 1: Processing k-mers and polymorphic markers ===
(2026-08-08 19:29:16.025) INFO [savont::seq_parse] Finished with k-mer counting in 10.144133ms. Total SNPmers after bloom filter: 24136
(2026-08-08 19:29:16.060) INFO [savont::utils] Memory usage after second round of k-mer counting processing --- Memory usage: 0.01 GB
(2026-08-08 19:29:16.088) INFO [savont::seq_parse] Removed 16887 SNPmers with counts < 1 in both strands and <= 3 multiplicity.
(2026-08-08 19:29:16.113) INFO [savont] Time elapsed in for counting k-mers is: 97.570096ms
(2026-08-08 19:29:16.132) INFO [savont::kmer_comp] Finding snpmers...
(2026-08-08 19:29:16.133) INFO [savont::kmer_comp] Number of snpmers: 141. 
(2026-08-08 19:29:16.146) INFO [savont] Time elapsed in for parsing snpmers is: 14.820842ms
(2026-08-08 19:29:16.147) INFO [savont::utils] STAGE 1 DONE: Obtained SNPmers --- Memory usage: 0.02 GB
(2026-08-08 19:29:16.168) INFO [savont] Using blockmers: false
(2026-08-08 19:29:16.168) INFO [savont] Getting reads...
(2026-08-08 19:29:16.170) INFO [savont::kmer_comp] Number of reads removed due to length filtering: 0.
(2026-08-08 19:29:16.193) INFO [savont::kmer_comp] Number of valid reads  - 300. Number of reads below quality threshold - 46.
(2026-08-08 19:29:16.227) INFO [savont::kmer_comp] Mean SNPmer density: 3.12%
(2026-08-08 19:29:16.227) INFO [savont::kmer_comp] Mean Blockmer density: 0.00%
(2026-08-08 19:29:16.227) INFO [savont] Total reads: 254, Reads without SNPmers: 0 (0.00%)
(2026-08-08 19:29:16.251) INFO [savont] === STAGE 2: Clustering reads by k-mers ===
(2026-08-08 19:29:16.251) INFO [savont::asv_cluster] Starting greedy k-mer based clustering...
(2026-08-08 19:29:16.255) INFO [savont::asv_cluster] Greedy clustering complete. 7 cluster representatives found
(2026-08-08 19:29:16.280) INFO [savont::asv_cluster] K-mer clustering complete. 6 clusters found. Largest cluster: 65 reads
(2026-08-08 19:29:16.305) INFO [savont::asv_cluster] Wrote k-mer clusters to /hlilab/jshaw/16s_ont/benchmark/reviewer_analyses/read_accuracy_sensitivity/results/mean_accuracy_99/reads_300/temp/kmer_clusters_stage2.tsv
(2026-08-08 19:29:16.324) INFO [savont::utils] STAGE 2 DONE: Clustered reads by k-mers --- Memory usage: 0.02 GB
(2026-08-08 19:29:16.348) INFO [savont] === STAGE 3: Secondary clustering of reads by polymorphic markers ===
(2026-08-08 19:29:16.348) INFO [savont::asv_cluster] Starting greedy SNPmer-based clustering within k-mer clusters...
(2026-08-08 19:29:16.349) INFO [savont::asv_cluster] Wrote SNPmer clusters to /hlilab/jshaw/16s_ont/benchmark/reviewer_analyses/read_accuracy_sensitivity/results/mean_accuracy_99/reads_300/temp/snpmer_clusters_before_reclust2.5.tsv
(2026-08-08 19:29:16.372) INFO [savont::asv_cluster] Starting iterative reclustering using consensus representatives...
(2026-08-08 19:29:16.372) INFO [savont::asv_cluster] Starting with 6 k-mer groups containing 7 total SNPmer clusters
(2026-08-08 19:29:16.373) INFO [savont::asv_cluster] Iteration 1: 0 total merges, 0 total reassignments across 5 k-mer groups
(2026-08-08 19:29:16.373) INFO [savont::asv_cluster] Convergence reached after 1 iterations
(2026-08-08 19:29:16.373) INFO [savont::asv_cluster] Final result: 7 total clusters across 5 k-mer groups
(2026-08-08 19:29:16.373) INFO [savont::asv_cluster] SNPmer clustering complete. 7 total SNPmer clusters from 6 k-mer clusters
(2026-08-08 19:29:16.426) INFO [savont::utils] STAGE 3 DONE: Clustered reads by polymorphic markers --- Memory usage: 0.02 GB
(2026-08-08 19:29:16.426) INFO [savont] === STAGE 4: Generating consensus sequences and analyzing pileupes ===
(2026-08-08 19:29:16.426) INFO [savont::alignment] Generating consensus sequences from SNPmer clusters...
(2026-08-08 19:29:16.518) INFO [savont::alignment] Wrote 7 consensus sequences to consensus_sequences.fasta
(2026-08-08 19:29:16.538) INFO [savont::alignment] Analyzing quality error rates from top 1 clusters
(2026-08-08 19:29:16.556) INFO [savont::alignment] Low quality consensus sequences: []
(2026-08-08 19:29:16.569) INFO [savont::alignment] Wrote low quality cluster information to low_quality_clusters.tsv
(2026-08-08 19:29:16.635) INFO [savont::alignment] Wrote cluster information before filtering to clusters_after_quality_filter_stage4.tsv
(2026-08-08 19:29:16.635) INFO [savont::alignment] Polishing complete
(2026-08-08 19:29:16.636) INFO [savont::utils] STAGE 4 DONE: Analyzed pileups and estimated consensus qualities --- Memory usage: 0.04 GB
(2026-08-08 19:29:16.661) INFO [savont] === STAGE 5: Merging similar consensus sequences ===
(2026-08-08 19:29:16.690) INFO [savont::alignment] Removing duplicate consensus sequences based on k-mer similarity
(2026-08-08 19:29:16.690) INFO [savont::alignment] Reduced consensus sequences from 7 to 7 after k-mer based deduplication
(2026-08-08 19:29:16.745) INFO [savont::alignment] Wrote 7 polished consensus sequences to polished_consensuses.fasta
(2026-08-08 19:29:16.748) INFO [savont::alignment] Merging 0 low quality consensuses into high quality consensuses
(2026-08-08 19:29:16.773) INFO [savont::alignment] Merging similar consensus sequences based on alignment and depth criteria
(2026-08-08 19:29:16.775) INFO [savont::alignment] Consensus merging complete: 7 -> 7 consensuses
(2026-08-08 19:29:16.876) INFO [savont::alignment] Wrote 7 merged consensus sequences to merged_consensus_sequences.fasta
(2026-08-08 19:29:16.877) INFO [savont::utils] STAGE 5 DONE: Merged similar consensus sequences --- Memory usage: 0.04 GB
(2026-08-08 19:29:16.921) INFO [savont] === STAGE 6: Detecting and filtering chimeric consensus sequences ===
(2026-08-08 19:29:16.921) INFO [savont::chimera] Starting chimera detection for 7 consensuses
(2026-08-08 19:29:16.921) INFO [savont::chimera] Calculating pairwise similarities for 7 consensuses (using decompressed sequences)
(2026-08-08 19:29:16.926) INFO [savont::chimera] Filtered 0 chimeric consensuses with mean chimera score NaN and std NaN, 7 remaining
(2026-08-08 19:29:16.950) INFO [savont::utils] STAGE 6 DONE: Filtered chimeric consensus sequences --- Memory usage: 0.05 GB
(2026-08-08 19:29:16.975) INFO [savont] === Final consensus count after chimera filtering: 7 ===
(2026-08-08 19:29:16.975) INFO [savont] === STAGE 7: Refining ASV depths with alignments and EM algorithm ===
(2026-08-08 19:29:16.976) INFO [savont::alignment] Refining ASV depths using EM algorithm with k-mer based read mapping
(2026-08-08 19:29:17.038) INFO [savont::alignment] Loaded 7 ASVs as TwinReads for k-mer comparison
(2026-08-08 19:29:17.038) INFO [savont::alignment] Built SNPmer index with 120 unique splitmers
(2026-08-08 19:29:17.079) INFO [savont::alignment] Mapping 254 reads to 7 ASVs using k-mer comparison
(2026-08-08 19:29:17.098) INFO [savont::alignment] Filtered 43 reads with ratio > 0.005
(2026-08-08 19:29:17.098) INFO [savont::alignment] Total assigned reads: 211
(2026-08-08 19:29:17.098) INFO [savont::alignment] Total percentage assigned: 83.07%
(2026-08-08 19:29:17.098) INFO [savont::alignment] Number of unique equivalence classes: 8
(2026-08-08 19:29:17.098) INFO [savont::alignment] Running EM algorithm with convergence threshold: 4.739336e-5
(2026-08-08 19:29:17.098) INFO [savont::alignment] EM converged after 3 iterations (max change: 2.306870e-5)
(2026-08-08 19:29:17.098) INFO [savont::alignment] Updating ASV depths based on EM abundances
(2026-08-08 19:29:17.098) INFO [savont::alignment] EM refinement complete: 7 ASVs remaining
(2026-08-08 19:29:17.176) INFO [savont::utils] STAGE 7 DONE: Refined ASV depths with EM algorithm --- Memory usage: 0.05 GB
(2026-08-08 19:29:17.177) INFO [savont] Final consensus count after EM refinement: 7
(2026-08-08 19:29:17.204) INFO [savont] Wrote 7 final consensus sequences to final_asvs.fasta
(2026-08-08 19:29:17.228) INFO [savont] Wrote feature-table.tsv (QIIME2-compatible)
(2026-08-08 19:29:17.276) INFO [savont] === SAVONT COMPLETED SUCCESSFULLY in 1 SECONDS ===
