(2026-08-08 17:33:16.479) INFO [savont] COMMAND: /homes9/jshaw/.cargo/bin/savont asv -t 10 /hlilab/jshaw/16s_ont/benchmark/results-FINAL-preprint/subsampled/v1v8_zmock1_frac5792.093186649751.fastq -o /hlilab/jshaw/16s_ont/benchmark/reviewer_analyses/primary_clustering_threshold_sensitivity/results/reads_5792/threshold_0.93 --primary-clustering-threshold 0.93
(2026-08-08 17:33:16.479) INFO [savont] VERSION: 0.6.3
(2026-08-08 17:33:16.479) INFO [savont] SYSTEM NAME: Rocky Linux
(2026-08-08 17:33:16.479) INFO [savont] SYSTEM HOST NAME: ara.dfci.harvard.edu
(2026-08-08 17:33:16.480) INFO [savont] Created temp directory for intermediate files: /hlilab/jshaw/16s_ont/benchmark/reviewer_analyses/primary_clustering_threshold_sensitivity/results/reads_5792/threshold_0.93/temp
(2026-08-08 17:33:16.506) INFO [savont] === SAVONT STARTED: Generating ASVs ===
(2026-08-08 17:33:16.506) INFO [savont] === STAGE 1: Processing k-mers and polymorphic markers ===
(2026-08-08 17:33:16.652) INFO [savont::seq_parse] Finished with k-mer counting in 145.972767ms. Total SNPmers after bloom filter: 162272
(2026-08-08 17:33:16.653) INFO [savont::utils] Memory usage after second round of k-mer counting processing --- Memory usage: 0.01 GB
(2026-08-08 17:33:16.677) INFO [savont::seq_parse] Removed 150498 SNPmers with counts < 1 in both strands and <= 3 multiplicity.
(2026-08-08 17:33:16.697) INFO [savont] Time elapsed in for counting k-mers is: 190.903235ms
(2026-08-08 17:33:16.714) INFO [savont::kmer_comp] Finding snpmers...
(2026-08-08 17:33:16.734) INFO [savont::kmer_comp] Number of snpmers: 156. 
(2026-08-08 17:33:16.758) INFO [savont] Time elapsed in for parsing snpmers is: 44.483765ms
(2026-08-08 17:33:16.758) INFO [savont::utils] STAGE 1 DONE: Obtained SNPmers --- Memory usage: 0.01 GB
(2026-08-08 17:33:16.758) INFO [savont] Using blockmers: false
(2026-08-08 17:33:16.758) INFO [savont] Getting reads...
(2026-08-08 17:33:16.777) INFO [savont::kmer_comp] Number of reads removed due to length filtering: 12.
(2026-08-08 17:33:16.903) INFO [savont::kmer_comp] Number of valid reads  - 5780. Number of reads below quality threshold - 258.
(2026-08-08 17:33:16.904) INFO [savont::kmer_comp] Mean SNPmer density: 3.77%
(2026-08-08 17:33:16.904) INFO [savont::kmer_comp] Mean Blockmer density: 0.00%
(2026-08-08 17:33:16.918) INFO [savont] Total reads: 5522, Reads without SNPmers: 0 (0.00%)
(2026-08-08 17:33:16.936) INFO [savont] === STAGE 2: Clustering reads by k-mers ===
(2026-08-08 17:33:16.936) INFO [savont::asv_cluster] Starting greedy k-mer based clustering...
(2026-08-08 17:33:17.083) INFO [savont::asv_cluster] Greedy clustering complete. 28 cluster representatives found
(2026-08-08 17:33:17.085) INFO [savont::asv_cluster] K-mer clustering complete. 21 clusters found. Largest cluster: 1148 reads
(2026-08-08 17:33:17.110) INFO [savont::asv_cluster] Wrote k-mer clusters to /hlilab/jshaw/16s_ont/benchmark/reviewer_analyses/primary_clustering_threshold_sensitivity/results/reads_5792/threshold_0.93/temp/kmer_clusters_stage2.tsv
(2026-08-08 17:33:17.138) INFO [savont::utils] STAGE 2 DONE: Clustered reads by k-mers --- Memory usage: 0.05 GB
(2026-08-08 17:33:17.156) INFO [savont] === STAGE 3: Secondary clustering of reads by polymorphic markers ===
(2026-08-08 17:33:17.156) INFO [savont::asv_cluster] Starting greedy SNPmer-based clustering within k-mer clusters...
(2026-08-08 17:33:17.179) INFO [savont::asv_cluster] Wrote SNPmer clusters to /hlilab/jshaw/16s_ont/benchmark/reviewer_analyses/primary_clustering_threshold_sensitivity/results/reads_5792/threshold_0.93/temp/snpmer_clusters_before_reclust2.5.tsv
(2026-08-08 17:33:17.182) INFO [savont::asv_cluster] Starting iterative reclustering using consensus representatives...
(2026-08-08 17:33:17.182) INFO [savont::asv_cluster] Starting with 21 k-mer groups containing 56 total SNPmer clusters
(2026-08-08 17:33:17.191) INFO [savont::asv_cluster] Iteration 1: 12 total merges, 235 total reassignments across 9 k-mer groups
(2026-08-08 17:33:17.197) INFO [savont::asv_cluster] Iteration 2: 0 total merges, 5 total reassignments across 9 k-mer groups
(2026-08-08 17:33:17.197) INFO [savont::asv_cluster] Convergence reached after 2 iterations
(2026-08-08 17:33:17.197) INFO [savont::asv_cluster] Final result: 39 total clusters across 9 k-mer groups
(2026-08-08 17:33:17.197) INFO [savont::asv_cluster] SNPmer clustering complete. 39 total SNPmer clusters from 21 k-mer clusters
(2026-08-08 17:33:17.314) INFO [savont::utils] STAGE 3 DONE: Clustered reads by polymorphic markers --- Memory usage: 0.05 GB
(2026-08-08 17:33:17.314) INFO [savont] === STAGE 4: Generating consensus sequences and analyzing pileupes ===
(2026-08-08 17:33:17.314) INFO [savont::alignment] Generating consensus sequences from SNPmer clusters...
(2026-08-08 17:33:17.807) INFO [savont::alignment] Wrote 39 consensus sequences to consensus_sequences.fasta
(2026-08-08 17:33:18.087) INFO [savont::alignment] Analyzing quality error rates from top 4 clusters
(2026-08-08 17:33:18.392) INFO [savont::alignment] Low quality consensus sequences: [28, 30, 33, 34, 35, 36, 38]
(2026-08-08 17:33:18.422) INFO [savont::alignment] Wrote low quality cluster information to low_quality_clusters.tsv
(2026-08-08 17:33:18.456) INFO [savont::alignment] Wrote cluster information before filtering to clusters_after_quality_filter_stage4.tsv
(2026-08-08 17:33:18.456) INFO [savont::alignment] Polishing complete
(2026-08-08 17:33:18.472) INFO [savont::utils] STAGE 4 DONE: Analyzed pileups and estimated consensus qualities --- Memory usage: 0.42 GB
(2026-08-08 17:33:18.496) INFO [savont] === STAGE 5: Merging similar consensus sequences ===
(2026-08-08 17:33:18.506) INFO [savont::alignment] Removing duplicate consensus sequences based on k-mer similarity
(2026-08-08 17:33:18.509) INFO [savont::alignment] Reduced consensus sequences from 32 to 32 after k-mer based deduplication
(2026-08-08 17:33:18.556) INFO [savont::alignment] Wrote 32 polished consensus sequences to polished_consensuses.fasta
(2026-08-08 17:33:18.560) INFO [savont::alignment] Merging 7 low quality consensuses into high quality consensuses
(2026-08-08 17:33:18.595) INFO [savont::alignment] Merging similar consensus sequences based on alignment and depth criteria
(2026-08-08 17:33:18.604) INFO [savont::alignment] Consensus merging complete: 32 -> 26 consensuses
(2026-08-08 17:33:18.660) INFO [savont::alignment] Wrote 26 merged consensus sequences to merged_consensus_sequences.fasta
(2026-08-08 17:33:18.677) INFO [savont::utils] STAGE 5 DONE: Merged similar consensus sequences --- Memory usage: 0.42 GB
(2026-08-08 17:33:18.677) INFO [savont] === STAGE 6: Detecting and filtering chimeric consensus sequences ===
(2026-08-08 17:33:18.677) INFO [savont::chimera] Starting chimera detection for 26 consensuses
(2026-08-08 17:33:18.677) INFO [savont::chimera] Calculating pairwise similarities for 26 consensuses (using decompressed sequences)
(2026-08-08 17:33:18.727) INFO [savont::chimera] Filtered 1 chimeric consensuses with mean chimera score 0.00 and std 0.00, 25 remaining
(2026-08-08 17:33:18.733) INFO [savont::utils] STAGE 6 DONE: Filtered chimeric consensus sequences --- Memory usage: 0.43 GB
(2026-08-08 17:33:18.733) INFO [savont] === Final consensus count after chimera filtering: 25 ===
(2026-08-08 17:33:18.733) INFO [savont] === STAGE 7: Refining ASV depths with alignments and EM algorithm ===
(2026-08-08 17:33:18.734) INFO [savont::alignment] Refining ASV depths using EM algorithm with k-mer based read mapping
(2026-08-08 17:33:18.774) INFO [savont::alignment] Loaded 25 ASVs as TwinReads for k-mer comparison
(2026-08-08 17:33:18.782) INFO [savont::alignment] Built SNPmer index with 152 unique splitmers
(2026-08-08 17:33:18.782) INFO [savont::alignment] Mapping 5522 reads to 25 ASVs using k-mer comparison
(2026-08-08 17:33:19.608) INFO [savont::alignment] Filtered 481 reads with ratio > 0.005
(2026-08-08 17:33:19.608) INFO [savont::alignment] Total assigned reads: 5041
(2026-08-08 17:33:19.608) INFO [savont::alignment] Total percentage assigned: 91.29%
(2026-08-08 17:33:19.608) INFO [savont::alignment] Number of unique equivalence classes: 42
(2026-08-08 17:33:19.608) INFO [savont::alignment] Running EM algorithm with convergence threshold: 1.983733e-6
(2026-08-08 17:33:19.608) INFO [savont::alignment] EM converged after 7 iterations (max change: 6.333925e-7)
(2026-08-08 17:33:19.608) INFO [savont::alignment] Updating ASV depths based on EM abundances
(2026-08-08 17:33:19.608) INFO [savont::alignment] EM refinement complete: 25 ASVs remaining
(2026-08-08 17:33:19.678) INFO [savont::utils] STAGE 7 DONE: Refined ASV depths with EM algorithm --- Memory usage: 0.43 GB
(2026-08-08 17:33:19.678) INFO [savont] Final consensus count after EM refinement: 25
(2026-08-08 17:33:19.711) INFO [savont] Wrote 25 final consensus sequences to final_asvs.fasta
(2026-08-08 17:33:19.739) INFO [savont] Wrote feature-table.tsv (QIIME2-compatible)
(2026-08-08 17:33:19.776) INFO [savont] === SAVONT COMPLETED SUCCESSFULLY in 3 SECONDS ===
