(2026-08-08 17:33:25.260) INFO [savont] COMMAND: /homes9/jshaw/.cargo/bin/savont asv -t 10 /hlilab/jshaw/16s_ont/benchmark/results-FINAL-preprint/subsampled/v1v8_zmock1_frac25450.286947322187.fastq -o /hlilab/jshaw/16s_ont/benchmark/reviewer_analyses/primary_clustering_threshold_sensitivity/results/reads_25450/threshold_0.93 --primary-clustering-threshold 0.93
(2026-08-08 17:33:25.261) INFO [savont] VERSION: 0.6.3
(2026-08-08 17:33:25.261) INFO [savont] SYSTEM NAME: Rocky Linux
(2026-08-08 17:33:25.261) INFO [savont] SYSTEM HOST NAME: ara.dfci.harvard.edu
(2026-08-08 17:33:25.261) INFO [savont] Created temp directory for intermediate files: /hlilab/jshaw/16s_ont/benchmark/reviewer_analyses/primary_clustering_threshold_sensitivity/results/reads_25450/threshold_0.93/temp
(2026-08-08 17:33:25.283) INFO [savont] === SAVONT STARTED: Generating ASVs ===
(2026-08-08 17:33:25.283) INFO [savont] === STAGE 1: Processing k-mers and polymorphic markers ===
(2026-08-08 17:33:25.944) INFO [savont::seq_parse] Finished with k-mer counting in 660.839932ms. Total SNPmers after bloom filter: 359700
(2026-08-08 17:33:25.944) INFO [savont::utils] Memory usage after second round of k-mer counting processing --- Memory usage: 0.02 GB
(2026-08-08 17:33:25.972) INFO [savont::seq_parse] Removed 308403 SNPmers with counts < 1 in both strands and <= 3 multiplicity.
(2026-08-08 17:33:25.988) INFO [savont] Time elapsed in for counting k-mers is: 704.9448ms
(2026-08-08 17:33:26.008) INFO [savont::kmer_comp] Finding snpmers...
(2026-08-08 17:33:26.031) INFO [savont::kmer_comp] Number of snpmers: 522. 
(2026-08-08 17:33:26.052) INFO [savont] Time elapsed in for parsing snpmers is: 44.335915ms
(2026-08-08 17:33:26.052) INFO [savont::utils] STAGE 1 DONE: Obtained SNPmers --- Memory usage: 0.01 GB
(2026-08-08 17:33:26.070) INFO [savont] Using blockmers: false
(2026-08-08 17:33:26.070) INFO [savont] Getting reads...
(2026-08-08 17:33:26.142) INFO [savont::kmer_comp] Number of reads removed due to length filtering: 43.
(2026-08-08 17:33:26.774) INFO [savont::kmer_comp] Number of valid reads  - 25407. Number of reads below quality threshold - 1099.
(2026-08-08 17:33:26.777) INFO [savont::kmer_comp] Mean SNPmer density: 3.83%
(2026-08-08 17:33:26.797) INFO [savont::kmer_comp] Mean Blockmer density: 0.00%
(2026-08-08 17:33:26.880) INFO [savont] Total reads: 24308, Reads without SNPmers: 0 (0.00%)
(2026-08-08 17:33:26.880) INFO [savont] === STAGE 2: Clustering reads by k-mers ===
(2026-08-08 17:33:26.880) INFO [savont::asv_cluster] Starting greedy k-mer based clustering...
(2026-08-08 17:33:27.179) INFO [savont::asv_cluster] Processed 10000 / 24308 reads. Current representatives: 24
(2026-08-08 17:33:27.499) INFO [savont::asv_cluster] Processed 20000 / 24308 reads. Current representatives: 30
(2026-08-08 17:33:27.626) INFO [savont::asv_cluster] Greedy clustering complete. 42 cluster representatives found
(2026-08-08 17:33:27.630) INFO [savont::asv_cluster] K-mer clustering complete. 29 clusters found. Largest cluster: 4667 reads
(2026-08-08 17:33:27.649) INFO [savont::asv_cluster] Wrote k-mer clusters to /hlilab/jshaw/16s_ont/benchmark/reviewer_analyses/primary_clustering_threshold_sensitivity/results/reads_25450/threshold_0.93/temp/kmer_clusters_stage2.tsv
(2026-08-08 17:33:27.687) INFO [savont::utils] STAGE 2 DONE: Clustered reads by k-mers --- Memory usage: 0.17 GB
(2026-08-08 17:33:27.687) INFO [savont] === STAGE 3: Secondary clustering of reads by polymorphic markers ===
(2026-08-08 17:33:27.687) INFO [savont::asv_cluster] Starting greedy SNPmer-based clustering within k-mer clusters...
(2026-08-08 17:33:28.153) INFO [savont::asv_cluster] Wrote SNPmer clusters to /hlilab/jshaw/16s_ont/benchmark/reviewer_analyses/primary_clustering_threshold_sensitivity/results/reads_25450/threshold_0.93/temp/snpmer_clusters_before_reclust2.5.tsv
(2026-08-08 17:33:28.153) INFO [savont::asv_cluster] Starting iterative reclustering using consensus representatives...
(2026-08-08 17:33:28.153) INFO [savont::asv_cluster] Starting with 29 k-mer groups containing 279 total SNPmer clusters
(2026-08-08 17:33:28.264) INFO [savont::asv_cluster] Iteration 1: 51 total merges, 2969 total reassignments across 20 k-mer groups
(2026-08-08 17:33:28.334) INFO [savont::asv_cluster] Iteration 2: 6 total merges, 221 total reassignments across 20 k-mer groups
(2026-08-08 17:33:28.394) INFO [savont::asv_cluster] Iteration 3: 0 total merges, 16 total reassignments across 20 k-mer groups
(2026-08-08 17:33:28.394) INFO [savont::asv_cluster] Convergence reached after 3 iterations
(2026-08-08 17:33:28.394) INFO [savont::asv_cluster] Final result: 142 total clusters across 20 k-mer groups
(2026-08-08 17:33:28.420) INFO [savont::asv_cluster] SNPmer clustering complete. 142 total SNPmer clusters from 29 k-mer clusters
(2026-08-08 17:33:28.507) INFO [savont::utils] STAGE 3 DONE: Clustered reads by polymorphic markers --- Memory usage: 0.18 GB
(2026-08-08 17:33:28.507) INFO [savont] === STAGE 4: Generating consensus sequences and analyzing pileupes ===
(2026-08-08 17:33:28.507) INFO [savont::alignment] Generating consensus sequences from SNPmer clusters...
(2026-08-08 17:33:29.750) INFO [savont::alignment] Wrote 142 consensus sequences to consensus_sequences.fasta
(2026-08-08 17:33:30.630) INFO [savont::alignment] Analyzing quality error rates from top 14 clusters
(2026-08-08 17:33:31.767) INFO [savont::alignment] Low quality consensus sequences: [46, 47, 48, 49, 51, 56, 58, 60, 61, 64, 66, 67, 68, 69, 71, 72, 74, 76, 87, 89, 92, 94, 95, 98, 99, 102, 103, 107, 108, 111, 116, 121, 122, 123, 125, 127, 129, 130, 132, 133, 134, 135, 138, 141]
(2026-08-08 17:33:31.813) INFO [savont::alignment] Wrote low quality cluster information to low_quality_clusters.tsv
(2026-08-08 17:33:31.855) INFO [savont::alignment] Wrote cluster information before filtering to clusters_after_quality_filter_stage4.tsv
(2026-08-08 17:33:31.855) INFO [savont::alignment] Polishing complete
(2026-08-08 17:33:31.904) INFO [savont::utils] STAGE 4 DONE: Analyzed pileups and estimated consensus qualities --- Memory usage: 1.01 GB
(2026-08-08 17:33:31.933) INFO [savont] === STAGE 5: Merging similar consensus sequences ===
(2026-08-08 17:33:31.942) INFO [savont::alignment] Removing duplicate consensus sequences based on k-mer similarity
(2026-08-08 17:33:31.966) INFO [savont::alignment] Reduced consensus sequences from 98 to 92 after k-mer based deduplication
(2026-08-08 17:33:32.004) INFO [savont::alignment] Wrote 92 polished consensus sequences to polished_consensuses.fasta
(2026-08-08 17:33:32.011) INFO [savont::alignment] Merging 44 low quality consensuses into high quality consensuses
(2026-08-08 17:33:32.042) INFO [savont::alignment] Merging similar consensus sequences based on alignment and depth criteria
(2026-08-08 17:33:32.115) INFO [savont::alignment] Consensus merging complete: 92 -> 56 consensuses
(2026-08-08 17:33:32.221) INFO [savont::alignment] Wrote 56 merged consensus sequences to merged_consensus_sequences.fasta
(2026-08-08 17:33:32.233) INFO [savont::utils] STAGE 5 DONE: Merged similar consensus sequences --- Memory usage: 0.98 GB
(2026-08-08 17:33:32.259) INFO [savont] === STAGE 6: Detecting and filtering chimeric consensus sequences ===
(2026-08-08 17:33:32.259) INFO [savont::chimera] Starting chimera detection for 56 consensuses
(2026-08-08 17:33:32.259) INFO [savont::chimera] Calculating pairwise similarities for 56 consensuses (using decompressed sequences)
(2026-08-08 17:33:32.453) INFO [savont::chimera] Filtered 31 chimeric consensuses with mean chimera score 0.00 and std 0.00, 25 remaining
(2026-08-08 17:33:32.464) INFO [savont::utils] STAGE 6 DONE: Filtered chimeric consensus sequences --- Memory usage: 0.99 GB
(2026-08-08 17:33:32.475) INFO [savont] === Final consensus count after chimera filtering: 25 ===
(2026-08-08 17:33:32.475) INFO [savont] === STAGE 7: Refining ASV depths with alignments and EM algorithm ===
(2026-08-08 17:33:32.476) INFO [savont::alignment] Refining ASV depths using EM algorithm with k-mer based read mapping
(2026-08-08 17:33:32.528) INFO [savont::alignment] Loaded 25 ASVs as TwinReads for k-mer comparison
(2026-08-08 17:33:32.528) INFO [savont::alignment] Built SNPmer index with 159 unique splitmers
(2026-08-08 17:33:32.553) INFO [savont::alignment] Mapping 24308 reads to 25 ASVs using k-mer comparison
(2026-08-08 17:33:36.494) INFO [savont::alignment] Filtered 2153 reads with ratio > 0.005
(2026-08-08 17:33:36.494) INFO [savont::alignment] Total assigned reads: 22155
(2026-08-08 17:33:36.494) INFO [savont::alignment] Total percentage assigned: 91.14%
(2026-08-08 17:33:36.494) INFO [savont::alignment] Number of unique equivalence classes: 57
(2026-08-08 17:33:36.494) INFO [savont::alignment] Running EM algorithm with convergence threshold: 4.513654e-7
(2026-08-08 17:33:36.494) INFO [savont::alignment] EM converged after 7 iterations (max change: 2.873864e-7)
(2026-08-08 17:33:36.494) INFO [savont::alignment] Updating ASV depths based on EM abundances
(2026-08-08 17:33:36.494) INFO [savont::alignment] EM refinement complete: 25 ASVs remaining
(2026-08-08 17:33:36.566) INFO [savont::utils] STAGE 7 DONE: Refined ASV depths with EM algorithm --- Memory usage: 0.91 GB
(2026-08-08 17:33:36.566) INFO [savont] Final consensus count after EM refinement: 25
(2026-08-08 17:33:36.594) INFO [savont] Wrote 25 final consensus sequences to final_asvs.fasta
(2026-08-08 17:33:36.619) INFO [savont] Wrote feature-table.tsv (QIIME2-compatible)
(2026-08-08 17:33:36.673) INFO [savont] === SAVONT COMPLETED SUCCESSFULLY in 11 SECONDS ===
