(2026-08-08 14:54:39.424) INFO [savont] COMMAND: /homes9/jshaw/.cargo/bin/savont asv -t 10 /hlilab/jshaw/16s_ont/benchmark/results-FINAL-preprint/subsampled/v1v8_zmock1_frac111827.81160944818.fastq -o /hlilab/jshaw/16s_ont/benchmark/reviewer_analyses/min_cluster_sensitivity/results/reads_111828/min_cluster_8 --min-cluster-size 8
(2026-08-08 14:54:39.425) INFO [savont] VERSION: 0.6.2
(2026-08-08 14:54:39.425) INFO [savont] SYSTEM NAME: Rocky Linux
(2026-08-08 14:54:39.425) INFO [savont] SYSTEM HOST NAME: ara.dfci.harvard.edu
(2026-08-08 14:54:39.426) INFO [savont] Created temp directory for intermediate files: /hlilab/jshaw/16s_ont/benchmark/reviewer_analyses/min_cluster_sensitivity/results/reads_111828/min_cluster_8/temp
(2026-08-08 14:54:39.426) INFO [savont] === SAVONT STARTED: Generating ASVs ===
(2026-08-08 14:54:39.426) INFO [savont] === STAGE 1: Processing k-mers and polymorphic markers ===
(2026-08-08 14:54:41.803) INFO [savont::seq_parse] Finished with k-mer counting in 2.376821539s. Total SNPmers after bloom filter: 784982
(2026-08-08 14:54:41.804) INFO [savont::utils] Memory usage after second round of k-mer counting processing --- Memory usage: 0.04 GB
(2026-08-08 14:54:41.814) INFO [savont::seq_parse] Removed 604238 SNPmers with counts < 1 in both strands and <= 3 multiplicity.
(2026-08-08 14:54:41.840) INFO [savont] Time elapsed in for counting k-mers is: 2.414014185s
(2026-08-08 14:54:41.842) INFO [savont::kmer_comp] Finding snpmers...
(2026-08-08 14:54:41.866) INFO [savont::kmer_comp] Number of snpmers: 3302. 
(2026-08-08 14:54:41.866) INFO [savont] Time elapsed in for parsing snpmers is: 25.363796ms
(2026-08-08 14:54:41.866) INFO [savont::utils] STAGE 1 DONE: Obtained SNPmers --- Memory usage: 0.02 GB
(2026-08-08 14:54:41.866) INFO [savont] Using blockmers: false
(2026-08-08 14:54:41.866) INFO [savont] Getting reads...
(2026-08-08 14:54:42.169) INFO [savont::kmer_comp] Number of reads removed due to length filtering: 180.
(2026-08-08 14:54:44.877) INFO [savont::kmer_comp] Number of valid reads  - 111648. Number of reads below quality threshold - 4877.
(2026-08-08 14:54:44.889) INFO [savont::kmer_comp] Mean SNPmer density: 3.94%
(2026-08-08 14:54:44.890) INFO [savont::kmer_comp] Mean Blockmer density: 0.00%
(2026-08-08 14:54:45.137) INFO [savont] Total reads: 106771, Reads without SNPmers: 0 (0.00%)
(2026-08-08 14:54:45.137) INFO [savont] === STAGE 2: Clustering reads by k-mers ===
(2026-08-08 14:54:45.137) INFO [savont::asv_cluster] Starting greedy k-mer based clustering...
(2026-08-08 14:54:45.425) INFO [savont::asv_cluster] Processed 10000 / 106771 reads. Current representatives: 25
(2026-08-08 14:54:45.778) INFO [savont::asv_cluster] Processed 20000 / 106771 reads. Current representatives: 29
(2026-08-08 14:54:46.156) INFO [savont::asv_cluster] Processed 30000 / 106771 reads. Current representatives: 34
(2026-08-08 14:54:46.545) INFO [savont::asv_cluster] Processed 40000 / 106771 reads. Current representatives: 39
(2026-08-08 14:54:46.940) INFO [savont::asv_cluster] Processed 50000 / 106771 reads. Current representatives: 39
(2026-08-08 14:54:47.339) INFO [savont::asv_cluster] Processed 60000 / 106771 reads. Current representatives: 43
(2026-08-08 14:54:47.771) INFO [savont::asv_cluster] Processed 70000 / 106771 reads. Current representatives: 55
(2026-08-08 14:54:48.256) INFO [savont::asv_cluster] Processed 80000 / 106771 reads. Current representatives: 62
(2026-08-08 14:54:48.755) INFO [savont::asv_cluster] Processed 90000 / 106771 reads. Current representatives: 64
(2026-08-08 14:54:49.265) INFO [savont::asv_cluster] Processed 100000 / 106771 reads. Current representatives: 75
(2026-08-08 14:54:49.610) INFO [savont::asv_cluster] Greedy clustering complete. 91 cluster representatives found
(2026-08-08 14:54:49.624) INFO [savont::asv_cluster] K-mer clustering complete. 56 clusters found. Largest cluster: 19135 reads
(2026-08-08 14:54:49.636) INFO [savont::asv_cluster] Wrote k-mer clusters to /hlilab/jshaw/16s_ont/benchmark/reviewer_analyses/min_cluster_sensitivity/results/reads_111828/min_cluster_8/temp/kmer_clusters_stage2.tsv
(2026-08-08 14:54:49.698) INFO [savont::utils] STAGE 2 DONE: Clustered reads by k-mers --- Memory usage: 0.74 GB
(2026-08-08 14:54:49.698) INFO [savont] === STAGE 3: Secondary clustering of reads by polymorphic markers ===
(2026-08-08 14:54:49.698) INFO [savont::asv_cluster] Starting greedy SNPmer-based clustering within k-mer clusters...
(2026-08-08 14:54:49.991) INFO [savont::asv_cluster] Processed 10000 / 14023 reads for SNPmer clustering in k-mer cluster 3 with 276 reps
(2026-08-08 14:54:50.300) INFO [savont::asv_cluster] Processed 10000 / 19135 reads for SNPmer clustering in k-mer cluster 0 with 476 reps
(2026-08-08 14:54:50.438) INFO [savont::asv_cluster] Processed 10000 / 11879 reads for SNPmer clustering in k-mer cluster 4 with 522 reps
(2026-08-08 14:54:50.439) INFO [savont::asv_cluster] Processed 10000 / 16084 reads for SNPmer clustering in k-mer cluster 2 with 464 reps
(2026-08-08 14:54:50.647) INFO [savont::asv_cluster] Processed 10000 / 17889 reads for SNPmer clustering in k-mer cluster 1 with 664 reps
(2026-08-08 14:54:51.874) INFO [savont::asv_cluster] Wrote SNPmer clusters to /hlilab/jshaw/16s_ont/benchmark/reviewer_analyses/min_cluster_sensitivity/results/reads_111828/min_cluster_8/temp/snpmer_clusters_before_reclust2.5.tsv
(2026-08-08 14:54:51.874) INFO [savont::asv_cluster] Starting iterative reclustering using consensus representatives...
(2026-08-08 14:54:51.874) INFO [savont::asv_cluster] Starting with 56 k-mer groups containing 1429 total SNPmer clusters
(2026-08-08 14:54:53.044) INFO [savont::asv_cluster] Iteration 1: 268 total merges, 16788 total reassignments across 39 k-mer groups
(2026-08-08 14:54:54.018) INFO [savont::asv_cluster] Iteration 2: 10 total merges, 2880 total reassignments across 39 k-mer groups
(2026-08-08 14:54:55.058) INFO [savont::asv_cluster] Iteration 3: 6 total merges, 930 total reassignments across 39 k-mer groups
(2026-08-08 14:54:56.003) INFO [savont::asv_cluster] Iteration 4: 2 total merges, 296 total reassignments across 39 k-mer groups
(2026-08-08 14:54:57.017) INFO [savont::asv_cluster] Iteration 5: 0 total merges, 103 total reassignments across 39 k-mer groups
(2026-08-08 14:54:57.017) INFO [savont::asv_cluster] Convergence reached after 5 iterations
(2026-08-08 14:54:57.018) INFO [savont::asv_cluster] Final result: 997 total clusters across 39 k-mer groups
(2026-08-08 14:54:57.039) INFO [savont::asv_cluster] SNPmer clustering complete. 997 total SNPmer clusters from 56 k-mer clusters
(2026-08-08 14:54:57.290) INFO [savont::utils] STAGE 3 DONE: Clustered reads by polymorphic markers --- Memory usage: 0.78 GB
(2026-08-08 14:54:57.290) INFO [savont] === STAGE 4: Generating consensus sequences and analyzing pileupes ===
(2026-08-08 14:54:57.290) INFO [savont::alignment] Generating consensus sequences from SNPmer clusters...
(2026-08-08 14:55:03.370) INFO [savont::alignment] Wrote 997 consensus sequences to consensus_sequences.fasta
(2026-08-08 14:55:06.067) INFO [savont::alignment] Analyzing quality error rates from top 100 clusters
(2026-08-08 14:55:09.333) INFO [savont::alignment] Low quality consensus sequences: [36, 37, 38, 43, 49, 50, 57, 61, 63, 66, 67, 69, 72, 73, 74, 76, 82, 90, 91, 96, 102, 103, 105, 109, 110, 123, 125, 126, 129, 130, 134, 137, 141, 142, 143, 147, 153, 155, 157, 159, 160, 161, 163, 164, 169, 170, 171, 175, 176, 177, 178, 180, 183, 184, 187, 191, 202, 203, 205, 209, 212, 213, 216, 221, 222, 230, 232, 236, 238, 240, 243, 245, 249, 251, 255, 262, 264, 270, 273, 275, 286, 290, 291, 294, 303, 306, 309, 310, 311, 312, 317, 320, 323, 325, 326, 330, 331, 332, 334, 336, 337, 338, 339, 341, 343, 344, 345, 346, 347, 352, 353, 355, 358, 359, 360, 362, 369, 371, 372, 373, 374, 376, 379, 380, 385, 386, 388, 390, 394, 396, 397, 399, 400, 401, 402, 405, 407, 409, 410, 411, 412, 417, 418, 420, 421, 422, 425, 426, 434, 437, 438, 441, 442, 444, 448, 450, 451, 452, 453, 454, 459, 460, 467, 468, 471, 474, 477, 479, 483, 485, 490, 494, 497, 499, 507, 509, 510, 512, 513, 515, 516, 519, 520, 521, 522, 526, 534, 535, 536, 539, 544, 547, 548, 552, 553, 554, 556, 558, 559, 560, 561, 562, 564, 565, 566, 567, 568, 570, 573, 576, 577, 578, 579, 580, 583, 587, 590, 593, 594, 597, 598, 600, 601, 602, 603, 604, 606, 608, 611, 612, 613, 614, 617, 618, 619, 621, 622, 624, 627, 628, 629, 630, 632, 633, 634, 636, 637, 638, 647, 648, 649, 650, 654, 655, 656, 659, 660, 661, 663, 665, 666, 668, 671, 672, 673, 677, 679, 680, 681, 683, 685, 688, 693, 694, 695, 696, 698, 699, 700, 701, 702, 704, 705, 708, 710, 711, 712, 715, 716, 718, 719, 720, 721, 722, 723, 724, 728, 729, 730, 732, 733, 734, 735, 736, 739, 742, 743, 746, 747, 748, 749, 751, 752, 753, 754, 755, 756, 757, 758, 759, 760, 765, 766, 768, 769, 770, 771, 773, 774, 775, 777, 778, 779, 780, 781, 783, 787, 788, 789, 790, 791, 792, 793, 794, 796, 799, 800, 801, 802, 804, 806, 807, 808, 812, 813, 814, 816, 817, 818, 819, 820, 821, 823, 824, 825, 826, 827, 828, 829, 830, 833, 834, 836, 840, 841, 842, 843, 844, 845, 846, 848, 850, 851, 852, 853, 854, 855, 857, 858, 859, 861, 862, 865, 866, 867, 868, 869, 870, 872, 873, 874, 876, 877, 878, 879, 880, 881, 882, 883, 885, 886, 887, 889, 890, 892, 893, 894, 895, 900, 901, 902, 903, 904, 905, 907, 908, 909, 912, 913, 915, 917, 920, 921, 922, 923, 924, 925, 926, 927, 930, 931, 933, 934, 935, 936, 937, 938, 939, 942, 943, 944, 945, 946, 947, 948, 949, 951, 952, 953, 954, 955, 957, 959, 960, 961, 962, 963, 964, 965, 966, 967, 968, 969, 970, 971, 973, 974, 975, 976, 977, 978, 979, 980, 981, 983, 984, 985, 986, 987, 988, 989, 990, 991, 992, 993, 994, 995, 996]
(2026-08-08 14:55:09.379) INFO [savont::alignment] Wrote low quality cluster information to low_quality_clusters.tsv
(2026-08-08 14:55:09.492) INFO [savont::alignment] Wrote cluster information before filtering to clusters_after_quality_filter_stage4.tsv
(2026-08-08 14:55:09.492) INFO [savont::alignment] Polishing complete
(2026-08-08 14:55:09.650) INFO [savont::utils] STAGE 4 DONE: Analyzed pileups and estimated consensus qualities --- Memory usage: 3.50 GB
(2026-08-08 14:55:09.686) INFO [savont] === STAGE 5: Merging similar consensus sequences ===
(2026-08-08 14:55:09.686) INFO [savont::alignment] Removing duplicate consensus sequences based on k-mer similarity
(2026-08-08 14:55:10.103) INFO [savont::alignment] Reduced consensus sequences from 499 to 483 after k-mer based deduplication
(2026-08-08 14:55:10.148) INFO [savont::alignment] Wrote 483 polished consensus sequences to polished_consensuses.fasta
(2026-08-08 14:55:10.166) INFO [savont::alignment] Merging 498 low quality consensuses into high quality consensuses
(2026-08-08 14:55:11.381) INFO [savont::alignment] Merging similar consensus sequences based on alignment and depth criteria
(2026-08-08 14:55:12.449) INFO [savont::alignment] Consensus merging complete: 483 -> 292 consensuses
(2026-08-08 14:55:12.579) INFO [savont::alignment] Wrote 292 merged consensus sequences to merged_consensus_sequences.fasta
(2026-08-08 14:55:12.610) INFO [savont::utils] STAGE 5 DONE: Merged similar consensus sequences --- Memory usage: 3.12 GB
(2026-08-08 14:55:12.630) INFO [savont] === STAGE 6: Detecting and filtering chimeric consensus sequences ===
(2026-08-08 14:55:12.630) INFO [savont::chimera] Starting chimera detection for 292 consensuses
(2026-08-08 14:55:12.630) INFO [savont::chimera] Calculating pairwise similarities for 292 consensuses (using decompressed sequences)
(2026-08-08 14:55:15.992) INFO [savont::chimera] Filtered 266 chimeric consensuses with mean chimera score 0.00 and std 0.00, 26 remaining
(2026-08-08 14:55:16.021) INFO [savont::utils] STAGE 6 DONE: Filtered chimeric consensus sequences --- Memory usage: 3.12 GB
(2026-08-08 14:55:16.021) INFO [savont] === Final consensus count after chimera filtering: 26 ===
(2026-08-08 14:55:16.021) INFO [savont] === STAGE 7: Refining ASV depths with alignments and EM algorithm ===
(2026-08-08 14:55:16.022) INFO [savont::alignment] Refining ASV depths using EM algorithm with k-mer based read mapping
(2026-08-08 14:55:16.084) INFO [savont::alignment] Loaded 26 ASVs as TwinReads for k-mer comparison
(2026-08-08 14:55:16.085) INFO [savont::alignment] Built SNPmer index with 161 unique splitmers
(2026-08-08 14:55:16.115) INFO [savont::alignment] Mapping 106771 reads to 26 ASVs using k-mer comparison
(2026-08-08 14:55:23.981) INFO [savont::alignment] Filtered 8943 reads with ratio > 0.005
(2026-08-08 14:55:23.981) INFO [savont::alignment] Total assigned reads: 97828
(2026-08-08 14:55:23.981) INFO [savont::alignment] Total percentage assigned: 91.62%
(2026-08-08 14:55:23.981) INFO [savont::alignment] Number of unique equivalence classes: 66
(2026-08-08 14:55:23.981) INFO [savont::alignment] Running EM algorithm with convergence threshold: 1.022202e-7
(2026-08-08 14:55:23.981) INFO [savont::alignment] EM converged after 8 iterations (max change: 1.462410e-8)
(2026-08-08 14:55:23.981) INFO [savont::alignment] Updating ASV depths based on EM abundances
(2026-08-08 14:55:23.981) INFO [savont::alignment] EM refinement complete: 26 ASVs remaining
(2026-08-08 14:55:24.100) INFO [savont::utils] STAGE 7 DONE: Refined ASV depths with EM algorithm --- Memory usage: 3.12 GB
(2026-08-08 14:55:24.100) INFO [savont] Final consensus count after EM refinement: 26
(2026-08-08 14:55:24.129) INFO [savont] Wrote 26 final consensus sequences to final_asvs.fasta
(2026-08-08 14:55:24.164) INFO [savont] Wrote feature-table.tsv (QIIME2-compatible)
(2026-08-08 14:55:24.329) INFO [savont] === SAVONT COMPLETED SUCCESSFULLY in 44 SECONDS ===
