(2026-08-08 19:28:32.510) INFO [savont] COMMAND: /homes9/jshaw/.cargo/bin/savont asv -t 10 /hlilab/jshaw/16s_ont/benchmark/reviewer_analyses/read_accuracy_sensitivity/subsampled/mean_accuracy_96_reads_25450.fastq -o /hlilab/jshaw/16s_ont/benchmark/reviewer_analyses/read_accuracy_sensitivity/results/mean_accuracy_96/reads_25450
(2026-08-08 19:28:32.511) INFO [savont] VERSION: 0.6.3
(2026-08-08 19:28:32.511) INFO [savont] SYSTEM NAME: Rocky Linux
(2026-08-08 19:28:32.511) INFO [savont] SYSTEM HOST NAME: ara.dfci.harvard.edu
(2026-08-08 19:28:32.512) INFO [savont] Created temp directory for intermediate files: /hlilab/jshaw/16s_ont/benchmark/reviewer_analyses/read_accuracy_sensitivity/results/mean_accuracy_96/reads_25450/temp
(2026-08-08 19:28:32.512) INFO [savont] === SAVONT STARTED: Generating ASVs ===
(2026-08-08 19:28:32.512) INFO [savont] === STAGE 1: Processing k-mers and polymorphic markers ===
(2026-08-08 19:28:33.260) INFO [savont::seq_parse] Finished with k-mer counting in 748.053554ms. Total SNPmers after bloom filter: 1481857
(2026-08-08 19:28:33.261) INFO [savont::utils] Memory usage after second round of k-mer counting processing --- Memory usage: 0.04 GB
(2026-08-08 19:28:33.279) INFO [savont::seq_parse] Removed 1228325 SNPmers with counts < 1 in both strands and <= 3 multiplicity.
(2026-08-08 19:28:33.280) INFO [savont] Time elapsed in for counting k-mers is: 767.30572ms
(2026-08-08 19:28:33.281) INFO [savont::kmer_comp] Finding snpmers...
(2026-08-08 19:28:33.297) INFO [savont::kmer_comp] Number of snpmers: 6574. 
(2026-08-08 19:28:33.297) INFO [savont] Time elapsed in for parsing snpmers is: 17.799262ms
(2026-08-08 19:28:33.298) INFO [savont::utils] STAGE 1 DONE: Obtained SNPmers --- Memory usage: 0.02 GB
(2026-08-08 19:28:33.298) INFO [savont] Using blockmers: false
(2026-08-08 19:28:33.298) INFO [savont] Getting reads...
(2026-08-08 19:28:33.379) INFO [savont::kmer_comp] Number of reads removed due to length filtering: 0.
(2026-08-08 19:28:34.062) INFO [savont::kmer_comp] Number of valid reads  - 25450. Number of reads below quality threshold - 20740.
(2026-08-08 19:28:34.062) WARN [savont::kmer_comp] More than 50% of reads are below the quality threshold of 98%. This may imply that these reads are not high enough quality for ASV reconstruction. Proceed with caution!
(2026-08-08 19:28:34.090) INFO [savont::kmer_comp] Mean SNPmer density: 3.15%
(2026-08-08 19:28:34.090) INFO [savont::kmer_comp] Mean Blockmer density: 0.00%
(2026-08-08 19:28:34.100) INFO [savont] Total reads: 4710, Reads without SNPmers: 0 (0.00%)
(2026-08-08 19:28:34.100) INFO [savont] === STAGE 2: Clustering reads by k-mers ===
(2026-08-08 19:28:34.100) INFO [savont::asv_cluster] Starting greedy k-mer based clustering...
(2026-08-08 19:28:34.191) INFO [savont::asv_cluster] Greedy clustering complete. 30 cluster representatives found
(2026-08-08 19:28:34.193) INFO [savont::asv_cluster] K-mer clustering complete. 9 clusters found. Largest cluster: 992 reads
(2026-08-08 19:28:34.193) INFO [savont::asv_cluster] Wrote k-mer clusters to /hlilab/jshaw/16s_ont/benchmark/reviewer_analyses/read_accuracy_sensitivity/results/mean_accuracy_96/reads_25450/temp/kmer_clusters_stage2.tsv
(2026-08-08 19:28:34.221) INFO [savont::utils] STAGE 2 DONE: Clustered reads by k-mers --- Memory usage: 0.17 GB
(2026-08-08 19:28:34.221) INFO [savont] === STAGE 3: Secondary clustering of reads by polymorphic markers ===
(2026-08-08 19:28:34.221) INFO [savont::asv_cluster] Starting greedy SNPmer-based clustering within k-mer clusters...
(2026-08-08 19:28:34.225) INFO [savont::asv_cluster] Wrote SNPmer clusters to /hlilab/jshaw/16s_ont/benchmark/reviewer_analyses/read_accuracy_sensitivity/results/mean_accuracy_96/reads_25450/temp/snpmer_clusters_before_reclust2.5.tsv
(2026-08-08 19:28:34.225) INFO [savont::asv_cluster] Starting iterative reclustering using consensus representatives...
(2026-08-08 19:28:34.225) INFO [savont::asv_cluster] Starting with 9 k-mer groups containing 29 total SNPmer clusters
(2026-08-08 19:28:34.238) INFO [savont::asv_cluster] Iteration 1: 1 total merges, 736 total reassignments across 9 k-mer groups
(2026-08-08 19:28:34.250) INFO [savont::asv_cluster] Iteration 2: 0 total merges, 1 total reassignments across 9 k-mer groups
(2026-08-08 19:28:34.250) INFO [savont::asv_cluster] Convergence reached after 2 iterations
(2026-08-08 19:28:34.250) INFO [savont::asv_cluster] Final result: 27 total clusters across 9 k-mer groups
(2026-08-08 19:28:34.250) INFO [savont::asv_cluster] SNPmer clustering complete. 27 total SNPmer clusters from 9 k-mer clusters
(2026-08-08 19:28:34.315) INFO [savont::utils] STAGE 3 DONE: Clustered reads by polymorphic markers --- Memory usage: 0.17 GB
(2026-08-08 19:28:34.315) INFO [savont] === STAGE 4: Generating consensus sequences and analyzing pileupes ===
(2026-08-08 19:28:34.315) INFO [savont::alignment] Generating consensus sequences from SNPmer clusters...
(2026-08-08 19:28:34.784) INFO [savont::alignment] Wrote 27 consensus sequences to consensus_sequences.fasta
(2026-08-08 19:28:35.112) INFO [savont::alignment] Analyzing quality error rates from top 3 clusters
(2026-08-08 19:28:35.413) INFO [savont::alignment] Low quality consensus sequences: [7]
(2026-08-08 19:28:35.439) INFO [savont::alignment] Wrote low quality cluster information to low_quality_clusters.tsv
(2026-08-08 19:28:35.473) INFO [savont::alignment] Wrote cluster information before filtering to clusters_after_quality_filter_stage4.tsv
(2026-08-08 19:28:35.473) INFO [savont::alignment] Polishing complete
(2026-08-08 19:28:35.494) INFO [savont::utils] STAGE 4 DONE: Analyzed pileups and estimated consensus qualities --- Memory usage: 0.57 GB
(2026-08-08 19:28:35.523) INFO [savont] === STAGE 5: Merging similar consensus sequences ===
(2026-08-08 19:28:35.523) INFO [savont::alignment] Removing duplicate consensus sequences based on k-mer similarity
(2026-08-08 19:28:35.526) INFO [savont::alignment] Reduced consensus sequences from 26 to 26 after k-mer based deduplication
(2026-08-08 19:28:35.569) INFO [savont::alignment] Wrote 26 polished consensus sequences to polished_consensuses.fasta
(2026-08-08 19:28:35.573) INFO [savont::alignment] Merging 1 low quality consensuses into high quality consensuses
(2026-08-08 19:28:35.575) INFO [savont::alignment] Merging similar consensus sequences based on alignment and depth criteria
(2026-08-08 19:28:35.584) INFO [savont::alignment] Consensus merging complete: 26 -> 19 consensuses
(2026-08-08 19:28:35.643) INFO [savont::alignment] Wrote 19 merged consensus sequences to merged_consensus_sequences.fasta
(2026-08-08 19:28:35.650) INFO [savont::utils] STAGE 5 DONE: Merged similar consensus sequences --- Memory usage: 0.57 GB
(2026-08-08 19:28:35.650) INFO [savont] === STAGE 6: Detecting and filtering chimeric consensus sequences ===
(2026-08-08 19:28:35.650) INFO [savont::chimera] Starting chimera detection for 19 consensuses
(2026-08-08 19:28:35.650) INFO [savont::chimera] Calculating pairwise similarities for 19 consensuses (using decompressed sequences)
(2026-08-08 19:28:35.685) INFO [savont::chimera] Filtered 1 chimeric consensuses with mean chimera score 0.00 and std 0.00, 18 remaining
(2026-08-08 19:28:35.692) INFO [savont::utils] STAGE 6 DONE: Filtered chimeric consensus sequences --- Memory usage: 0.57 GB
(2026-08-08 19:28:35.692) INFO [savont] === Final consensus count after chimera filtering: 18 ===
(2026-08-08 19:28:35.692) INFO [savont] === STAGE 7: Refining ASV depths with alignments and EM algorithm ===
(2026-08-08 19:28:35.693) INFO [savont::alignment] Refining ASV depths using EM algorithm with k-mer based read mapping
(2026-08-08 19:28:35.726) INFO [savont::alignment] Loaded 18 ASVs as TwinReads for k-mer comparison
(2026-08-08 19:28:35.726) INFO [savont::alignment] Built SNPmer index with 165 unique splitmers
(2026-08-08 19:28:35.726) INFO [savont::alignment] Mapping 4710 reads to 18 ASVs using k-mer comparison
(2026-08-08 19:28:36.107) INFO [savont::alignment] Filtered 0 reads with ratio > 0.005
(2026-08-08 19:28:36.107) INFO [savont::alignment] Total assigned reads: 4710
(2026-08-08 19:28:36.107) INFO [savont::alignment] Total percentage assigned: 100.00%
(2026-08-08 19:28:36.107) INFO [savont::alignment] Number of unique equivalence classes: 22
(2026-08-08 19:28:36.107) INFO [savont::alignment] Running EM algorithm with convergence threshold: 2.123142e-6
(2026-08-08 19:28:36.107) INFO [savont::alignment] EM converged after 6 iterations (max change: 1.365830e-6)
(2026-08-08 19:28:36.107) INFO [savont::alignment] Updating ASV depths based on EM abundances
(2026-08-08 19:28:36.107) INFO [savont::alignment] EM refinement complete: 18 ASVs remaining
(2026-08-08 19:28:36.178) INFO [savont::utils] STAGE 7 DONE: Refined ASV depths with EM algorithm --- Memory usage: 0.57 GB
(2026-08-08 19:28:36.178) INFO [savont] Final consensus count after EM refinement: 18
(2026-08-08 19:28:36.207) INFO [savont] Wrote 18 final consensus sequences to final_asvs.fasta
(2026-08-08 19:28:36.236) INFO [savont] Wrote feature-table.tsv (QIIME2-compatible)
(2026-08-08 19:28:36.278) INFO [savont] === SAVONT COMPLETED SUCCESSFULLY in 3 SECONDS ===
