(2026-08-08 17:33:15.068) INFO [savont] COMMAND: /homes9/jshaw/.cargo/bin/savont asv -t 10 /hlilab/jshaw/16s_ont/benchmark/results-FINAL-preprint/subsampled/v1v8_zmock1_frac1318.1911682282378.fastq -o /hlilab/jshaw/16s_ont/benchmark/reviewer_analyses/primary_clustering_threshold_sensitivity/results/reads_1318/threshold_0.99 --primary-clustering-threshold 0.99
(2026-08-08 17:33:15.069) INFO [savont] VERSION: 0.6.3
(2026-08-08 17:33:15.069) INFO [savont] SYSTEM NAME: Rocky Linux
(2026-08-08 17:33:15.069) INFO [savont] SYSTEM HOST NAME: ara.dfci.harvard.edu
(2026-08-08 17:33:15.071) INFO [savont] Created temp directory for intermediate files: /hlilab/jshaw/16s_ont/benchmark/reviewer_analyses/primary_clustering_threshold_sensitivity/results/reads_1318/threshold_0.99/temp
(2026-08-08 17:33:15.071) INFO [savont] === SAVONT STARTED: Generating ASVs ===
(2026-08-08 17:33:15.071) INFO [savont] === STAGE 1: Processing k-mers and polymorphic markers ===
(2026-08-08 17:33:15.098) INFO [savont::seq_parse] Finished with k-mer counting in 27.353686ms. Total SNPmers after bloom filter: 64471
(2026-08-08 17:33:15.099) INFO [savont::utils] Memory usage after second round of k-mer counting processing --- Memory usage: 0.01 GB
(2026-08-08 17:33:15.127) INFO [savont::seq_parse] Removed 58550 SNPmers with counts < 1 in both strands and <= 3 multiplicity.
(2026-08-08 17:33:15.128) INFO [savont] Time elapsed in for counting k-mers is: 57.076885ms
(2026-08-08 17:33:15.128) INFO [savont::kmer_comp] Finding snpmers...
(2026-08-08 17:33:15.129) INFO [savont::kmer_comp] Number of snpmers: 105. 
(2026-08-08 17:33:15.129) INFO [savont] Time elapsed in for parsing snpmers is: 1.124651ms
(2026-08-08 17:33:15.129) INFO [savont::utils] STAGE 1 DONE: Obtained SNPmers --- Memory usage: 0.01 GB
(2026-08-08 17:33:15.129) INFO [savont] Using blockmers: false
(2026-08-08 17:33:15.129) INFO [savont] Getting reads...
(2026-08-08 17:33:15.133) INFO [savont::kmer_comp] Number of reads removed due to length filtering: 4.
(2026-08-08 17:33:15.164) INFO [savont::kmer_comp] Number of valid reads  - 1314. Number of reads below quality threshold - 57.
(2026-08-08 17:33:15.179) INFO [savont::kmer_comp] Mean SNPmer density: 3.25%
(2026-08-08 17:33:15.179) INFO [savont::kmer_comp] Mean Blockmer density: 0.00%
(2026-08-08 17:33:15.182) INFO [savont] Total reads: 1257, Reads without SNPmers: 0 (0.00%)
(2026-08-08 17:33:15.208) INFO [savont] === STAGE 2: Clustering reads by k-mers ===
(2026-08-08 17:33:15.208) INFO [savont::asv_cluster] Starting greedy k-mer based clustering...
(2026-08-08 17:33:15.309) INFO [savont::asv_cluster] Greedy clustering complete. 345 cluster representatives found
(2026-08-08 17:33:15.311) INFO [savont::asv_cluster] K-mer clustering complete. 12 clusters found. Largest cluster: 142 reads
(2026-08-08 17:33:15.340) INFO [savont::asv_cluster] Wrote k-mer clusters to /hlilab/jshaw/16s_ont/benchmark/reviewer_analyses/primary_clustering_threshold_sensitivity/results/reads_1318/threshold_0.99/temp/kmer_clusters_stage2.tsv
(2026-08-08 17:33:15.366) INFO [savont::utils] STAGE 2 DONE: Clustered reads by k-mers --- Memory usage: 0.02 GB
(2026-08-08 17:33:15.366) INFO [savont] === STAGE 3: Secondary clustering of reads by polymorphic markers ===
(2026-08-08 17:33:15.366) INFO [savont::asv_cluster] Starting greedy SNPmer-based clustering within k-mer clusters...
(2026-08-08 17:33:15.367) INFO [savont::asv_cluster] Wrote SNPmer clusters to /hlilab/jshaw/16s_ont/benchmark/reviewer_analyses/primary_clustering_threshold_sensitivity/results/reads_1318/threshold_0.99/temp/snpmer_clusters_before_reclust2.5.tsv
(2026-08-08 17:33:15.394) INFO [savont::asv_cluster] Starting iterative reclustering using consensus representatives...
(2026-08-08 17:33:15.394) INFO [savont::asv_cluster] Starting with 12 k-mer groups containing 15 total SNPmer clusters
(2026-08-08 17:33:15.396) INFO [savont::asv_cluster] Iteration 1: 1 total merges, 2 total reassignments across 10 k-mer groups
(2026-08-08 17:33:15.423) INFO [savont::asv_cluster] Iteration 2: 0 total merges, 0 total reassignments across 10 k-mer groups
(2026-08-08 17:33:15.448) INFO [savont::asv_cluster] Convergence reached after 2 iterations
(2026-08-08 17:33:15.448) INFO [savont::asv_cluster] Final result: 14 total clusters across 10 k-mer groups
(2026-08-08 17:33:15.448) INFO [savont::asv_cluster] SNPmer clustering complete. 14 total SNPmer clusters from 12 k-mer clusters
(2026-08-08 17:33:15.509) INFO [savont::utils] STAGE 3 DONE: Clustered reads by polymorphic markers --- Memory usage: 0.02 GB
(2026-08-08 17:33:15.509) INFO [savont] === STAGE 4: Generating consensus sequences and analyzing pileupes ===
(2026-08-08 17:33:15.510) INFO [savont::alignment] Generating consensus sequences from SNPmer clusters...
(2026-08-08 17:33:15.700) INFO [savont::alignment] Wrote 14 consensus sequences to consensus_sequences.fasta
(2026-08-08 17:33:15.769) INFO [savont::alignment] Analyzing quality error rates from top 1 clusters
(2026-08-08 17:33:15.823) INFO [savont::alignment] Low quality consensus sequences: [7]
(2026-08-08 17:33:15.850) INFO [savont::alignment] Wrote low quality cluster information to low_quality_clusters.tsv
(2026-08-08 17:33:15.889) INFO [savont::alignment] Wrote cluster information before filtering to clusters_after_quality_filter_stage4.tsv
(2026-08-08 17:33:15.889) INFO [savont::alignment] Polishing complete
(2026-08-08 17:33:15.894) INFO [savont::utils] STAGE 4 DONE: Analyzed pileups and estimated consensus qualities --- Memory usage: 0.18 GB
(2026-08-08 17:33:15.923) INFO [savont] === STAGE 5: Merging similar consensus sequences ===
(2026-08-08 17:33:15.939) INFO [savont::alignment] Removing duplicate consensus sequences based on k-mer similarity
(2026-08-08 17:33:15.940) INFO [savont::alignment] Reduced consensus sequences from 13 to 13 after k-mer based deduplication
(2026-08-08 17:33:15.969) INFO [savont::alignment] Wrote 13 polished consensus sequences to polished_consensuses.fasta
(2026-08-08 17:33:15.996) INFO [savont::alignment] Merging 1 low quality consensuses into high quality consensuses
(2026-08-08 17:33:15.997) INFO [savont::alignment] Merging similar consensus sequences based on alignment and depth criteria
(2026-08-08 17:33:16.000) INFO [savont::alignment] Consensus merging complete: 13 -> 12 consensuses
(2026-08-08 17:33:16.058) INFO [savont::alignment] Wrote 12 merged consensus sequences to merged_consensus_sequences.fasta
(2026-08-08 17:33:16.062) INFO [savont::utils] STAGE 5 DONE: Merged similar consensus sequences --- Memory usage: 0.18 GB
(2026-08-08 17:33:16.062) INFO [savont] === STAGE 6: Detecting and filtering chimeric consensus sequences ===
(2026-08-08 17:33:16.062) INFO [savont::chimera] Starting chimera detection for 12 consensuses
(2026-08-08 17:33:16.062) INFO [savont::chimera] Calculating pairwise similarities for 12 consensuses (using decompressed sequences)
(2026-08-08 17:33:16.074) INFO [savont::chimera] Filtered 0 chimeric consensuses with mean chimera score NaN and std NaN, 12 remaining
(2026-08-08 17:33:16.077) INFO [savont::utils] STAGE 6 DONE: Filtered chimeric consensus sequences --- Memory usage: 0.18 GB
(2026-08-08 17:33:16.100) INFO [savont] === Final consensus count after chimera filtering: 12 ===
(2026-08-08 17:33:16.100) INFO [savont] === STAGE 7: Refining ASV depths with alignments and EM algorithm ===
(2026-08-08 17:33:16.101) INFO [savont::alignment] Refining ASV depths using EM algorithm with k-mer based read mapping
(2026-08-08 17:33:16.158) INFO [savont::alignment] Loaded 12 ASVs as TwinReads for k-mer comparison
(2026-08-08 17:33:16.178) INFO [savont::alignment] Built SNPmer index with 105 unique splitmers
(2026-08-08 17:33:16.178) INFO [savont::alignment] Mapping 1257 reads to 12 ASVs using k-mer comparison
(2026-08-08 17:33:16.285) INFO [savont::alignment] Filtered 117 reads with ratio > 0.005
(2026-08-08 17:33:16.285) INFO [savont::alignment] Total assigned reads: 1140
(2026-08-08 17:33:16.285) INFO [savont::alignment] Total percentage assigned: 90.69%
(2026-08-08 17:33:16.285) INFO [savont::alignment] Number of unique equivalence classes: 18
(2026-08-08 17:33:16.285) INFO [savont::alignment] Running EM algorithm with convergence threshold: 8.771930e-6
(2026-08-08 17:33:16.285) INFO [savont::alignment] EM converged after 6 iterations (max change: 2.330499e-6)
(2026-08-08 17:33:16.285) INFO [savont::alignment] Updating ASV depths based on EM abundances
(2026-08-08 17:33:16.285) INFO [savont::alignment] EM refinement complete: 12 ASVs remaining
(2026-08-08 17:33:16.347) INFO [savont::utils] STAGE 7 DONE: Refined ASV depths with EM algorithm --- Memory usage: 0.18 GB
(2026-08-08 17:33:16.347) INFO [savont] Final consensus count after EM refinement: 12
(2026-08-08 17:33:16.372) INFO [savont] Wrote 12 final consensus sequences to final_asvs.fasta
(2026-08-08 17:33:16.398) INFO [savont] Wrote feature-table.tsv (QIIME2-compatible)
(2026-08-08 17:33:16.433) INFO [savont] === SAVONT COMPLETED SUCCESSFULLY in 1 SECONDS ===
