(2026-08-08 17:33:23.137) INFO [savont] COMMAND: /homes9/jshaw/.cargo/bin/savont asv -t 10 /hlilab/jshaw/16s_ont/benchmark/results-FINAL-preprint/subsampled/v1v8_zmock1_frac25450.286947322187.fastq -o /hlilab/jshaw/16s_ont/benchmark/reviewer_analyses/primary_clustering_threshold_sensitivity/results/reads_25450/threshold_0.91 --primary-clustering-threshold 0.91
(2026-08-08 17:33:23.138) INFO [savont] VERSION: 0.6.3
(2026-08-08 17:33:23.138) INFO [savont] SYSTEM NAME: Rocky Linux
(2026-08-08 17:33:23.138) INFO [savont] SYSTEM HOST NAME: ara.dfci.harvard.edu
(2026-08-08 17:33:23.139) INFO [savont] Created temp directory for intermediate files: /hlilab/jshaw/16s_ont/benchmark/reviewer_analyses/primary_clustering_threshold_sensitivity/results/reads_25450/threshold_0.91/temp
(2026-08-08 17:33:23.139) INFO [savont] === SAVONT STARTED: Generating ASVs ===
(2026-08-08 17:33:23.139) INFO [savont] === STAGE 1: Processing k-mers and polymorphic markers ===
(2026-08-08 17:33:23.752) INFO [savont::seq_parse] Finished with k-mer counting in 613.607556ms. Total SNPmers after bloom filter: 359700
(2026-08-08 17:33:23.754) INFO [savont::utils] Memory usage after second round of k-mer counting processing --- Memory usage: 0.02 GB
(2026-08-08 17:33:23.760) INFO [savont::seq_parse] Removed 308403 SNPmers with counts < 1 in both strands and <= 3 multiplicity.
(2026-08-08 17:33:23.761) INFO [savont] Time elapsed in for counting k-mers is: 621.973877ms
(2026-08-08 17:33:23.762) INFO [savont::kmer_comp] Finding snpmers...
(2026-08-08 17:33:23.775) INFO [savont::kmer_comp] Number of snpmers: 522. 
(2026-08-08 17:33:23.775) INFO [savont] Time elapsed in for parsing snpmers is: 14.75632ms
(2026-08-08 17:33:23.776) INFO [savont::utils] STAGE 1 DONE: Obtained SNPmers --- Memory usage: 0.01 GB
(2026-08-08 17:33:23.776) INFO [savont] Using blockmers: false
(2026-08-08 17:33:23.776) INFO [savont] Getting reads...
(2026-08-08 17:33:23.886) INFO [savont::kmer_comp] Number of reads removed due to length filtering: 43.
(2026-08-08 17:33:24.455) INFO [savont::kmer_comp] Number of valid reads  - 25407. Number of reads below quality threshold - 1099.
(2026-08-08 17:33:24.458) INFO [savont::kmer_comp] Mean SNPmer density: 3.83%
(2026-08-08 17:33:24.459) INFO [savont::kmer_comp] Mean Blockmer density: 0.00%
(2026-08-08 17:33:24.545) INFO [savont] Total reads: 24308, Reads without SNPmers: 0 (0.00%)
(2026-08-08 17:33:24.545) INFO [savont] === STAGE 2: Clustering reads by k-mers ===
(2026-08-08 17:33:24.545) INFO [savont::asv_cluster] Starting greedy k-mer based clustering...
(2026-08-08 17:33:24.802) INFO [savont::asv_cluster] Processed 10000 / 24308 reads. Current representatives: 24
(2026-08-08 17:33:25.083) INFO [savont::asv_cluster] Processed 20000 / 24308 reads. Current representatives: 29
(2026-08-08 17:33:25.205) INFO [savont::asv_cluster] Greedy clustering complete. 38 cluster representatives found
(2026-08-08 17:33:25.209) INFO [savont::asv_cluster] K-mer clustering complete. 30 clusters found. Largest cluster: 4712 reads
(2026-08-08 17:33:25.209) INFO [savont::asv_cluster] Wrote k-mer clusters to /hlilab/jshaw/16s_ont/benchmark/reviewer_analyses/primary_clustering_threshold_sensitivity/results/reads_25450/threshold_0.91/temp/kmer_clusters_stage2.tsv
(2026-08-08 17:33:25.241) INFO [savont::utils] STAGE 2 DONE: Clustered reads by k-mers --- Memory usage: 0.17 GB
(2026-08-08 17:33:25.241) INFO [savont] === STAGE 3: Secondary clustering of reads by polymorphic markers ===
(2026-08-08 17:33:25.241) INFO [savont::asv_cluster] Starting greedy SNPmer-based clustering within k-mer clusters...
(2026-08-08 17:33:25.437) INFO [savont::asv_cluster] Wrote SNPmer clusters to /hlilab/jshaw/16s_ont/benchmark/reviewer_analyses/primary_clustering_threshold_sensitivity/results/reads_25450/threshold_0.91/temp/snpmer_clusters_before_reclust2.5.tsv
(2026-08-08 17:33:25.438) INFO [savont::asv_cluster] Starting iterative reclustering using consensus representatives...
(2026-08-08 17:33:25.438) INFO [savont::asv_cluster] Starting with 30 k-mer groups containing 270 total SNPmer clusters
(2026-08-08 17:33:25.512) INFO [savont::asv_cluster] Iteration 1: 53 total merges, 3040 total reassignments across 16 k-mer groups
(2026-08-08 17:33:25.558) INFO [savont::asv_cluster] Iteration 2: 5 total merges, 152 total reassignments across 16 k-mer groups
(2026-08-08 17:33:25.603) INFO [savont::asv_cluster] Iteration 3: 0 total merges, 18 total reassignments across 16 k-mer groups
(2026-08-08 17:33:25.603) INFO [savont::asv_cluster] Convergence reached after 3 iterations
(2026-08-08 17:33:25.603) INFO [savont::asv_cluster] Final result: 134 total clusters across 16 k-mer groups
(2026-08-08 17:33:25.603) INFO [savont::asv_cluster] SNPmer clustering complete. 134 total SNPmer clusters from 30 k-mer clusters
(2026-08-08 17:33:25.678) INFO [savont::utils] STAGE 3 DONE: Clustered reads by polymorphic markers --- Memory usage: 0.18 GB
(2026-08-08 17:33:25.678) INFO [savont] === STAGE 4: Generating consensus sequences and analyzing pileupes ===
(2026-08-08 17:33:25.678) INFO [savont::alignment] Generating consensus sequences from SNPmer clusters...
(2026-08-08 17:33:26.880) INFO [savont::alignment] Wrote 134 consensus sequences to consensus_sequences.fasta
(2026-08-08 17:33:27.627) INFO [savont::alignment] Analyzing quality error rates from top 13 clusters
(2026-08-08 17:33:28.699) INFO [savont::alignment] Low quality consensus sequences: [41, 42, 43, 44, 46, 52, 54, 56, 58, 60, 61, 62, 63, 65, 66, 68, 70, 81, 82, 84, 86, 87, 90, 91, 94, 99, 101, 102, 105, 107, 110, 114, 115, 116, 118, 120, 121, 123, 124, 125, 126, 130, 133]
(2026-08-08 17:33:28.730) INFO [savont::alignment] Wrote low quality cluster information to low_quality_clusters.tsv
(2026-08-08 17:33:28.795) INFO [savont::alignment] Wrote cluster information before filtering to clusters_after_quality_filter_stage4.tsv
(2026-08-08 17:33:28.795) INFO [savont::alignment] Polishing complete
(2026-08-08 17:33:28.845) INFO [savont::utils] STAGE 4 DONE: Analyzed pileups and estimated consensus qualities --- Memory usage: 0.95 GB
(2026-08-08 17:33:28.872) INFO [savont] === STAGE 5: Merging similar consensus sequences ===
(2026-08-08 17:33:28.872) INFO [savont::alignment] Removing duplicate consensus sequences based on k-mer similarity
(2026-08-08 17:33:28.896) INFO [savont::alignment] Reduced consensus sequences from 91 to 87 after k-mer based deduplication
(2026-08-08 17:33:28.932) INFO [savont::alignment] Wrote 87 polished consensus sequences to polished_consensuses.fasta
(2026-08-08 17:33:28.940) INFO [savont::alignment] Merging 43 low quality consensuses into high quality consensuses
(2026-08-08 17:33:28.970) INFO [savont::alignment] Merging similar consensus sequences based on alignment and depth criteria
(2026-08-08 17:33:29.024) INFO [savont::alignment] Consensus merging complete: 87 -> 55 consensuses
(2026-08-08 17:33:29.112) INFO [savont::alignment] Wrote 55 merged consensus sequences to merged_consensus_sequences.fasta
(2026-08-08 17:33:29.125) INFO [savont::utils] STAGE 5 DONE: Merged similar consensus sequences --- Memory usage: 0.91 GB
(2026-08-08 17:33:29.125) INFO [savont] === STAGE 6: Detecting and filtering chimeric consensus sequences ===
(2026-08-08 17:33:29.125) INFO [savont::chimera] Starting chimera detection for 55 consensuses
(2026-08-08 17:33:29.125) INFO [savont::chimera] Calculating pairwise similarities for 55 consensuses (using decompressed sequences)
(2026-08-08 17:33:29.292) INFO [savont::chimera] Filtered 30 chimeric consensuses with mean chimera score 0.00 and std 0.00, 25 remaining
(2026-08-08 17:33:29.307) INFO [savont::utils] STAGE 6 DONE: Filtered chimeric consensus sequences --- Memory usage: 0.91 GB
(2026-08-08 17:33:29.307) INFO [savont] === Final consensus count after chimera filtering: 25 ===
(2026-08-08 17:33:29.307) INFO [savont] === STAGE 7: Refining ASV depths with alignments and EM algorithm ===
(2026-08-08 17:33:29.308) INFO [savont::alignment] Refining ASV depths using EM algorithm with k-mer based read mapping
(2026-08-08 17:33:29.331) INFO [savont::alignment] Loaded 25 ASVs as TwinReads for k-mer comparison
(2026-08-08 17:33:29.331) INFO [savont::alignment] Built SNPmer index with 159 unique splitmers
(2026-08-08 17:33:29.331) INFO [savont::alignment] Mapping 24308 reads to 25 ASVs using k-mer comparison
(2026-08-08 17:33:30.988) INFO [savont::alignment] Filtered 2153 reads with ratio > 0.005
(2026-08-08 17:33:30.988) INFO [savont::alignment] Total assigned reads: 22155
(2026-08-08 17:33:30.988) INFO [savont::alignment] Total percentage assigned: 91.14%
(2026-08-08 17:33:30.988) INFO [savont::alignment] Number of unique equivalence classes: 57
(2026-08-08 17:33:30.988) INFO [savont::alignment] Running EM algorithm with convergence threshold: 4.513654e-7
(2026-08-08 17:33:30.988) INFO [savont::alignment] EM converged after 7 iterations (max change: 2.873864e-7)
(2026-08-08 17:33:30.988) INFO [savont::alignment] Updating ASV depths based on EM abundances
(2026-08-08 17:33:30.988) INFO [savont::alignment] EM refinement complete: 25 ASVs remaining
(2026-08-08 17:33:31.083) INFO [savont::utils] STAGE 7 DONE: Refined ASV depths with EM algorithm --- Memory usage: 0.88 GB
(2026-08-08 17:33:31.083) INFO [savont] Final consensus count after EM refinement: 25
(2026-08-08 17:33:31.118) INFO [savont] Wrote 25 final consensus sequences to final_asvs.fasta
(2026-08-08 17:33:31.140) INFO [savont] Wrote feature-table.tsv (QIIME2-compatible)
(2026-08-08 17:33:31.182) INFO [savont] === SAVONT COMPLETED SUCCESSFULLY in 8 SECONDS ===
