(2026-08-08 17:33:31.314) INFO [savont] COMMAND: /homes9/jshaw/.cargo/bin/savont asv -t 10 /hlilab/jshaw/16s_ont/benchmark/results-FINAL-preprint/subsampled/v1v8_zmock1_frac25450.286947322187.fastq -o /hlilab/jshaw/16s_ont/benchmark/reviewer_analyses/primary_clustering_threshold_sensitivity/results/reads_25450/threshold_0.95 --primary-clustering-threshold 0.95
(2026-08-08 17:33:31.315) INFO [savont] VERSION: 0.6.3
(2026-08-08 17:33:31.315) INFO [savont] SYSTEM NAME: Rocky Linux
(2026-08-08 17:33:31.315) INFO [savont] SYSTEM HOST NAME: ara.dfci.harvard.edu
(2026-08-08 17:33:31.316) INFO [savont] Created temp directory for intermediate files: /hlilab/jshaw/16s_ont/benchmark/reviewer_analyses/primary_clustering_threshold_sensitivity/results/reads_25450/threshold_0.95/temp
(2026-08-08 17:33:31.340) INFO [savont] === SAVONT STARTED: Generating ASVs ===
(2026-08-08 17:33:31.340) INFO [savont] === STAGE 1: Processing k-mers and polymorphic markers ===
(2026-08-08 17:33:31.892) INFO [savont::seq_parse] Finished with k-mer counting in 551.476929ms. Total SNPmers after bloom filter: 359700
(2026-08-08 17:33:31.893) INFO [savont::utils] Memory usage after second round of k-mer counting processing --- Memory usage: 0.02 GB
(2026-08-08 17:33:31.920) INFO [savont::seq_parse] Removed 308403 SNPmers with counts < 1 in both strands and <= 3 multiplicity.
(2026-08-08 17:33:31.921) INFO [savont] Time elapsed in for counting k-mers is: 580.836608ms
(2026-08-08 17:33:31.921) INFO [savont::kmer_comp] Finding snpmers...
(2026-08-08 17:33:31.926) INFO [savont::kmer_comp] Number of snpmers: 522. 
(2026-08-08 17:33:31.926) INFO [savont] Time elapsed in for parsing snpmers is: 5.16539ms
(2026-08-08 17:33:31.927) INFO [savont::utils] STAGE 1 DONE: Obtained SNPmers --- Memory usage: 0.02 GB
(2026-08-08 17:33:31.927) INFO [savont] Using blockmers: false
(2026-08-08 17:33:31.927) INFO [savont] Getting reads...
(2026-08-08 17:33:32.001) INFO [savont::kmer_comp] Number of reads removed due to length filtering: 43.
(2026-08-08 17:33:32.609) INFO [savont::kmer_comp] Number of valid reads  - 25407. Number of reads below quality threshold - 1099.
(2026-08-08 17:33:32.612) INFO [savont::kmer_comp] Mean SNPmer density: 3.83%
(2026-08-08 17:33:32.613) INFO [savont::kmer_comp] Mean Blockmer density: 0.00%
(2026-08-08 17:33:32.692) INFO [savont] Total reads: 24308, Reads without SNPmers: 0 (0.00%)
(2026-08-08 17:33:32.692) INFO [savont] === STAGE 2: Clustering reads by k-mers ===
(2026-08-08 17:33:32.692) INFO [savont::asv_cluster] Starting greedy k-mer based clustering...
(2026-08-08 17:33:33.128) INFO [savont::asv_cluster] Processed 10000 / 24308 reads. Current representatives: 34
(2026-08-08 17:33:33.519) INFO [savont::asv_cluster] Processed 20000 / 24308 reads. Current representatives: 38
(2026-08-08 17:33:33.719) INFO [savont::asv_cluster] Greedy clustering complete. 46 cluster representatives found
(2026-08-08 17:33:33.728) INFO [savont::asv_cluster] K-mer clustering complete. 32 clusters found. Largest cluster: 4631 reads
(2026-08-08 17:33:33.728) INFO [savont::asv_cluster] Wrote k-mer clusters to /hlilab/jshaw/16s_ont/benchmark/reviewer_analyses/primary_clustering_threshold_sensitivity/results/reads_25450/threshold_0.95/temp/kmer_clusters_stage2.tsv
(2026-08-08 17:33:33.770) INFO [savont::utils] STAGE 2 DONE: Clustered reads by k-mers --- Memory usage: 0.18 GB
(2026-08-08 17:33:33.770) INFO [savont] === STAGE 3: Secondary clustering of reads by polymorphic markers ===
(2026-08-08 17:33:33.770) INFO [savont::asv_cluster] Starting greedy SNPmer-based clustering within k-mer clusters...
(2026-08-08 17:33:33.967) INFO [savont::asv_cluster] Wrote SNPmer clusters to /hlilab/jshaw/16s_ont/benchmark/reviewer_analyses/primary_clustering_threshold_sensitivity/results/reads_25450/threshold_0.95/temp/snpmer_clusters_before_reclust2.5.tsv
(2026-08-08 17:33:33.967) INFO [savont::asv_cluster] Starting iterative reclustering using consensus representatives...
(2026-08-08 17:33:33.967) INFO [savont::asv_cluster] Starting with 32 k-mer groups containing 287 total SNPmer clusters
(2026-08-08 17:33:34.042) INFO [savont::asv_cluster] Iteration 1: 67 total merges, 2617 total reassignments across 19 k-mer groups
(2026-08-08 17:33:34.085) INFO [savont::asv_cluster] Iteration 2: 1 total merges, 122 total reassignments across 19 k-mer groups
(2026-08-08 17:33:34.146) INFO [savont::asv_cluster] Iteration 3: 0 total merges, 4 total reassignments across 19 k-mer groups
(2026-08-08 17:33:34.146) INFO [savont::asv_cluster] Convergence reached after 3 iterations
(2026-08-08 17:33:34.146) INFO [savont::asv_cluster] Final result: 141 total clusters across 19 k-mer groups
(2026-08-08 17:33:34.146) INFO [savont::asv_cluster] SNPmer clustering complete. 141 total SNPmer clusters from 32 k-mer clusters
(2026-08-08 17:33:34.226) INFO [savont::utils] STAGE 3 DONE: Clustered reads by polymorphic markers --- Memory usage: 0.19 GB
(2026-08-08 17:33:34.226) INFO [savont] === STAGE 4: Generating consensus sequences and analyzing pileupes ===
(2026-08-08 17:33:34.226) INFO [savont::alignment] Generating consensus sequences from SNPmer clusters...
(2026-08-08 17:33:35.540) INFO [savont::alignment] Wrote 141 consensus sequences to consensus_sequences.fasta
(2026-08-08 17:33:36.486) INFO [savont::alignment] Analyzing quality error rates from top 14 clusters
(2026-08-08 17:33:37.623) INFO [savont::alignment] Low quality consensus sequences: [42, 43, 45, 47, 52, 57, 60, 61, 62, 63, 66, 68, 70, 71, 73, 74, 75, 78, 79, 89, 90, 92, 93, 95, 97, 99, 101, 103, 104, 108, 111, 113, 114, 116, 118, 121, 122, 123, 125, 126, 127, 128, 130, 131, 132, 133, 134, 136, 139]
(2026-08-08 17:33:37.685) INFO [savont::alignment] Wrote low quality cluster information to low_quality_clusters.tsv
(2026-08-08 17:33:37.891) INFO [savont::alignment] Wrote cluster information before filtering to clusters_after_quality_filter_stage4.tsv
(2026-08-08 17:33:37.892) INFO [savont::alignment] Polishing complete
(2026-08-08 17:33:37.939) INFO [savont::utils] STAGE 4 DONE: Analyzed pileups and estimated consensus qualities --- Memory usage: 0.99 GB
(2026-08-08 17:33:37.992) INFO [savont] === STAGE 5: Merging similar consensus sequences ===
(2026-08-08 17:33:37.992) INFO [savont::alignment] Removing duplicate consensus sequences based on k-mer similarity
(2026-08-08 17:33:38.013) INFO [savont::alignment] Reduced consensus sequences from 92 to 88 after k-mer based deduplication
(2026-08-08 17:33:38.094) INFO [savont::alignment] Wrote 88 polished consensus sequences to polished_consensuses.fasta
(2026-08-08 17:33:38.102) INFO [savont::alignment] Merging 49 low quality consensuses into high quality consensuses
(2026-08-08 17:33:38.189) INFO [savont::alignment] Merging similar consensus sequences based on alignment and depth criteria
(2026-08-08 17:33:38.300) INFO [savont::alignment] Consensus merging complete: 88 -> 51 consensuses
(2026-08-08 17:33:38.467) INFO [savont::alignment] Wrote 51 merged consensus sequences to merged_consensus_sequences.fasta
(2026-08-08 17:33:38.478) INFO [savont::utils] STAGE 5 DONE: Merged similar consensus sequences --- Memory usage: 0.91 GB
(2026-08-08 17:33:38.516) INFO [savont] === STAGE 6: Detecting and filtering chimeric consensus sequences ===
(2026-08-08 17:33:38.516) INFO [savont::chimera] Starting chimera detection for 51 consensuses
(2026-08-08 17:33:38.516) INFO [savont::chimera] Calculating pairwise similarities for 51 consensuses (using decompressed sequences)
(2026-08-08 17:33:38.710) INFO [savont::chimera] Filtered 26 chimeric consensuses with mean chimera score 0.00 and std 0.00, 25 remaining
(2026-08-08 17:33:38.722) INFO [savont::utils] STAGE 6 DONE: Filtered chimeric consensus sequences --- Memory usage: 0.92 GB
(2026-08-08 17:33:38.784) INFO [savont] === Final consensus count after chimera filtering: 25 ===
(2026-08-08 17:33:38.784) INFO [savont] === STAGE 7: Refining ASV depths with alignments and EM algorithm ===
(2026-08-08 17:33:38.785) INFO [savont::alignment] Refining ASV depths using EM algorithm with k-mer based read mapping
(2026-08-08 17:33:38.921) INFO [savont::alignment] Loaded 25 ASVs as TwinReads for k-mer comparison
(2026-08-08 17:33:38.921) INFO [savont::alignment] Built SNPmer index with 159 unique splitmers
(2026-08-08 17:33:38.942) INFO [savont::alignment] Mapping 24308 reads to 25 ASVs using k-mer comparison
(2026-08-08 17:33:44.491) INFO [savont::alignment] Filtered 2123 reads with ratio > 0.005
(2026-08-08 17:33:44.491) INFO [savont::alignment] Total assigned reads: 22185
(2026-08-08 17:33:44.491) INFO [savont::alignment] Total percentage assigned: 91.27%
(2026-08-08 17:33:44.491) INFO [savont::alignment] Number of unique equivalence classes: 54
(2026-08-08 17:33:44.491) INFO [savont::alignment] Running EM algorithm with convergence threshold: 4.507550e-7
(2026-08-08 17:33:44.491) INFO [savont::alignment] EM converged after 6 iterations (max change: 4.306479e-8)
(2026-08-08 17:33:44.491) INFO [savont::alignment] Updating ASV depths based on EM abundances
(2026-08-08 17:33:44.491) INFO [savont::alignment] EM refinement complete: 25 ASVs remaining
(2026-08-08 17:33:44.599) INFO [savont::utils] STAGE 7 DONE: Refined ASV depths with EM algorithm --- Memory usage: 0.92 GB
(2026-08-08 17:33:44.626) INFO [savont] Final consensus count after EM refinement: 25
(2026-08-08 17:33:44.661) INFO [savont] Wrote 25 final consensus sequences to final_asvs.fasta
(2026-08-08 17:33:44.687) INFO [savont] Wrote feature-table.tsv (QIIME2-compatible)
(2026-08-08 17:33:44.768) INFO [savont] === SAVONT COMPLETED SUCCESSFULLY in 13 SECONDS ===
