(2026-08-08 14:54:45.450) INFO [savont] COMMAND: /homes9/jshaw/.cargo/bin/savont asv -t 10 /hlilab/jshaw/16s_ont/benchmark/results-FINAL-preprint/subsampled/v1v8_zmock1_frac111827.81160944818.fastq -o /hlilab/jshaw/16s_ont/benchmark/reviewer_analyses/min_cluster_sensitivity/results/reads_111828/min_cluster_10 --min-cluster-size 10
(2026-08-08 14:54:45.451) INFO [savont] VERSION: 0.6.2
(2026-08-08 14:54:45.451) INFO [savont] SYSTEM NAME: Rocky Linux
(2026-08-08 14:54:45.451) INFO [savont] SYSTEM HOST NAME: ara.dfci.harvard.edu
(2026-08-08 14:54:45.452) INFO [savont] Created temp directory for intermediate files: /hlilab/jshaw/16s_ont/benchmark/reviewer_analyses/min_cluster_sensitivity/results/reads_111828/min_cluster_10/temp
(2026-08-08 14:54:45.475) INFO [savont] === SAVONT STARTED: Generating ASVs ===
(2026-08-08 14:54:45.475) INFO [savont] === STAGE 1: Processing k-mers and polymorphic markers ===
(2026-08-08 14:54:48.396) INFO [savont::seq_parse] Finished with k-mer counting in 2.921209317s. Total SNPmers after bloom filter: 784982
(2026-08-08 14:54:48.397) INFO [savont::utils] Memory usage after second round of k-mer counting processing --- Memory usage: 0.04 GB
(2026-08-08 14:54:48.432) INFO [savont::seq_parse] Removed 604238 SNPmers with counts < 1 in both strands and <= 3 multiplicity.
(2026-08-08 14:54:48.444) INFO [savont] Time elapsed in for counting k-mers is: 2.969059982s
(2026-08-08 14:54:48.472) INFO [savont::kmer_comp] Finding snpmers...
(2026-08-08 14:54:48.516) INFO [savont::kmer_comp] Number of snpmers: 3302. 
(2026-08-08 14:54:48.516) INFO [savont] Time elapsed in for parsing snpmers is: 44.933066ms
(2026-08-08 14:54:48.516) INFO [savont::utils] STAGE 1 DONE: Obtained SNPmers --- Memory usage: 0.02 GB
(2026-08-08 14:54:48.533) INFO [savont] Using blockmers: false
(2026-08-08 14:54:48.533) INFO [savont] Getting reads...
(2026-08-08 14:54:48.835) INFO [savont::kmer_comp] Number of reads removed due to length filtering: 180.
(2026-08-08 14:54:51.893) INFO [savont::kmer_comp] Number of valid reads  - 111648. Number of reads below quality threshold - 4877.
(2026-08-08 14:54:51.945) INFO [savont::kmer_comp] Mean SNPmer density: 3.94%
(2026-08-08 14:54:51.947) INFO [savont::kmer_comp] Mean Blockmer density: 0.00%
(2026-08-08 14:54:52.353) INFO [savont] Total reads: 106771, Reads without SNPmers: 0 (0.00%)
(2026-08-08 14:54:52.353) INFO [savont] === STAGE 2: Clustering reads by k-mers ===
(2026-08-08 14:54:52.353) INFO [savont::asv_cluster] Starting greedy k-mer based clustering...
(2026-08-08 14:54:52.700) INFO [savont::asv_cluster] Processed 10000 / 106771 reads. Current representatives: 25
(2026-08-08 14:54:53.112) INFO [savont::asv_cluster] Processed 20000 / 106771 reads. Current representatives: 29
(2026-08-08 14:54:53.553) INFO [savont::asv_cluster] Processed 30000 / 106771 reads. Current representatives: 34
(2026-08-08 14:54:54.007) INFO [savont::asv_cluster] Processed 40000 / 106771 reads. Current representatives: 39
(2026-08-08 14:54:54.473) INFO [savont::asv_cluster] Processed 50000 / 106771 reads. Current representatives: 39
(2026-08-08 14:54:54.952) INFO [savont::asv_cluster] Processed 60000 / 106771 reads. Current representatives: 43
(2026-08-08 14:54:55.465) INFO [savont::asv_cluster] Processed 70000 / 106771 reads. Current representatives: 55
(2026-08-08 14:54:56.055) INFO [savont::asv_cluster] Processed 80000 / 106771 reads. Current representatives: 62
(2026-08-08 14:54:56.706) INFO [savont::asv_cluster] Processed 90000 / 106771 reads. Current representatives: 64
(2026-08-08 14:54:57.370) INFO [savont::asv_cluster] Processed 100000 / 106771 reads. Current representatives: 75
(2026-08-08 14:54:57.763) INFO [savont::asv_cluster] Greedy clustering complete. 91 cluster representatives found
(2026-08-08 14:54:58.128) INFO [savont::asv_cluster] K-mer clustering complete. 55 clusters found. Largest cluster: 19135 reads
(2026-08-08 14:54:58.128) INFO [savont::asv_cluster] Wrote k-mer clusters to /hlilab/jshaw/16s_ont/benchmark/reviewer_analyses/min_cluster_sensitivity/results/reads_111828/min_cluster_10/temp/kmer_clusters_stage2.tsv
(2026-08-08 14:54:58.171) INFO [savont::utils] STAGE 2 DONE: Clustered reads by k-mers --- Memory usage: 0.74 GB
(2026-08-08 14:54:58.176) INFO [savont] === STAGE 3: Secondary clustering of reads by polymorphic markers ===
(2026-08-08 14:54:58.176) INFO [savont::asv_cluster] Starting greedy SNPmer-based clustering within k-mer clusters...
(2026-08-08 14:54:58.684) INFO [savont::asv_cluster] Processed 10000 / 14023 reads for SNPmer clustering in k-mer cluster 3 with 276 reps
(2026-08-08 14:54:58.963) INFO [savont::asv_cluster] Processed 10000 / 19135 reads for SNPmer clustering in k-mer cluster 0 with 476 reps
(2026-08-08 14:54:59.186) INFO [savont::asv_cluster] Processed 10000 / 11879 reads for SNPmer clustering in k-mer cluster 4 with 522 reps
(2026-08-08 14:54:59.376) INFO [savont::asv_cluster] Processed 10000 / 16084 reads for SNPmer clustering in k-mer cluster 2 with 464 reps
(2026-08-08 14:54:59.690) INFO [savont::asv_cluster] Processed 10000 / 17889 reads for SNPmer clustering in k-mer cluster 1 with 664 reps
(2026-08-08 14:55:02.616) INFO [savont::asv_cluster] Wrote SNPmer clusters to /hlilab/jshaw/16s_ont/benchmark/reviewer_analyses/min_cluster_sensitivity/results/reads_111828/min_cluster_10/temp/snpmer_clusters_before_reclust2.5.tsv
(2026-08-08 14:55:02.616) INFO [savont::asv_cluster] Starting iterative reclustering using consensus representatives...
(2026-08-08 14:55:02.616) INFO [savont::asv_cluster] Starting with 55 k-mer groups containing 1213 total SNPmer clusters
(2026-08-08 14:55:03.655) INFO [savont::asv_cluster] Iteration 1: 267 total merges, 16249 total reassignments across 36 k-mer groups
(2026-08-08 14:55:04.611) INFO [savont::asv_cluster] Iteration 2: 10 total merges, 2371 total reassignments across 36 k-mer groups
(2026-08-08 14:55:05.583) INFO [savont::asv_cluster] Iteration 3: 4 total merges, 597 total reassignments across 36 k-mer groups
(2026-08-08 14:55:06.519) INFO [savont::asv_cluster] Iteration 4: 0 total merges, 180 total reassignments across 36 k-mer groups
(2026-08-08 14:55:06.519) INFO [savont::asv_cluster] Convergence reached after 4 iterations
(2026-08-08 14:55:06.521) INFO [savont::asv_cluster] Final result: 757 total clusters across 36 k-mer groups
(2026-08-08 14:55:06.541) INFO [savont::asv_cluster] SNPmer clustering complete. 757 total SNPmer clusters from 55 k-mer clusters
(2026-08-08 14:55:06.819) INFO [savont::utils] STAGE 3 DONE: Clustered reads by polymorphic markers --- Memory usage: 0.78 GB
(2026-08-08 14:55:06.819) INFO [savont] === STAGE 4: Generating consensus sequences and analyzing pileupes ===
(2026-08-08 14:55:06.819) INFO [savont::alignment] Generating consensus sequences from SNPmer clusters...
(2026-08-08 14:55:11.634) INFO [savont::alignment] Wrote 757 consensus sequences to consensus_sequences.fasta
(2026-08-08 14:55:14.063) INFO [savont::alignment] Analyzing quality error rates from top 76 clusters
(2026-08-08 14:55:17.291) INFO [savont::alignment] Low quality consensus sequences: [35, 36, 39, 43, 48, 50, 57, 64, 65, 69, 70, 71, 74, 76, 79, 81, 84, 87, 92, 97, 102, 106, 107, 113, 118, 123, 125, 126, 130, 133, 135, 136, 141, 142, 143, 149, 152, 154, 155, 158, 159, 160, 161, 163, 166, 169, 170, 173, 174, 175, 176, 180, 182, 185, 188, 191, 194, 200, 201, 208, 209, 211, 212, 217, 218, 221, 223, 227, 230, 231, 232, 233, 236, 237, 239, 241, 246, 249, 250, 251, 254, 259, 261, 272, 274, 275, 276, 283, 287, 288, 295, 296, 299, 302, 304, 305, 306, 307, 310, 311, 313, 316, 317, 319, 320, 323, 325, 326, 327, 328, 330, 331, 334, 335, 342, 343, 344, 345, 346, 348, 349, 350, 353, 354, 358, 360, 363, 367, 368, 369, 371, 373, 375, 376, 377, 379, 380, 382, 384, 386, 389, 391, 392, 394, 395, 396, 397, 400, 402, 403, 405, 406, 408, 409, 413, 415, 416, 417, 420, 424, 425, 427, 429, 430, 431, 432, 433, 438, 440, 443, 445, 448, 451, 452, 453, 454, 455, 456, 457, 459, 465, 468, 469, 476, 477, 478, 480, 481, 483, 484, 486, 487, 488, 489, 491, 492, 493, 495, 506, 508, 509, 513, 517, 518, 521, 522, 524, 526, 527, 528, 529, 530, 532, 533, 536, 537, 541, 542, 543, 544, 545, 546, 548, 551, 553, 555, 556, 558, 559, 562, 563, 564, 565, 568, 569, 571, 572, 573, 574, 575, 576, 577, 578, 579, 581, 582, 583, 587, 588, 589, 591, 592, 594, 595, 601, 602, 603, 604, 606, 607, 608, 609, 610, 611, 613, 614, 616, 617, 618, 619, 623, 625, 626, 628, 629, 632, 633, 636, 638, 639, 641, 642, 643, 644, 645, 647, 648, 649, 650, 651, 655, 656, 657, 658, 660, 661, 664, 665, 666, 667, 668, 669, 670, 671, 672, 676, 678, 679, 682, 683, 684, 687, 688, 689, 690, 691, 692, 693, 694, 695, 698, 699, 701, 702, 703, 704, 705, 707, 708, 709, 710, 713, 714, 715, 716, 717, 718, 719, 721, 724, 725, 726, 727, 729, 730, 731, 732, 734, 735, 736, 737, 738, 739, 740, 741, 742, 743, 744, 745, 747, 748, 750, 751, 752, 754, 756]
(2026-08-08 14:55:17.334) INFO [savont::alignment] Wrote low quality cluster information to low_quality_clusters.tsv
(2026-08-08 14:55:17.461) INFO [savont::alignment] Wrote cluster information before filtering to clusters_after_quality_filter_stage4.tsv
(2026-08-08 14:55:17.461) INFO [savont::alignment] Polishing complete
(2026-08-08 14:55:17.609) INFO [savont::utils] STAGE 4 DONE: Analyzed pileups and estimated consensus qualities --- Memory usage: 3.23 GB
(2026-08-08 14:55:17.775) INFO [savont] === STAGE 5: Merging similar consensus sequences ===
(2026-08-08 14:55:17.775) INFO [savont::alignment] Removing duplicate consensus sequences based on k-mer similarity
(2026-08-08 14:55:18.073) INFO [savont::alignment] Reduced consensus sequences from 391 to 378 after k-mer based deduplication
(2026-08-08 14:55:18.108) INFO [savont::alignment] Wrote 378 polished consensus sequences to polished_consensuses.fasta
(2026-08-08 14:55:18.124) INFO [savont::alignment] Merging 366 low quality consensuses into high quality consensuses
(2026-08-08 14:55:18.901) INFO [savont::alignment] Merging similar consensus sequences based on alignment and depth criteria
(2026-08-08 14:55:19.604) INFO [savont::alignment] Consensus merging complete: 378 -> 239 consensuses
(2026-08-08 14:55:20.089) INFO [savont::alignment] Wrote 239 merged consensus sequences to merged_consensus_sequences.fasta
(2026-08-08 14:55:20.121) INFO [savont::utils] STAGE 5 DONE: Merged similar consensus sequences --- Memory usage: 2.88 GB
(2026-08-08 14:55:20.121) INFO [savont] === STAGE 6: Detecting and filtering chimeric consensus sequences ===
(2026-08-08 14:55:20.121) INFO [savont::chimera] Starting chimera detection for 239 consensuses
(2026-08-08 14:55:20.121) INFO [savont::chimera] Calculating pairwise similarities for 239 consensuses (using decompressed sequences)
(2026-08-08 14:55:22.521) INFO [savont::chimera] Filtered 215 chimeric consensuses with mean chimera score 0.00 and std 0.00, 24 remaining
(2026-08-08 14:55:22.550) INFO [savont::utils] STAGE 6 DONE: Filtered chimeric consensus sequences --- Memory usage: 2.88 GB
(2026-08-08 14:55:22.550) INFO [savont] === Final consensus count after chimera filtering: 24 ===
(2026-08-08 14:55:22.550) INFO [savont] === STAGE 7: Refining ASV depths with alignments and EM algorithm ===
(2026-08-08 14:55:22.551) INFO [savont::alignment] Refining ASV depths using EM algorithm with k-mer based read mapping
(2026-08-08 14:55:22.640) INFO [savont::alignment] Loaded 24 ASVs as TwinReads for k-mer comparison
(2026-08-08 14:55:22.640) INFO [savont::alignment] Built SNPmer index with 160 unique splitmers
(2026-08-08 14:55:22.680) INFO [savont::alignment] Mapping 106771 reads to 24 ASVs using k-mer comparison
(2026-08-08 14:55:41.867) INFO [savont::alignment] Filtered 9294 reads with ratio > 0.005
(2026-08-08 14:55:41.867) INFO [savont::alignment] Total assigned reads: 97477
(2026-08-08 14:55:41.867) INFO [savont::alignment] Total percentage assigned: 91.30%
(2026-08-08 14:55:41.867) INFO [savont::alignment] Number of unique equivalence classes: 61
(2026-08-08 14:55:41.867) INFO [savont::alignment] Running EM algorithm with convergence threshold: 1.025883e-7
(2026-08-08 14:55:41.867) INFO [savont::alignment] EM converged after 8 iterations (max change: 1.467490e-8)
(2026-08-08 14:55:41.867) INFO [savont::alignment] Updating ASV depths based on EM abundances
(2026-08-08 14:55:41.867) INFO [savont::alignment] EM refinement complete: 24 ASVs remaining
(2026-08-08 14:55:41.991) INFO [savont::utils] STAGE 7 DONE: Refined ASV depths with EM algorithm --- Memory usage: 2.88 GB
(2026-08-08 14:55:41.991) INFO [savont] Final consensus count after EM refinement: 24
(2026-08-08 14:55:42.017) INFO [savont] Wrote 24 final consensus sequences to final_asvs.fasta
(2026-08-08 14:55:42.048) INFO [savont] Wrote feature-table.tsv (QIIME2-compatible)
(2026-08-08 14:55:42.246) INFO [savont] === SAVONT COMPLETED SUCCESSFULLY in 56 SECONDS ===
