(2026-08-08 19:28:32.010) INFO [savont] COMMAND: /homes9/jshaw/.cargo/bin/savont asv -t 10 /hlilab/jshaw/16s_ont/benchmark/reviewer_analyses/read_accuracy_sensitivity/subsampled/mean_accuracy_96_reads_5792.fastq -o /hlilab/jshaw/16s_ont/benchmark/reviewer_analyses/read_accuracy_sensitivity/results/mean_accuracy_96/reads_5792
(2026-08-08 19:28:32.011) INFO [savont] VERSION: 0.6.3
(2026-08-08 19:28:32.011) INFO [savont] SYSTEM NAME: Rocky Linux
(2026-08-08 19:28:32.011) INFO [savont] SYSTEM HOST NAME: ara.dfci.harvard.edu
(2026-08-08 19:28:32.011) INFO [savont] Created temp directory for intermediate files: /hlilab/jshaw/16s_ont/benchmark/reviewer_analyses/read_accuracy_sensitivity/results/mean_accuracy_96/reads_5792/temp
(2026-08-08 19:28:32.011) INFO [savont] === SAVONT STARTED: Generating ASVs ===
(2026-08-08 19:28:32.011) INFO [savont] === STAGE 1: Processing k-mers and polymorphic markers ===
(2026-08-08 19:28:32.168) INFO [savont::seq_parse] Finished with k-mer counting in 156.758521ms. Total SNPmers after bloom filter: 579723
(2026-08-08 19:28:32.169) INFO [savont::utils] Memory usage after second round of k-mer counting processing --- Memory usage: 0.03 GB
(2026-08-08 19:28:32.176) INFO [savont::seq_parse] Removed 497454 SNPmers with counts < 1 in both strands and <= 3 multiplicity.
(2026-08-08 19:28:32.177) INFO [savont] Time elapsed in for counting k-mers is: 165.354402ms
(2026-08-08 19:28:32.177) INFO [savont::kmer_comp] Finding snpmers...
(2026-08-08 19:28:32.181) INFO [savont::kmer_comp] Number of snpmers: 1216. 
(2026-08-08 19:28:32.181) INFO [savont] Time elapsed in for parsing snpmers is: 4.607544ms
(2026-08-08 19:28:32.182) INFO [savont::utils] STAGE 1 DONE: Obtained SNPmers --- Memory usage: 0.01 GB
(2026-08-08 19:28:32.182) INFO [savont] Using blockmers: false
(2026-08-08 19:28:32.182) INFO [savont] Getting reads...
(2026-08-08 19:28:32.199) INFO [savont::kmer_comp] Number of reads removed due to length filtering: 0.
(2026-08-08 19:28:32.335) INFO [savont::kmer_comp] Number of valid reads  - 5792. Number of reads below quality threshold - 4743.
(2026-08-08 19:28:32.335) WARN [savont::kmer_comp] More than 50% of reads are below the quality threshold of 98%. This may imply that these reads are not high enough quality for ASV reconstruction. Proceed with caution!
(2026-08-08 19:28:32.340) INFO [savont::kmer_comp] Mean SNPmer density: 2.96%
(2026-08-08 19:28:32.340) INFO [savont::kmer_comp] Mean Blockmer density: 0.00%
(2026-08-08 19:28:32.341) INFO [savont] Total reads: 1049, Reads without SNPmers: 0 (0.00%)
(2026-08-08 19:28:32.341) INFO [savont] === STAGE 2: Clustering reads by k-mers ===
(2026-08-08 19:28:32.341) INFO [savont::asv_cluster] Starting greedy k-mer based clustering...
(2026-08-08 19:28:32.360) INFO [savont::asv_cluster] Greedy clustering complete. 14 cluster representatives found
(2026-08-08 19:28:32.361) INFO [savont::asv_cluster] K-mer clustering complete. 8 clusters found. Largest cluster: 217 reads
(2026-08-08 19:28:32.361) INFO [savont::asv_cluster] Wrote k-mer clusters to /hlilab/jshaw/16s_ont/benchmark/reviewer_analyses/read_accuracy_sensitivity/results/mean_accuracy_96/reads_5792/temp/kmer_clusters_stage2.tsv
(2026-08-08 19:28:32.385) INFO [savont::utils] STAGE 2 DONE: Clustered reads by k-mers --- Memory usage: 0.05 GB
(2026-08-08 19:28:32.385) INFO [savont] === STAGE 3: Secondary clustering of reads by polymorphic markers ===
(2026-08-08 19:28:32.385) INFO [savont::asv_cluster] Starting greedy SNPmer-based clustering within k-mer clusters...
(2026-08-08 19:28:32.386) INFO [savont::asv_cluster] Wrote SNPmer clusters to /hlilab/jshaw/16s_ont/benchmark/reviewer_analyses/read_accuracy_sensitivity/results/mean_accuracy_96/reads_5792/temp/snpmer_clusters_before_reclust2.5.tsv
(2026-08-08 19:28:32.386) INFO [savont::asv_cluster] Starting iterative reclustering using consensus representatives...
(2026-08-08 19:28:32.386) INFO [savont::asv_cluster] Starting with 8 k-mer groups containing 17 total SNPmer clusters
(2026-08-08 19:28:32.388) INFO [savont::asv_cluster] Iteration 1: 0 total merges, 88 total reassignments across 8 k-mer groups
(2026-08-08 19:28:32.388) INFO [savont::asv_cluster] Convergence reached after 1 iterations
(2026-08-08 19:28:32.388) INFO [savont::asv_cluster] Final result: 16 total clusters across 8 k-mer groups
(2026-08-08 19:28:32.388) INFO [savont::asv_cluster] SNPmer clustering complete. 16 total SNPmer clusters from 8 k-mer clusters
(2026-08-08 19:28:32.430) INFO [savont::utils] STAGE 3 DONE: Clustered reads by polymorphic markers --- Memory usage: 0.05 GB
(2026-08-08 19:28:32.430) INFO [savont] === STAGE 4: Generating consensus sequences and analyzing pileupes ===
(2026-08-08 19:28:32.430) INFO [savont::alignment] Generating consensus sequences from SNPmer clusters...
(2026-08-08 19:28:32.671) INFO [savont::alignment] Wrote 16 consensus sequences to consensus_sequences.fasta
(2026-08-08 19:28:32.771) INFO [savont::alignment] Analyzing quality error rates from top 2 clusters
(2026-08-08 19:28:32.866) INFO [savont::alignment] Low quality consensus sequences: [5]
(2026-08-08 19:28:32.889) INFO [savont::alignment] Wrote low quality cluster information to low_quality_clusters.tsv
(2026-08-08 19:28:32.920) INFO [savont::alignment] Wrote cluster information before filtering to clusters_after_quality_filter_stage4.tsv
(2026-08-08 19:28:32.920) INFO [savont::alignment] Polishing complete
(2026-08-08 19:28:32.927) INFO [savont::utils] STAGE 4 DONE: Analyzed pileups and estimated consensus qualities --- Memory usage: 0.28 GB
(2026-08-08 19:28:32.954) INFO [savont] === STAGE 5: Merging similar consensus sequences ===
(2026-08-08 19:28:32.954) INFO [savont::alignment] Removing duplicate consensus sequences based on k-mer similarity
(2026-08-08 19:28:32.955) INFO [savont::alignment] Reduced consensus sequences from 15 to 15 after k-mer based deduplication
(2026-08-08 19:28:32.983) INFO [savont::alignment] Wrote 15 polished consensus sequences to polished_consensuses.fasta
(2026-08-08 19:28:32.986) INFO [savont::alignment] Merging 1 low quality consensuses into high quality consensuses
(2026-08-08 19:28:32.987) INFO [savont::alignment] Merging similar consensus sequences based on alignment and depth criteria
(2026-08-08 19:28:32.990) INFO [savont::alignment] Consensus merging complete: 15 -> 13 consensuses
(2026-08-08 19:28:33.050) INFO [savont::alignment] Wrote 13 merged consensus sequences to merged_consensus_sequences.fasta
(2026-08-08 19:28:33.054) INFO [savont::utils] STAGE 5 DONE: Merged similar consensus sequences --- Memory usage: 0.28 GB
(2026-08-08 19:28:33.054) INFO [savont] === STAGE 6: Detecting and filtering chimeric consensus sequences ===
(2026-08-08 19:28:33.054) INFO [savont::chimera] Starting chimera detection for 13 consensuses
(2026-08-08 19:28:33.054) INFO [savont::chimera] Calculating pairwise similarities for 13 consensuses (using decompressed sequences)
(2026-08-08 19:28:33.068) INFO [savont::chimera] Filtered 0 chimeric consensuses with mean chimera score NaN and std NaN, 13 remaining
(2026-08-08 19:28:33.072) INFO [savont::utils] STAGE 6 DONE: Filtered chimeric consensus sequences --- Memory usage: 0.28 GB
(2026-08-08 19:28:33.072) INFO [savont] === Final consensus count after chimera filtering: 13 ===
(2026-08-08 19:28:33.072) INFO [savont] === STAGE 7: Refining ASV depths with alignments and EM algorithm ===
(2026-08-08 19:28:33.073) INFO [savont::alignment] Refining ASV depths using EM algorithm with k-mer based read mapping
(2026-08-08 19:28:33.099) INFO [savont::alignment] Loaded 13 ASVs as TwinReads for k-mer comparison
(2026-08-08 19:28:33.099) INFO [savont::alignment] Built SNPmer index with 162 unique splitmers
(2026-08-08 19:28:33.099) INFO [savont::alignment] Mapping 1049 reads to 13 ASVs using k-mer comparison
(2026-08-08 19:28:33.181) INFO [savont::alignment] Filtered 2 reads with ratio > 0.005
(2026-08-08 19:28:33.181) INFO [savont::alignment] Total assigned reads: 1047
(2026-08-08 19:28:33.181) INFO [savont::alignment] Total percentage assigned: 99.81%
(2026-08-08 19:28:33.181) INFO [savont::alignment] Number of unique equivalence classes: 14
(2026-08-08 19:28:33.181) INFO [savont::alignment] Running EM algorithm with convergence threshold: 9.551098e-6
(2026-08-08 19:28:33.181) INFO [savont::alignment] EM converged after 4 iterations (max change: 2.190977e-6)
(2026-08-08 19:28:33.181) INFO [savont::alignment] Updating ASV depths based on EM abundances
(2026-08-08 19:28:33.181) INFO [savont::alignment] EM refinement complete: 13 ASVs remaining
(2026-08-08 19:28:33.241) INFO [savont::utils] STAGE 7 DONE: Refined ASV depths with EM algorithm --- Memory usage: 0.28 GB
(2026-08-08 19:28:33.241) INFO [savont] Final consensus count after EM refinement: 13
(2026-08-08 19:28:33.260) INFO [savont] Wrote 13 final consensus sequences to final_asvs.fasta
(2026-08-08 19:28:33.281) INFO [savont] Wrote feature-table.tsv (QIIME2-compatible)
(2026-08-08 19:28:33.317) INFO [savont] === SAVONT COMPLETED SUCCESSFULLY in 1 SECONDS ===
