(2026-08-08 19:28:31.853) INFO [savont] COMMAND: /homes9/jshaw/.cargo/bin/savont asv -t 10 /hlilab/jshaw/16s_ont/benchmark/reviewer_analyses/read_accuracy_sensitivity/subsampled/mean_accuracy_96_reads_300.fastq -o /hlilab/jshaw/16s_ont/benchmark/reviewer_analyses/read_accuracy_sensitivity/results/mean_accuracy_96/reads_300
(2026-08-08 19:28:31.855) INFO [savont] VERSION: 0.6.3
(2026-08-08 19:28:31.855) INFO [savont] SYSTEM NAME: Rocky Linux
(2026-08-08 19:28:31.855) INFO [savont] SYSTEM HOST NAME: ara.dfci.harvard.edu
(2026-08-08 19:28:31.856) INFO [savont] Created temp directory for intermediate files: /hlilab/jshaw/16s_ont/benchmark/reviewer_analyses/read_accuracy_sensitivity/results/mean_accuracy_96/reads_300/temp
(2026-08-08 19:28:31.856) INFO [savont] === SAVONT STARTED: Generating ASVs ===
(2026-08-08 19:28:31.856) INFO [savont] === STAGE 1: Processing k-mers and polymorphic markers ===
(2026-08-08 19:28:31.867) INFO [savont::seq_parse] Finished with k-mer counting in 10.229476ms. Total SNPmers after bloom filter: 64366
(2026-08-08 19:28:31.867) INFO [savont::utils] Memory usage after second round of k-mer counting processing --- Memory usage: 0.01 GB
(2026-08-08 19:28:31.868) INFO [savont::seq_parse] Removed 56981 SNPmers with counts < 1 in both strands and <= 3 multiplicity.
(2026-08-08 19:28:31.869) INFO [savont] Time elapsed in for counting k-mers is: 12.511886ms
(2026-08-08 19:28:31.869) INFO [savont::kmer_comp] Finding snpmers...
(2026-08-08 19:28:31.870) INFO [savont::kmer_comp] Number of snpmers: 129. 
(2026-08-08 19:28:31.870) INFO [savont] Time elapsed in for parsing snpmers is: 1.366976ms
(2026-08-08 19:28:31.871) INFO [savont::utils] STAGE 1 DONE: Obtained SNPmers --- Memory usage: 0.01 GB
(2026-08-08 19:28:31.871) INFO [savont] Using blockmers: false
(2026-08-08 19:28:31.871) INFO [savont] Getting reads...
(2026-08-08 19:28:31.872) INFO [savont::kmer_comp] Number of reads removed due to length filtering: 0.
(2026-08-08 19:28:31.880) INFO [savont::kmer_comp] Number of valid reads  - 300. Number of reads below quality threshold - 237.
(2026-08-08 19:28:31.880) WARN [savont::kmer_comp] More than 50% of reads are below the quality threshold of 98%. This may imply that these reads are not high enough quality for ASV reconstruction. Proceed with caution!
(2026-08-08 19:28:31.880) INFO [savont::kmer_comp] Mean SNPmer density: 2.65%
(2026-08-08 19:28:31.880) INFO [savont::kmer_comp] Mean Blockmer density: 0.00%
(2026-08-08 19:28:31.880) INFO [savont] Total reads: 63, Reads without SNPmers: 0 (0.00%)
(2026-08-08 19:28:31.880) INFO [savont] === STAGE 2: Clustering reads by k-mers ===
(2026-08-08 19:28:31.880) INFO [savont::asv_cluster] Starting greedy k-mer based clustering...
(2026-08-08 19:28:31.882) INFO [savont::asv_cluster] Greedy clustering complete. 9 cluster representatives found
(2026-08-08 19:28:31.883) INFO [savont::asv_cluster] K-mer clustering complete. 2 clusters found. Largest cluster: 13 reads
(2026-08-08 19:28:31.883) INFO [savont::asv_cluster] Wrote k-mer clusters to /hlilab/jshaw/16s_ont/benchmark/reviewer_analyses/read_accuracy_sensitivity/results/mean_accuracy_96/reads_300/temp/kmer_clusters_stage2.tsv
(2026-08-08 19:28:31.910) INFO [savont::utils] STAGE 2 DONE: Clustered reads by k-mers --- Memory usage: 0.01 GB
(2026-08-08 19:28:31.910) INFO [savont] === STAGE 3: Secondary clustering of reads by polymorphic markers ===
(2026-08-08 19:28:31.910) INFO [savont::asv_cluster] Starting greedy SNPmer-based clustering within k-mer clusters...
(2026-08-08 19:28:31.911) INFO [savont::asv_cluster] Wrote SNPmer clusters to /hlilab/jshaw/16s_ont/benchmark/reviewer_analyses/read_accuracy_sensitivity/results/mean_accuracy_96/reads_300/temp/snpmer_clusters_before_reclust2.5.tsv
(2026-08-08 19:28:31.911) INFO [savont::asv_cluster] Starting iterative reclustering using consensus representatives...
(2026-08-08 19:28:31.911) INFO [savont::asv_cluster] Starting with 2 k-mer groups containing 0 total SNPmer clusters
(2026-08-08 19:28:31.911) INFO [savont::asv_cluster] Iteration 1: 0 total merges, 0 total reassignments across 0 k-mer groups
(2026-08-08 19:28:31.911) INFO [savont::asv_cluster] Convergence reached after 1 iterations
(2026-08-08 19:28:31.911) INFO [savont::asv_cluster] Final result: 0 total clusters across 0 k-mer groups
(2026-08-08 19:28:31.911) INFO [savont::asv_cluster] SNPmer clustering complete. 0 total SNPmer clusters from 2 k-mer clusters
(2026-08-08 19:28:31.934) INFO [savont::utils] STAGE 3 DONE: Clustered reads by polymorphic markers --- Memory usage: 0.01 GB
(2026-08-08 19:28:31.934) INFO [savont] === STAGE 4: Generating consensus sequences and analyzing pileupes ===
(2026-08-08 19:28:31.934) INFO [savont::alignment] Generating consensus sequences from SNPmer clusters...
(2026-08-08 19:28:31.935) INFO [savont::alignment] Wrote 0 consensus sequences to consensus_sequences.fasta
(2026-08-08 19:28:31.935) INFO [savont::alignment] Analyzing quality error rates from top 0 clusters
(2026-08-08 19:28:31.935) INFO [savont::alignment] Low quality consensus sequences: []
(2026-08-08 19:28:31.936) INFO [savont::alignment] Wrote low quality cluster information to low_quality_clusters.tsv
(2026-08-08 19:28:31.937) INFO [savont::alignment] Wrote cluster information before filtering to clusters_after_quality_filter_stage4.tsv
(2026-08-08 19:28:31.937) INFO [savont::alignment] Polishing complete
(2026-08-08 19:28:31.938) INFO [savont::utils] STAGE 4 DONE: Analyzed pileups and estimated consensus qualities --- Memory usage: 0.01 GB
(2026-08-08 19:28:31.939) INFO [savont] === STAGE 5: Merging similar consensus sequences ===
(2026-08-08 19:28:31.939) INFO [savont::utils] STAGE 5 DONE: Merged similar consensus sequences --- Memory usage: 0.01 GB
(2026-08-08 19:28:31.939) INFO [savont] === STAGE 6: Detecting and filtering chimeric consensus sequences ===
(2026-08-08 19:28:31.939) INFO [savont::chimera] Filtered 0 chimeric consensuses with mean chimera score NaN and std NaN, 0 remaining
(2026-08-08 19:28:31.940) INFO [savont::utils] STAGE 6 DONE: Filtered chimeric consensus sequences --- Memory usage: 0.01 GB
(2026-08-08 19:28:31.940) INFO [savont] === Final consensus count after chimera filtering: 0 ===
(2026-08-08 19:28:31.940) INFO [savont] === STAGE 7: Refining ASV depths with alignments and EM algorithm ===
(2026-08-08 19:28:31.940) WARN [savont::alignment] No consensuses to refine
(2026-08-08 19:28:31.942) INFO [savont::utils] STAGE 7 DONE: Refined ASV depths with EM algorithm --- Memory usage: 0.01 GB
(2026-08-08 19:28:31.942) INFO [savont] Final consensus count after EM refinement: 0
(2026-08-08 19:28:31.943) INFO [savont] Wrote 0 final consensus sequences to final_asvs.fasta
(2026-08-08 19:28:31.966) INFO [savont] Wrote feature-table.tsv (QIIME2-compatible)
(2026-08-08 19:28:31.984) INFO [savont] === SAVONT COMPLETED SUCCESSFULLY in 0 SECONDS ===
