(2026-08-08 19:29:22.591) INFO [savont] COMMAND: /homes9/jshaw/.cargo/bin/savont asv -t 10 /hlilab/jshaw/16s_ont/benchmark/reviewer_analyses/read_accuracy_sensitivity/subsampled/mean_accuracy_99_reads_25450.fastq -o /hlilab/jshaw/16s_ont/benchmark/reviewer_analyses/read_accuracy_sensitivity/results/mean_accuracy_99/reads_25450
(2026-08-08 19:29:22.591) INFO [savont] VERSION: 0.6.3
(2026-08-08 19:29:22.591) INFO [savont] SYSTEM NAME: Rocky Linux
(2026-08-08 19:29:22.591) INFO [savont] SYSTEM HOST NAME: ara.dfci.harvard.edu
(2026-08-08 19:29:22.592) INFO [savont] Created temp directory for intermediate files: /hlilab/jshaw/16s_ont/benchmark/reviewer_analyses/read_accuracy_sensitivity/results/mean_accuracy_99/reads_25450/temp
(2026-08-08 19:29:22.592) INFO [savont] === SAVONT STARTED: Generating ASVs ===
(2026-08-08 19:29:22.592) INFO [savont] === STAGE 1: Processing k-mers and polymorphic markers ===
(2026-08-08 19:29:23.277) INFO [savont::seq_parse] Finished with k-mer counting in 684.500839ms. Total SNPmers after bloom filter: 578546
(2026-08-08 19:29:23.278) INFO [savont::utils] Memory usage after second round of k-mer counting processing --- Memory usage: 0.03 GB
(2026-08-08 19:29:23.285) INFO [savont::seq_parse] Removed 493447 SNPmers with counts < 1 in both strands and <= 3 multiplicity.
(2026-08-08 19:29:23.285) INFO [savont] Time elapsed in for counting k-mers is: 693.070899ms
(2026-08-08 19:29:23.286) INFO [savont::kmer_comp] Finding snpmers...
(2026-08-08 19:29:23.290) INFO [savont::kmer_comp] Number of snpmers: 1290. 
(2026-08-08 19:29:23.290) INFO [savont] Time elapsed in for parsing snpmers is: 4.885151ms
(2026-08-08 19:29:23.291) INFO [savont::utils] STAGE 1 DONE: Obtained SNPmers --- Memory usage: 0.01 GB
(2026-08-08 19:29:23.291) INFO [savont] Using blockmers: false
(2026-08-08 19:29:23.291) INFO [savont] Getting reads...
(2026-08-08 19:29:23.369) INFO [savont::kmer_comp] Number of reads removed due to length filtering: 0.
(2026-08-08 19:29:23.966) INFO [savont::kmer_comp] Number of valid reads  - 25450. Number of reads below quality threshold - 3841.
(2026-08-08 19:29:23.972) INFO [savont::kmer_comp] Mean SNPmer density: 3.28%
(2026-08-08 19:29:23.985) INFO [savont::kmer_comp] Mean Blockmer density: 0.00%
(2026-08-08 19:29:24.087) INFO [savont] Total reads: 21609, Reads without SNPmers: 0 (0.00%)
(2026-08-08 19:29:24.087) INFO [savont] === STAGE 2: Clustering reads by k-mers ===
(2026-08-08 19:29:24.087) INFO [savont::asv_cluster] Starting greedy k-mer based clustering...
(2026-08-08 19:29:24.324) INFO [savont::asv_cluster] Processed 10000 / 21609 reads. Current representatives: 7
(2026-08-08 19:29:24.555) INFO [savont::asv_cluster] Processed 20000 / 21609 reads. Current representatives: 9
(2026-08-08 19:29:24.588) INFO [savont::asv_cluster] Greedy clustering complete. 14 cluster representatives found
(2026-08-08 19:29:24.592) INFO [savont::asv_cluster] K-mer clustering complete. 8 clusters found. Largest cluster: 4665 reads
(2026-08-08 19:29:24.610) INFO [savont::asv_cluster] Wrote k-mer clusters to /hlilab/jshaw/16s_ont/benchmark/reviewer_analyses/read_accuracy_sensitivity/results/mean_accuracy_99/reads_25450/temp/kmer_clusters_stage2.tsv
(2026-08-08 19:29:24.636) INFO [savont::utils] STAGE 2 DONE: Clustered reads by k-mers --- Memory usage: 0.18 GB
(2026-08-08 19:29:24.637) INFO [savont] === STAGE 3: Secondary clustering of reads by polymorphic markers ===
(2026-08-08 19:29:24.637) INFO [savont::asv_cluster] Starting greedy SNPmer-based clustering within k-mer clusters...
(2026-08-08 19:29:24.652) INFO [savont::asv_cluster] Wrote SNPmer clusters to /hlilab/jshaw/16s_ont/benchmark/reviewer_analyses/read_accuracy_sensitivity/results/mean_accuracy_99/reads_25450/temp/snpmer_clusters_before_reclust2.5.tsv
(2026-08-08 19:29:24.667) INFO [savont::asv_cluster] Starting iterative reclustering using consensus representatives...
(2026-08-08 19:29:24.667) INFO [savont::asv_cluster] Starting with 8 k-mer groups containing 30 total SNPmer clusters
(2026-08-08 19:29:24.703) INFO [savont::asv_cluster] Iteration 1: 2 total merges, 1642 total reassignments across 8 k-mer groups
(2026-08-08 19:29:24.737) INFO [savont::asv_cluster] Iteration 2: 0 total merges, 43 total reassignments across 8 k-mer groups
(2026-08-08 19:29:24.737) INFO [savont::asv_cluster] Convergence reached after 2 iterations
(2026-08-08 19:29:24.737) INFO [savont::asv_cluster] Final result: 28 total clusters across 8 k-mer groups
(2026-08-08 19:29:24.737) INFO [savont::asv_cluster] SNPmer clustering complete. 28 total SNPmer clusters from 8 k-mer clusters
(2026-08-08 19:29:24.837) INFO [savont::utils] STAGE 3 DONE: Clustered reads by polymorphic markers --- Memory usage: 0.19 GB
(2026-08-08 19:29:24.837) INFO [savont] === STAGE 4: Generating consensus sequences and analyzing pileupes ===
(2026-08-08 19:29:24.837) INFO [savont::alignment] Generating consensus sequences from SNPmer clusters...
(2026-08-08 19:29:25.393) INFO [savont::alignment] Wrote 28 consensus sequences to consensus_sequences.fasta
(2026-08-08 19:29:25.895) INFO [savont::alignment] Analyzing quality error rates from top 3 clusters
(2026-08-08 19:29:26.413) INFO [savont::alignment] Low quality consensus sequences: [25]
(2026-08-08 19:29:26.439) INFO [savont::alignment] Wrote low quality cluster information to low_quality_clusters.tsv
(2026-08-08 19:29:26.495) INFO [savont::alignment] Wrote cluster information before filtering to clusters_after_quality_filter_stage4.tsv
(2026-08-08 19:29:26.495) INFO [savont::alignment] Polishing complete
(2026-08-08 19:29:26.538) INFO [savont::utils] STAGE 4 DONE: Analyzed pileups and estimated consensus qualities --- Memory usage: 0.69 GB
(2026-08-08 19:29:26.566) INFO [savont] === STAGE 5: Merging similar consensus sequences ===
(2026-08-08 19:29:26.566) INFO [savont::alignment] Removing duplicate consensus sequences based on k-mer similarity
(2026-08-08 19:29:26.570) INFO [savont::alignment] Reduced consensus sequences from 27 to 27 after k-mer based deduplication
(2026-08-08 19:29:26.620) INFO [savont::alignment] Wrote 27 polished consensus sequences to polished_consensuses.fasta
(2026-08-08 19:29:26.624) INFO [savont::alignment] Merging 1 low quality consensuses into high quality consensuses
(2026-08-08 19:29:26.650) INFO [savont::alignment] Merging similar consensus sequences based on alignment and depth criteria
(2026-08-08 19:29:26.680) INFO [savont::alignment] Consensus merging complete: 27 -> 21 consensuses
(2026-08-08 19:29:26.791) INFO [savont::alignment] Wrote 21 merged consensus sequences to merged_consensus_sequences.fasta
(2026-08-08 19:29:26.799) INFO [savont::utils] STAGE 5 DONE: Merged similar consensus sequences --- Memory usage: 0.69 GB
(2026-08-08 19:29:26.829) INFO [savont] === STAGE 6: Detecting and filtering chimeric consensus sequences ===
(2026-08-08 19:29:26.829) INFO [savont::chimera] Starting chimera detection for 21 consensuses
(2026-08-08 19:29:26.829) INFO [savont::chimera] Calculating pairwise similarities for 21 consensuses (using decompressed sequences)
(2026-08-08 19:29:26.875) INFO [savont::chimera] Filtered 0 chimeric consensuses with mean chimera score NaN and std NaN, 21 remaining
(2026-08-08 19:29:26.882) INFO [savont::utils] STAGE 6 DONE: Filtered chimeric consensus sequences --- Memory usage: 0.69 GB
(2026-08-08 19:29:26.899) INFO [savont] === Final consensus count after chimera filtering: 21 ===
(2026-08-08 19:29:26.899) INFO [savont] === STAGE 7: Refining ASV depths with alignments and EM algorithm ===
(2026-08-08 19:29:26.900) INFO [savont::alignment] Refining ASV depths using EM algorithm with k-mer based read mapping
(2026-08-08 19:29:26.968) INFO [savont::alignment] Loaded 21 ASVs as TwinReads for k-mer comparison
(2026-08-08 19:29:26.983) INFO [savont::alignment] Built SNPmer index with 155 unique splitmers
(2026-08-08 19:29:26.983) INFO [savont::alignment] Mapping 21609 reads to 21 ASVs using k-mer comparison
(2026-08-08 19:29:28.800) INFO [savont::alignment] Filtered 0 reads with ratio > 0.005
(2026-08-08 19:29:28.800) INFO [savont::alignment] Total assigned reads: 21609
(2026-08-08 19:29:28.800) INFO [savont::alignment] Total percentage assigned: 100.00%
(2026-08-08 19:29:28.800) INFO [savont::alignment] Number of unique equivalence classes: 25
(2026-08-08 19:29:28.800) INFO [savont::alignment] Running EM algorithm with convergence threshold: 4.627701e-7
(2026-08-08 19:29:28.800) INFO [savont::alignment] EM converged after 6 iterations (max change: 1.363565e-7)
(2026-08-08 19:29:28.800) INFO [savont::alignment] Updating ASV depths based on EM abundances
(2026-08-08 19:29:28.800) INFO [savont::alignment] EM refinement complete: 21 ASVs remaining
(2026-08-08 19:29:28.920) INFO [savont::utils] STAGE 7 DONE: Refined ASV depths with EM algorithm --- Memory usage: 0.67 GB
(2026-08-08 19:29:28.920) INFO [savont] Final consensus count after EM refinement: 21
(2026-08-08 19:29:28.949) INFO [savont] Wrote 21 final consensus sequences to final_asvs.fasta
(2026-08-08 19:29:28.978) INFO [savont] Wrote feature-table.tsv (QIIME2-compatible)
(2026-08-08 19:29:29.062) INFO [savont] === SAVONT COMPLETED SUCCESSFULLY in 6 SECONDS ===
