(2026-08-08 14:52:38.694) INFO [savont] COMMAND: /homes9/jshaw/.cargo/bin/savont asv -t 10 /hlilab/jshaw/16s_ont/benchmark/results-FINAL-preprint/subsampled/v1v8_zmock1_frac25450.286947322187.fastq -o /hlilab/jshaw/16s_ont/benchmark/reviewer_analyses/min_cluster_sensitivity/results/reads_25450/min_cluster_6 --min-cluster-size 6
(2026-08-08 14:52:38.694) INFO [savont] VERSION: 0.6.2
(2026-08-08 14:52:38.694) INFO [savont] SYSTEM NAME: Rocky Linux
(2026-08-08 14:52:38.694) INFO [savont] SYSTEM HOST NAME: ara.dfci.harvard.edu
(2026-08-08 14:52:38.696) INFO [savont] Created temp directory for intermediate files: /hlilab/jshaw/16s_ont/benchmark/reviewer_analyses/min_cluster_sensitivity/results/reads_25450/min_cluster_6/temp
(2026-08-08 14:52:38.721) INFO [savont] === SAVONT STARTED: Generating ASVs ===
(2026-08-08 14:52:38.721) INFO [savont] === STAGE 1: Processing k-mers and polymorphic markers ===
(2026-08-08 14:52:39.248) INFO [savont::seq_parse] Finished with k-mer counting in 526.577708ms. Total SNPmers after bloom filter: 359700
(2026-08-08 14:52:39.248) INFO [savont::utils] Memory usage after second round of k-mer counting processing --- Memory usage: 0.02 GB
(2026-08-08 14:52:39.275) INFO [savont::seq_parse] Removed 308403 SNPmers with counts < 1 in both strands and <= 3 multiplicity.
(2026-08-08 14:52:39.291) INFO [savont] Time elapsed in for counting k-mers is: 570.265181ms
(2026-08-08 14:52:39.316) INFO [savont::kmer_comp] Finding snpmers...
(2026-08-08 14:52:39.342) INFO [savont::kmer_comp] Number of snpmers: 522. 
(2026-08-08 14:52:39.356) INFO [savont] Time elapsed in for parsing snpmers is: 41.217585ms
(2026-08-08 14:52:39.357) INFO [savont::utils] STAGE 1 DONE: Obtained SNPmers --- Memory usage: 0.02 GB
(2026-08-08 14:52:39.383) INFO [savont] Using blockmers: false
(2026-08-08 14:52:39.383) INFO [savont] Getting reads...
(2026-08-08 14:52:39.464) INFO [savont::kmer_comp] Number of reads removed due to length filtering: 43.
(2026-08-08 14:52:40.050) INFO [savont::kmer_comp] Number of valid reads  - 25407. Number of reads below quality threshold - 1099.
(2026-08-08 14:52:40.052) INFO [savont::kmer_comp] Mean SNPmer density: 3.83%
(2026-08-08 14:52:40.082) INFO [savont::kmer_comp] Mean Blockmer density: 0.00%
(2026-08-08 14:52:40.202) INFO [savont] Total reads: 24308, Reads without SNPmers: 0 (0.00%)
(2026-08-08 14:52:40.202) INFO [savont] === STAGE 2: Clustering reads by k-mers ===
(2026-08-08 14:52:40.203) INFO [savont::asv_cluster] Starting greedy k-mer based clustering...
(2026-08-08 14:52:40.568) INFO [savont::asv_cluster] Processed 10000 / 24308 reads. Current representatives: 34
(2026-08-08 14:52:41.007) INFO [savont::asv_cluster] Processed 20000 / 24308 reads. Current representatives: 38
(2026-08-08 14:52:41.214) INFO [savont::asv_cluster] Greedy clustering complete. 46 cluster representatives found
(2026-08-08 14:52:41.222) INFO [savont::asv_cluster] K-mer clustering complete. 36 clusters found. Largest cluster: 4631 reads
(2026-08-08 14:52:41.236) INFO [savont::asv_cluster] Wrote k-mer clusters to /hlilab/jshaw/16s_ont/benchmark/reviewer_analyses/min_cluster_sensitivity/results/reads_25450/min_cluster_6/temp/kmer_clusters_stage2.tsv
(2026-08-08 14:52:41.271) INFO [savont::utils] STAGE 2 DONE: Clustered reads by k-mers --- Memory usage: 0.18 GB
(2026-08-08 14:52:41.271) INFO [savont] === STAGE 3: Secondary clustering of reads by polymorphic markers ===
(2026-08-08 14:52:41.271) INFO [savont::asv_cluster] Starting greedy SNPmer-based clustering within k-mer clusters...
(2026-08-08 14:52:41.734) INFO [savont::asv_cluster] Wrote SNPmer clusters to /hlilab/jshaw/16s_ont/benchmark/reviewer_analyses/min_cluster_sensitivity/results/reads_25450/min_cluster_6/temp/snpmer_clusters_before_reclust2.5.tsv
(2026-08-08 14:52:41.734) INFO [savont::asv_cluster] Starting iterative reclustering using consensus representatives...
(2026-08-08 14:52:41.734) INFO [savont::asv_cluster] Starting with 36 k-mer groups containing 555 total SNPmer clusters
(2026-08-08 14:52:41.882) INFO [savont::asv_cluster] Iteration 1: 67 total merges, 3134 total reassignments across 27 k-mer groups
(2026-08-08 14:52:41.996) INFO [savont::asv_cluster] Iteration 2: 3 total merges, 337 total reassignments across 27 k-mer groups
(2026-08-08 14:52:42.111) INFO [savont::asv_cluster] Iteration 3: 0 total merges, 30 total reassignments across 27 k-mer groups
(2026-08-08 14:52:42.111) INFO [savont::asv_cluster] Convergence reached after 3 iterations
(2026-08-08 14:52:42.111) INFO [savont::asv_cluster] Final result: 372 total clusters across 27 k-mer groups
(2026-08-08 14:52:42.133) INFO [savont::asv_cluster] SNPmer clustering complete. 372 total SNPmer clusters from 36 k-mer clusters
(2026-08-08 14:52:42.210) INFO [savont::utils] STAGE 3 DONE: Clustered reads by polymorphic markers --- Memory usage: 0.19 GB
(2026-08-08 14:52:42.210) INFO [savont] === STAGE 4: Generating consensus sequences and analyzing pileupes ===
(2026-08-08 14:52:42.211) INFO [savont::alignment] Generating consensus sequences from SNPmer clusters...
(2026-08-08 14:52:43.913) INFO [savont::alignment] Wrote 372 consensus sequences to consensus_sequences.fasta
(2026-08-08 14:52:44.923) INFO [savont::alignment] Analyzing quality error rates from top 37 clusters
(2026-08-08 14:52:46.296) INFO [savont::alignment] Low quality consensus sequences: [43, 44, 46, 49, 54, 58, 59, 61, 63, 64, 67, 70, 74, 76, 78, 79, 83, 85, 94, 95, 96, 98, 102, 103, 106, 107, 111, 112, 113, 116, 119, 121, 122, 123, 124, 126, 127, 130, 131, 135, 137, 139, 141, 142, 144, 149, 150, 151, 154, 157, 158, 162, 164, 165, 167, 168, 169, 170, 171, 172, 173, 176, 177, 178, 183, 185, 186, 187, 188, 189, 190, 191, 192, 193, 194, 195, 197, 198, 200, 201, 202, 203, 204, 205, 207, 208, 209, 211, 212, 215, 216, 217, 218, 219, 220, 224, 226, 227, 228, 229, 231, 232, 233, 236, 237, 240, 242, 243, 244, 245, 246, 249, 251, 252, 253, 254, 255, 257, 258, 259, 262, 265, 266, 269, 270, 271, 273, 274, 275, 276, 277, 278, 279, 280, 281, 282, 286, 287, 288, 290, 291, 292, 294, 295, 296, 299, 300, 301, 303, 305, 306, 307, 308, 309, 311, 313, 314, 315, 316, 317, 319, 320, 321, 322, 323, 324, 325, 326, 327, 328, 329, 330, 331, 332, 333, 334, 335, 337, 338, 339, 341, 342, 343, 344, 345, 346, 347, 349, 350, 351, 353, 354, 355, 356, 357, 358, 361, 362, 364, 365, 366, 367, 368, 369, 370, 371]
(2026-08-08 14:52:46.330) INFO [savont::alignment] Wrote low quality cluster information to low_quality_clusters.tsv
(2026-08-08 14:52:46.379) INFO [savont::alignment] Wrote cluster information before filtering to clusters_after_quality_filter_stage4.tsv
(2026-08-08 14:52:46.379) INFO [savont::alignment] Polishing complete
(2026-08-08 14:52:46.441) INFO [savont::utils] STAGE 4 DONE: Analyzed pileups and estimated consensus qualities --- Memory usage: 1.20 GB
(2026-08-08 14:52:46.481) INFO [savont] === STAGE 5: Merging similar consensus sequences ===
(2026-08-08 14:52:46.481) INFO [savont::alignment] Removing duplicate consensus sequences based on k-mer similarity
(2026-08-08 14:52:46.545) INFO [savont::alignment] Reduced consensus sequences from 166 to 150 after k-mer based deduplication
(2026-08-08 14:52:46.576) INFO [savont::alignment] Wrote 150 polished consensus sequences to polished_consensuses.fasta
(2026-08-08 14:52:46.585) INFO [savont::alignment] Merging 206 low quality consensuses into high quality consensuses
(2026-08-08 14:52:46.807) INFO [savont::alignment] Merging similar consensus sequences based on alignment and depth criteria
(2026-08-08 14:52:46.937) INFO [savont::alignment] Consensus merging complete: 150 -> 91 consensuses
(2026-08-08 14:52:47.011) INFO [savont::alignment] Wrote 91 merged consensus sequences to merged_consensus_sequences.fasta
(2026-08-08 14:52:47.026) INFO [savont::utils] STAGE 5 DONE: Merged similar consensus sequences --- Memory usage: 1.19 GB
(2026-08-08 14:52:47.031) INFO [savont] === STAGE 6: Detecting and filtering chimeric consensus sequences ===
(2026-08-08 14:52:47.031) INFO [savont::chimera] Starting chimera detection for 91 consensuses
(2026-08-08 14:52:47.031) INFO [savont::chimera] Calculating pairwise similarities for 91 consensuses (using decompressed sequences)
(2026-08-08 14:52:47.405) INFO [savont::chimera] Filtered 65 chimeric consensuses with mean chimera score 0.00 and std 0.00, 26 remaining
(2026-08-08 14:52:47.418) INFO [savont::utils] STAGE 6 DONE: Filtered chimeric consensus sequences --- Memory usage: 1.15 GB
(2026-08-08 14:52:47.428) INFO [savont] === Final consensus count after chimera filtering: 26 ===
(2026-08-08 14:52:47.428) INFO [savont] === STAGE 7: Refining ASV depths with alignments and EM algorithm ===
(2026-08-08 14:52:47.429) INFO [savont::alignment] Refining ASV depths using EM algorithm with k-mer based read mapping
(2026-08-08 14:52:47.484) INFO [savont::alignment] Loaded 26 ASVs as TwinReads for k-mer comparison
(2026-08-08 14:52:47.484) INFO [savont::alignment] Built SNPmer index with 159 unique splitmers
(2026-08-08 14:52:47.525) INFO [savont::alignment] Mapping 24308 reads to 26 ASVs using k-mer comparison
(2026-08-08 14:52:51.934) INFO [savont::alignment] Filtered 2120 reads with ratio > 0.005
(2026-08-08 14:52:51.934) INFO [savont::alignment] Total assigned reads: 22188
(2026-08-08 14:52:51.934) INFO [savont::alignment] Total percentage assigned: 91.28%
(2026-08-08 14:52:51.934) INFO [savont::alignment] Number of unique equivalence classes: 61
(2026-08-08 14:52:51.934) INFO [savont::alignment] Running EM algorithm with convergence threshold: 4.506941e-7
(2026-08-08 14:52:51.934) INFO [savont::alignment] EM converged after 7 iterations (max change: 2.869589e-7)
(2026-08-08 14:52:51.934) INFO [savont::alignment] Updating ASV depths based on EM abundances
(2026-08-08 14:52:51.934) INFO [savont::alignment] EM refinement complete: 26 ASVs remaining
(2026-08-08 14:52:52.022) INFO [savont::utils] STAGE 7 DONE: Refined ASV depths with EM algorithm --- Memory usage: 1.11 GB
(2026-08-08 14:52:52.022) INFO [savont] Final consensus count after EM refinement: 26
(2026-08-08 14:52:52.048) INFO [savont] Wrote 26 final consensus sequences to final_asvs.fasta
(2026-08-08 14:52:52.076) INFO [savont] Wrote feature-table.tsv (QIIME2-compatible)
(2026-08-08 14:52:52.122) INFO [savont] === SAVONT COMPLETED SUCCESSFULLY in 13 SECONDS ===
