(2026-08-08 19:29:03.970) INFO [savont] COMMAND: /homes9/jshaw/.cargo/bin/savont asv -t 10 /hlilab/jshaw/16s_ont/benchmark/reviewer_analyses/read_accuracy_sensitivity/subsampled/mean_accuracy_98_reads_111828.fastq -o /hlilab/jshaw/16s_ont/benchmark/reviewer_analyses/read_accuracy_sensitivity/results/mean_accuracy_98/reads_111828
(2026-08-08 19:29:03.971) INFO [savont] VERSION: 0.6.3
(2026-08-08 19:29:03.971) INFO [savont] SYSTEM NAME: Rocky Linux
(2026-08-08 19:29:03.971) INFO [savont] SYSTEM HOST NAME: ara.dfci.harvard.edu
(2026-08-08 19:29:03.972) INFO [savont] Created temp directory for intermediate files: /hlilab/jshaw/16s_ont/benchmark/reviewer_analyses/read_accuracy_sensitivity/results/mean_accuracy_98/reads_111828/temp
(2026-08-08 19:29:03.972) INFO [savont] === SAVONT STARTED: Generating ASVs ===
(2026-08-08 19:29:03.972) INFO [savont] === STAGE 1: Processing k-mers and polymorphic markers ===
(2026-08-08 19:29:07.062) INFO [savont::seq_parse] Finished with k-mer counting in 3.089746844s. Total SNPmers after bloom filter: 2291799
(2026-08-08 19:29:07.063) INFO [savont::utils] Memory usage after second round of k-mer counting processing --- Memory usage: 0.08 GB
(2026-08-08 19:29:07.093) INFO [savont::seq_parse] Removed 1877276 SNPmers with counts < 1 in both strands and <= 3 multiplicity.
(2026-08-08 19:29:07.115) INFO [savont] Time elapsed in for counting k-mers is: 3.142987547s
(2026-08-08 19:29:07.118) INFO [savont::kmer_comp] Finding snpmers...
(2026-08-08 19:29:07.149) INFO [savont::kmer_comp] Number of snpmers: 13044. 
(2026-08-08 19:29:07.149) INFO [savont] Time elapsed in for parsing snpmers is: 33.54333ms
(2026-08-08 19:29:07.150) INFO [savont::utils] STAGE 1 DONE: Obtained SNPmers --- Memory usage: 0.02 GB
(2026-08-08 19:29:07.150) INFO [savont] Using blockmers: false
(2026-08-08 19:29:07.150) INFO [savont] Getting reads...
(2026-08-08 19:29:07.487) INFO [savont::kmer_comp] Number of reads removed due to length filtering: 0.
(2026-08-08 19:29:10.513) INFO [savont::kmer_comp] Number of valid reads  - 111828. Number of reads below quality threshold - 41512.
(2026-08-08 19:29:10.594) INFO [savont::kmer_comp] Mean SNPmer density: 3.28%
(2026-08-08 19:29:10.596) INFO [savont::kmer_comp] Mean Blockmer density: 0.00%
(2026-08-08 19:29:10.765) INFO [savont] Total reads: 70316, Reads without SNPmers: 0 (0.00%)
(2026-08-08 19:29:10.765) INFO [savont] === STAGE 2: Clustering reads by k-mers ===
(2026-08-08 19:29:10.765) INFO [savont::asv_cluster] Starting greedy k-mer based clustering...
(2026-08-08 19:29:10.964) INFO [savont::asv_cluster] Processed 10000 / 70316 reads. Current representatives: 7
(2026-08-08 19:29:11.162) INFO [savont::asv_cluster] Processed 20000 / 70316 reads. Current representatives: 7
(2026-08-08 19:29:11.354) INFO [savont::asv_cluster] Processed 30000 / 70316 reads. Current representatives: 8
(2026-08-08 19:29:11.542) INFO [savont::asv_cluster] Processed 40000 / 70316 reads. Current representatives: 8
(2026-08-08 19:29:11.725) INFO [savont::asv_cluster] Processed 50000 / 70316 reads. Current representatives: 9
(2026-08-08 19:29:11.914) INFO [savont::asv_cluster] Processed 60000 / 70316 reads. Current representatives: 16
(2026-08-08 19:29:12.131) INFO [savont::asv_cluster] Processed 70000 / 70316 reads. Current representatives: 36
(2026-08-08 19:29:12.138) INFO [savont::asv_cluster] Greedy clustering complete. 38 cluster representatives found
(2026-08-08 19:29:12.171) INFO [savont::asv_cluster] K-mer clustering complete. 10 clusters found. Largest cluster: 14981 reads
(2026-08-08 19:29:12.171) INFO [savont::asv_cluster] Wrote k-mer clusters to /hlilab/jshaw/16s_ont/benchmark/reviewer_analyses/read_accuracy_sensitivity/results/mean_accuracy_98/reads_111828/temp/kmer_clusters_stage2.tsv
(2026-08-08 19:29:12.218) INFO [savont::utils] STAGE 2 DONE: Clustered reads by k-mers --- Memory usage: 0.72 GB
(2026-08-08 19:29:12.240) INFO [savont] === STAGE 3: Secondary clustering of reads by polymorphic markers ===
(2026-08-08 19:29:12.240) INFO [savont::asv_cluster] Starting greedy SNPmer-based clustering within k-mer clusters...
(2026-08-08 19:29:12.258) INFO [savont::asv_cluster] Processed 10000 / 14981 reads for SNPmer clustering in k-mer cluster 0 with 7 reps
(2026-08-08 19:29:12.260) INFO [savont::asv_cluster] Processed 10000 / 12385 reads for SNPmer clustering in k-mer cluster 2 with 6 reps
(2026-08-08 19:29:12.260) INFO [savont::asv_cluster] Processed 10000 / 11655 reads for SNPmer clustering in k-mer cluster 3 with 8 reps
(2026-08-08 19:29:12.265) INFO [savont::asv_cluster] Processed 10000 / 12895 reads for SNPmer clustering in k-mer cluster 1 with 11 reps
(2026-08-08 19:29:12.283) INFO [savont::asv_cluster] Wrote SNPmer clusters to /hlilab/jshaw/16s_ont/benchmark/reviewer_analyses/read_accuracy_sensitivity/results/mean_accuracy_98/reads_111828/temp/snpmer_clusters_before_reclust2.5.tsv
(2026-08-08 19:29:12.283) INFO [savont::asv_cluster] Starting iterative reclustering using consensus representatives...
(2026-08-08 19:29:12.283) INFO [savont::asv_cluster] Starting with 10 k-mer groups containing 52 total SNPmer clusters
(2026-08-08 19:29:12.459) INFO [savont::asv_cluster] Iteration 1: 21 total merges, 8691 total reassignments across 9 k-mer groups
(2026-08-08 19:29:12.590) INFO [savont::asv_cluster] Iteration 2: 1 total merges, 649 total reassignments across 9 k-mer groups
(2026-08-08 19:29:12.715) INFO [savont::asv_cluster] Iteration 3: 0 total merges, 0 total reassignments across 9 k-mer groups
(2026-08-08 19:29:12.715) INFO [savont::asv_cluster] Convergence reached after 3 iterations
(2026-08-08 19:29:12.715) INFO [savont::asv_cluster] Final result: 29 total clusters across 9 k-mer groups
(2026-08-08 19:29:12.715) INFO [savont::asv_cluster] SNPmer clustering complete. 29 total SNPmer clusters from 10 k-mer clusters
(2026-08-08 19:29:12.876) INFO [savont::utils] STAGE 3 DONE: Clustered reads by polymorphic markers --- Memory usage: 0.76 GB
(2026-08-08 19:29:12.876) INFO [savont] === STAGE 4: Generating consensus sequences and analyzing pileupes ===
(2026-08-08 19:29:12.876) INFO [savont::alignment] Generating consensus sequences from SNPmer clusters...
(2026-08-08 19:29:13.856) INFO [savont::alignment] Wrote 29 consensus sequences to consensus_sequences.fasta
(2026-08-08 19:29:14.449) INFO [savont::alignment] Analyzing quality error rates from top 3 clusters
(2026-08-08 19:29:15.106) INFO [savont::alignment] Low quality consensus sequences: []
(2026-08-08 19:29:15.108) INFO [savont::alignment] Wrote low quality cluster information to low_quality_clusters.tsv
(2026-08-08 19:29:15.231) INFO [savont::alignment] Wrote cluster information before filtering to clusters_after_quality_filter_stage4.tsv
(2026-08-08 19:29:15.231) INFO [savont::alignment] Polishing complete
(2026-08-08 19:29:15.321) INFO [savont::utils] STAGE 4 DONE: Analyzed pileups and estimated consensus qualities --- Memory usage: 1.20 GB
(2026-08-08 19:29:15.323) INFO [savont] === STAGE 5: Merging similar consensus sequences ===
(2026-08-08 19:29:15.323) INFO [savont::alignment] Removing duplicate consensus sequences based on k-mer similarity
(2026-08-08 19:29:15.328) INFO [savont::alignment] Reduced consensus sequences from 29 to 29 after k-mer based deduplication
(2026-08-08 19:29:15.362) INFO [savont::alignment] Wrote 29 polished consensus sequences to polished_consensuses.fasta
(2026-08-08 19:29:15.383) INFO [savont::alignment] Merging 0 low quality consensuses into high quality consensuses
(2026-08-08 19:29:15.383) INFO [savont::alignment] Merging similar consensus sequences based on alignment and depth criteria
(2026-08-08 19:29:15.393) INFO [savont::alignment] Consensus merging complete: 29 -> 24 consensuses
(2026-08-08 19:29:15.528) INFO [savont::alignment] Wrote 24 merged consensus sequences to merged_consensus_sequences.fasta
(2026-08-08 19:29:15.545) INFO [savont::utils] STAGE 5 DONE: Merged similar consensus sequences --- Memory usage: 1.21 GB
(2026-08-08 19:29:15.563) INFO [savont] === STAGE 6: Detecting and filtering chimeric consensus sequences ===
(2026-08-08 19:29:15.563) INFO [savont::chimera] Starting chimera detection for 24 consensuses
(2026-08-08 19:29:15.563) INFO [savont::chimera] Calculating pairwise similarities for 24 consensuses (using decompressed sequences)
(2026-08-08 19:29:15.616) INFO [savont::chimera] Filtered 0 chimeric consensuses with mean chimera score NaN and std NaN, 24 remaining
(2026-08-08 19:29:15.628) INFO [savont::utils] STAGE 6 DONE: Filtered chimeric consensus sequences --- Memory usage: 1.22 GB
(2026-08-08 19:29:15.628) INFO [savont] === Final consensus count after chimera filtering: 24 ===
(2026-08-08 19:29:15.628) INFO [savont] === STAGE 7: Refining ASV depths with alignments and EM algorithm ===
(2026-08-08 19:29:15.630) INFO [savont::alignment] Refining ASV depths using EM algorithm with k-mer based read mapping
(2026-08-08 19:29:15.681) INFO [savont::alignment] Loaded 24 ASVs as TwinReads for k-mer comparison
(2026-08-08 19:29:15.682) INFO [savont::alignment] Built SNPmer index with 155 unique splitmers
(2026-08-08 19:29:15.682) INFO [savont::alignment] Mapping 70316 reads to 24 ASVs using k-mer comparison
(2026-08-08 19:29:21.992) INFO [savont::alignment] Filtered 0 reads with ratio > 0.005
(2026-08-08 19:29:21.993) INFO [savont::alignment] Total assigned reads: 70316
(2026-08-08 19:29:21.993) INFO [savont::alignment] Total percentage assigned: 100.00%
(2026-08-08 19:29:21.993) INFO [savont::alignment] Number of unique equivalence classes: 39
(2026-08-08 19:29:21.993) INFO [savont::alignment] Running EM algorithm with convergence threshold: 1.422151e-7
(2026-08-08 19:29:21.993) INFO [savont::alignment] EM converged after 6 iterations (max change: 1.155424e-7)
(2026-08-08 19:29:21.993) INFO [savont::alignment] Updating ASV depths based on EM abundances
(2026-08-08 19:29:21.993) INFO [savont::alignment] EM refinement complete: 24 ASVs remaining
(2026-08-08 19:29:22.097) INFO [savont::utils] STAGE 7 DONE: Refined ASV depths with EM algorithm --- Memory usage: 1.22 GB
(2026-08-08 19:29:22.097) INFO [savont] Final consensus count after EM refinement: 24
(2026-08-08 19:29:22.132) INFO [savont] Wrote 24 final consensus sequences to final_asvs.fasta
(2026-08-08 19:29:22.183) INFO [savont] Wrote feature-table.tsv (QIIME2-compatible)
(2026-08-08 19:29:22.360) INFO [savont] === SAVONT COMPLETED SUCCESSFULLY in 18 SECONDS ===
