(2026-08-08 14:56:51.452) INFO [savont] COMMAND: /homes9/jshaw/.cargo/bin/savont asv -t 10 /hlilab/jshaw/16s_ont/benchmark/results-FINAL-preprint/subsampled/v1v8_zmock1_frac111827.81160944818.fastq -o /hlilab/jshaw/16s_ont/benchmark/reviewer_analyses/min_cluster_sensitivity/results/reads_111828/min_cluster_20 --min-cluster-size 20
(2026-08-08 14:56:51.453) INFO [savont] VERSION: 0.6.2
(2026-08-08 14:56:51.453) INFO [savont] SYSTEM NAME: Rocky Linux
(2026-08-08 14:56:51.453) INFO [savont] SYSTEM HOST NAME: ara.dfci.harvard.edu
(2026-08-08 14:56:51.453) INFO [savont] Created temp directory for intermediate files: /hlilab/jshaw/16s_ont/benchmark/reviewer_analyses/min_cluster_sensitivity/results/reads_111828/min_cluster_20/temp
(2026-08-08 14:56:51.477) INFO [savont] === SAVONT STARTED: Generating ASVs ===
(2026-08-08 14:56:51.477) INFO [savont] === STAGE 1: Processing k-mers and polymorphic markers ===
(2026-08-08 14:56:53.804) INFO [savont::seq_parse] Finished with k-mer counting in 2.327276057s. Total SNPmers after bloom filter: 784982
(2026-08-08 14:56:53.805) INFO [savont::utils] Memory usage after second round of k-mer counting processing --- Memory usage: 0.03 GB
(2026-08-08 14:56:53.815) INFO [savont::seq_parse] Removed 604238 SNPmers with counts < 1 in both strands and <= 3 multiplicity.
(2026-08-08 14:56:53.830) INFO [savont] Time elapsed in for counting k-mers is: 2.353136048s
(2026-08-08 14:56:53.851) INFO [savont::kmer_comp] Finding snpmers...
(2026-08-08 14:56:53.895) INFO [savont::kmer_comp] Number of snpmers: 3302. 
(2026-08-08 14:56:53.897) INFO [savont] Time elapsed in for parsing snpmers is: 46.426454ms
(2026-08-08 14:56:53.898) INFO [savont::utils] STAGE 1 DONE: Obtained SNPmers --- Memory usage: 0.01 GB
(2026-08-08 14:56:53.918) INFO [savont] Using blockmers: false
(2026-08-08 14:56:53.918) INFO [savont] Getting reads...
(2026-08-08 14:56:54.221) INFO [savont::kmer_comp] Number of reads removed due to length filtering: 180.
(2026-08-08 14:56:57.225) INFO [savont::kmer_comp] Number of valid reads  - 111648. Number of reads below quality threshold - 4877.
(2026-08-08 14:56:57.252) INFO [savont::kmer_comp] Mean SNPmer density: 3.94%
(2026-08-08 14:56:57.255) INFO [savont::kmer_comp] Mean Blockmer density: 0.00%
(2026-08-08 14:56:57.552) INFO [savont] Total reads: 106771, Reads without SNPmers: 0 (0.00%)
(2026-08-08 14:56:57.552) INFO [savont] === STAGE 2: Clustering reads by k-mers ===
(2026-08-08 14:56:57.552) INFO [savont::asv_cluster] Starting greedy k-mer based clustering...
(2026-08-08 14:56:57.849) INFO [savont::asv_cluster] Processed 10000 / 106771 reads. Current representatives: 25
(2026-08-08 14:56:58.288) INFO [savont::asv_cluster] Processed 20000 / 106771 reads. Current representatives: 29
(2026-08-08 14:56:58.675) INFO [savont::asv_cluster] Processed 30000 / 106771 reads. Current representatives: 34
(2026-08-08 14:56:59.089) INFO [savont::asv_cluster] Processed 40000 / 106771 reads. Current representatives: 39
(2026-08-08 14:56:59.477) INFO [savont::asv_cluster] Processed 50000 / 106771 reads. Current representatives: 39
(2026-08-08 14:56:59.874) INFO [savont::asv_cluster] Processed 60000 / 106771 reads. Current representatives: 43
(2026-08-08 14:57:00.299) INFO [savont::asv_cluster] Processed 70000 / 106771 reads. Current representatives: 55
(2026-08-08 14:57:00.823) INFO [savont::asv_cluster] Processed 80000 / 106771 reads. Current representatives: 62
(2026-08-08 14:57:01.322) INFO [savont::asv_cluster] Processed 90000 / 106771 reads. Current representatives: 64
(2026-08-08 14:57:01.818) INFO [savont::asv_cluster] Processed 100000 / 106771 reads. Current representatives: 75
(2026-08-08 14:57:02.157) INFO [savont::asv_cluster] Greedy clustering complete. 91 cluster representatives found
(2026-08-08 14:57:02.181) INFO [savont::asv_cluster] K-mer clustering complete. 48 clusters found. Largest cluster: 19135 reads
(2026-08-08 14:57:02.184) INFO [savont::asv_cluster] Wrote k-mer clusters to /hlilab/jshaw/16s_ont/benchmark/reviewer_analyses/min_cluster_sensitivity/results/reads_111828/min_cluster_20/temp/kmer_clusters_stage2.tsv
(2026-08-08 14:57:02.219) INFO [savont::utils] STAGE 2 DONE: Clustered reads by k-mers --- Memory usage: 0.74 GB
(2026-08-08 14:57:02.219) INFO [savont] === STAGE 3: Secondary clustering of reads by polymorphic markers ===
(2026-08-08 14:57:02.219) INFO [savont::asv_cluster] Starting greedy SNPmer-based clustering within k-mer clusters...
(2026-08-08 14:57:02.506) INFO [savont::asv_cluster] Processed 10000 / 14023 reads for SNPmer clustering in k-mer cluster 3 with 276 reps
(2026-08-08 14:57:02.753) INFO [savont::asv_cluster] Processed 10000 / 19135 reads for SNPmer clustering in k-mer cluster 0 with 476 reps
(2026-08-08 14:57:02.808) INFO [savont::asv_cluster] Processed 10000 / 16084 reads for SNPmer clustering in k-mer cluster 2 with 464 reps
(2026-08-08 14:57:02.840) INFO [savont::asv_cluster] Processed 10000 / 11879 reads for SNPmer clustering in k-mer cluster 4 with 522 reps
(2026-08-08 14:57:02.995) INFO [savont::asv_cluster] Processed 10000 / 17889 reads for SNPmer clustering in k-mer cluster 1 with 664 reps
(2026-08-08 14:57:05.490) INFO [savont::asv_cluster] Wrote SNPmer clusters to /hlilab/jshaw/16s_ont/benchmark/reviewer_analyses/min_cluster_sensitivity/results/reads_111828/min_cluster_20/temp/snpmer_clusters_before_reclust2.5.tsv
(2026-08-08 14:57:05.490) INFO [savont::asv_cluster] Starting iterative reclustering using consensus representatives...
(2026-08-08 14:57:05.490) INFO [savont::asv_cluster] Starting with 48 k-mer groups containing 726 total SNPmer clusters
(2026-08-08 14:57:06.008) INFO [savont::asv_cluster] Iteration 1: 252 total merges, 13708 total reassignments across 22 k-mer groups
(2026-08-08 14:57:06.407) INFO [savont::asv_cluster] Iteration 2: 4 total merges, 1127 total reassignments across 22 k-mer groups
(2026-08-08 14:57:06.787) INFO [savont::asv_cluster] Iteration 3: 0 total merges, 158 total reassignments across 22 k-mer groups
(2026-08-08 14:57:06.787) INFO [savont::asv_cluster] Convergence reached after 3 iterations
(2026-08-08 14:57:06.788) INFO [savont::asv_cluster] Final result: 332 total clusters across 22 k-mer groups
(2026-08-08 14:57:06.812) INFO [savont::asv_cluster] SNPmer clustering complete. 332 total SNPmer clusters from 48 k-mer clusters
(2026-08-08 14:57:08.392) INFO [savont::utils] STAGE 3 DONE: Clustered reads by polymorphic markers --- Memory usage: 0.77 GB
(2026-08-08 14:57:08.392) INFO [savont] === STAGE 4: Generating consensus sequences and analyzing pileupes ===
(2026-08-08 14:57:08.392) INFO [savont::alignment] Generating consensus sequences from SNPmer clusters...
(2026-08-08 14:57:11.719) INFO [savont::alignment] Wrote 332 consensus sequences to consensus_sequences.fasta
(2026-08-08 14:57:13.447) INFO [savont::alignment] Analyzing quality error rates from top 33 clusters
(2026-08-08 14:57:15.547) INFO [savont::alignment] Low quality consensus sequences: [33, 36, 37, 45, 48, 49, 55, 58, 59, 63, 67, 69, 71, 73, 75, 78, 80, 83, 85, 89, 90, 94, 97, 105, 107, 110, 116, 117, 118, 119, 121, 122, 123, 125, 127, 129, 131, 135, 136, 138, 142, 145, 146, 147, 150, 152, 154, 156, 160, 161, 162, 166, 168, 174, 177, 179, 188, 189, 190, 192, 194, 197, 200, 204, 205, 207, 208, 214, 215, 217, 218, 220, 224, 225, 226, 234, 239, 243, 248, 252, 254, 255, 258, 259, 261, 262, 265, 266, 268, 275, 280, 283, 285, 288, 290, 292, 293, 294, 296, 298, 299, 301, 302, 305, 306, 308, 310, 312, 313, 314, 315, 317, 318, 319, 322, 325, 328, 330, 331]
(2026-08-08 14:57:15.603) INFO [savont::alignment] Wrote low quality cluster information to low_quality_clusters.tsv
(2026-08-08 14:57:15.891) INFO [savont::alignment] Wrote cluster information before filtering to clusters_after_quality_filter_stage4.tsv
(2026-08-08 14:57:15.891) INFO [savont::alignment] Polishing complete
(2026-08-08 14:57:15.997) INFO [savont::utils] STAGE 4 DONE: Analyzed pileups and estimated consensus qualities --- Memory usage: 2.56 GB
(2026-08-08 14:57:16.037) INFO [savont] === STAGE 5: Merging similar consensus sequences ===
(2026-08-08 14:57:16.037) INFO [savont::alignment] Removing duplicate consensus sequences based on k-mer similarity
(2026-08-08 14:57:16.122) INFO [savont::alignment] Reduced consensus sequences from 213 to 209 after k-mer based deduplication
(2026-08-08 14:57:16.150) INFO [savont::alignment] Wrote 209 polished consensus sequences to polished_consensuses.fasta
(2026-08-08 14:57:16.162) INFO [savont::alignment] Merging 119 low quality consensuses into high quality consensuses
(2026-08-08 14:57:16.324) INFO [savont::alignment] Merging similar consensus sequences based on alignment and depth criteria
(2026-08-08 14:57:16.544) INFO [savont::alignment] Consensus merging complete: 209 -> 143 consensuses
(2026-08-08 14:57:17.000) INFO [savont::alignment] Wrote 143 merged consensus sequences to merged_consensus_sequences.fasta
(2026-08-08 14:57:17.026) INFO [savont::utils] STAGE 5 DONE: Merged similar consensus sequences --- Memory usage: 2.44 GB
(2026-08-08 14:57:17.026) INFO [savont] === STAGE 6: Detecting and filtering chimeric consensus sequences ===
(2026-08-08 14:57:17.026) INFO [savont::chimera] Starting chimera detection for 143 consensuses
(2026-08-08 14:57:17.026) INFO [savont::chimera] Calculating pairwise similarities for 143 consensuses (using decompressed sequences)
(2026-08-08 14:57:17.969) INFO [savont::chimera] Filtered 119 chimeric consensuses with mean chimera score 0.00 and std 0.00, 24 remaining
(2026-08-08 14:57:17.995) INFO [savont::utils] STAGE 6 DONE: Filtered chimeric consensus sequences --- Memory usage: 2.36 GB
(2026-08-08 14:57:17.995) INFO [savont] === Final consensus count after chimera filtering: 24 ===
(2026-08-08 14:57:17.995) INFO [savont] === STAGE 7: Refining ASV depths with alignments and EM algorithm ===
(2026-08-08 14:57:17.996) INFO [savont::alignment] Refining ASV depths using EM algorithm with k-mer based read mapping
(2026-08-08 14:57:18.052) INFO [savont::alignment] Loaded 24 ASVs as TwinReads for k-mer comparison
(2026-08-08 14:57:18.052) INFO [savont::alignment] Built SNPmer index with 160 unique splitmers
(2026-08-08 14:57:18.081) INFO [savont::alignment] Mapping 106771 reads to 24 ASVs using k-mer comparison
(2026-08-08 14:57:37.165) INFO [savont::alignment] Filtered 9294 reads with ratio > 0.005
(2026-08-08 14:57:37.166) INFO [savont::alignment] Total assigned reads: 97477
(2026-08-08 14:57:37.166) INFO [savont::alignment] Total percentage assigned: 91.30%
(2026-08-08 14:57:37.166) INFO [savont::alignment] Number of unique equivalence classes: 61
(2026-08-08 14:57:37.166) INFO [savont::alignment] Running EM algorithm with convergence threshold: 1.025883e-7
(2026-08-08 14:57:37.166) INFO [savont::alignment] EM converged after 8 iterations (max change: 1.467490e-8)
(2026-08-08 14:57:37.166) INFO [savont::alignment] Updating ASV depths based on EM abundances
(2026-08-08 14:57:37.166) INFO [savont::alignment] EM refinement complete: 24 ASVs remaining
(2026-08-08 14:57:37.302) INFO [savont::utils] STAGE 7 DONE: Refined ASV depths with EM algorithm --- Memory usage: 2.36 GB
(2026-08-08 14:57:37.302) INFO [savont] Final consensus count after EM refinement: 24
(2026-08-08 14:57:37.331) INFO [savont] Wrote 24 final consensus sequences to final_asvs.fasta
(2026-08-08 14:57:37.358) INFO [savont] Wrote feature-table.tsv (QIIME2-compatible)
(2026-08-08 14:57:37.876) INFO [savont] === SAVONT COMPLETED SUCCESSFULLY in 46 SECONDS ===
