(2026-08-08 14:53:16.816) INFO [savont] COMMAND: /homes9/jshaw/.cargo/bin/savont asv -t 10 /hlilab/jshaw/16s_ont/benchmark/results-FINAL-preprint/subsampled/v1v8_zmock1_frac25450.286947322187.fastq -o /hlilab/jshaw/16s_ont/benchmark/reviewer_analyses/min_cluster_sensitivity/results/reads_25450/min_cluster_18 --min-cluster-size 18
(2026-08-08 14:53:16.817) INFO [savont] VERSION: 0.6.2
(2026-08-08 14:53:16.817) INFO [savont] SYSTEM NAME: Rocky Linux
(2026-08-08 14:53:16.817) INFO [savont] SYSTEM HOST NAME: ara.dfci.harvard.edu
(2026-08-08 14:53:16.817) INFO [savont] Created temp directory for intermediate files: /hlilab/jshaw/16s_ont/benchmark/reviewer_analyses/min_cluster_sensitivity/results/reads_25450/min_cluster_18/temp
(2026-08-08 14:53:16.847) INFO [savont] === SAVONT STARTED: Generating ASVs ===
(2026-08-08 14:53:16.847) INFO [savont] === STAGE 1: Processing k-mers and polymorphic markers ===
(2026-08-08 14:53:17.394) INFO [savont::seq_parse] Finished with k-mer counting in 547.790731ms. Total SNPmers after bloom filter: 359700
(2026-08-08 14:53:17.395) INFO [savont::utils] Memory usage after second round of k-mer counting processing --- Memory usage: 0.02 GB
(2026-08-08 14:53:17.427) INFO [savont::seq_parse] Removed 308403 SNPmers with counts < 1 in both strands and <= 3 multiplicity.
(2026-08-08 14:53:17.450) INFO [savont] Time elapsed in for counting k-mers is: 603.087117ms
(2026-08-08 14:53:17.471) INFO [savont::kmer_comp] Finding snpmers...
(2026-08-08 14:53:17.504) INFO [savont::kmer_comp] Number of snpmers: 522. 
(2026-08-08 14:53:17.519) INFO [savont] Time elapsed in for parsing snpmers is: 47.664408ms
(2026-08-08 14:53:17.520) INFO [savont::utils] STAGE 1 DONE: Obtained SNPmers --- Memory usage: 0.01 GB
(2026-08-08 14:53:17.548) INFO [savont] Using blockmers: false
(2026-08-08 14:53:17.548) INFO [savont] Getting reads...
(2026-08-08 14:53:17.625) INFO [savont::kmer_comp] Number of reads removed due to length filtering: 43.
(2026-08-08 14:53:18.260) INFO [savont::kmer_comp] Number of valid reads  - 25407. Number of reads below quality threshold - 1099.
(2026-08-08 14:53:18.262) INFO [savont::kmer_comp] Mean SNPmer density: 3.83%
(2026-08-08 14:53:18.279) INFO [savont::kmer_comp] Mean Blockmer density: 0.00%
(2026-08-08 14:53:18.356) INFO [savont] Total reads: 24308, Reads without SNPmers: 0 (0.00%)
(2026-08-08 14:53:18.356) INFO [savont] === STAGE 2: Clustering reads by k-mers ===
(2026-08-08 14:53:18.356) INFO [savont::asv_cluster] Starting greedy k-mer based clustering...
(2026-08-08 14:53:18.709) INFO [savont::asv_cluster] Processed 10000 / 24308 reads. Current representatives: 34
(2026-08-08 14:53:19.220) INFO [savont::asv_cluster] Processed 20000 / 24308 reads. Current representatives: 38
(2026-08-08 14:53:19.422) INFO [savont::asv_cluster] Greedy clustering complete. 46 cluster representatives found
(2026-08-08 14:53:19.428) INFO [savont::asv_cluster] K-mer clustering complete. 31 clusters found. Largest cluster: 4631 reads
(2026-08-08 14:53:19.448) INFO [savont::asv_cluster] Wrote k-mer clusters to /hlilab/jshaw/16s_ont/benchmark/reviewer_analyses/min_cluster_sensitivity/results/reads_25450/min_cluster_18/temp/kmer_clusters_stage2.tsv
(2026-08-08 14:53:19.482) INFO [savont::utils] STAGE 2 DONE: Clustered reads by k-mers --- Memory usage: 0.17 GB
(2026-08-08 14:53:19.504) INFO [savont] === STAGE 3: Secondary clustering of reads by polymorphic markers ===
(2026-08-08 14:53:19.504) INFO [savont::asv_cluster] Starting greedy SNPmer-based clustering within k-mer clusters...
(2026-08-08 14:53:19.877) INFO [savont::asv_cluster] Wrote SNPmer clusters to /hlilab/jshaw/16s_ont/benchmark/reviewer_analyses/min_cluster_sensitivity/results/reads_25450/min_cluster_18/temp/snpmer_clusters_before_reclust2.5.tsv
(2026-08-08 14:53:19.877) INFO [savont::asv_cluster] Starting iterative reclustering using consensus representatives...
(2026-08-08 14:53:19.877) INFO [savont::asv_cluster] Starting with 31 k-mer groups containing 193 total SNPmer clusters
(2026-08-08 14:53:19.953) INFO [savont::asv_cluster] Iteration 1: 58 total merges, 2049 total reassignments across 16 k-mer groups
(2026-08-08 14:53:19.998) INFO [savont::asv_cluster] Iteration 2: 0 total merges, 128 total reassignments across 16 k-mer groups
(2026-08-08 14:53:19.998) INFO [savont::asv_cluster] Convergence reached after 2 iterations
(2026-08-08 14:53:19.998) INFO [savont::asv_cluster] Final result: 95 total clusters across 16 k-mer groups
(2026-08-08 14:53:20.022) INFO [savont::asv_cluster] SNPmer clustering complete. 95 total SNPmer clusters from 31 k-mer clusters
(2026-08-08 14:53:20.113) INFO [savont::utils] STAGE 3 DONE: Clustered reads by polymorphic markers --- Memory usage: 0.18 GB
(2026-08-08 14:53:20.113) INFO [savont] === STAGE 4: Generating consensus sequences and analyzing pileupes ===
(2026-08-08 14:53:20.113) INFO [savont::alignment] Generating consensus sequences from SNPmer clusters...
(2026-08-08 14:53:21.393) INFO [savont::alignment] Wrote 95 consensus sequences to consensus_sequences.fasta
(2026-08-08 14:53:22.297) INFO [savont::alignment] Analyzing quality error rates from top 10 clusters
(2026-08-08 14:53:23.171) INFO [savont::alignment] Low quality consensus sequences: [42, 44, 45, 50, 52, 56, 58, 60, 61, 62, 66, 68, 69, 70, 72, 75, 77, 82, 84, 88, 92, 93]
(2026-08-08 14:53:23.200) INFO [savont::alignment] Wrote low quality cluster information to low_quality_clusters.tsv
(2026-08-08 14:53:23.260) INFO [savont::alignment] Wrote cluster information before filtering to clusters_after_quality_filter_stage4.tsv
(2026-08-08 14:53:23.261) INFO [savont::alignment] Polishing complete
(2026-08-08 14:53:23.304) INFO [savont::utils] STAGE 4 DONE: Analyzed pileups and estimated consensus qualities --- Memory usage: 0.90 GB
(2026-08-08 14:53:23.333) INFO [savont] === STAGE 5: Merging similar consensus sequences ===
(2026-08-08 14:53:23.340) INFO [savont::alignment] Removing duplicate consensus sequences based on k-mer similarity
(2026-08-08 14:53:23.354) INFO [savont::alignment] Reduced consensus sequences from 73 to 65 after k-mer based deduplication
(2026-08-08 14:53:23.395) INFO [savont::alignment] Wrote 65 polished consensus sequences to polished_consensuses.fasta
(2026-08-08 14:53:23.400) INFO [savont::alignment] Merging 22 low quality consensuses into high quality consensuses
(2026-08-08 14:53:23.435) INFO [savont::alignment] Merging similar consensus sequences based on alignment and depth criteria
(2026-08-08 14:53:23.478) INFO [savont::alignment] Consensus merging complete: 65 -> 41 consensuses
(2026-08-08 14:53:23.590) INFO [savont::alignment] Wrote 41 merged consensus sequences to merged_consensus_sequences.fasta
(2026-08-08 14:53:23.603) INFO [savont::utils] STAGE 5 DONE: Merged similar consensus sequences --- Memory usage: 0.91 GB
(2026-08-08 14:53:23.615) INFO [savont] === STAGE 6: Detecting and filtering chimeric consensus sequences ===
(2026-08-08 14:53:23.615) INFO [savont::chimera] Starting chimera detection for 41 consensuses
(2026-08-08 14:53:23.615) INFO [savont::chimera] Calculating pairwise similarities for 41 consensuses (using decompressed sequences)
(2026-08-08 14:53:23.740) INFO [savont::chimera] Filtered 17 chimeric consensuses with mean chimera score 0.00 and std 0.00, 24 remaining
(2026-08-08 14:53:23.750) INFO [savont::utils] STAGE 6 DONE: Filtered chimeric consensus sequences --- Memory usage: 0.89 GB
(2026-08-08 14:53:23.750) INFO [savont] === Final consensus count after chimera filtering: 24 ===
(2026-08-08 14:53:23.750) INFO [savont] === STAGE 7: Refining ASV depths with alignments and EM algorithm ===
(2026-08-08 14:53:23.752) INFO [savont::alignment] Refining ASV depths using EM algorithm with k-mer based read mapping
(2026-08-08 14:53:23.781) INFO [savont::alignment] Loaded 24 ASVs as TwinReads for k-mer comparison
(2026-08-08 14:53:23.782) INFO [savont::alignment] Built SNPmer index with 159 unique splitmers
(2026-08-08 14:53:23.806) INFO [savont::alignment] Mapping 24308 reads to 24 ASVs using k-mer comparison
(2026-08-08 14:53:27.973) INFO [savont::alignment] Filtered 2156 reads with ratio > 0.005
(2026-08-08 14:53:27.973) INFO [savont::alignment] Total assigned reads: 22152
(2026-08-08 14:53:27.973) INFO [savont::alignment] Total percentage assigned: 91.13%
(2026-08-08 14:53:27.973) INFO [savont::alignment] Number of unique equivalence classes: 50
(2026-08-08 14:53:27.973) INFO [savont::alignment] Running EM algorithm with convergence threshold: 4.514265e-7
(2026-08-08 14:53:27.973) INFO [savont::alignment] EM converged after 6 iterations (max change: 4.312895e-8)
(2026-08-08 14:53:27.973) INFO [savont::alignment] Updating ASV depths based on EM abundances
(2026-08-08 14:53:27.973) INFO [savont::alignment] EM refinement complete: 24 ASVs remaining
(2026-08-08 14:53:28.037) INFO [savont::utils] STAGE 7 DONE: Refined ASV depths with EM algorithm --- Memory usage: 0.83 GB
(2026-08-08 14:53:28.037) INFO [savont] Final consensus count after EM refinement: 24
(2026-08-08 14:53:28.073) INFO [savont] Wrote 24 final consensus sequences to final_asvs.fasta
(2026-08-08 14:53:28.112) INFO [savont] Wrote feature-table.tsv (QIIME2-compatible)
(2026-08-08 14:53:28.161) INFO [savont] === SAVONT COMPLETED SUCCESSFULLY in 11 SECONDS ===
