(2026-08-08 14:55:42.714) INFO [savont] COMMAND: /homes9/jshaw/.cargo/bin/savont asv -t 10 /hlilab/jshaw/16s_ont/benchmark/results-FINAL-preprint/subsampled/v1v8_zmock1_frac111827.81160944818.fastq -o /hlilab/jshaw/16s_ont/benchmark/reviewer_analyses/min_cluster_sensitivity/results/reads_111828/min_cluster_14 --min-cluster-size 14
(2026-08-08 14:55:42.715) INFO [savont] VERSION: 0.6.2
(2026-08-08 14:55:42.715) INFO [savont] SYSTEM NAME: Rocky Linux
(2026-08-08 14:55:42.715) INFO [savont] SYSTEM HOST NAME: ara.dfci.harvard.edu
(2026-08-08 14:55:42.716) INFO [savont] Created temp directory for intermediate files: /hlilab/jshaw/16s_ont/benchmark/reviewer_analyses/min_cluster_sensitivity/results/reads_111828/min_cluster_14/temp
(2026-08-08 14:55:42.736) INFO [savont] === SAVONT STARTED: Generating ASVs ===
(2026-08-08 14:55:42.736) INFO [savont] === STAGE 1: Processing k-mers and polymorphic markers ===
(2026-08-08 14:55:45.826) INFO [savont::seq_parse] Finished with k-mer counting in 3.089322676s. Total SNPmers after bloom filter: 784982
(2026-08-08 14:55:45.827) INFO [savont::utils] Memory usage after second round of k-mer counting processing --- Memory usage: 0.04 GB
(2026-08-08 14:55:45.839) INFO [savont::seq_parse] Removed 604238 SNPmers with counts < 1 in both strands and <= 3 multiplicity.
(2026-08-08 14:55:45.849) INFO [savont] Time elapsed in for counting k-mers is: 3.112598375s
(2026-08-08 14:55:45.873) INFO [savont::kmer_comp] Finding snpmers...
(2026-08-08 14:55:45.927) INFO [savont::kmer_comp] Number of snpmers: 3302. 
(2026-08-08 14:55:45.929) INFO [savont] Time elapsed in for parsing snpmers is: 57.461782ms
(2026-08-08 14:55:45.930) INFO [savont::utils] STAGE 1 DONE: Obtained SNPmers --- Memory usage: 0.02 GB
(2026-08-08 14:55:45.946) INFO [savont] Using blockmers: false
(2026-08-08 14:55:45.946) INFO [savont] Getting reads...
(2026-08-08 14:55:46.396) INFO [savont::kmer_comp] Number of reads removed due to length filtering: 180.
(2026-08-08 14:55:49.801) INFO [savont::kmer_comp] Number of valid reads  - 111648. Number of reads below quality threshold - 4877.
(2026-08-08 14:55:49.847) INFO [savont::kmer_comp] Mean SNPmer density: 3.94%
(2026-08-08 14:55:49.849) INFO [savont::kmer_comp] Mean Blockmer density: 0.00%
(2026-08-08 14:55:50.316) INFO [savont] Total reads: 106771, Reads without SNPmers: 0 (0.00%)
(2026-08-08 14:55:50.316) INFO [savont] === STAGE 2: Clustering reads by k-mers ===
(2026-08-08 14:55:50.316) INFO [savont::asv_cluster] Starting greedy k-mer based clustering...
(2026-08-08 14:55:50.681) INFO [savont::asv_cluster] Processed 10000 / 106771 reads. Current representatives: 25
(2026-08-08 14:55:51.153) INFO [savont::asv_cluster] Processed 20000 / 106771 reads. Current representatives: 29
(2026-08-08 14:55:51.657) INFO [savont::asv_cluster] Processed 30000 / 106771 reads. Current representatives: 34
(2026-08-08 14:55:52.213) INFO [savont::asv_cluster] Processed 40000 / 106771 reads. Current representatives: 39
(2026-08-08 14:55:52.726) INFO [savont::asv_cluster] Processed 50000 / 106771 reads. Current representatives: 39
(2026-08-08 14:55:53.250) INFO [savont::asv_cluster] Processed 60000 / 106771 reads. Current representatives: 43
(2026-08-08 14:55:53.818) INFO [savont::asv_cluster] Processed 70000 / 106771 reads. Current representatives: 55
(2026-08-08 14:55:54.549) INFO [savont::asv_cluster] Processed 80000 / 106771 reads. Current representatives: 62
(2026-08-08 14:55:55.168) INFO [savont::asv_cluster] Processed 90000 / 106771 reads. Current representatives: 64
(2026-08-08 14:55:55.927) INFO [savont::asv_cluster] Processed 100000 / 106771 reads. Current representatives: 75
(2026-08-08 14:55:56.369) INFO [savont::asv_cluster] Greedy clustering complete. 91 cluster representatives found
(2026-08-08 14:55:56.581) INFO [savont::asv_cluster] K-mer clustering complete. 53 clusters found. Largest cluster: 19135 reads
(2026-08-08 14:55:56.581) INFO [savont::asv_cluster] Wrote k-mer clusters to /hlilab/jshaw/16s_ont/benchmark/reviewer_analyses/min_cluster_sensitivity/results/reads_111828/min_cluster_14/temp/kmer_clusters_stage2.tsv
(2026-08-08 14:55:56.625) INFO [savont::utils] STAGE 2 DONE: Clustered reads by k-mers --- Memory usage: 0.74 GB
(2026-08-08 14:55:56.634) INFO [savont] === STAGE 3: Secondary clustering of reads by polymorphic markers ===
(2026-08-08 14:55:56.634) INFO [savont::asv_cluster] Starting greedy SNPmer-based clustering within k-mer clusters...
(2026-08-08 14:55:56.951) INFO [savont::asv_cluster] Processed 10000 / 14023 reads for SNPmer clustering in k-mer cluster 3 with 276 reps
(2026-08-08 14:55:57.465) INFO [savont::asv_cluster] Processed 10000 / 11879 reads for SNPmer clustering in k-mer cluster 4 with 522 reps
(2026-08-08 14:55:57.648) INFO [savont::asv_cluster] Processed 10000 / 17889 reads for SNPmer clustering in k-mer cluster 1 with 664 reps
(2026-08-08 14:55:57.702) INFO [savont::asv_cluster] Processed 10000 / 19135 reads for SNPmer clustering in k-mer cluster 0 with 476 reps
(2026-08-08 14:55:58.031) INFO [savont::asv_cluster] Processed 10000 / 16084 reads for SNPmer clustering in k-mer cluster 2 with 464 reps
(2026-08-08 14:56:00.543) INFO [savont::asv_cluster] Wrote SNPmer clusters to /hlilab/jshaw/16s_ont/benchmark/reviewer_analyses/min_cluster_sensitivity/results/reads_111828/min_cluster_14/temp/snpmer_clusters_before_reclust2.5.tsv
(2026-08-08 14:56:00.543) INFO [savont::asv_cluster] Starting iterative reclustering using consensus representatives...
(2026-08-08 14:56:00.543) INFO [savont::asv_cluster] Starting with 53 k-mer groups containing 924 total SNPmer clusters
(2026-08-08 14:56:01.372) INFO [savont::asv_cluster] Iteration 1: 261 total merges, 14852 total reassignments across 29 k-mer groups
(2026-08-08 14:56:01.984) INFO [savont::asv_cluster] Iteration 2: 4 total merges, 1411 total reassignments across 29 k-mer groups
(2026-08-08 14:56:02.700) INFO [savont::asv_cluster] Iteration 3: 0 total merges, 220 total reassignments across 29 k-mer groups
(2026-08-08 14:56:02.700) INFO [savont::asv_cluster] Convergence reached after 3 iterations
(2026-08-08 14:56:02.702) INFO [savont::asv_cluster] Final result: 515 total clusters across 29 k-mer groups
(2026-08-08 14:56:02.724) INFO [savont::asv_cluster] SNPmer clustering complete. 515 total SNPmer clusters from 53 k-mer clusters
(2026-08-08 14:56:03.253) INFO [savont::utils] STAGE 3 DONE: Clustered reads by polymorphic markers --- Memory usage: 0.77 GB
(2026-08-08 14:56:03.253) INFO [savont] === STAGE 4: Generating consensus sequences and analyzing pileupes ===
(2026-08-08 14:56:03.253) INFO [savont::alignment] Generating consensus sequences from SNPmer clusters...
(2026-08-08 14:56:08.098) INFO [savont::alignment] Wrote 515 consensus sequences to consensus_sequences.fasta
(2026-08-08 14:56:10.420) INFO [savont::alignment] Analyzing quality error rates from top 52 clusters
(2026-08-08 14:56:13.333) INFO [savont::alignment] Low quality consensus sequences: [33, 36, 38, 44, 47, 48, 57, 58, 59, 67, 68, 69, 70, 72, 75, 78, 80, 82, 84, 85, 95, 101, 103, 107, 110, 111, 115, 117, 120, 122, 123, 126, 128, 134, 138, 142, 143, 149, 151, 152, 153, 154, 156, 157, 160, 161, 164, 165, 166, 167, 169, 172, 173, 176, 179, 181, 185, 192, 193, 199, 201, 206, 208, 209, 211, 213, 214, 215, 218, 223, 226, 230, 235, 237, 238, 239, 240, 248, 258, 259, 260, 267, 268, 271, 272, 273, 278, 279, 280, 283, 284, 288, 289, 290, 292, 294, 295, 298, 299, 304, 306, 310, 311, 313, 314, 316, 318, 323, 325, 326, 327, 329, 330, 333, 334, 335, 337, 338, 340, 342, 344, 346, 347, 351, 353, 354, 360, 362, 365, 366, 368, 369, 372, 373, 374, 378, 379, 381, 382, 383, 386, 387, 391, 394, 395, 396, 403, 405, 406, 407, 413, 414, 422, 424, 425, 426, 428, 430, 431, 432, 434, 437, 438, 440, 444, 446, 449, 450, 451, 458, 460, 466, 467, 468, 469, 472, 474, 476, 477, 478, 482, 484, 485, 488, 489, 490, 491, 495, 496, 498, 504, 506, 509, 510, 511, 512, 513, 514]
(2026-08-08 14:56:13.391) INFO [savont::alignment] Wrote low quality cluster information to low_quality_clusters.tsv
(2026-08-08 14:56:13.663) INFO [savont::alignment] Wrote cluster information before filtering to clusters_after_quality_filter_stage4.tsv
(2026-08-08 14:56:13.663) INFO [savont::alignment] Polishing complete
(2026-08-08 14:56:13.796) INFO [savont::utils] STAGE 4 DONE: Analyzed pileups and estimated consensus qualities --- Memory usage: 2.88 GB
(2026-08-08 14:56:13.826) INFO [savont] === STAGE 5: Merging similar consensus sequences ===
(2026-08-08 14:56:13.826) INFO [savont::alignment] Removing duplicate consensus sequences based on k-mer similarity
(2026-08-08 14:56:14.022) INFO [savont::alignment] Reduced consensus sequences from 317 to 311 after k-mer based deduplication
(2026-08-08 14:56:14.054) INFO [savont::alignment] Wrote 311 polished consensus sequences to polished_consensuses.fasta
(2026-08-08 14:56:14.071) INFO [savont::alignment] Merging 198 low quality consensuses into high quality consensuses
(2026-08-08 14:56:14.427) INFO [savont::alignment] Merging similar consensus sequences based on alignment and depth criteria
(2026-08-08 14:56:14.876) INFO [savont::alignment] Consensus merging complete: 311 -> 208 consensuses
(2026-08-08 14:56:15.210) INFO [savont::alignment] Wrote 208 merged consensus sequences to merged_consensus_sequences.fasta
(2026-08-08 14:56:15.239) INFO [savont::utils] STAGE 5 DONE: Merged similar consensus sequences --- Memory usage: 2.84 GB
(2026-08-08 14:56:15.239) INFO [savont] === STAGE 6: Detecting and filtering chimeric consensus sequences ===
(2026-08-08 14:56:15.239) INFO [savont::chimera] Starting chimera detection for 208 consensuses
(2026-08-08 14:56:15.239) INFO [savont::chimera] Calculating pairwise similarities for 208 consensuses (using decompressed sequences)
(2026-08-08 14:56:16.871) INFO [savont::chimera] Filtered 183 chimeric consensuses with mean chimera score 0.00 and std 0.00, 25 remaining
(2026-08-08 14:56:16.900) INFO [savont::utils] STAGE 6 DONE: Filtered chimeric consensus sequences --- Memory usage: 2.81 GB
(2026-08-08 14:56:16.900) INFO [savont] === Final consensus count after chimera filtering: 25 ===
(2026-08-08 14:56:16.900) INFO [savont] === STAGE 7: Refining ASV depths with alignments and EM algorithm ===
(2026-08-08 14:56:16.900) INFO [savont::alignment] Refining ASV depths using EM algorithm with k-mer based read mapping
(2026-08-08 14:56:16.953) INFO [savont::alignment] Loaded 25 ASVs as TwinReads for k-mer comparison
(2026-08-08 14:56:16.953) INFO [savont::alignment] Built SNPmer index with 160 unique splitmers
(2026-08-08 14:56:16.978) INFO [savont::alignment] Mapping 106771 reads to 25 ASVs using k-mer comparison
(2026-08-08 14:56:34.790) INFO [savont::alignment] Filtered 8945 reads with ratio > 0.005
(2026-08-08 14:56:34.790) INFO [savont::alignment] Total assigned reads: 97826
(2026-08-08 14:56:34.790) INFO [savont::alignment] Total percentage assigned: 91.62%
(2026-08-08 14:56:34.790) INFO [savont::alignment] Number of unique equivalence classes: 65
(2026-08-08 14:56:34.790) INFO [savont::alignment] Running EM algorithm with convergence threshold: 1.022223e-7
(2026-08-08 14:56:34.790) INFO [savont::alignment] EM converged after 8 iterations (max change: 1.462440e-8)
(2026-08-08 14:56:34.790) INFO [savont::alignment] Updating ASV depths based on EM abundances
(2026-08-08 14:56:34.790) INFO [savont::alignment] EM refinement complete: 25 ASVs remaining
(2026-08-08 14:56:34.890) INFO [savont::utils] STAGE 7 DONE: Refined ASV depths with EM algorithm --- Memory usage: 2.81 GB
(2026-08-08 14:56:34.890) INFO [savont] Final consensus count after EM refinement: 25
(2026-08-08 14:56:34.915) INFO [savont] Wrote 25 final consensus sequences to final_asvs.fasta
(2026-08-08 14:56:34.940) INFO [savont] Wrote feature-table.tsv (QIIME2-compatible)
(2026-08-08 14:56:35.051) INFO [savont] === SAVONT COMPLETED SUCCESSFULLY in 52 SECONDS ===
