(2026-08-08 21:31:05.873) [38;5;27mINFO[0m [savont] COMMAND: /homes9/jshaw/.cargo/bin/savont classify -i /hlilab/jshaw/16s_ont/benchmark/reviewer_analyses/its_18s_benchmark/results/savont/its_100 -o /hlilab/jshaw/16s_ont/benchmark/reviewer_analyses/its_18s_benchmark/results/classification/its/savont/100 -d /hlilab/jshaw/16s_ont/benchmark/reviewer_analyses/its_18s_benchmark/databases/unites-10.0 -t 10
(2026-08-08 21:31:05.874) [38;5;27mINFO[0m [savont] VERSION: 0.6.3
(2026-08-08 21:31:05.901) [38;5;27mINFO[0m [savont] Starting classification...
(2026-08-08 21:31:05.922) [38;5;27mINFO[0m [savont::databases] Detected database type 'unites-10.0' for /hlilab/jshaw/16s_ont/benchmark/reviewer_analyses/its_18s_benchmark/databases/unites-10.0
(2026-08-08 21:31:05.934) [38;5;27mINFO[0m [savont::taxonomy] Loading UNITES taxonomy from /hlilab/jshaw/16s_ont/benchmark/reviewer_analyses/its_18s_benchmark/databases/unites-10.0/unites_taxonomy.tsv
(2026-08-08 21:31:06.197) [38;5;27mINFO[0m [savont::taxonomy] Loaded 156820 UNITES taxonomy entries
(2026-08-08 21:31:06.197) [38;5;27mINFO[0m [savont::classify] Loading consensus sequences from /hlilab/jshaw/16s_ont/benchmark/reviewer_analyses/its_18s_benchmark/results/savont/its_100/final_asvs.fasta
(2026-08-08 21:31:06.198) [38;5;27mINFO[0m [savont::classify] Loaded 1 consensus sequences
(2026-08-08 21:31:06.235) [38;5;27mINFO[0m [savont::classify] Building minimap2 index from database FASTA: /hlilab/jshaw/16s_ont/benchmark/reviewer_analyses/its_18s_benchmark/databases/unites-10.0/unites_sequences.fasta
(2026-08-08 21:31:06.237) [38;5;27mINFO[0m [savont::classify] Loading pre-built minimap2 index: /hlilab/jshaw/16s_ont/benchmark/reviewer_analyses/its_18s_benchmark/databases/unites-10.0/unites_sequences.fasta.mmi
(2026-08-08 21:31:06.690) [38;5;27mINFO[0m [savont::classify] Aligning 1 consensus sequences to database
(2026-08-08 21:31:06.702) [38;5;27mINFO[0m [savont::classify] Collected 1 total mappings from 1 ASVs
(2026-08-08 21:31:06.717) [38;5;27mINFO[0m [savont::classify] Found 1 unique taxonomic IDs
(2026-08-08 21:31:06.717) [38;5;27mINFO[0m [savont::classify] Running EM algorithm to distribute abundances
(2026-08-08 21:31:06.717) [38;5;27mINFO[0m [savont::classify] Starting EM algorithm with 1 taxa and 1 mappings
(2026-08-08 21:31:06.717) [38;5;27mINFO[0m [savont::classify] EM converged after 1 iterations (max change: 0.000000e0)
(2026-08-08 21:31:06.741) [38;5;27mINFO[0m [savont::classify] Wrote species abundance table to /hlilab/jshaw/16s_ont/benchmark/reviewer_analyses/its_18s_benchmark/results/classification/its/savont/100/species_abundance.tsv
(2026-08-08 21:31:06.768) [38;5;27mINFO[0m [savont::classify] Wrote genus abundance table to /hlilab/jshaw/16s_ont/benchmark/reviewer_analyses/its_18s_benchmark/results/classification/its/savont/100/genus_abundance.tsv
(2026-08-08 21:31:06.789) [38;5;27mINFO[0m [savont::classify] Wrote ASV mappings table to /hlilab/jshaw/16s_ont/benchmark/reviewer_analyses/its_18s_benchmark/results/classification/its/savont/100/asv_mappings.tsv
(2026-08-08 21:31:06.789) [38;5;27mINFO[0m [savont::classify] Classification complete! Classified 1/1 ASVs
(2026-08-08 21:31:06.789) [38;5;27mINFO[0m [savont::classify] Classified 1/1 ASVs at species level
(2026-08-08 21:31:06.789) [38;5;27mINFO[0m [savont::classify] Classified 1/1 ASVs at genus level
