(2026-08-08 21:30:22.183) [38;5;27mINFO[0m [savont] COMMAND: /homes9/jshaw/.cargo/bin/savont classify -i /hlilab/jshaw/16s_ont/benchmark/reviewer_analyses/its_18s_benchmark/results/savont/its_300000 -o /hlilab/jshaw/16s_ont/benchmark/reviewer_analyses/its_18s_benchmark/results/classification/its/savont/300000 -d /hlilab/jshaw/16s_ont/benchmark/reviewer_analyses/its_18s_benchmark/databases/unites-10.0 -t 10
(2026-08-08 21:30:22.184) [38;5;27mINFO[0m [savont] VERSION: 0.6.3
(2026-08-08 21:30:22.210) [38;5;27mINFO[0m [savont] Starting classification...
(2026-08-08 21:30:22.237) [38;5;27mINFO[0m [savont::databases] Detected database type 'unites-10.0' for /hlilab/jshaw/16s_ont/benchmark/reviewer_analyses/its_18s_benchmark/databases/unites-10.0
(2026-08-08 21:30:22.263) [38;5;27mINFO[0m [savont::taxonomy] Loading UNITES taxonomy from /hlilab/jshaw/16s_ont/benchmark/reviewer_analyses/its_18s_benchmark/databases/unites-10.0/unites_taxonomy.tsv
(2026-08-08 21:30:22.544) [38;5;27mINFO[0m [savont::taxonomy] Loaded 156820 UNITES taxonomy entries
(2026-08-08 21:30:22.544) [38;5;27mINFO[0m [savont::classify] Loading consensus sequences from /hlilab/jshaw/16s_ont/benchmark/reviewer_analyses/its_18s_benchmark/results/savont/its_300000/final_asvs.fasta
(2026-08-08 21:30:22.545) [38;5;27mINFO[0m [savont::classify] Loaded 9 consensus sequences
(2026-08-08 21:30:22.567) [38;5;27mINFO[0m [savont::classify] Building minimap2 index from database FASTA: /hlilab/jshaw/16s_ont/benchmark/reviewer_analyses/its_18s_benchmark/databases/unites-10.0/unites_sequences.fasta
(2026-08-08 21:30:22.568) [38;5;27mINFO[0m [savont::classify] Loading pre-built minimap2 index: /hlilab/jshaw/16s_ont/benchmark/reviewer_analyses/its_18s_benchmark/databases/unites-10.0/unites_sequences.fasta.mmi
(2026-08-08 21:30:23.264) [38;5;27mINFO[0m [savont::classify] Aligning 9 consensus sequences to database
(2026-08-08 21:30:23.283) [38;5;27mINFO[0m [savont::classify] Collected 12 total mappings from 9 ASVs
(2026-08-08 21:30:23.294) [38;5;27mINFO[0m [savont::classify] Found 12 unique taxonomic IDs
(2026-08-08 21:30:23.294) [38;5;27mINFO[0m [savont::classify] Running EM algorithm to distribute abundances
(2026-08-08 21:30:23.294) [38;5;27mINFO[0m [savont::classify] Starting EM algorithm with 12 taxa and 12 mappings
(2026-08-08 21:30:23.294) [38;5;27mINFO[0m [savont::classify] EM converged after 2 iterations (max change: 0.000000e0)
(2026-08-08 21:30:23.322) [38;5;27mINFO[0m [savont::classify] Wrote species abundance table to /hlilab/jshaw/16s_ont/benchmark/reviewer_analyses/its_18s_benchmark/results/classification/its/savont/300000/species_abundance.tsv
(2026-08-08 21:30:23.349) [38;5;27mINFO[0m [savont::classify] Wrote genus abundance table to /hlilab/jshaw/16s_ont/benchmark/reviewer_analyses/its_18s_benchmark/results/classification/its/savont/300000/genus_abundance.tsv
(2026-08-08 21:30:23.380) [38;5;27mINFO[0m [savont::classify] Wrote ASV mappings table to /hlilab/jshaw/16s_ont/benchmark/reviewer_analyses/its_18s_benchmark/results/classification/its/savont/300000/asv_mappings.tsv
(2026-08-08 21:30:23.380) [38;5;27mINFO[0m [savont::classify] Classification complete! Classified 9/9 ASVs
(2026-08-08 21:30:23.380) [38;5;27mINFO[0m [savont::classify] Classified 6/9 ASVs at species level
(2026-08-08 21:30:23.380) [38;5;27mINFO[0m [savont::classify] Classified 9/9 ASVs at genus level
