(2026-08-08 21:31:02.171) [38;5;27mINFO[0m [savont] COMMAND: /homes9/jshaw/.cargo/bin/savont classify -i /hlilab/jshaw/16s_ont/benchmark/reviewer_analyses/its_18s_benchmark/results/savont/its_500 -o /hlilab/jshaw/16s_ont/benchmark/reviewer_analyses/its_18s_benchmark/results/classification/its/savont/500 -d /hlilab/jshaw/16s_ont/benchmark/reviewer_analyses/its_18s_benchmark/databases/unites-10.0 -t 10
(2026-08-08 21:31:02.171) [38;5;27mINFO[0m [savont] VERSION: 0.6.3
(2026-08-08 21:31:02.194) [38;5;27mINFO[0m [savont] Starting classification...
(2026-08-08 21:31:02.219) [38;5;27mINFO[0m [savont::databases] Detected database type 'unites-10.0' for /hlilab/jshaw/16s_ont/benchmark/reviewer_analyses/its_18s_benchmark/databases/unites-10.0
(2026-08-08 21:31:02.238) [38;5;27mINFO[0m [savont::taxonomy] Loading UNITES taxonomy from /hlilab/jshaw/16s_ont/benchmark/reviewer_analyses/its_18s_benchmark/databases/unites-10.0/unites_taxonomy.tsv
(2026-08-08 21:31:02.517) [38;5;27mINFO[0m [savont::taxonomy] Loaded 156820 UNITES taxonomy entries
(2026-08-08 21:31:02.517) [38;5;27mINFO[0m [savont::classify] Loading consensus sequences from /hlilab/jshaw/16s_ont/benchmark/reviewer_analyses/its_18s_benchmark/results/savont/its_500/final_asvs.fasta
(2026-08-08 21:31:02.518) [38;5;27mINFO[0m [savont::classify] Loaded 6 consensus sequences
(2026-08-08 21:31:02.538) [38;5;27mINFO[0m [savont::classify] Building minimap2 index from database FASTA: /hlilab/jshaw/16s_ont/benchmark/reviewer_analyses/its_18s_benchmark/databases/unites-10.0/unites_sequences.fasta
(2026-08-08 21:31:02.539) [38;5;27mINFO[0m [savont::classify] Loading pre-built minimap2 index: /hlilab/jshaw/16s_ont/benchmark/reviewer_analyses/its_18s_benchmark/databases/unites-10.0/unites_sequences.fasta.mmi
(2026-08-08 21:31:02.991) [38;5;27mINFO[0m [savont::classify] Aligning 6 consensus sequences to database
(2026-08-08 21:31:03.004) [38;5;27mINFO[0m [savont::classify] Collected 7 total mappings from 6 ASVs
(2026-08-08 21:31:03.014) [38;5;27mINFO[0m [savont::classify] Found 7 unique taxonomic IDs
(2026-08-08 21:31:03.014) [38;5;27mINFO[0m [savont::classify] Running EM algorithm to distribute abundances
(2026-08-08 21:31:03.014) [38;5;27mINFO[0m [savont::classify] Starting EM algorithm with 7 taxa and 7 mappings
(2026-08-08 21:31:03.014) [38;5;27mINFO[0m [savont::classify] EM converged after 2 iterations (max change: 0.000000e0)
(2026-08-08 21:31:03.038) [38;5;27mINFO[0m [savont::classify] Wrote species abundance table to /hlilab/jshaw/16s_ont/benchmark/reviewer_analyses/its_18s_benchmark/results/classification/its/savont/500/species_abundance.tsv
(2026-08-08 21:31:03.072) [38;5;27mINFO[0m [savont::classify] Wrote genus abundance table to /hlilab/jshaw/16s_ont/benchmark/reviewer_analyses/its_18s_benchmark/results/classification/its/savont/500/genus_abundance.tsv
(2026-08-08 21:31:03.106) [38;5;27mINFO[0m [savont::classify] Wrote ASV mappings table to /hlilab/jshaw/16s_ont/benchmark/reviewer_analyses/its_18s_benchmark/results/classification/its/savont/500/asv_mappings.tsv
(2026-08-08 21:31:03.106) [38;5;27mINFO[0m [savont::classify] Classification complete! Classified 6/6 ASVs
(2026-08-08 21:31:03.106) [38;5;27mINFO[0m [savont::classify] Classified 4/6 ASVs at species level
(2026-08-08 21:31:03.106) [38;5;27mINFO[0m [savont::classify] Classified 6/6 ASVs at genus level
