(2026-08-08 19:28:55.304) INFO [savont] COMMAND: /homes9/jshaw/.cargo/bin/savont asv -t 10 /hlilab/jshaw/16s_ont/benchmark/reviewer_analyses/read_accuracy_sensitivity/subsampled/mean_accuracy_98_reads_5792.fastq -o /hlilab/jshaw/16s_ont/benchmark/reviewer_analyses/read_accuracy_sensitivity/results/mean_accuracy_98/reads_5792
(2026-08-08 19:28:55.305) INFO [savont] VERSION: 0.6.3
(2026-08-08 19:28:55.305) INFO [savont] SYSTEM NAME: Rocky Linux
(2026-08-08 19:28:55.305) INFO [savont] SYSTEM HOST NAME: ara.dfci.harvard.edu
(2026-08-08 19:28:55.305) INFO [savont] Created temp directory for intermediate files: /hlilab/jshaw/16s_ont/benchmark/reviewer_analyses/read_accuracy_sensitivity/results/mean_accuracy_98/reads_5792/temp
(2026-08-08 19:28:55.322) INFO [savont] === SAVONT STARTED: Generating ASVs ===
(2026-08-08 19:28:55.322) INFO [savont] === STAGE 1: Processing k-mers and polymorphic markers ===
(2026-08-08 19:28:55.495) INFO [savont::seq_parse] Finished with k-mer counting in 172.833319ms. Total SNPmers after bloom filter: 361708
(2026-08-08 19:28:55.495) INFO [savont::utils] Memory usage after second round of k-mer counting processing --- Memory usage: 0.02 GB
(2026-08-08 19:28:55.528) INFO [savont::seq_parse] Removed 314209 SNPmers with counts < 1 in both strands and <= 3 multiplicity.
(2026-08-08 19:28:55.550) INFO [savont] Time elapsed in for counting k-mers is: 227.913658ms
(2026-08-08 19:28:55.571) INFO [savont::kmer_comp] Finding snpmers...
(2026-08-08 19:28:55.587) INFO [savont::kmer_comp] Number of snpmers: 554. 
(2026-08-08 19:28:55.608) INFO [savont] Time elapsed in for parsing snpmers is: 37.803093ms
(2026-08-08 19:28:55.609) INFO [savont::utils] STAGE 1 DONE: Obtained SNPmers --- Memory usage: 0.01 GB
(2026-08-08 19:28:55.629) INFO [savont] Using blockmers: false
(2026-08-08 19:28:55.629) INFO [savont] Getting reads...
(2026-08-08 19:28:55.648) INFO [savont::kmer_comp] Number of reads removed due to length filtering: 0.
(2026-08-08 19:28:55.791) INFO [savont::kmer_comp] Number of valid reads  - 5792. Number of reads below quality threshold - 2174.
(2026-08-08 19:28:55.794) INFO [savont::kmer_comp] Mean SNPmer density: 3.12%
(2026-08-08 19:28:55.809) INFO [savont::kmer_comp] Mean Blockmer density: 0.00%
(2026-08-08 19:28:55.816) INFO [savont] Total reads: 3618, Reads without SNPmers: 0 (0.00%)
(2026-08-08 19:28:55.828) INFO [savont] === STAGE 2: Clustering reads by k-mers ===
(2026-08-08 19:28:55.828) INFO [savont::asv_cluster] Starting greedy k-mer based clustering...
(2026-08-08 19:28:55.893) INFO [savont::asv_cluster] Greedy clustering complete. 11 cluster representatives found
(2026-08-08 19:28:55.895) INFO [savont::asv_cluster] K-mer clustering complete. 8 clusters found. Largest cluster: 782 reads
(2026-08-08 19:28:55.916) INFO [savont::asv_cluster] Wrote k-mer clusters to /hlilab/jshaw/16s_ont/benchmark/reviewer_analyses/read_accuracy_sensitivity/results/mean_accuracy_98/reads_5792/temp/kmer_clusters_stage2.tsv
(2026-08-08 19:28:55.942) INFO [savont::utils] STAGE 2 DONE: Clustered reads by k-mers --- Memory usage: 0.05 GB
(2026-08-08 19:28:55.961) INFO [savont] === STAGE 3: Secondary clustering of reads by polymorphic markers ===
(2026-08-08 19:28:55.961) INFO [savont::asv_cluster] Starting greedy SNPmer-based clustering within k-mer clusters...
(2026-08-08 19:28:55.964) INFO [savont::asv_cluster] Wrote SNPmer clusters to /hlilab/jshaw/16s_ont/benchmark/reviewer_analyses/read_accuracy_sensitivity/results/mean_accuracy_98/reads_5792/temp/snpmer_clusters_before_reclust2.5.tsv
(2026-08-08 19:28:55.980) INFO [savont::asv_cluster] Starting iterative reclustering using consensus representatives...
(2026-08-08 19:28:55.980) INFO [savont::asv_cluster] Starting with 8 k-mer groups containing 25 total SNPmer clusters
(2026-08-08 19:28:55.986) INFO [savont::asv_cluster] Iteration 1: 0 total merges, 307 total reassignments across 7 k-mer groups
(2026-08-08 19:28:56.008) INFO [savont::asv_cluster] Convergence reached after 1 iterations
(2026-08-08 19:28:56.008) INFO [savont::asv_cluster] Final result: 25 total clusters across 7 k-mer groups
(2026-08-08 19:28:56.008) INFO [savont::asv_cluster] SNPmer clustering complete. 25 total SNPmer clusters from 8 k-mer clusters
(2026-08-08 19:28:56.071) INFO [savont::utils] STAGE 3 DONE: Clustered reads by polymorphic markers --- Memory usage: 0.05 GB
(2026-08-08 19:28:56.081) INFO [savont] === STAGE 4: Generating consensus sequences and analyzing pileupes ===
(2026-08-08 19:28:56.081) INFO [savont::alignment] Generating consensus sequences from SNPmer clusters...
(2026-08-08 19:28:56.472) INFO [savont::alignment] Wrote 25 consensus sequences to consensus_sequences.fasta
(2026-08-08 19:28:56.748) INFO [savont::alignment] Analyzing quality error rates from top 3 clusters
(2026-08-08 19:28:57.025) INFO [savont::alignment] Low quality consensus sequences: []
(2026-08-08 19:28:57.027) INFO [savont::alignment] Wrote low quality cluster information to low_quality_clusters.tsv
(2026-08-08 19:28:57.073) INFO [savont::alignment] Wrote cluster information before filtering to clusters_after_quality_filter_stage4.tsv
(2026-08-08 19:28:57.073) INFO [savont::alignment] Polishing complete
(2026-08-08 19:28:57.087) INFO [savont::utils] STAGE 4 DONE: Analyzed pileups and estimated consensus qualities --- Memory usage: 0.35 GB
(2026-08-08 19:28:57.090) INFO [savont] === STAGE 5: Merging similar consensus sequences ===
(2026-08-08 19:28:57.090) INFO [savont::alignment] Removing duplicate consensus sequences based on k-mer similarity
(2026-08-08 19:28:57.093) INFO [savont::alignment] Reduced consensus sequences from 25 to 25 after k-mer based deduplication
(2026-08-08 19:28:57.121) INFO [savont::alignment] Wrote 25 polished consensus sequences to polished_consensuses.fasta
(2026-08-08 19:28:57.130) INFO [savont::alignment] Merging 0 low quality consensuses into high quality consensuses
(2026-08-08 19:28:57.130) INFO [savont::alignment] Merging similar consensus sequences based on alignment and depth criteria
(2026-08-08 19:28:57.139) INFO [savont::alignment] Consensus merging complete: 25 -> 23 consensuses
(2026-08-08 19:28:57.231) INFO [savont::alignment] Wrote 23 merged consensus sequences to merged_consensus_sequences.fasta
(2026-08-08 19:28:57.236) INFO [savont::utils] STAGE 5 DONE: Merged similar consensus sequences --- Memory usage: 0.35 GB
(2026-08-08 19:28:57.236) INFO [savont] === STAGE 6: Detecting and filtering chimeric consensus sequences ===
(2026-08-08 19:28:57.236) INFO [savont::chimera] Starting chimera detection for 23 consensuses
(2026-08-08 19:28:57.236) INFO [savont::chimera] Calculating pairwise similarities for 23 consensuses (using decompressed sequences)
(2026-08-08 19:28:57.291) INFO [savont::chimera] Filtered 0 chimeric consensuses with mean chimera score NaN and std NaN, 23 remaining
(2026-08-08 19:28:57.295) INFO [savont::utils] STAGE 6 DONE: Filtered chimeric consensus sequences --- Memory usage: 0.36 GB
(2026-08-08 19:28:57.295) INFO [savont] === Final consensus count after chimera filtering: 23 ===
(2026-08-08 19:28:57.295) INFO [savont] === STAGE 7: Refining ASV depths with alignments and EM algorithm ===
(2026-08-08 19:28:57.296) INFO [savont::alignment] Refining ASV depths using EM algorithm with k-mer based read mapping
(2026-08-08 19:28:57.339) INFO [savont::alignment] Loaded 23 ASVs as TwinReads for k-mer comparison
(2026-08-08 19:28:57.340) INFO [savont::alignment] Built SNPmer index with 155 unique splitmers
(2026-08-08 19:28:57.340) INFO [savont::alignment] Mapping 3618 reads to 23 ASVs using k-mer comparison
(2026-08-08 19:28:58.000) INFO [savont::alignment] Filtered 0 reads with ratio > 0.005
(2026-08-08 19:28:58.000) INFO [savont::alignment] Total assigned reads: 3618
(2026-08-08 19:28:58.000) INFO [savont::alignment] Total percentage assigned: 100.00%
(2026-08-08 19:28:58.000) INFO [savont::alignment] Number of unique equivalence classes: 27
(2026-08-08 19:28:58.000) INFO [savont::alignment] Running EM algorithm with convergence threshold: 2.763958e-6
(2026-08-08 19:28:58.000) INFO [savont::alignment] EM converged after 5 iterations (max change: 1.319421e-6)
(2026-08-08 19:28:58.000) INFO [savont::alignment] Updating ASV depths based on EM abundances
(2026-08-08 19:28:58.000) INFO [savont::alignment] EM refinement complete: 23 ASVs remaining
(2026-08-08 19:28:58.067) INFO [savont::utils] STAGE 7 DONE: Refined ASV depths with EM algorithm --- Memory usage: 0.36 GB
(2026-08-08 19:28:58.068) INFO [savont] Final consensus count after EM refinement: 23
(2026-08-08 19:28:58.101) INFO [savont] Wrote 23 final consensus sequences to final_asvs.fasta
(2026-08-08 19:28:58.128) INFO [savont] Wrote feature-table.tsv (QIIME2-compatible)
(2026-08-08 19:28:58.165) INFO [savont] === SAVONT COMPLETED SUCCESSFULLY in 2 SECONDS ===
