(2026-08-08 14:52:35.337) INFO [savont] COMMAND: /homes9/jshaw/.cargo/bin/savont asv -t 10 /hlilab/jshaw/16s_ont/benchmark/results-FINAL-preprint/subsampled/v1v8_zmock1_frac5792.093186649751.fastq -o /hlilab/jshaw/16s_ont/benchmark/reviewer_analyses/min_cluster_sensitivity/results/reads_5792/min_cluster_20 --min-cluster-size 20
(2026-08-08 14:52:35.338) INFO [savont] VERSION: 0.6.2
(2026-08-08 14:52:35.338) INFO [savont] SYSTEM NAME: Rocky Linux
(2026-08-08 14:52:35.338) INFO [savont] SYSTEM HOST NAME: ara.dfci.harvard.edu
(2026-08-08 14:52:35.339) INFO [savont] Created temp directory for intermediate files: /hlilab/jshaw/16s_ont/benchmark/reviewer_analyses/min_cluster_sensitivity/results/reads_5792/min_cluster_20/temp
(2026-08-08 14:52:35.366) INFO [savont] === SAVONT STARTED: Generating ASVs ===
(2026-08-08 14:52:35.366) INFO [savont] === STAGE 1: Processing k-mers and polymorphic markers ===
(2026-08-08 14:52:35.497) INFO [savont::seq_parse] Finished with k-mer counting in 130.87672ms. Total SNPmers after bloom filter: 162272
(2026-08-08 14:52:35.498) INFO [savont::utils] Memory usage after second round of k-mer counting processing --- Memory usage: 0.01 GB
(2026-08-08 14:52:35.499) INFO [savont::seq_parse] Removed 150498 SNPmers with counts < 1 in both strands and <= 3 multiplicity.
(2026-08-08 14:52:35.500) INFO [savont] Time elapsed in for counting k-mers is: 133.686749ms
(2026-08-08 14:52:35.522) INFO [savont::kmer_comp] Finding snpmers...
(2026-08-08 14:52:35.542) INFO [savont::kmer_comp] Number of snpmers: 156. 
(2026-08-08 14:52:35.565) INFO [savont] Time elapsed in for parsing snpmers is: 43.251694ms
(2026-08-08 14:52:35.565) INFO [savont::utils] STAGE 1 DONE: Obtained SNPmers --- Memory usage: 0.01 GB
(2026-08-08 14:52:35.584) INFO [savont] Using blockmers: false
(2026-08-08 14:52:35.584) INFO [savont] Getting reads...
(2026-08-08 14:52:35.600) INFO [savont::kmer_comp] Number of reads removed due to length filtering: 12.
(2026-08-08 14:52:35.732) INFO [savont::kmer_comp] Number of valid reads  - 5780. Number of reads below quality threshold - 258.
(2026-08-08 14:52:35.732) INFO [savont::kmer_comp] Mean SNPmer density: 3.77%
(2026-08-08 14:52:35.753) INFO [savont::kmer_comp] Mean Blockmer density: 0.00%
(2026-08-08 14:52:35.766) INFO [savont] Total reads: 5522, Reads without SNPmers: 0 (0.00%)
(2026-08-08 14:52:35.766) INFO [savont] === STAGE 2: Clustering reads by k-mers ===
(2026-08-08 14:52:35.766) INFO [savont::asv_cluster] Starting greedy k-mer based clustering...
(2026-08-08 14:52:35.934) INFO [savont::asv_cluster] Greedy clustering complete. 31 cluster representatives found
(2026-08-08 14:52:35.935) INFO [savont::asv_cluster] K-mer clustering complete. 17 clusters found. Largest cluster: 1131 reads
(2026-08-08 14:52:35.935) INFO [savont::asv_cluster] Wrote k-mer clusters to /hlilab/jshaw/16s_ont/benchmark/reviewer_analyses/min_cluster_sensitivity/results/reads_5792/min_cluster_20/temp/kmer_clusters_stage2.tsv
(2026-08-08 14:52:35.963) INFO [savont::utils] STAGE 2 DONE: Clustered reads by k-mers --- Memory usage: 0.05 GB
(2026-08-08 14:52:35.971) INFO [savont] === STAGE 3: Secondary clustering of reads by polymorphic markers ===
(2026-08-08 14:52:35.971) INFO [savont::asv_cluster] Starting greedy SNPmer-based clustering within k-mer clusters...
(2026-08-08 14:52:35.993) INFO [savont::asv_cluster] Wrote SNPmer clusters to /hlilab/jshaw/16s_ont/benchmark/reviewer_analyses/min_cluster_sensitivity/results/reads_5792/min_cluster_20/temp/snpmer_clusters_before_reclust2.5.tsv
(2026-08-08 14:52:35.994) INFO [savont::asv_cluster] Starting iterative reclustering using consensus representatives...
(2026-08-08 14:52:35.994) INFO [savont::asv_cluster] Starting with 17 k-mer groups containing 43 total SNPmer clusters
(2026-08-08 14:52:36.002) INFO [savont::asv_cluster] Iteration 1: 6 total merges, 182 total reassignments across 10 k-mer groups
(2026-08-08 14:52:36.007) INFO [savont::asv_cluster] Iteration 2: 0 total merges, 3 total reassignments across 10 k-mer groups
(2026-08-08 14:52:36.007) INFO [savont::asv_cluster] Convergence reached after 2 iterations
(2026-08-08 14:52:36.007) INFO [savont::asv_cluster] Final result: 33 total clusters across 10 k-mer groups
(2026-08-08 14:52:36.007) INFO [savont::asv_cluster] SNPmer clustering complete. 33 total SNPmer clusters from 17 k-mer clusters
(2026-08-08 14:52:36.076) INFO [savont::utils] STAGE 3 DONE: Clustered reads by polymorphic markers --- Memory usage: 0.05 GB
(2026-08-08 14:52:36.076) INFO [savont] === STAGE 4: Generating consensus sequences and analyzing pileupes ===
(2026-08-08 14:52:36.076) INFO [savont::alignment] Generating consensus sequences from SNPmer clusters...
(2026-08-08 14:52:36.513) INFO [savont::alignment] Wrote 33 consensus sequences to consensus_sequences.fasta
(2026-08-08 14:52:36.800) INFO [savont::alignment] Analyzing quality error rates from top 3 clusters
(2026-08-08 14:52:37.110) INFO [savont::alignment] Low quality consensus sequences: []
(2026-08-08 14:52:37.111) INFO [savont::alignment] Wrote low quality cluster information to low_quality_clusters.tsv
(2026-08-08 14:52:37.155) INFO [savont::alignment] Wrote cluster information before filtering to clusters_after_quality_filter_stage4.tsv
(2026-08-08 14:52:37.164) INFO [savont::alignment] Polishing complete
(2026-08-08 14:52:37.176) INFO [savont::utils] STAGE 4 DONE: Analyzed pileups and estimated consensus qualities --- Memory usage: 0.30 GB
(2026-08-08 14:52:37.192) INFO [savont] === STAGE 5: Merging similar consensus sequences ===
(2026-08-08 14:52:37.217) INFO [savont::alignment] Removing duplicate consensus sequences based on k-mer similarity
(2026-08-08 14:52:37.220) INFO [savont::alignment] Reduced consensus sequences from 33 to 32 after k-mer based deduplication
(2026-08-08 14:52:37.251) INFO [savont::alignment] Wrote 32 polished consensus sequences to polished_consensuses.fasta
(2026-08-08 14:52:37.267) INFO [savont::alignment] Merging 0 low quality consensuses into high quality consensuses
(2026-08-08 14:52:37.267) INFO [savont::alignment] Merging similar consensus sequences based on alignment and depth criteria
(2026-08-08 14:52:37.277) INFO [savont::alignment] Consensus merging complete: 32 -> 24 consensuses
(2026-08-08 14:52:37.347) INFO [savont::alignment] Wrote 24 merged consensus sequences to merged_consensus_sequences.fasta
(2026-08-08 14:52:37.352) INFO [savont::utils] STAGE 5 DONE: Merged similar consensus sequences --- Memory usage: 0.30 GB
(2026-08-08 14:52:37.369) INFO [savont] === STAGE 6: Detecting and filtering chimeric consensus sequences ===
(2026-08-08 14:52:37.369) INFO [savont::chimera] Starting chimera detection for 24 consensuses
(2026-08-08 14:52:37.369) INFO [savont::chimera] Calculating pairwise similarities for 24 consensuses (using decompressed sequences)
(2026-08-08 14:52:37.412) INFO [savont::chimera] Filtered 0 chimeric consensuses with mean chimera score NaN and std NaN, 24 remaining
(2026-08-08 14:52:37.416) INFO [savont::utils] STAGE 6 DONE: Filtered chimeric consensus sequences --- Memory usage: 0.32 GB
(2026-08-08 14:52:37.446) INFO [savont] === Final consensus count after chimera filtering: 24 ===
(2026-08-08 14:52:37.446) INFO [savont] === STAGE 7: Refining ASV depths with alignments and EM algorithm ===
(2026-08-08 14:52:37.446) INFO [savont::alignment] Refining ASV depths using EM algorithm with k-mer based read mapping
(2026-08-08 14:52:37.504) INFO [savont::alignment] Loaded 24 ASVs as TwinReads for k-mer comparison
(2026-08-08 14:52:37.504) INFO [savont::alignment] Built SNPmer index with 152 unique splitmers
(2026-08-08 14:52:37.536) INFO [savont::alignment] Mapping 5522 reads to 24 ASVs using k-mer comparison
(2026-08-08 14:52:38.482) INFO [savont::alignment] Filtered 485 reads with ratio > 0.005
(2026-08-08 14:52:38.482) INFO [savont::alignment] Total assigned reads: 5037
(2026-08-08 14:52:38.482) INFO [savont::alignment] Total percentage assigned: 91.22%
(2026-08-08 14:52:38.482) INFO [savont::alignment] Number of unique equivalence classes: 39
(2026-08-08 14:52:38.482) INFO [savont::alignment] Running EM algorithm with convergence threshold: 1.985309e-6
(2026-08-08 14:52:38.482) INFO [savont::alignment] EM converged after 7 iterations (max change: 6.338955e-7)
(2026-08-08 14:52:38.482) INFO [savont::alignment] Updating ASV depths based on EM abundances
(2026-08-08 14:52:38.482) INFO [savont::alignment] EM refinement complete: 24 ASVs remaining
(2026-08-08 14:52:38.548) INFO [savont::utils] STAGE 7 DONE: Refined ASV depths with EM algorithm --- Memory usage: 0.32 GB
(2026-08-08 14:52:38.548) INFO [savont] Final consensus count after EM refinement: 24
(2026-08-08 14:52:38.585) INFO [savont] Wrote 24 final consensus sequences to final_asvs.fasta
(2026-08-08 14:52:38.616) INFO [savont] Wrote feature-table.tsv (QIIME2-compatible)
(2026-08-08 14:52:38.659) INFO [savont] === SAVONT COMPLETED SUCCESSFULLY in 3 SECONDS ===
