(2026-08-10 12:59:32.871) [38;5;27mINFO[0m [savont] COMMAND: /homes9/jshaw/.cargo/bin/savont classify -i /hlilab/jshaw/16s_ont/benchmark/reviewer_analyses/its_18s_benchmark/results/unoise_classify_input/unoise_min3/its_2500 -o /hlilab/jshaw/16s_ont/benchmark/reviewer_analyses/its_18s_benchmark/results/classification/its/unoise_min3/2500 -d /hlilab/jshaw/16s_ont/benchmark/reviewer_analyses/its_18s_benchmark/databases/unites-10.0 -t 10
(2026-08-10 12:59:32.872) [38;5;27mINFO[0m [savont] VERSION: 0.6.3
(2026-08-10 12:59:32.874) [38;5;27mINFO[0m [savont] Starting classification...
(2026-08-10 12:59:32.875) [38;5;27mINFO[0m [savont::databases] Detected database type 'unites-10.0' for /hlilab/jshaw/16s_ont/benchmark/reviewer_analyses/its_18s_benchmark/databases/unites-10.0
(2026-08-10 12:59:32.875) [38;5;27mINFO[0m [savont::taxonomy] Loading UNITES taxonomy from /hlilab/jshaw/16s_ont/benchmark/reviewer_analyses/its_18s_benchmark/databases/unites-10.0/unites_taxonomy.tsv
(2026-08-10 12:59:33.099) [38;5;27mINFO[0m [savont::taxonomy] Loaded 156820 UNITES taxonomy entries
(2026-08-10 12:59:33.099) [38;5;27mINFO[0m [savont::classify] Loading consensus sequences from /hlilab/jshaw/16s_ont/benchmark/reviewer_analyses/its_18s_benchmark/results/unoise_classify_input/unoise_min3/its_2500/final_asvs.fasta
(2026-08-10 12:59:33.100) [38;5;27mINFO[0m [savont::classify] Loaded 3 consensus sequences
(2026-08-10 12:59:33.100) [38;5;27mINFO[0m [savont::classify] Building minimap2 index from database FASTA: /hlilab/jshaw/16s_ont/benchmark/reviewer_analyses/its_18s_benchmark/databases/unites-10.0/unites_sequences.fasta
(2026-08-10 12:59:33.101) [38;5;27mINFO[0m [savont::classify] Loading pre-built minimap2 index: /hlilab/jshaw/16s_ont/benchmark/reviewer_analyses/its_18s_benchmark/databases/unites-10.0/unites_sequences.fasta.mmi
(2026-08-10 12:59:33.564) [38;5;27mINFO[0m [savont::classify] Aligning 3 consensus sequences to database
(2026-08-10 12:59:33.574) [38;5;27mINFO[0m [savont::classify] Collected 3 total mappings from 3 ASVs
(2026-08-10 12:59:33.604) [38;5;27mINFO[0m [savont::classify] Found 3 unique taxonomic IDs
(2026-08-10 12:59:33.604) [38;5;27mINFO[0m [savont::classify] Running EM algorithm to distribute abundances
(2026-08-10 12:59:33.604) [38;5;27mINFO[0m [savont::classify] Starting EM algorithm with 3 taxa and 3 mappings
(2026-08-10 12:59:33.604) [38;5;27mINFO[0m [savont::classify] EM converged after 2 iterations (max change: 2.775558e-17)
(2026-08-10 12:59:33.634) [38;5;27mINFO[0m [savont::classify] Wrote species abundance table to /hlilab/jshaw/16s_ont/benchmark/reviewer_analyses/its_18s_benchmark/results/classification/its/unoise_min3/2500/species_abundance.tsv
(2026-08-10 12:59:33.660) [38;5;27mINFO[0m [savont::classify] Wrote genus abundance table to /hlilab/jshaw/16s_ont/benchmark/reviewer_analyses/its_18s_benchmark/results/classification/its/unoise_min3/2500/genus_abundance.tsv
(2026-08-10 12:59:33.685) [38;5;27mINFO[0m [savont::classify] Wrote ASV mappings table to /hlilab/jshaw/16s_ont/benchmark/reviewer_analyses/its_18s_benchmark/results/classification/its/unoise_min3/2500/asv_mappings.tsv
(2026-08-10 12:59:33.710) [38;5;27mINFO[0m [savont::classify] Classification complete! Classified 3/3 ASVs
(2026-08-10 12:59:33.710) [38;5;27mINFO[0m [savont::classify] Classified 2/3 ASVs at species level
(2026-08-10 12:59:33.710) [38;5;27mINFO[0m [savont::classify] Classified 3/3 ASVs at genus level
