(2026-08-08 17:33:44.885) INFO [savont] COMMAND: /homes9/jshaw/.cargo/bin/savont asv -t 10 /hlilab/jshaw/16s_ont/benchmark/results-FINAL-preprint/subsampled/v1v8_zmock1_frac25450.286947322187.fastq -o /hlilab/jshaw/16s_ont/benchmark/reviewer_analyses/primary_clustering_threshold_sensitivity/results/reads_25450/threshold_0.99 --primary-clustering-threshold 0.99
(2026-08-08 17:33:44.886) INFO [savont] VERSION: 0.6.3
(2026-08-08 17:33:44.886) INFO [savont] SYSTEM NAME: Rocky Linux
(2026-08-08 17:33:44.886) INFO [savont] SYSTEM HOST NAME: ara.dfci.harvard.edu
(2026-08-08 17:33:44.886) INFO [savont] Created temp directory for intermediate files: /hlilab/jshaw/16s_ont/benchmark/reviewer_analyses/primary_clustering_threshold_sensitivity/results/reads_25450/threshold_0.99/temp
(2026-08-08 17:33:44.886) INFO [savont] === SAVONT STARTED: Generating ASVs ===
(2026-08-08 17:33:44.886) INFO [savont] === STAGE 1: Processing k-mers and polymorphic markers ===
(2026-08-08 17:33:45.414) INFO [savont::seq_parse] Finished with k-mer counting in 527.243586ms. Total SNPmers after bloom filter: 359700
(2026-08-08 17:33:45.414) INFO [savont::utils] Memory usage after second round of k-mer counting processing --- Memory usage: 0.02 GB
(2026-08-08 17:33:45.418) INFO [savont::seq_parse] Removed 308403 SNPmers with counts < 1 in both strands and <= 3 multiplicity.
(2026-08-08 17:33:45.419) INFO [savont] Time elapsed in for counting k-mers is: 532.608287ms
(2026-08-08 17:33:45.419) INFO [savont::kmer_comp] Finding snpmers...
(2026-08-08 17:33:45.426) INFO [savont::kmer_comp] Number of snpmers: 522. 
(2026-08-08 17:33:45.426) INFO [savont] Time elapsed in for parsing snpmers is: 7.009247ms
(2026-08-08 17:33:45.426) INFO [savont::utils] STAGE 1 DONE: Obtained SNPmers --- Memory usage: 0.01 GB
(2026-08-08 17:33:45.426) INFO [savont] Using blockmers: false
(2026-08-08 17:33:45.426) INFO [savont] Getting reads...
(2026-08-08 17:33:45.501) INFO [savont::kmer_comp] Number of reads removed due to length filtering: 43.
(2026-08-08 17:33:46.122) INFO [savont::kmer_comp] Number of valid reads  - 25407. Number of reads below quality threshold - 1099.
(2026-08-08 17:33:46.125) INFO [savont::kmer_comp] Mean SNPmer density: 3.83%
(2026-08-08 17:33:46.125) INFO [savont::kmer_comp] Mean Blockmer density: 0.00%
(2026-08-08 17:33:46.186) INFO [savont] Total reads: 24308, Reads without SNPmers: 0 (0.00%)
(2026-08-08 17:33:46.186) INFO [savont] === STAGE 2: Clustering reads by k-mers ===
(2026-08-08 17:33:46.186) INFO [savont::asv_cluster] Starting greedy k-mer based clustering...
(2026-08-08 17:33:47.264) INFO [savont::asv_cluster] Processed 10000 / 24308 reads. Current representatives: 1061
(2026-08-08 17:33:48.868) INFO [savont::asv_cluster] Processed 20000 / 24308 reads. Current representatives: 2709
(2026-08-08 17:33:49.878) INFO [savont::asv_cluster] Greedy clustering complete. 5153 cluster representatives found
(2026-08-08 17:33:49.886) INFO [savont::asv_cluster] K-mer clustering complete. 213 clusters found. Largest cluster: 3380 reads
(2026-08-08 17:33:49.902) INFO [savont::asv_cluster] Wrote k-mer clusters to /hlilab/jshaw/16s_ont/benchmark/reviewer_analyses/primary_clustering_threshold_sensitivity/results/reads_25450/threshold_0.99/temp/kmer_clusters_stage2.tsv
(2026-08-08 17:33:49.931) INFO [savont::utils] STAGE 2 DONE: Clustered reads by k-mers --- Memory usage: 0.17 GB
(2026-08-08 17:33:49.931) INFO [savont] === STAGE 3: Secondary clustering of reads by polymorphic markers ===
(2026-08-08 17:33:49.931) INFO [savont::asv_cluster] Starting greedy SNPmer-based clustering within k-mer clusters...
(2026-08-08 17:33:49.935) INFO [savont::asv_cluster] Processed 100 / 213 k-mer clusters for SNPmer clustering
(2026-08-08 17:33:49.937) INFO [savont::asv_cluster] Processed 200 / 213 k-mer clusters for SNPmer clustering
(2026-08-08 17:33:50.009) INFO [savont::asv_cluster] Wrote SNPmer clusters to /hlilab/jshaw/16s_ont/benchmark/reviewer_analyses/primary_clustering_threshold_sensitivity/results/reads_25450/threshold_0.99/temp/snpmer_clusters_before_reclust2.5.tsv
(2026-08-08 17:33:50.009) INFO [savont::asv_cluster] Starting iterative reclustering using consensus representatives...
(2026-08-08 17:33:50.009) INFO [savont::asv_cluster] Starting with 213 k-mer groups containing 241 total SNPmer clusters
(2026-08-08 17:33:50.056) INFO [savont::asv_cluster] Iteration 1: 38 total merges, 1030 total reassignments across 124 k-mer groups
(2026-08-08 17:33:50.084) INFO [savont::asv_cluster] Iteration 2: 0 total merges, 20 total reassignments across 124 k-mer groups
(2026-08-08 17:33:50.084) INFO [savont::asv_cluster] Convergence reached after 2 iterations
(2026-08-08 17:33:50.084) INFO [savont::asv_cluster] Final result: 165 total clusters across 124 k-mer groups
(2026-08-08 17:33:50.109) INFO [savont::asv_cluster] SNPmer clustering complete. 165 total SNPmer clusters from 213 k-mer clusters
(2026-08-08 17:33:50.182) INFO [savont::utils] STAGE 3 DONE: Clustered reads by polymorphic markers --- Memory usage: 0.18 GB
(2026-08-08 17:33:50.182) INFO [savont] === STAGE 4: Generating consensus sequences and analyzing pileupes ===
(2026-08-08 17:33:50.182) INFO [savont::alignment] Generating consensus sequences from SNPmer clusters...
(2026-08-08 17:33:51.317) INFO [savont::alignment] Wrote 165 consensus sequences to consensus_sequences.fasta
(2026-08-08 17:33:52.234) INFO [savont::alignment] Analyzing quality error rates from top 17 clusters
(2026-08-08 17:33:53.081) INFO [savont::alignment] Low quality consensus sequences: [44, 55, 67, 69, 77, 91, 93, 97, 117, 119, 122, 130, 135, 137, 141, 147, 148, 150, 158, 163, 164]
(2026-08-08 17:33:53.107) INFO [savont::alignment] Wrote low quality cluster information to low_quality_clusters.tsv
(2026-08-08 17:33:53.154) INFO [savont::alignment] Wrote cluster information before filtering to clusters_after_quality_filter_stage4.tsv
(2026-08-08 17:33:53.155) INFO [savont::alignment] Polishing complete
(2026-08-08 17:33:53.195) INFO [savont::utils] STAGE 4 DONE: Analyzed pileups and estimated consensus qualities --- Memory usage: 0.90 GB
(2026-08-08 17:33:53.223) INFO [savont] === STAGE 5: Merging similar consensus sequences ===
(2026-08-08 17:33:53.223) INFO [savont::alignment] Removing duplicate consensus sequences based on k-mer similarity
(2026-08-08 17:33:53.266) INFO [savont::alignment] Reduced consensus sequences from 144 to 100 after k-mer based deduplication
(2026-08-08 17:33:53.296) INFO [savont::alignment] Wrote 100 polished consensus sequences to polished_consensuses.fasta
(2026-08-08 17:33:53.302) INFO [savont::alignment] Merging 21 low quality consensuses into high quality consensuses
(2026-08-08 17:33:53.345) INFO [savont::alignment] Merging similar consensus sequences based on alignment and depth criteria
(2026-08-08 17:33:53.421) INFO [savont::alignment] Consensus merging complete: 100 -> 53 consensuses
(2026-08-08 17:33:53.496) INFO [savont::alignment] Wrote 53 merged consensus sequences to merged_consensus_sequences.fasta
(2026-08-08 17:33:53.507) INFO [savont::utils] STAGE 5 DONE: Merged similar consensus sequences --- Memory usage: 0.90 GB
(2026-08-08 17:33:53.526) INFO [savont] === STAGE 6: Detecting and filtering chimeric consensus sequences ===
(2026-08-08 17:33:53.526) INFO [savont::chimera] Starting chimera detection for 53 consensuses
(2026-08-08 17:33:53.526) INFO [savont::chimera] Calculating pairwise similarities for 53 consensuses (using decompressed sequences)
(2026-08-08 17:33:53.688) INFO [savont::chimera] Filtered 28 chimeric consensuses with mean chimera score 0.00 and std 0.00, 25 remaining
(2026-08-08 17:33:53.698) INFO [savont::utils] STAGE 6 DONE: Filtered chimeric consensus sequences --- Memory usage: 0.88 GB
(2026-08-08 17:33:53.708) INFO [savont] === Final consensus count after chimera filtering: 25 ===
(2026-08-08 17:33:53.708) INFO [savont] === STAGE 7: Refining ASV depths with alignments and EM algorithm ===
(2026-08-08 17:33:53.709) INFO [savont::alignment] Refining ASV depths using EM algorithm with k-mer based read mapping
(2026-08-08 17:33:53.772) INFO [savont::alignment] Loaded 25 ASVs as TwinReads for k-mer comparison
(2026-08-08 17:33:53.772) INFO [savont::alignment] Built SNPmer index with 159 unique splitmers
(2026-08-08 17:33:53.799) INFO [savont::alignment] Mapping 24308 reads to 25 ASVs using k-mer comparison
(2026-08-08 17:33:55.908) INFO [savont::alignment] Filtered 2153 reads with ratio > 0.005
(2026-08-08 17:33:55.908) INFO [savont::alignment] Total assigned reads: 22155
(2026-08-08 17:33:55.908) INFO [savont::alignment] Total percentage assigned: 91.14%
(2026-08-08 17:33:55.908) INFO [savont::alignment] Number of unique equivalence classes: 54
(2026-08-08 17:33:55.908) INFO [savont::alignment] Running EM algorithm with convergence threshold: 4.513654e-7
(2026-08-08 17:33:55.908) INFO [savont::alignment] EM converged after 8 iterations (max change: 1.948196e-7)
(2026-08-08 17:33:55.908) INFO [savont::alignment] Updating ASV depths based on EM abundances
(2026-08-08 17:33:55.908) INFO [savont::alignment] EM refinement complete: 25 ASVs remaining
(2026-08-08 17:33:56.005) INFO [savont::utils] STAGE 7 DONE: Refined ASV depths with EM algorithm --- Memory usage: 0.83 GB
(2026-08-08 17:33:56.005) INFO [savont] Final consensus count after EM refinement: 25
(2026-08-08 17:33:56.039) INFO [savont] Wrote 25 final consensus sequences to final_asvs.fasta
(2026-08-08 17:33:56.065) INFO [savont] Wrote feature-table.tsv (QIIME2-compatible)
(2026-08-08 17:33:56.233) INFO [savont] === SAVONT COMPLETED SUCCESSFULLY in 11 SECONDS ===
