(2026-08-08 19:29:19.455) INFO [savont] COMMAND: /homes9/jshaw/.cargo/bin/savont asv -t 10 /hlilab/jshaw/16s_ont/benchmark/reviewer_analyses/read_accuracy_sensitivity/subsampled/mean_accuracy_99_reads_5792.fastq -o /hlilab/jshaw/16s_ont/benchmark/reviewer_analyses/read_accuracy_sensitivity/results/mean_accuracy_99/reads_5792
(2026-08-08 19:29:19.456) INFO [savont] VERSION: 0.6.3
(2026-08-08 19:29:19.456) INFO [savont] SYSTEM NAME: Rocky Linux
(2026-08-08 19:29:19.456) INFO [savont] SYSTEM HOST NAME: ara.dfci.harvard.edu
(2026-08-08 19:29:19.457) INFO [savont] Created temp directory for intermediate files: /hlilab/jshaw/16s_ont/benchmark/reviewer_analyses/read_accuracy_sensitivity/results/mean_accuracy_99/reads_5792/temp
(2026-08-08 19:29:19.478) INFO [savont] === SAVONT STARTED: Generating ASVs ===
(2026-08-08 19:29:19.478) INFO [savont] === STAGE 1: Processing k-mers and polymorphic markers ===
(2026-08-08 19:29:19.652) INFO [savont::seq_parse] Finished with k-mer counting in 173.822456ms. Total SNPmers after bloom filter: 207107
(2026-08-08 19:29:19.653) INFO [savont::utils] Memory usage after second round of k-mer counting processing --- Memory usage: 0.02 GB
(2026-08-08 19:29:19.674) INFO [savont::seq_parse] Removed 185883 SNPmers with counts < 1 in both strands and <= 3 multiplicity.
(2026-08-08 19:29:19.689) INFO [savont] Time elapsed in for counting k-mers is: 210.797874ms
(2026-08-08 19:29:19.716) INFO [savont::kmer_comp] Finding snpmers...
(2026-08-08 19:29:19.741) INFO [savont::kmer_comp] Number of snpmers: 226. 
(2026-08-08 19:29:19.762) INFO [savont] Time elapsed in for parsing snpmers is: 46.243571ms
(2026-08-08 19:29:19.763) INFO [savont::utils] STAGE 1 DONE: Obtained SNPmers --- Memory usage: 0.02 GB
(2026-08-08 19:29:19.794) INFO [savont] Using blockmers: false
(2026-08-08 19:29:19.794) INFO [savont] Getting reads...
(2026-08-08 19:29:19.816) INFO [savont::kmer_comp] Number of reads removed due to length filtering: 0.
(2026-08-08 19:29:19.952) INFO [savont::kmer_comp] Number of valid reads  - 5792. Number of reads below quality threshold - 860.
(2026-08-08 19:29:19.953) INFO [savont::kmer_comp] Mean SNPmer density: 3.24%
(2026-08-08 19:29:19.964) INFO [savont::kmer_comp] Mean Blockmer density: 0.00%
(2026-08-08 19:29:19.974) INFO [savont] Total reads: 4932, Reads without SNPmers: 0 (0.00%)
(2026-08-08 19:29:19.985) INFO [savont] === STAGE 2: Clustering reads by k-mers ===
(2026-08-08 19:29:19.985) INFO [savont::asv_cluster] Starting greedy k-mer based clustering...
(2026-08-08 19:29:20.083) INFO [savont::asv_cluster] Greedy clustering complete. 9 cluster representatives found
(2026-08-08 19:29:20.085) INFO [savont::asv_cluster] K-mer clustering complete. 7 clusters found. Largest cluster: 1041 reads
(2026-08-08 19:29:20.111) INFO [savont::asv_cluster] Wrote k-mer clusters to /hlilab/jshaw/16s_ont/benchmark/reviewer_analyses/read_accuracy_sensitivity/results/mean_accuracy_99/reads_5792/temp/kmer_clusters_stage2.tsv
(2026-08-08 19:29:20.138) INFO [savont::utils] STAGE 2 DONE: Clustered reads by k-mers --- Memory usage: 0.05 GB
(2026-08-08 19:29:20.163) INFO [savont] === STAGE 3: Secondary clustering of reads by polymorphic markers ===
(2026-08-08 19:29:20.163) INFO [savont::asv_cluster] Starting greedy SNPmer-based clustering within k-mer clusters...
(2026-08-08 19:29:20.167) INFO [savont::asv_cluster] Wrote SNPmer clusters to /hlilab/jshaw/16s_ont/benchmark/reviewer_analyses/read_accuracy_sensitivity/results/mean_accuracy_99/reads_5792/temp/snpmer_clusters_before_reclust2.5.tsv
(2026-08-08 19:29:20.188) INFO [savont::asv_cluster] Starting iterative reclustering using consensus representatives...
(2026-08-08 19:29:20.188) INFO [savont::asv_cluster] Starting with 7 k-mer groups containing 25 total SNPmer clusters
(2026-08-08 19:29:20.195) INFO [savont::asv_cluster] Iteration 1: 0 total merges, 286 total reassignments across 7 k-mer groups
(2026-08-08 19:29:20.195) INFO [savont::asv_cluster] Convergence reached after 1 iterations
(2026-08-08 19:29:20.195) INFO [savont::asv_cluster] Final result: 25 total clusters across 7 k-mer groups
(2026-08-08 19:29:20.195) INFO [savont::asv_cluster] SNPmer clustering complete. 25 total SNPmer clusters from 7 k-mer clusters
(2026-08-08 19:29:20.278) INFO [savont::utils] STAGE 3 DONE: Clustered reads by polymorphic markers --- Memory usage: 0.05 GB
(2026-08-08 19:29:20.278) INFO [savont] === STAGE 4: Generating consensus sequences and analyzing pileupes ===
(2026-08-08 19:29:20.278) INFO [savont::alignment] Generating consensus sequences from SNPmer clusters...
(2026-08-08 19:29:20.739) INFO [savont::alignment] Wrote 25 consensus sequences to consensus_sequences.fasta
(2026-08-08 19:29:21.054) INFO [savont::alignment] Analyzing quality error rates from top 3 clusters
(2026-08-08 19:29:21.404) INFO [savont::alignment] Low quality consensus sequences: []
(2026-08-08 19:29:21.405) INFO [savont::alignment] Wrote low quality cluster information to low_quality_clusters.tsv
(2026-08-08 19:29:21.462) INFO [savont::alignment] Wrote cluster information before filtering to clusters_after_quality_filter_stage4.tsv
(2026-08-08 19:29:21.462) INFO [savont::alignment] Polishing complete
(2026-08-08 19:29:21.479) INFO [savont::utils] STAGE 4 DONE: Analyzed pileups and estimated consensus qualities --- Memory usage: 0.44 GB
(2026-08-08 19:29:21.489) INFO [savont] === STAGE 5: Merging similar consensus sequences ===
(2026-08-08 19:29:21.511) INFO [savont::alignment] Removing duplicate consensus sequences based on k-mer similarity
(2026-08-08 19:29:21.513) INFO [savont::alignment] Reduced consensus sequences from 25 to 25 after k-mer based deduplication
(2026-08-08 19:29:21.558) INFO [savont::alignment] Wrote 25 polished consensus sequences to polished_consensuses.fasta
(2026-08-08 19:29:21.562) INFO [savont::alignment] Merging 0 low quality consensuses into high quality consensuses
(2026-08-08 19:29:21.593) INFO [savont::alignment] Merging similar consensus sequences based on alignment and depth criteria
(2026-08-08 19:29:21.600) INFO [savont::alignment] Consensus merging complete: 25 -> 24 consensuses
(2026-08-08 19:29:21.681) INFO [savont::alignment] Wrote 24 merged consensus sequences to merged_consensus_sequences.fasta
(2026-08-08 19:29:21.686) INFO [savont::utils] STAGE 5 DONE: Merged similar consensus sequences --- Memory usage: 0.44 GB
(2026-08-08 19:29:21.717) INFO [savont] === STAGE 6: Detecting and filtering chimeric consensus sequences ===
(2026-08-08 19:29:21.717) INFO [savont::chimera] Starting chimera detection for 24 consensuses
(2026-08-08 19:29:21.717) INFO [savont::chimera] Calculating pairwise similarities for 24 consensuses (using decompressed sequences)
(2026-08-08 19:29:21.762) INFO [savont::chimera] Filtered 0 chimeric consensuses with mean chimera score NaN and std NaN, 24 remaining
(2026-08-08 19:29:21.767) INFO [savont::utils] STAGE 6 DONE: Filtered chimeric consensus sequences --- Memory usage: 0.45 GB
(2026-08-08 19:29:21.784) INFO [savont] === Final consensus count after chimera filtering: 24 ===
(2026-08-08 19:29:21.784) INFO [savont] === STAGE 7: Refining ASV depths with alignments and EM algorithm ===
(2026-08-08 19:29:21.785) INFO [savont::alignment] Refining ASV depths using EM algorithm with k-mer based read mapping
(2026-08-08 19:29:21.835) INFO [savont::alignment] Loaded 24 ASVs as TwinReads for k-mer comparison
(2026-08-08 19:29:21.835) INFO [savont::alignment] Built SNPmer index with 154 unique splitmers
(2026-08-08 19:29:21.860) INFO [savont::alignment] Mapping 4932 reads to 24 ASVs using k-mer comparison
(2026-08-08 19:29:23.616) INFO [savont::alignment] Filtered 0 reads with ratio > 0.005
(2026-08-08 19:29:23.616) INFO [savont::alignment] Total assigned reads: 4932
(2026-08-08 19:29:23.616) INFO [savont::alignment] Total percentage assigned: 100.00%
(2026-08-08 19:29:23.616) INFO [savont::alignment] Number of unique equivalence classes: 28
(2026-08-08 19:29:23.616) INFO [savont::alignment] Running EM algorithm with convergence threshold: 2.027575e-6
(2026-08-08 19:29:23.616) INFO [savont::alignment] EM converged after 6 iterations (max change: 2.404219e-7)
(2026-08-08 19:29:23.616) INFO [savont::alignment] Updating ASV depths based on EM abundances
(2026-08-08 19:29:23.616) INFO [savont::alignment] EM refinement complete: 24 ASVs remaining
(2026-08-08 19:29:23.702) INFO [savont::utils] STAGE 7 DONE: Refined ASV depths with EM algorithm --- Memory usage: 0.45 GB
(2026-08-08 19:29:23.702) INFO [savont] Final consensus count after EM refinement: 24
(2026-08-08 19:29:23.747) INFO [savont] Wrote 24 final consensus sequences to final_asvs.fasta
(2026-08-08 19:29:23.774) INFO [savont] Wrote feature-table.tsv (QIIME2-compatible)
(2026-08-08 19:29:23.821) INFO [savont] === SAVONT COMPLETED SUCCESSFULLY in 4 SECONDS ===
