(2026-08-08 19:28:42.589) INFO [savont] COMMAND: /homes9/jshaw/.cargo/bin/savont asv -t 10 /hlilab/jshaw/16s_ont/benchmark/reviewer_analyses/read_accuracy_sensitivity/subsampled/mean_accuracy_97_reads_25450.fastq -o /hlilab/jshaw/16s_ont/benchmark/reviewer_analyses/read_accuracy_sensitivity/results/mean_accuracy_97/reads_25450
(2026-08-08 19:28:42.590) INFO [savont] VERSION: 0.6.3
(2026-08-08 19:28:42.590) INFO [savont] SYSTEM NAME: Rocky Linux
(2026-08-08 19:28:42.590) INFO [savont] SYSTEM HOST NAME: ara.dfci.harvard.edu
(2026-08-08 19:28:42.590) INFO [savont] Created temp directory for intermediate files: /hlilab/jshaw/16s_ont/benchmark/reviewer_analyses/read_accuracy_sensitivity/results/mean_accuracy_97/reads_25450/temp
(2026-08-08 19:28:42.611) INFO [savont] === SAVONT STARTED: Generating ASVs ===
(2026-08-08 19:28:42.611) INFO [savont] === STAGE 1: Processing k-mers and polymorphic markers ===
(2026-08-08 19:28:43.321) INFO [savont::seq_parse] Finished with k-mer counting in 709.741146ms. Total SNPmers after bloom filter: 1197129
(2026-08-08 19:28:43.322) INFO [savont::utils] Memory usage after second round of k-mer counting processing --- Memory usage: 0.04 GB
(2026-08-08 19:28:43.365) INFO [savont::seq_parse] Removed 979348 SNPmers with counts < 1 in both strands and <= 3 multiplicity.
(2026-08-08 19:28:43.366) INFO [savont] Time elapsed in for counting k-mers is: 755.008297ms
(2026-08-08 19:28:43.459) INFO [savont::kmer_comp] Finding snpmers...
(2026-08-08 19:28:43.500) INFO [savont::kmer_comp] Number of snpmers: 5310. 
(2026-08-08 19:28:43.508) INFO [savont] Time elapsed in for parsing snpmers is: 50.90147ms
(2026-08-08 19:28:43.509) INFO [savont::utils] STAGE 1 DONE: Obtained SNPmers --- Memory usage: 0.02 GB
(2026-08-08 19:28:43.537) INFO [savont] Using blockmers: false
(2026-08-08 19:28:43.537) INFO [savont] Getting reads...
(2026-08-08 19:28:43.616) INFO [savont::kmer_comp] Number of reads removed due to length filtering: 0.
(2026-08-08 19:28:44.307) INFO [savont::kmer_comp] Number of valid reads  - 25450. Number of reads below quality threshold - 15536.
(2026-08-08 19:28:44.307) WARN [savont::kmer_comp] More than 50% of reads are below the quality threshold of 98%. This may imply that these reads are not high enough quality for ASV reconstruction. Proceed with caution!
(2026-08-08 19:28:44.333) INFO [savont::kmer_comp] Mean SNPmer density: 3.20%
(2026-08-08 19:28:44.344) INFO [savont::kmer_comp] Mean Blockmer density: 0.00%
(2026-08-08 19:28:44.389) INFO [savont] Total reads: 9914, Reads without SNPmers: 0 (0.00%)
(2026-08-08 19:28:44.412) INFO [savont] === STAGE 2: Clustering reads by k-mers ===
(2026-08-08 19:28:44.412) INFO [savont::asv_cluster] Starting greedy k-mer based clustering...
(2026-08-08 19:28:44.594) INFO [savont::asv_cluster] Greedy clustering complete. 26 cluster representatives found
(2026-08-08 19:28:44.597) INFO [savont::asv_cluster] K-mer clustering complete. 9 clusters found. Largest cluster: 1985 reads
(2026-08-08 19:28:44.622) INFO [savont::asv_cluster] Wrote k-mer clusters to /hlilab/jshaw/16s_ont/benchmark/reviewer_analyses/read_accuracy_sensitivity/results/mean_accuracy_97/reads_25450/temp/kmer_clusters_stage2.tsv
(2026-08-08 19:28:44.652) INFO [savont::utils] STAGE 2 DONE: Clustered reads by k-mers --- Memory usage: 0.17 GB
(2026-08-08 19:28:44.673) INFO [savont] === STAGE 3: Secondary clustering of reads by polymorphic markers ===
(2026-08-08 19:28:44.673) INFO [savont::asv_cluster] Starting greedy SNPmer-based clustering within k-mer clusters...
(2026-08-08 19:28:44.680) INFO [savont::asv_cluster] Wrote SNPmer clusters to /hlilab/jshaw/16s_ont/benchmark/reviewer_analyses/read_accuracy_sensitivity/results/mean_accuracy_97/reads_25450/temp/snpmer_clusters_before_reclust2.5.tsv
(2026-08-08 19:28:44.699) INFO [savont::asv_cluster] Starting iterative reclustering using consensus representatives...
(2026-08-08 19:28:44.699) INFO [savont::asv_cluster] Starting with 9 k-mer groups containing 34 total SNPmer clusters
(2026-08-08 19:28:44.730) INFO [savont::asv_cluster] Iteration 1: 4 total merges, 876 total reassignments across 8 k-mer groups
(2026-08-08 19:28:44.747) INFO [savont::asv_cluster] Iteration 2: 0 total merges, 12 total reassignments across 8 k-mer groups
(2026-08-08 19:28:44.747) INFO [savont::asv_cluster] Convergence reached after 2 iterations
(2026-08-08 19:28:44.748) INFO [savont::asv_cluster] Final result: 30 total clusters across 8 k-mer groups
(2026-08-08 19:28:44.748) INFO [savont::asv_cluster] SNPmer clustering complete. 30 total SNPmer clusters from 9 k-mer clusters
(2026-08-08 19:28:44.883) INFO [savont::utils] STAGE 3 DONE: Clustered reads by polymorphic markers --- Memory usage: 0.18 GB
(2026-08-08 19:28:44.883) INFO [savont] === STAGE 4: Generating consensus sequences and analyzing pileupes ===
(2026-08-08 19:28:44.883) INFO [savont::alignment] Generating consensus sequences from SNPmer clusters...
(2026-08-08 19:28:45.388) INFO [savont::alignment] Wrote 30 consensus sequences to consensus_sequences.fasta
(2026-08-08 19:28:45.814) INFO [savont::alignment] Analyzing quality error rates from top 3 clusters
(2026-08-08 19:28:46.251) INFO [savont::alignment] Low quality consensus sequences: []
(2026-08-08 19:28:46.252) INFO [savont::alignment] Wrote low quality cluster information to low_quality_clusters.tsv
(2026-08-08 19:28:46.323) INFO [savont::alignment] Wrote cluster information before filtering to clusters_after_quality_filter_stage4.tsv
(2026-08-08 19:28:46.324) INFO [savont::alignment] Polishing complete
(2026-08-08 19:28:46.356) INFO [savont::utils] STAGE 4 DONE: Analyzed pileups and estimated consensus qualities --- Memory usage: 0.52 GB
(2026-08-08 19:28:46.361) INFO [savont] === STAGE 5: Merging similar consensus sequences ===
(2026-08-08 19:28:46.379) INFO [savont::alignment] Removing duplicate consensus sequences based on k-mer similarity
(2026-08-08 19:28:46.383) INFO [savont::alignment] Reduced consensus sequences from 30 to 30 after k-mer based deduplication
(2026-08-08 19:28:46.427) INFO [savont::alignment] Wrote 30 polished consensus sequences to polished_consensuses.fasta
(2026-08-08 19:28:46.431) INFO [savont::alignment] Merging 0 low quality consensuses into high quality consensuses
(2026-08-08 19:28:46.452) INFO [savont::alignment] Merging similar consensus sequences based on alignment and depth criteria
(2026-08-08 19:28:46.465) INFO [savont::alignment] Consensus merging complete: 30 -> 23 consensuses
(2026-08-08 19:28:46.556) INFO [savont::alignment] Wrote 23 merged consensus sequences to merged_consensus_sequences.fasta
(2026-08-08 19:28:46.564) INFO [savont::utils] STAGE 5 DONE: Merged similar consensus sequences --- Memory usage: 0.52 GB
(2026-08-08 19:28:46.590) INFO [savont] === STAGE 6: Detecting and filtering chimeric consensus sequences ===
(2026-08-08 19:28:46.590) INFO [savont::chimera] Starting chimera detection for 23 consensuses
(2026-08-08 19:28:46.590) INFO [savont::chimera] Calculating pairwise similarities for 23 consensuses (using decompressed sequences)
(2026-08-08 19:28:46.629) INFO [savont::chimera] Filtered 0 chimeric consensuses with mean chimera score NaN and std NaN, 23 remaining
(2026-08-08 19:28:46.636) INFO [savont::utils] STAGE 6 DONE: Filtered chimeric consensus sequences --- Memory usage: 0.53 GB
(2026-08-08 19:28:46.656) INFO [savont] === Final consensus count after chimera filtering: 23 ===
(2026-08-08 19:28:46.656) INFO [savont] === STAGE 7: Refining ASV depths with alignments and EM algorithm ===
(2026-08-08 19:28:46.657) INFO [savont::alignment] Refining ASV depths using EM algorithm with k-mer based read mapping
(2026-08-08 19:28:46.719) INFO [savont::alignment] Loaded 23 ASVs as TwinReads for k-mer comparison
(2026-08-08 19:28:46.719) INFO [savont::alignment] Built SNPmer index with 163 unique splitmers
(2026-08-08 19:28:46.748) INFO [savont::alignment] Mapping 9914 reads to 23 ASVs using k-mer comparison
(2026-08-08 19:28:52.346) INFO [savont::alignment] Filtered 0 reads with ratio > 0.005
(2026-08-08 19:28:52.346) INFO [savont::alignment] Total assigned reads: 9914
(2026-08-08 19:28:52.346) INFO [savont::alignment] Total percentage assigned: 100.00%
(2026-08-08 19:28:52.346) INFO [savont::alignment] Number of unique equivalence classes: 34
(2026-08-08 19:28:52.346) INFO [savont::alignment] Running EM algorithm with convergence threshold: 1.008675e-6
(2026-08-08 19:28:52.346) INFO [savont::alignment] EM converged after 6 iterations (max change: 1.144651e-7)
(2026-08-08 19:28:52.346) INFO [savont::alignment] Updating ASV depths based on EM abundances
(2026-08-08 19:28:52.346) INFO [savont::alignment] EM refinement complete: 23 ASVs remaining
(2026-08-08 19:28:52.471) INFO [savont::utils] STAGE 7 DONE: Refined ASV depths with EM algorithm --- Memory usage: 0.53 GB
(2026-08-08 19:28:52.471) INFO [savont] Final consensus count after EM refinement: 23
(2026-08-08 19:28:52.497) INFO [savont] Wrote 23 final consensus sequences to final_asvs.fasta
(2026-08-08 19:28:52.523) INFO [savont] Wrote feature-table.tsv (QIIME2-compatible)
(2026-08-08 19:28:52.570) INFO [savont] === SAVONT COMPLETED SUCCESSFULLY in 9 SECONDS ===
