(2026-08-08 14:52:21.124) INFO [savont] COMMAND: /homes9/jshaw/.cargo/bin/savont asv -t 10 /hlilab/jshaw/16s_ont/benchmark/results-FINAL-preprint/subsampled/v1v8_zmock1_frac1318.1911682282378.fastq -o /hlilab/jshaw/16s_ont/benchmark/reviewer_analyses/min_cluster_sensitivity/results/reads_1318/min_cluster_16 --min-cluster-size 16
(2026-08-08 14:52:21.125) INFO [savont] VERSION: 0.6.2
(2026-08-08 14:52:21.125) INFO [savont] SYSTEM NAME: Rocky Linux
(2026-08-08 14:52:21.125) INFO [savont] SYSTEM HOST NAME: ara.dfci.harvard.edu
(2026-08-08 14:52:21.126) INFO [savont] Created temp directory for intermediate files: /hlilab/jshaw/16s_ont/benchmark/reviewer_analyses/min_cluster_sensitivity/results/reads_1318/min_cluster_16/temp
(2026-08-08 14:52:21.151) INFO [savont] === SAVONT STARTED: Generating ASVs ===
(2026-08-08 14:52:21.151) INFO [savont] === STAGE 1: Processing k-mers and polymorphic markers ===
(2026-08-08 14:52:21.179) INFO [savont::seq_parse] Finished with k-mer counting in 28.16954ms. Total SNPmers after bloom filter: 64471
(2026-08-08 14:52:21.179) INFO [savont::utils] Memory usage after second round of k-mer counting processing --- Memory usage: 0.01 GB
(2026-08-08 14:52:21.180) INFO [savont::seq_parse] Removed 58550 SNPmers with counts < 1 in both strands and <= 3 multiplicity.
(2026-08-08 14:52:21.181) INFO [savont] Time elapsed in for counting k-mers is: 30.069366ms
(2026-08-08 14:52:21.181) INFO [savont::kmer_comp] Finding snpmers...
(2026-08-08 14:52:21.182) INFO [savont::kmer_comp] Number of snpmers: 105. 
(2026-08-08 14:52:21.182) INFO [savont] Time elapsed in for parsing snpmers is: 1.138776ms
(2026-08-08 14:52:21.182) INFO [savont::utils] STAGE 1 DONE: Obtained SNPmers --- Memory usage: 0.01 GB
(2026-08-08 14:52:21.182) INFO [savont] Using blockmers: false
(2026-08-08 14:52:21.182) INFO [savont] Getting reads...
(2026-08-08 14:52:21.187) INFO [savont::kmer_comp] Number of reads removed due to length filtering: 4.
(2026-08-08 14:52:21.218) INFO [savont::kmer_comp] Number of valid reads  - 1314. Number of reads below quality threshold - 57.
(2026-08-08 14:52:21.229) INFO [savont::kmer_comp] Mean SNPmer density: 3.25%
(2026-08-08 14:52:21.229) INFO [savont::kmer_comp] Mean Blockmer density: 0.00%
(2026-08-08 14:52:21.231) INFO [savont] Total reads: 1257, Reads without SNPmers: 0 (0.00%)
(2026-08-08 14:52:21.254) INFO [savont] === STAGE 2: Clustering reads by k-mers ===
(2026-08-08 14:52:21.254) INFO [savont::asv_cluster] Starting greedy k-mer based clustering...
(2026-08-08 14:52:21.284) INFO [savont::asv_cluster] Greedy clustering complete. 22 cluster representatives found
(2026-08-08 14:52:21.285) INFO [savont::asv_cluster] K-mer clustering complete. 8 clusters found. Largest cluster: 251 reads
(2026-08-08 14:52:21.285) INFO [savont::asv_cluster] Wrote k-mer clusters to /hlilab/jshaw/16s_ont/benchmark/reviewer_analyses/min_cluster_sensitivity/results/reads_1318/min_cluster_16/temp/kmer_clusters_stage2.tsv
(2026-08-08 14:52:21.309) INFO [savont::utils] STAGE 2 DONE: Clustered reads by k-mers --- Memory usage: 0.02 GB
(2026-08-08 14:52:21.320) INFO [savont] === STAGE 3: Secondary clustering of reads by polymorphic markers ===
(2026-08-08 14:52:21.320) INFO [savont::asv_cluster] Starting greedy SNPmer-based clustering within k-mer clusters...
(2026-08-08 14:52:21.322) INFO [savont::asv_cluster] Wrote SNPmer clusters to /hlilab/jshaw/16s_ont/benchmark/reviewer_analyses/min_cluster_sensitivity/results/reads_1318/min_cluster_16/temp/snpmer_clusters_before_reclust2.5.tsv
(2026-08-08 14:52:21.345) INFO [savont::asv_cluster] Starting iterative reclustering using consensus representatives...
(2026-08-08 14:52:21.345) INFO [savont::asv_cluster] Starting with 8 k-mer groups containing 14 total SNPmer clusters
(2026-08-08 14:52:21.347) INFO [savont::asv_cluster] Iteration 1: 0 total merges, 28 total reassignments across 7 k-mer groups
(2026-08-08 14:52:21.381) INFO [savont::asv_cluster] Convergence reached after 1 iterations
(2026-08-08 14:52:21.381) INFO [savont::asv_cluster] Final result: 11 total clusters across 7 k-mer groups
(2026-08-08 14:52:21.381) INFO [savont::asv_cluster] SNPmer clustering complete. 11 total SNPmer clusters from 8 k-mer clusters
(2026-08-08 14:52:21.434) INFO [savont::utils] STAGE 3 DONE: Clustered reads by polymorphic markers --- Memory usage: 0.02 GB
(2026-08-08 14:52:21.434) INFO [savont] === STAGE 4: Generating consensus sequences and analyzing pileupes ===
(2026-08-08 14:52:21.434) INFO [savont::alignment] Generating consensus sequences from SNPmer clusters...
(2026-08-08 14:52:21.630) INFO [savont::alignment] Wrote 11 consensus sequences to consensus_sequences.fasta
(2026-08-08 14:52:21.724) INFO [savont::alignment] Analyzing quality error rates from top 1 clusters
(2026-08-08 14:52:21.786) INFO [savont::alignment] Low quality consensus sequences: [1]
(2026-08-08 14:52:21.850) INFO [savont::alignment] Wrote low quality cluster information to low_quality_clusters.tsv
(2026-08-08 14:52:21.946) INFO [savont::alignment] Wrote cluster information before filtering to clusters_after_quality_filter_stage4.tsv
(2026-08-08 14:52:21.946) INFO [savont::alignment] Polishing complete
(2026-08-08 14:52:21.951) INFO [savont::utils] STAGE 4 DONE: Analyzed pileups and estimated consensus qualities --- Memory usage: 0.11 GB
(2026-08-08 14:52:21.980) INFO [savont] === STAGE 5: Merging similar consensus sequences ===
(2026-08-08 14:52:22.005) INFO [savont::alignment] Removing duplicate consensus sequences based on k-mer similarity
(2026-08-08 14:52:22.005) INFO [savont::alignment] Reduced consensus sequences from 10 to 10 after k-mer based deduplication
(2026-08-08 14:52:22.061) INFO [savont::alignment] Wrote 10 polished consensus sequences to polished_consensuses.fasta
(2026-08-08 14:52:22.064) INFO [savont::alignment] Merging 1 low quality consensuses into high quality consensuses
(2026-08-08 14:52:22.072) INFO [savont::alignment] Merging similar consensus sequences based on alignment and depth criteria
(2026-08-08 14:52:22.074) INFO [savont::alignment] Consensus merging complete: 10 -> 8 consensuses
(2026-08-08 14:52:22.130) INFO [savont::alignment] Wrote 8 merged consensus sequences to merged_consensus_sequences.fasta
(2026-08-08 14:52:22.132) INFO [savont::utils] STAGE 5 DONE: Merged similar consensus sequences --- Memory usage: 0.11 GB
(2026-08-08 14:52:22.133) INFO [savont] === STAGE 6: Detecting and filtering chimeric consensus sequences ===
(2026-08-08 14:52:22.133) INFO [savont::chimera] Starting chimera detection for 8 consensuses
(2026-08-08 14:52:22.133) INFO [savont::chimera] Calculating pairwise similarities for 8 consensuses (using decompressed sequences)
(2026-08-08 14:52:22.140) INFO [savont::chimera] Filtered 0 chimeric consensuses with mean chimera score NaN and std NaN, 8 remaining
(2026-08-08 14:52:22.142) INFO [savont::utils] STAGE 6 DONE: Filtered chimeric consensus sequences --- Memory usage: 0.12 GB
(2026-08-08 14:52:22.142) INFO [savont] === Final consensus count after chimera filtering: 8 ===
(2026-08-08 14:52:22.142) INFO [savont] === STAGE 7: Refining ASV depths with alignments and EM algorithm ===
(2026-08-08 14:52:22.143) INFO [savont::alignment] Refining ASV depths using EM algorithm with k-mer based read mapping
(2026-08-08 14:52:22.190) INFO [savont::alignment] Loaded 8 ASVs as TwinReads for k-mer comparison
(2026-08-08 14:52:22.190) INFO [savont::alignment] Built SNPmer index with 105 unique splitmers
(2026-08-08 14:52:22.217) INFO [savont::alignment] Mapping 1257 reads to 8 ASVs using k-mer comparison
(2026-08-08 14:52:22.307) INFO [savont::alignment] Filtered 289 reads with ratio > 0.005
(2026-08-08 14:52:22.307) INFO [savont::alignment] Total assigned reads: 968
(2026-08-08 14:52:22.307) INFO [savont::alignment] Total percentage assigned: 77.01%
(2026-08-08 14:52:22.307) INFO [savont::alignment] Number of unique equivalence classes: 10
(2026-08-08 14:52:22.307) INFO [savont::alignment] Running EM algorithm with convergence threshold: 1.033058e-5
(2026-08-08 14:52:22.307) INFO [savont::alignment] EM converged after 5 iterations (max change: 6.250691e-6)
(2026-08-08 14:52:22.307) INFO [savont::alignment] Updating ASV depths based on EM abundances
(2026-08-08 14:52:22.307) INFO [savont::alignment] EM refinement complete: 8 ASVs remaining
(2026-08-08 14:52:22.381) INFO [savont::utils] STAGE 7 DONE: Refined ASV depths with EM algorithm --- Memory usage: 0.12 GB
(2026-08-08 14:52:22.381) INFO [savont] Final consensus count after EM refinement: 8
(2026-08-08 14:52:22.412) INFO [savont] Wrote 8 final consensus sequences to final_asvs.fasta
(2026-08-08 14:52:22.437) INFO [savont] Wrote feature-table.tsv (QIIME2-compatible)
(2026-08-08 14:52:22.465) INFO [savont] === SAVONT COMPLETED SUCCESSFULLY in 1 SECONDS ===
