(2026-08-08 17:33:22.178) INFO [savont] COMMAND: /homes9/jshaw/.cargo/bin/savont asv -t 10 /hlilab/jshaw/16s_ont/benchmark/results-FINAL-preprint/subsampled/v1v8_zmock1_frac5792.093186649751.fastq -o /hlilab/jshaw/16s_ont/benchmark/reviewer_analyses/primary_clustering_threshold_sensitivity/results/reads_5792/threshold_0.99 --primary-clustering-threshold 0.99
(2026-08-08 17:33:22.178) INFO [savont] VERSION: 0.6.3
(2026-08-08 17:33:22.178) INFO [savont] SYSTEM NAME: Rocky Linux
(2026-08-08 17:33:22.178) INFO [savont] SYSTEM HOST NAME: ara.dfci.harvard.edu
(2026-08-08 17:33:22.180) INFO [savont] Created temp directory for intermediate files: /hlilab/jshaw/16s_ont/benchmark/reviewer_analyses/primary_clustering_threshold_sensitivity/results/reads_5792/threshold_0.99/temp
(2026-08-08 17:33:22.180) INFO [savont] === SAVONT STARTED: Generating ASVs ===
(2026-08-08 17:33:22.180) INFO [savont] === STAGE 1: Processing k-mers and polymorphic markers ===
(2026-08-08 17:33:22.302) INFO [savont::seq_parse] Finished with k-mer counting in 122.20187ms. Total SNPmers after bloom filter: 162272
(2026-08-08 17:33:22.302) INFO [savont::utils] Memory usage after second round of k-mer counting processing --- Memory usage: 0.02 GB
(2026-08-08 17:33:22.304) INFO [savont::seq_parse] Removed 150498 SNPmers with counts < 1 in both strands and <= 3 multiplicity.
(2026-08-08 17:33:22.305) INFO [savont] Time elapsed in for counting k-mers is: 125.166081ms
(2026-08-08 17:33:22.305) INFO [savont::kmer_comp] Finding snpmers...
(2026-08-08 17:33:22.306) INFO [savont::kmer_comp] Number of snpmers: 156. 
(2026-08-08 17:33:22.306) INFO [savont] Time elapsed in for parsing snpmers is: 1.482162ms
(2026-08-08 17:33:22.307) INFO [savont::utils] STAGE 1 DONE: Obtained SNPmers --- Memory usage: 0.01 GB
(2026-08-08 17:33:22.307) INFO [savont] Using blockmers: false
(2026-08-08 17:33:22.307) INFO [savont] Getting reads...
(2026-08-08 17:33:22.323) INFO [savont::kmer_comp] Number of reads removed due to length filtering: 12.
(2026-08-08 17:33:22.502) INFO [savont::kmer_comp] Number of valid reads  - 5780. Number of reads below quality threshold - 258.
(2026-08-08 17:33:22.503) INFO [savont::kmer_comp] Mean SNPmer density: 3.77%
(2026-08-08 17:33:22.503) INFO [savont::kmer_comp] Mean Blockmer density: 0.00%
(2026-08-08 17:33:22.516) INFO [savont] Total reads: 5522, Reads without SNPmers: 0 (0.00%)
(2026-08-08 17:33:22.531) INFO [savont] === STAGE 2: Clustering reads by k-mers ===
(2026-08-08 17:33:22.531) INFO [savont::asv_cluster] Starting greedy k-mer based clustering...
(2026-08-08 17:33:22.991) INFO [savont::asv_cluster] Greedy clustering complete. 1195 cluster representatives found
(2026-08-08 17:33:22.993) INFO [savont::asv_cluster] K-mer clustering complete. 39 clusters found. Largest cluster: 782 reads
(2026-08-08 17:33:22.993) INFO [savont::asv_cluster] Wrote k-mer clusters to /hlilab/jshaw/16s_ont/benchmark/reviewer_analyses/primary_clustering_threshold_sensitivity/results/reads_5792/threshold_0.99/temp/kmer_clusters_stage2.tsv
(2026-08-08 17:33:23.020) INFO [savont::utils] STAGE 2 DONE: Clustered reads by k-mers --- Memory usage: 0.05 GB
(2026-08-08 17:33:23.040) INFO [savont] === STAGE 3: Secondary clustering of reads by polymorphic markers ===
(2026-08-08 17:33:23.040) INFO [savont::asv_cluster] Starting greedy SNPmer-based clustering within k-mer clusters...
(2026-08-08 17:33:23.048) INFO [savont::asv_cluster] Wrote SNPmer clusters to /hlilab/jshaw/16s_ont/benchmark/reviewer_analyses/primary_clustering_threshold_sensitivity/results/reads_5792/threshold_0.99/temp/snpmer_clusters_before_reclust2.5.tsv
(2026-08-08 17:33:23.048) INFO [savont::asv_cluster] Starting iterative reclustering using consensus representatives...
(2026-08-08 17:33:23.048) INFO [savont::asv_cluster] Starting with 39 k-mer groups containing 50 total SNPmer clusters
(2026-08-08 17:33:23.055) INFO [savont::asv_cluster] Iteration 1: 7 total merges, 161 total reassignments across 23 k-mer groups
(2026-08-08 17:33:23.061) INFO [savont::asv_cluster] Iteration 2: 0 total merges, 0 total reassignments across 23 k-mer groups
(2026-08-08 17:33:23.061) INFO [savont::asv_cluster] Convergence reached after 2 iterations
(2026-08-08 17:33:23.061) INFO [savont::asv_cluster] Final result: 38 total clusters across 23 k-mer groups
(2026-08-08 17:33:23.061) INFO [savont::asv_cluster] SNPmer clustering complete. 38 total SNPmer clusters from 39 k-mer clusters
(2026-08-08 17:33:23.128) INFO [savont::utils] STAGE 3 DONE: Clustered reads by polymorphic markers --- Memory usage: 0.05 GB
(2026-08-08 17:33:23.128) INFO [savont] === STAGE 4: Generating consensus sequences and analyzing pileupes ===
(2026-08-08 17:33:23.128) INFO [savont::alignment] Generating consensus sequences from SNPmer clusters...
(2026-08-08 17:33:23.580) INFO [savont::alignment] Wrote 38 consensus sequences to consensus_sequences.fasta
(2026-08-08 17:33:23.901) INFO [savont::alignment] Analyzing quality error rates from top 4 clusters
(2026-08-08 17:33:24.141) INFO [savont::alignment] Low quality consensus sequences: [37]
(2026-08-08 17:33:24.168) INFO [savont::alignment] Wrote low quality cluster information to low_quality_clusters.tsv
(2026-08-08 17:33:24.208) INFO [savont::alignment] Wrote cluster information before filtering to clusters_after_quality_filter_stage4.tsv
(2026-08-08 17:33:24.208) INFO [savont::alignment] Polishing complete
(2026-08-08 17:33:24.220) INFO [savont::utils] STAGE 4 DONE: Analyzed pileups and estimated consensus qualities --- Memory usage: 0.32 GB
(2026-08-08 17:33:24.250) INFO [savont] === STAGE 5: Merging similar consensus sequences ===
(2026-08-08 17:33:24.250) INFO [savont::alignment] Removing duplicate consensus sequences based on k-mer similarity
(2026-08-08 17:33:24.279) INFO [savont::alignment] Reduced consensus sequences from 37 to 34 after k-mer based deduplication
(2026-08-08 17:33:24.323) INFO [savont::alignment] Wrote 34 polished consensus sequences to polished_consensuses.fasta
(2026-08-08 17:33:24.327) INFO [savont::alignment] Merging 1 low quality consensuses into high quality consensuses
(2026-08-08 17:33:24.344) INFO [savont::alignment] Merging similar consensus sequences based on alignment and depth criteria
(2026-08-08 17:33:24.385) INFO [savont::alignment] Consensus merging complete: 34 -> 23 consensuses
(2026-08-08 17:33:24.461) INFO [savont::alignment] Wrote 23 merged consensus sequences to merged_consensus_sequences.fasta
(2026-08-08 17:33:24.467) INFO [savont::utils] STAGE 5 DONE: Merged similar consensus sequences --- Memory usage: 0.32 GB
(2026-08-08 17:33:24.483) INFO [savont] === STAGE 6: Detecting and filtering chimeric consensus sequences ===
(2026-08-08 17:33:24.483) INFO [savont::chimera] Starting chimera detection for 23 consensuses
(2026-08-08 17:33:24.483) INFO [savont::chimera] Calculating pairwise similarities for 23 consensuses (using decompressed sequences)
(2026-08-08 17:33:24.530) INFO [savont::chimera] Filtered 0 chimeric consensuses with mean chimera score NaN and std NaN, 23 remaining
(2026-08-08 17:33:24.535) INFO [savont::utils] STAGE 6 DONE: Filtered chimeric consensus sequences --- Memory usage: 0.33 GB
(2026-08-08 17:33:24.550) INFO [savont] === Final consensus count after chimera filtering: 23 ===
(2026-08-08 17:33:24.550) INFO [savont] === STAGE 7: Refining ASV depths with alignments and EM algorithm ===
(2026-08-08 17:33:24.551) INFO [savont::alignment] Refining ASV depths using EM algorithm with k-mer based read mapping
(2026-08-08 17:33:24.609) INFO [savont::alignment] Loaded 23 ASVs as TwinReads for k-mer comparison
(2026-08-08 17:33:24.609) INFO [savont::alignment] Built SNPmer index with 152 unique splitmers
(2026-08-08 17:33:24.631) INFO [savont::alignment] Mapping 5522 reads to 23 ASVs using k-mer comparison
(2026-08-08 17:33:25.037) INFO [savont::alignment] Filtered 487 reads with ratio > 0.005
(2026-08-08 17:33:25.037) INFO [savont::alignment] Total assigned reads: 5035
(2026-08-08 17:33:25.037) INFO [savont::alignment] Total percentage assigned: 91.18%
(2026-08-08 17:33:25.037) INFO [savont::alignment] Number of unique equivalence classes: 39
(2026-08-08 17:33:25.037) INFO [savont::alignment] Running EM algorithm with convergence threshold: 1.986097e-6
(2026-08-08 17:33:25.037) INFO [savont::alignment] EM converged after 6 iterations (max change: 7.212629e-7)
(2026-08-08 17:33:25.064) INFO [savont::alignment] Updating ASV depths based on EM abundances
(2026-08-08 17:33:25.064) INFO [savont::alignment] EM refinement complete: 23 ASVs remaining
(2026-08-08 17:33:25.129) INFO [savont::utils] STAGE 7 DONE: Refined ASV depths with EM algorithm --- Memory usage: 0.33 GB
(2026-08-08 17:33:25.129) INFO [savont] Final consensus count after EM refinement: 23
(2026-08-08 17:33:25.155) INFO [savont] Wrote 23 final consensus sequences to final_asvs.fasta
(2026-08-08 17:33:25.184) INFO [savont] Wrote feature-table.tsv (QIIME2-compatible)
(2026-08-08 17:33:25.220) INFO [savont] === SAVONT COMPLETED SUCCESSFULLY in 3 SECONDS ===
