(2026-08-08 19:28:53.426) INFO [savont] COMMAND: /homes9/jshaw/.cargo/bin/savont asv -t 10 /hlilab/jshaw/16s_ont/benchmark/reviewer_analyses/read_accuracy_sensitivity/subsampled/mean_accuracy_98_reads_1318.fastq -o /hlilab/jshaw/16s_ont/benchmark/reviewer_analyses/read_accuracy_sensitivity/results/mean_accuracy_98/reads_1318
(2026-08-08 19:28:53.427) INFO [savont] VERSION: 0.6.3
(2026-08-08 19:28:53.427) INFO [savont] SYSTEM NAME: Rocky Linux
(2026-08-08 19:28:53.427) INFO [savont] SYSTEM HOST NAME: ara.dfci.harvard.edu
(2026-08-08 19:28:53.428) INFO [savont] Created temp directory for intermediate files: /hlilab/jshaw/16s_ont/benchmark/reviewer_analyses/read_accuracy_sensitivity/results/mean_accuracy_98/reads_1318/temp
(2026-08-08 19:28:53.450) INFO [savont] === SAVONT STARTED: Generating ASVs ===
(2026-08-08 19:28:53.450) INFO [savont] === STAGE 1: Processing k-mers and polymorphic markers ===
(2026-08-08 19:28:53.487) INFO [savont::seq_parse] Finished with k-mer counting in 36.882417ms. Total SNPmers after bloom filter: 128793
(2026-08-08 19:28:53.488) INFO [savont::utils] Memory usage after second round of k-mer counting processing --- Memory usage: 0.01 GB
(2026-08-08 19:28:53.512) INFO [savont::seq_parse] Removed 115885 SNPmers with counts < 1 in both strands and <= 3 multiplicity.
(2026-08-08 19:28:53.535) INFO [savont] Time elapsed in for counting k-mers is: 85.07428ms
(2026-08-08 19:28:53.535) INFO [savont::kmer_comp] Finding snpmers...
(2026-08-08 19:28:53.537) INFO [savont::kmer_comp] Number of snpmers: 164. 
(2026-08-08 19:28:53.537) INFO [savont] Time elapsed in for parsing snpmers is: 1.531355ms
(2026-08-08 19:28:53.537) INFO [savont::utils] STAGE 1 DONE: Obtained SNPmers --- Memory usage: 0.01 GB
(2026-08-08 19:28:53.537) INFO [savont] Using blockmers: false
(2026-08-08 19:28:53.537) INFO [savont] Getting reads...
(2026-08-08 19:28:53.542) INFO [savont::kmer_comp] Number of reads removed due to length filtering: 0.
(2026-08-08 19:28:53.574) INFO [savont::kmer_comp] Number of valid reads  - 1318. Number of reads below quality threshold - 506.
(2026-08-08 19:28:53.584) INFO [savont::kmer_comp] Mean SNPmer density: 3.08%
(2026-08-08 19:28:53.603) INFO [savont::kmer_comp] Mean Blockmer density: 0.00%
(2026-08-08 19:28:53.605) INFO [savont] Total reads: 812, Reads without SNPmers: 0 (0.00%)
(2026-08-08 19:28:53.622) INFO [savont] === STAGE 2: Clustering reads by k-mers ===
(2026-08-08 19:28:53.622) INFO [savont::asv_cluster] Starting greedy k-mer based clustering...
(2026-08-08 19:28:53.637) INFO [savont::asv_cluster] Greedy clustering complete. 8 cluster representatives found
(2026-08-08 19:28:53.642) INFO [savont::asv_cluster] K-mer clustering complete. 7 clusters found. Largest cluster: 177 reads
(2026-08-08 19:28:53.664) INFO [savont::asv_cluster] Wrote k-mer clusters to /hlilab/jshaw/16s_ont/benchmark/reviewer_analyses/read_accuracy_sensitivity/results/mean_accuracy_98/reads_1318/temp/kmer_clusters_stage2.tsv
(2026-08-08 19:28:53.688) INFO [savont::utils] STAGE 2 DONE: Clustered reads by k-mers --- Memory usage: 0.02 GB
(2026-08-08 19:28:53.713) INFO [savont] === STAGE 3: Secondary clustering of reads by polymorphic markers ===
(2026-08-08 19:28:53.713) INFO [savont::asv_cluster] Starting greedy SNPmer-based clustering within k-mer clusters...
(2026-08-08 19:28:53.725) INFO [savont::asv_cluster] Wrote SNPmer clusters to /hlilab/jshaw/16s_ont/benchmark/reviewer_analyses/read_accuracy_sensitivity/results/mean_accuracy_98/reads_1318/temp/snpmer_clusters_before_reclust2.5.tsv
(2026-08-08 19:28:53.739) INFO [savont::asv_cluster] Starting iterative reclustering using consensus representatives...
(2026-08-08 19:28:53.739) INFO [savont::asv_cluster] Starting with 7 k-mer groups containing 19 total SNPmer clusters
(2026-08-08 19:28:53.741) INFO [savont::asv_cluster] Iteration 1: 0 total merges, 83 total reassignments across 7 k-mer groups
(2026-08-08 19:28:53.765) INFO [savont::asv_cluster] Convergence reached after 1 iterations
(2026-08-08 19:28:53.765) INFO [savont::asv_cluster] Final result: 18 total clusters across 7 k-mer groups
(2026-08-08 19:28:53.765) INFO [savont::asv_cluster] SNPmer clustering complete. 18 total SNPmer clusters from 7 k-mer clusters
(2026-08-08 19:28:53.825) INFO [savont::utils] STAGE 3 DONE: Clustered reads by polymorphic markers --- Memory usage: 0.02 GB
(2026-08-08 19:28:53.825) INFO [savont] === STAGE 4: Generating consensus sequences and analyzing pileupes ===
(2026-08-08 19:28:53.825) INFO [savont::alignment] Generating consensus sequences from SNPmer clusters...
(2026-08-08 19:28:54.060) INFO [savont::alignment] Wrote 18 consensus sequences to consensus_sequences.fasta
(2026-08-08 19:28:54.159) INFO [savont::alignment] Analyzing quality error rates from top 2 clusters
(2026-08-08 19:28:54.237) INFO [savont::alignment] Low quality consensus sequences: []
(2026-08-08 19:28:54.239) INFO [savont::alignment] Wrote low quality cluster information to low_quality_clusters.tsv
(2026-08-08 19:28:54.281) INFO [savont::alignment] Wrote cluster information before filtering to clusters_after_quality_filter_stage4.tsv
(2026-08-08 19:28:54.281) INFO [savont::alignment] Polishing complete
(2026-08-08 19:28:54.287) INFO [savont::utils] STAGE 4 DONE: Analyzed pileups and estimated consensus qualities --- Memory usage: 0.18 GB
(2026-08-08 19:28:54.288) INFO [savont] === STAGE 5: Merging similar consensus sequences ===
(2026-08-08 19:28:54.288) INFO [savont::alignment] Removing duplicate consensus sequences based on k-mer similarity
(2026-08-08 19:28:54.289) INFO [savont::alignment] Reduced consensus sequences from 18 to 18 after k-mer based deduplication
(2026-08-08 19:28:54.351) INFO [savont::alignment] Wrote 18 polished consensus sequences to polished_consensuses.fasta
(2026-08-08 19:28:54.376) INFO [savont::alignment] Merging 0 low quality consensuses into high quality consensuses
(2026-08-08 19:28:54.385) INFO [savont::alignment] Merging similar consensus sequences based on alignment and depth criteria
(2026-08-08 19:28:54.390) INFO [savont::alignment] Consensus merging complete: 18 -> 17 consensuses
(2026-08-08 19:28:54.538) INFO [savont::alignment] Wrote 17 merged consensus sequences to merged_consensus_sequences.fasta
(2026-08-08 19:28:54.541) INFO [savont::utils] STAGE 5 DONE: Merged similar consensus sequences --- Memory usage: 0.18 GB
(2026-08-08 19:28:54.541) INFO [savont] === STAGE 6: Detecting and filtering chimeric consensus sequences ===
(2026-08-08 19:28:54.541) INFO [savont::chimera] Starting chimera detection for 17 consensuses
(2026-08-08 19:28:54.541) INFO [savont::chimera] Calculating pairwise similarities for 17 consensuses (using decompressed sequences)
(2026-08-08 19:28:54.571) INFO [savont::chimera] Filtered 0 chimeric consensuses with mean chimera score NaN and std NaN, 17 remaining
(2026-08-08 19:28:54.587) INFO [savont::utils] STAGE 6 DONE: Filtered chimeric consensus sequences --- Memory usage: 0.19 GB
(2026-08-08 19:28:54.625) INFO [savont] === Final consensus count after chimera filtering: 17 ===
(2026-08-08 19:28:54.625) INFO [savont] === STAGE 7: Refining ASV depths with alignments and EM algorithm ===
(2026-08-08 19:28:54.627) INFO [savont::alignment] Refining ASV depths using EM algorithm with k-mer based read mapping
(2026-08-08 19:28:54.682) INFO [savont::alignment] Loaded 17 ASVs as TwinReads for k-mer comparison
(2026-08-08 19:28:54.683) INFO [savont::alignment] Built SNPmer index with 154 unique splitmers
(2026-08-08 19:28:54.711) INFO [savont::alignment] Mapping 812 reads to 17 ASVs using k-mer comparison
(2026-08-08 19:28:55.067) INFO [savont::alignment] Filtered 0 reads with ratio > 0.005
(2026-08-08 19:28:55.067) INFO [savont::alignment] Total assigned reads: 812
(2026-08-08 19:28:55.067) INFO [savont::alignment] Total percentage assigned: 100.00%
(2026-08-08 19:28:55.067) INFO [savont::alignment] Number of unique equivalence classes: 20
(2026-08-08 19:28:55.067) INFO [savont::alignment] Running EM algorithm with convergence threshold: 1.231527e-5
(2026-08-08 19:28:55.067) INFO [savont::alignment] EM converged after 4 iterations (max change: 1.074254e-5)
(2026-08-08 19:28:55.067) INFO [savont::alignment] Updating ASV depths based on EM abundances
(2026-08-08 19:28:55.067) INFO [savont::alignment] EM refinement complete: 17 ASVs remaining
(2026-08-08 19:28:55.167) INFO [savont::utils] STAGE 7 DONE: Refined ASV depths with EM algorithm --- Memory usage: 0.19 GB
(2026-08-08 19:28:55.167) INFO [savont] Final consensus count after EM refinement: 17
(2026-08-08 19:28:55.195) INFO [savont] Wrote 17 final consensus sequences to final_asvs.fasta
(2026-08-08 19:28:55.224) INFO [savont] Wrote feature-table.tsv (QIIME2-compatible)
(2026-08-08 19:28:55.274) INFO [savont] === SAVONT COMPLETED SUCCESSFULLY in 1 SECONDS ===
