(2026-08-10 12:59:31.754) [38;5;27mINFO[0m [savont] COMMAND: /homes9/jshaw/.cargo/bin/savont classify -i /hlilab/jshaw/16s_ont/benchmark/reviewer_analyses/its_18s_benchmark/results/unoise_classify_input/unoise/its_12500 -o /hlilab/jshaw/16s_ont/benchmark/reviewer_analyses/its_18s_benchmark/results/classification/its/unoise/12500 -d /hlilab/jshaw/16s_ont/benchmark/reviewer_analyses/its_18s_benchmark/databases/unites-10.0 -t 10
(2026-08-10 12:59:31.755) [38;5;27mINFO[0m [savont] VERSION: 0.6.3
(2026-08-10 12:59:31.756) [38;5;27mINFO[0m [savont] Starting classification...
(2026-08-10 12:59:31.760) [38;5;27mINFO[0m [savont::databases] Detected database type 'unites-10.0' for /hlilab/jshaw/16s_ont/benchmark/reviewer_analyses/its_18s_benchmark/databases/unites-10.0
(2026-08-10 12:59:31.760) [38;5;27mINFO[0m [savont::taxonomy] Loading UNITES taxonomy from /hlilab/jshaw/16s_ont/benchmark/reviewer_analyses/its_18s_benchmark/databases/unites-10.0/unites_taxonomy.tsv
(2026-08-10 12:59:31.999) [38;5;27mINFO[0m [savont::taxonomy] Loaded 156820 UNITES taxonomy entries
(2026-08-10 12:59:31.999) [38;5;27mINFO[0m [savont::classify] Loading consensus sequences from /hlilab/jshaw/16s_ont/benchmark/reviewer_analyses/its_18s_benchmark/results/unoise_classify_input/unoise/its_12500/final_asvs.fasta
(2026-08-10 12:59:32.000) [38;5;27mINFO[0m [savont::classify] Loaded 4 consensus sequences
(2026-08-10 12:59:32.000) [38;5;27mINFO[0m [savont::classify] Building minimap2 index from database FASTA: /hlilab/jshaw/16s_ont/benchmark/reviewer_analyses/its_18s_benchmark/databases/unites-10.0/unites_sequences.fasta
(2026-08-10 12:59:32.002) [38;5;27mINFO[0m [savont::classify] Loading pre-built minimap2 index: /hlilab/jshaw/16s_ont/benchmark/reviewer_analyses/its_18s_benchmark/databases/unites-10.0/unites_sequences.fasta.mmi
(2026-08-10 12:59:32.391) [38;5;27mINFO[0m [savont::classify] Aligning 4 consensus sequences to database
(2026-08-10 12:59:32.404) [38;5;27mINFO[0m [savont::classify] Collected 4 total mappings from 4 ASVs
(2026-08-10 12:59:32.458) [38;5;27mINFO[0m [savont::classify] Found 4 unique taxonomic IDs
(2026-08-10 12:59:32.458) [38;5;27mINFO[0m [savont::classify] Running EM algorithm to distribute abundances
(2026-08-10 12:59:32.458) [38;5;27mINFO[0m [savont::classify] Starting EM algorithm with 4 taxa and 4 mappings
(2026-08-10 12:59:32.459) [38;5;27mINFO[0m [savont::classify] EM converged after 2 iterations (max change: 0.000000e0)
(2026-08-10 12:59:32.483) [38;5;27mINFO[0m [savont::classify] Wrote species abundance table to /hlilab/jshaw/16s_ont/benchmark/reviewer_analyses/its_18s_benchmark/results/classification/its/unoise/12500/species_abundance.tsv
(2026-08-10 12:59:32.509) [38;5;27mINFO[0m [savont::classify] Wrote genus abundance table to /hlilab/jshaw/16s_ont/benchmark/reviewer_analyses/its_18s_benchmark/results/classification/its/unoise/12500/genus_abundance.tsv
(2026-08-10 12:59:32.537) [38;5;27mINFO[0m [savont::classify] Wrote ASV mappings table to /hlilab/jshaw/16s_ont/benchmark/reviewer_analyses/its_18s_benchmark/results/classification/its/unoise/12500/asv_mappings.tsv
(2026-08-10 12:59:32.537) [38;5;27mINFO[0m [savont::classify] Classification complete! Classified 4/4 ASVs
(2026-08-10 12:59:32.537) [38;5;27mINFO[0m [savont::classify] Classified 3/4 ASVs at species level
(2026-08-10 12:59:32.537) [38;5;27mINFO[0m [savont::classify] Classified 4/4 ASVs at genus level
