(2026-08-10 12:59:33.955) [38;5;27mINFO[0m [savont] COMMAND: /homes9/jshaw/.cargo/bin/savont classify -i /hlilab/jshaw/16s_ont/benchmark/reviewer_analyses/its_18s_benchmark/results/unoise_classify_input/unoise/its_2500 -o /hlilab/jshaw/16s_ont/benchmark/reviewer_analyses/its_18s_benchmark/results/classification/its/unoise/2500 -d /hlilab/jshaw/16s_ont/benchmark/reviewer_analyses/its_18s_benchmark/databases/unites-10.0 -t 10
(2026-08-10 12:59:33.956) [38;5;27mINFO[0m [savont] VERSION: 0.6.3
(2026-08-10 12:59:33.958) [38;5;27mINFO[0m [savont] Starting classification...
(2026-08-10 12:59:33.976) [38;5;27mINFO[0m [savont::databases] Detected database type 'unites-10.0' for /hlilab/jshaw/16s_ont/benchmark/reviewer_analyses/its_18s_benchmark/databases/unites-10.0
(2026-08-10 12:59:33.988) [38;5;27mINFO[0m [savont::taxonomy] Loading UNITES taxonomy from /hlilab/jshaw/16s_ont/benchmark/reviewer_analyses/its_18s_benchmark/databases/unites-10.0/unites_taxonomy.tsv
(2026-08-10 12:59:34.207) [38;5;27mINFO[0m [savont::taxonomy] Loaded 156820 UNITES taxonomy entries
(2026-08-10 12:59:34.207) [38;5;27mINFO[0m [savont::classify] Loading consensus sequences from /hlilab/jshaw/16s_ont/benchmark/reviewer_analyses/its_18s_benchmark/results/unoise_classify_input/unoise/its_2500/final_asvs.fasta
(2026-08-10 12:59:34.208) [38;5;27mINFO[0m [savont::classify] Loaded 1 consensus sequences
(2026-08-10 12:59:34.208) [38;5;27mINFO[0m [savont::classify] Building minimap2 index from database FASTA: /hlilab/jshaw/16s_ont/benchmark/reviewer_analyses/its_18s_benchmark/databases/unites-10.0/unites_sequences.fasta
(2026-08-10 12:59:34.210) [38;5;27mINFO[0m [savont::classify] Loading pre-built minimap2 index: /hlilab/jshaw/16s_ont/benchmark/reviewer_analyses/its_18s_benchmark/databases/unites-10.0/unites_sequences.fasta.mmi
(2026-08-10 12:59:34.642) [38;5;27mINFO[0m [savont::classify] Aligning 1 consensus sequences to database
(2026-08-10 12:59:34.652) [38;5;27mINFO[0m [savont::classify] Collected 1 total mappings from 1 ASVs
(2026-08-10 12:59:34.665) [38;5;27mINFO[0m [savont::classify] Found 1 unique taxonomic IDs
(2026-08-10 12:59:34.665) [38;5;27mINFO[0m [savont::classify] Running EM algorithm to distribute abundances
(2026-08-10 12:59:34.665) [38;5;27mINFO[0m [savont::classify] Starting EM algorithm with 1 taxa and 1 mappings
(2026-08-10 12:59:34.665) [38;5;27mINFO[0m [savont::classify] EM converged after 1 iterations (max change: 0.000000e0)
(2026-08-10 12:59:34.687) [38;5;27mINFO[0m [savont::classify] Wrote species abundance table to /hlilab/jshaw/16s_ont/benchmark/reviewer_analyses/its_18s_benchmark/results/classification/its/unoise/2500/species_abundance.tsv
(2026-08-10 12:59:34.704) [38;5;27mINFO[0m [savont::classify] Wrote genus abundance table to /hlilab/jshaw/16s_ont/benchmark/reviewer_analyses/its_18s_benchmark/results/classification/its/unoise/2500/genus_abundance.tsv
(2026-08-10 12:59:34.730) [38;5;27mINFO[0m [savont::classify] Wrote ASV mappings table to /hlilab/jshaw/16s_ont/benchmark/reviewer_analyses/its_18s_benchmark/results/classification/its/unoise/2500/asv_mappings.tsv
(2026-08-10 12:59:34.730) [38;5;27mINFO[0m [savont::classify] Classification complete! Classified 1/1 ASVs
(2026-08-10 12:59:34.730) [38;5;27mINFO[0m [savont::classify] Classified 0/1 ASVs at species level
(2026-08-10 12:59:34.730) [38;5;27mINFO[0m [savont::classify] Classified 1/1 ASVs at genus level
