(2026-08-10 12:59:29.280) [38;5;27mINFO[0m [savont] COMMAND: /homes9/jshaw/.cargo/bin/savont classify -i /hlilab/jshaw/16s_ont/benchmark/reviewer_analyses/its_18s_benchmark/results/unoise_classify_input/unoise/its_60000 -o /hlilab/jshaw/16s_ont/benchmark/reviewer_analyses/its_18s_benchmark/results/classification/its/unoise/60000 -d /hlilab/jshaw/16s_ont/benchmark/reviewer_analyses/its_18s_benchmark/databases/unites-10.0 -t 10
(2026-08-10 12:59:29.281) [38;5;27mINFO[0m [savont] VERSION: 0.6.3
(2026-08-10 12:59:29.282) [38;5;27mINFO[0m [savont] Starting classification...
(2026-08-10 12:59:29.283) [38;5;27mINFO[0m [savont::databases] Detected database type 'unites-10.0' for /hlilab/jshaw/16s_ont/benchmark/reviewer_analyses/its_18s_benchmark/databases/unites-10.0
(2026-08-10 12:59:29.309) [38;5;27mINFO[0m [savont::taxonomy] Loading UNITES taxonomy from /hlilab/jshaw/16s_ont/benchmark/reviewer_analyses/its_18s_benchmark/databases/unites-10.0/unites_taxonomy.tsv
(2026-08-10 12:59:29.517) [38;5;27mINFO[0m [savont::taxonomy] Loaded 156820 UNITES taxonomy entries
(2026-08-10 12:59:29.517) [38;5;27mINFO[0m [savont::classify] Loading consensus sequences from /hlilab/jshaw/16s_ont/benchmark/reviewer_analyses/its_18s_benchmark/results/unoise_classify_input/unoise/its_60000/final_asvs.fasta
(2026-08-10 12:59:29.518) [38;5;27mINFO[0m [savont::classify] Loaded 5 consensus sequences
(2026-08-10 12:59:29.518) [38;5;27mINFO[0m [savont::classify] Building minimap2 index from database FASTA: /hlilab/jshaw/16s_ont/benchmark/reviewer_analyses/its_18s_benchmark/databases/unites-10.0/unites_sequences.fasta
(2026-08-10 12:59:29.519) [38;5;27mINFO[0m [savont::classify] Loading pre-built minimap2 index: /hlilab/jshaw/16s_ont/benchmark/reviewer_analyses/its_18s_benchmark/databases/unites-10.0/unites_sequences.fasta.mmi
(2026-08-10 12:59:29.908) [38;5;27mINFO[0m [savont::classify] Aligning 5 consensus sequences to database
(2026-08-10 12:59:29.919) [38;5;27mINFO[0m [savont::classify] Collected 6 total mappings from 5 ASVs
(2026-08-10 12:59:29.919) [38;5;27mINFO[0m [savont::classify] Found 6 unique taxonomic IDs
(2026-08-10 12:59:29.919) [38;5;27mINFO[0m [savont::classify] Running EM algorithm to distribute abundances
(2026-08-10 12:59:29.919) [38;5;27mINFO[0m [savont::classify] Starting EM algorithm with 6 taxa and 6 mappings
(2026-08-10 12:59:29.919) [38;5;27mINFO[0m [savont::classify] EM converged after 2 iterations (max change: 5.551115e-17)
(2026-08-10 12:59:29.940) [38;5;27mINFO[0m [savont::classify] Wrote species abundance table to /hlilab/jshaw/16s_ont/benchmark/reviewer_analyses/its_18s_benchmark/results/classification/its/unoise/60000/species_abundance.tsv
(2026-08-10 12:59:30.010) [38;5;27mINFO[0m [savont::classify] Wrote genus abundance table to /hlilab/jshaw/16s_ont/benchmark/reviewer_analyses/its_18s_benchmark/results/classification/its/unoise/60000/genus_abundance.tsv
(2026-08-10 12:59:30.037) [38;5;27mINFO[0m [savont::classify] Wrote ASV mappings table to /hlilab/jshaw/16s_ont/benchmark/reviewer_analyses/its_18s_benchmark/results/classification/its/unoise/60000/asv_mappings.tsv
(2026-08-10 12:59:30.037) [38;5;27mINFO[0m [savont::classify] Classification complete! Classified 5/5 ASVs
(2026-08-10 12:59:30.037) [38;5;27mINFO[0m [savont::classify] Classified 3/5 ASVs at species level
(2026-08-10 12:59:30.037) [38;5;27mINFO[0m [savont::classify] Classified 5/5 ASVs at genus level
