(2026-08-08 17:33:13.847) INFO [savont] COMMAND: /homes9/jshaw/.cargo/bin/savont asv -t 10 /hlilab/jshaw/16s_ont/benchmark/results-FINAL-preprint/subsampled/v1v8_zmock1_frac1318.1911682282378.fastq -o /hlilab/jshaw/16s_ont/benchmark/reviewer_analyses/primary_clustering_threshold_sensitivity/results/reads_1318/threshold_0.95 --primary-clustering-threshold 0.95
(2026-08-08 17:33:13.848) INFO [savont] VERSION: 0.6.3
(2026-08-08 17:33:13.848) INFO [savont] SYSTEM NAME: Rocky Linux
(2026-08-08 17:33:13.848) INFO [savont] SYSTEM HOST NAME: ara.dfci.harvard.edu
(2026-08-08 17:33:13.849) INFO [savont] Created temp directory for intermediate files: /hlilab/jshaw/16s_ont/benchmark/reviewer_analyses/primary_clustering_threshold_sensitivity/results/reads_1318/threshold_0.95/temp
(2026-08-08 17:33:13.849) INFO [savont] === SAVONT STARTED: Generating ASVs ===
(2026-08-08 17:33:13.849) INFO [savont] === STAGE 1: Processing k-mers and polymorphic markers ===
(2026-08-08 17:33:13.881) INFO [savont::seq_parse] Finished with k-mer counting in 32.611388ms. Total SNPmers after bloom filter: 64471
(2026-08-08 17:33:13.882) INFO [savont::utils] Memory usage after second round of k-mer counting processing --- Memory usage: 0.01 GB
(2026-08-08 17:33:13.883) INFO [savont::seq_parse] Removed 58550 SNPmers with counts < 1 in both strands and <= 3 multiplicity.
(2026-08-08 17:33:13.883) INFO [savont] Time elapsed in for counting k-mers is: 34.528043ms
(2026-08-08 17:33:13.883) INFO [savont::kmer_comp] Finding snpmers...
(2026-08-08 17:33:13.885) INFO [savont::kmer_comp] Number of snpmers: 105. 
(2026-08-08 17:33:13.885) INFO [savont] Time elapsed in for parsing snpmers is: 1.275091ms
(2026-08-08 17:33:13.885) INFO [savont::utils] STAGE 1 DONE: Obtained SNPmers --- Memory usage: 0.01 GB
(2026-08-08 17:33:13.885) INFO [savont] Using blockmers: false
(2026-08-08 17:33:13.885) INFO [savont] Getting reads...
(2026-08-08 17:33:13.890) INFO [savont::kmer_comp] Number of reads removed due to length filtering: 4.
(2026-08-08 17:33:13.922) INFO [savont::kmer_comp] Number of valid reads  - 1314. Number of reads below quality threshold - 57.
(2026-08-08 17:33:13.922) INFO [savont::kmer_comp] Mean SNPmer density: 3.25%
(2026-08-08 17:33:13.922) INFO [savont::kmer_comp] Mean Blockmer density: 0.00%
(2026-08-08 17:33:13.925) INFO [savont] Total reads: 1257, Reads without SNPmers: 0 (0.00%)
(2026-08-08 17:33:13.925) INFO [savont] === STAGE 2: Clustering reads by k-mers ===
(2026-08-08 17:33:13.925) INFO [savont::asv_cluster] Starting greedy k-mer based clustering...
(2026-08-08 17:33:13.957) INFO [savont::asv_cluster] Greedy clustering complete. 22 cluster representatives found
(2026-08-08 17:33:13.976) INFO [savont::asv_cluster] K-mer clustering complete. 9 clusters found. Largest cluster: 251 reads
(2026-08-08 17:33:13.976) INFO [savont::asv_cluster] Wrote k-mer clusters to /hlilab/jshaw/16s_ont/benchmark/reviewer_analyses/primary_clustering_threshold_sensitivity/results/reads_1318/threshold_0.95/temp/kmer_clusters_stage2.tsv
(2026-08-08 17:33:14.000) INFO [savont::utils] STAGE 2 DONE: Clustered reads by k-mers --- Memory usage: 0.02 GB
(2026-08-08 17:33:14.007) INFO [savont] === STAGE 3: Secondary clustering of reads by polymorphic markers ===
(2026-08-08 17:33:14.007) INFO [savont::asv_cluster] Starting greedy SNPmer-based clustering within k-mer clusters...
(2026-08-08 17:33:14.010) INFO [savont::asv_cluster] Wrote SNPmer clusters to /hlilab/jshaw/16s_ont/benchmark/reviewer_analyses/primary_clustering_threshold_sensitivity/results/reads_1318/threshold_0.95/temp/snpmer_clusters_before_reclust2.5.tsv
(2026-08-08 17:33:14.010) INFO [savont::asv_cluster] Starting iterative reclustering using consensus representatives...
(2026-08-08 17:33:14.010) INFO [savont::asv_cluster] Starting with 9 k-mer groups containing 16 total SNPmer clusters
(2026-08-08 17:33:14.012) INFO [savont::asv_cluster] Iteration 1: 1 total merges, 28 total reassignments across 8 k-mer groups
(2026-08-08 17:33:14.013) INFO [savont::asv_cluster] Iteration 2: 0 total merges, 0 total reassignments across 8 k-mer groups
(2026-08-08 17:33:14.013) INFO [savont::asv_cluster] Convergence reached after 2 iterations
(2026-08-08 17:33:14.013) INFO [savont::asv_cluster] Final result: 13 total clusters across 8 k-mer groups
(2026-08-08 17:33:14.013) INFO [savont::asv_cluster] SNPmer clustering complete. 13 total SNPmer clusters from 9 k-mer clusters
(2026-08-08 17:33:14.070) INFO [savont::utils] STAGE 3 DONE: Clustered reads by polymorphic markers --- Memory usage: 0.02 GB
(2026-08-08 17:33:14.070) INFO [savont] === STAGE 4: Generating consensus sequences and analyzing pileupes ===
(2026-08-08 17:33:14.070) INFO [savont::alignment] Generating consensus sequences from SNPmer clusters...
(2026-08-08 17:33:14.287) INFO [savont::alignment] Wrote 13 consensus sequences to consensus_sequences.fasta
(2026-08-08 17:33:14.429) INFO [savont::alignment] Analyzing quality error rates from top 1 clusters
(2026-08-08 17:33:14.525) INFO [savont::alignment] Low quality consensus sequences: [1]
(2026-08-08 17:33:14.554) INFO [savont::alignment] Wrote low quality cluster information to low_quality_clusters.tsv
(2026-08-08 17:33:14.594) INFO [savont::alignment] Wrote cluster information before filtering to clusters_after_quality_filter_stage4.tsv
(2026-08-08 17:33:14.594) INFO [savont::alignment] Polishing complete
(2026-08-08 17:33:14.599) INFO [savont::utils] STAGE 4 DONE: Analyzed pileups and estimated consensus qualities --- Memory usage: 0.17 GB
(2026-08-08 17:33:14.645) INFO [savont] === STAGE 5: Merging similar consensus sequences ===
(2026-08-08 17:33:14.645) INFO [savont::alignment] Removing duplicate consensus sequences based on k-mer similarity
(2026-08-08 17:33:14.646) INFO [savont::alignment] Reduced consensus sequences from 12 to 12 after k-mer based deduplication
(2026-08-08 17:33:14.675) INFO [savont::alignment] Wrote 12 polished consensus sequences to polished_consensuses.fasta
(2026-08-08 17:33:14.678) INFO [savont::alignment] Merging 1 low quality consensuses into high quality consensuses
(2026-08-08 17:33:14.679) INFO [savont::alignment] Merging similar consensus sequences based on alignment and depth criteria
(2026-08-08 17:33:14.682) INFO [savont::alignment] Consensus merging complete: 12 -> 10 consensuses
(2026-08-08 17:33:14.742) INFO [savont::alignment] Wrote 10 merged consensus sequences to merged_consensus_sequences.fasta
(2026-08-08 17:33:14.744) INFO [savont::utils] STAGE 5 DONE: Merged similar consensus sequences --- Memory usage: 0.17 GB
(2026-08-08 17:33:14.744) INFO [savont] === STAGE 6: Detecting and filtering chimeric consensus sequences ===
(2026-08-08 17:33:14.744) INFO [savont::chimera] Starting chimera detection for 10 consensuses
(2026-08-08 17:33:14.744) INFO [savont::chimera] Calculating pairwise similarities for 10 consensuses (using decompressed sequences)
(2026-08-08 17:33:14.754) INFO [savont::chimera] Filtered 0 chimeric consensuses with mean chimera score NaN and std NaN, 10 remaining
(2026-08-08 17:33:14.756) INFO [savont::utils] STAGE 6 DONE: Filtered chimeric consensus sequences --- Memory usage: 0.18 GB
(2026-08-08 17:33:14.756) INFO [savont] === Final consensus count after chimera filtering: 10 ===
(2026-08-08 17:33:14.756) INFO [savont] === STAGE 7: Refining ASV depths with alignments and EM algorithm ===
(2026-08-08 17:33:14.757) INFO [savont::alignment] Refining ASV depths using EM algorithm with k-mer based read mapping
(2026-08-08 17:33:14.786) INFO [savont::alignment] Loaded 10 ASVs as TwinReads for k-mer comparison
(2026-08-08 17:33:14.786) INFO [savont::alignment] Built SNPmer index with 105 unique splitmers
(2026-08-08 17:33:14.786) INFO [savont::alignment] Mapping 1257 reads to 10 ASVs using k-mer comparison
(2026-08-08 17:33:14.862) INFO [savont::alignment] Filtered 269 reads with ratio > 0.005
(2026-08-08 17:33:14.862) INFO [savont::alignment] Total assigned reads: 988
(2026-08-08 17:33:14.862) INFO [savont::alignment] Total percentage assigned: 78.60%
(2026-08-08 17:33:14.862) INFO [savont::alignment] Number of unique equivalence classes: 15
(2026-08-08 17:33:14.862) INFO [savont::alignment] Running EM algorithm with convergence threshold: 1.012146e-5
(2026-08-08 17:33:14.863) INFO [savont::alignment] EM converged after 6 iterations (max change: 2.689037e-6)
(2026-08-08 17:33:14.863) INFO [savont::alignment] Updating ASV depths based on EM abundances
(2026-08-08 17:33:14.863) INFO [savont::alignment] EM refinement complete: 10 ASVs remaining
(2026-08-08 17:33:14.926) INFO [savont::utils] STAGE 7 DONE: Refined ASV depths with EM algorithm --- Memory usage: 0.18 GB
(2026-08-08 17:33:14.926) INFO [savont] Final consensus count after EM refinement: 10
(2026-08-08 17:33:14.953) INFO [savont] Wrote 10 final consensus sequences to final_asvs.fasta
(2026-08-08 17:33:15.005) INFO [savont] Wrote feature-table.tsv (QIIME2-compatible)
(2026-08-08 17:33:15.036) INFO [savont] === SAVONT COMPLETED SUCCESSFULLY in 1 SECONDS ===
