(2026-08-08 21:31:03.362) [38;5;27mINFO[0m [savont] COMMAND: /homes9/jshaw/.cargo/bin/savont asv -t 10 /hlilab/jshaw/16s_ont/benchmark/reviewer_analyses/its_18s_benchmark/results/subsampled/18s_100.fastq -o /hlilab/jshaw/16s_ont/benchmark/reviewer_analyses/its_18s_benchmark/results/savont/18s_100 --min-read-length 1000 --max-read-length 2600
(2026-08-08 21:31:03.363) [38;5;27mINFO[0m [savont] VERSION: 0.6.3
(2026-08-08 21:31:03.387) [38;5;27mINFO[0m [savont] SYSTEM NAME: Rocky Linux
(2026-08-08 21:31:03.387) [38;5;27mINFO[0m [savont] SYSTEM HOST NAME: ara.dfci.harvard.edu
(2026-08-08 21:31:03.388) [38;5;27mINFO[0m [savont] Created temp directory for intermediate files: /hlilab/jshaw/16s_ont/benchmark/reviewer_analyses/its_18s_benchmark/results/savont/18s_100/temp
(2026-08-08 21:31:03.425) [38;5;27mINFO[0m [savont] === SAVONT STARTED: Generating ASVs ===
(2026-08-08 21:31:03.425) [38;5;27mINFO[0m [savont] === STAGE 1: Processing k-mers and polymorphic markers ===
(2026-08-08 21:31:03.430) [38;5;27mINFO[0m [savont::seq_parse] Finished with k-mer counting in 4.826718ms. Total SNPmers after bloom filter: 14800
(2026-08-08 21:31:03.457) [38;5;27mINFO[0m [savont::utils] Memory usage after second round of k-mer counting processing --- Memory usage: 0.01 GB
(2026-08-08 21:31:03.483) [38;5;27mINFO[0m [savont::seq_parse] Removed 10255 SNPmers with counts < 1 in both strands and <= 3 multiplicity.
(2026-08-08 21:31:03.502) [38;5;27mINFO[0m [savont] Time elapsed in for counting k-mers is: 77.000433ms
(2026-08-08 21:31:03.519) [38;5;27mINFO[0m [savont::kmer_comp] Finding snpmers...
(2026-08-08 21:31:03.520) [38;5;27mINFO[0m [savont::kmer_comp] Number of snpmers: 26. 
(2026-08-08 21:31:03.547) [38;5;27mINFO[0m [savont] Time elapsed in for parsing snpmers is: 27.670183ms
(2026-08-08 21:31:03.547) [38;5;27mINFO[0m [savont::utils] STAGE 1 DONE: Obtained SNPmers --- Memory usage: 0.01 GB
(2026-08-08 21:31:03.573) [38;5;27mINFO[0m [savont] Using blockmers: false
(2026-08-08 21:31:03.573) [38;5;27mINFO[0m [savont] Getting reads...
(2026-08-08 21:31:03.575) [38;5;27mINFO[0m [savont::kmer_comp] Number of reads removed due to length filtering: 10.
(2026-08-08 21:31:03.600) [38;5;27mINFO[0m [savont::kmer_comp] Number of valid reads  - 90. Number of reads below quality threshold - 35.
(2026-08-08 21:31:03.621) [38;5;27mINFO[0m [savont::kmer_comp] Mean SNPmer density: 0.95%
(2026-08-08 21:31:03.621) [38;5;27mINFO[0m [savont::kmer_comp] Mean Blockmer density: 0.00%
(2026-08-08 21:31:03.621) [38;5;27mINFO[0m [savont] Total reads: 55, Reads without SNPmers: 0 (0.00%)
(2026-08-08 21:31:03.621) [38;5;27mINFO[0m [savont] === STAGE 2: Clustering reads by k-mers ===
(2026-08-08 21:31:03.621) [38;5;27mINFO[0m [savont::asv_cluster] Starting greedy k-mer based clustering...
(2026-08-08 21:31:03.622) [38;5;27mINFO[0m [savont::asv_cluster] Greedy clustering complete. 5 cluster representatives found
(2026-08-08 21:31:03.623) [38;5;27mINFO[0m [savont::asv_cluster] K-mer clustering complete. 2 clusters found. Largest cluster: 36 reads
(2026-08-08 21:31:03.623) [38;5;27mINFO[0m [savont::asv_cluster] Wrote k-mer clusters to /hlilab/jshaw/16s_ont/benchmark/reviewer_analyses/its_18s_benchmark/results/savont/18s_100/temp/kmer_clusters_stage2.tsv
(2026-08-08 21:31:03.648) [38;5;27mINFO[0m [savont::utils] STAGE 2 DONE: Clustered reads by k-mers --- Memory usage: 0.01 GB
(2026-08-08 21:31:03.648) [38;5;27mINFO[0m [savont] === STAGE 3: Secondary clustering of reads by polymorphic markers ===
(2026-08-08 21:31:03.648) [38;5;27mINFO[0m [savont::asv_cluster] Starting greedy SNPmer-based clustering within k-mer clusters...
(2026-08-08 21:31:03.649) [38;5;27mINFO[0m [savont::asv_cluster] Wrote SNPmer clusters to /hlilab/jshaw/16s_ont/benchmark/reviewer_analyses/its_18s_benchmark/results/savont/18s_100/temp/snpmer_clusters_before_reclust2.5.tsv
(2026-08-08 21:31:03.649) [38;5;27mINFO[0m [savont::asv_cluster] Starting iterative reclustering using consensus representatives...
(2026-08-08 21:31:03.649) [38;5;27mINFO[0m [savont::asv_cluster] Starting with 2 k-mer groups containing 1 total SNPmer clusters
(2026-08-08 21:31:03.649) [38;5;27mINFO[0m [savont::asv_cluster] Iteration 1: 0 total merges, 0 total reassignments across 1 k-mer groups
(2026-08-08 21:31:03.649) [38;5;27mINFO[0m [savont::asv_cluster] Convergence reached after 1 iterations
(2026-08-08 21:31:03.649) [38;5;27mINFO[0m [savont::asv_cluster] Final result: 1 total clusters across 1 k-mer groups
(2026-08-08 21:31:03.649) [38;5;27mINFO[0m [savont::asv_cluster] SNPmer clustering complete. 1 total SNPmer clusters from 2 k-mer clusters
(2026-08-08 21:31:03.704) [38;5;27mINFO[0m [savont::utils] STAGE 3 DONE: Clustered reads by polymorphic markers --- Memory usage: 0.01 GB
(2026-08-08 21:31:03.735) [38;5;27mINFO[0m [savont] === STAGE 4: Generating consensus sequences and analyzing pileupes ===
(2026-08-08 21:31:03.735) [38;5;27mINFO[0m [savont::alignment] Generating consensus sequences from SNPmer clusters...
(2026-08-08 21:31:03.856) [38;5;27mINFO[0m [savont::alignment] Wrote 1 consensus sequences to consensus_sequences.fasta
(2026-08-08 21:31:03.876) [38;5;27mINFO[0m [savont::alignment] Analyzing quality error rates from top 0 clusters
(2026-08-08 21:31:03.878) [38;5;27mINFO[0m [savont::alignment] Low quality consensus sequences: []
(2026-08-08 21:31:03.879) [38;5;27mINFO[0m [savont::alignment] Wrote low quality cluster information to low_quality_clusters.tsv
(2026-08-08 21:31:03.909) [38;5;27mINFO[0m [savont::alignment] Wrote cluster information before filtering to clusters_after_quality_filter_stage4.tsv
(2026-08-08 21:31:03.909) [38;5;27mINFO[0m [savont::alignment] Polishing complete
(2026-08-08 21:31:03.910) [38;5;27mINFO[0m [savont::utils] STAGE 4 DONE: Analyzed pileups and estimated consensus qualities --- Memory usage: 0.01 GB
(2026-08-08 21:31:03.941) [38;5;27mINFO[0m [savont] === STAGE 5: Merging similar consensus sequences ===
(2026-08-08 21:31:03.967) [38;5;27mINFO[0m [savont::alignment] Removing duplicate consensus sequences based on k-mer similarity
(2026-08-08 21:31:03.967) [38;5;27mINFO[0m [savont::alignment] Reduced consensus sequences from 1 to 1 after k-mer based deduplication
(2026-08-08 21:31:03.990) [38;5;27mINFO[0m [savont::alignment] Wrote 1 polished consensus sequences to polished_consensuses.fasta
(2026-08-08 21:31:04.016) [38;5;27mINFO[0m [savont::alignment] Merging 0 low quality consensuses into high quality consensuses
(2026-08-08 21:31:04.042) [38;5;27mINFO[0m [savont::alignment] Merging similar consensus sequences based on alignment and depth criteria
(2026-08-08 21:31:04.043) [38;5;27mINFO[0m [savont::alignment] Consensus merging complete: 1 -> 1 consensuses
(2026-08-08 21:31:04.149) [38;5;27mINFO[0m [savont::alignment] Wrote 1 merged consensus sequences to merged_consensus_sequences.fasta
(2026-08-08 21:31:04.150) [38;5;27mINFO[0m [savont::utils] STAGE 5 DONE: Merged similar consensus sequences --- Memory usage: 0.01 GB
(2026-08-08 21:31:04.171) [38;5;27mINFO[0m [savont] === STAGE 6: Detecting and filtering chimeric consensus sequences ===
(2026-08-08 21:31:04.171) [38;5;27mINFO[0m [savont::chimera] Starting chimera detection for 1 consensuses
(2026-08-08 21:31:04.171) [38;5;27mINFO[0m [savont::chimera] Calculating pairwise similarities for 1 consensuses (using decompressed sequences)
(2026-08-08 21:31:04.172) [38;5;27mINFO[0m [savont::chimera] Filtered 0 chimeric consensuses with mean chimera score NaN and std NaN, 1 remaining
(2026-08-08 21:31:04.195) [38;5;27mINFO[0m [savont::utils] STAGE 6 DONE: Filtered chimeric consensus sequences --- Memory usage: 0.02 GB
(2026-08-08 21:31:04.195) [38;5;27mINFO[0m [savont] === Final consensus count after chimera filtering: 1 ===
(2026-08-08 21:31:04.195) [38;5;27mINFO[0m [savont] === STAGE 7: Refining ASV depths with alignments and EM algorithm ===
(2026-08-08 21:31:04.196) [38;5;27mINFO[0m [savont::alignment] Refining ASV depths using EM algorithm with k-mer based read mapping
(2026-08-08 21:31:04.215) [38;5;27mINFO[0m [savont::alignment] Loaded 1 ASVs as TwinReads for k-mer comparison
(2026-08-08 21:31:04.242) [38;5;27mINFO[0m [savont::alignment] Built SNPmer index with 22 unique splitmers
(2026-08-08 21:31:04.242) [38;5;27mINFO[0m [savont::alignment] Mapping 55 reads to 1 ASVs using k-mer comparison
(2026-08-08 21:31:04.249) [38;5;27mINFO[0m [savont::alignment] Filtered 19 reads with ratio > 0.005
(2026-08-08 21:31:04.268) [38;5;27mINFO[0m [savont::alignment] Total assigned reads: 36
(2026-08-08 21:31:04.268) [38;5;27mINFO[0m [savont::alignment] Total percentage assigned: 65.45%
(2026-08-08 21:31:04.268) [38;5;27mINFO[0m [savont::alignment] Number of unique equivalence classes: 1
(2026-08-08 21:31:04.268) [38;5;27mINFO[0m [savont::alignment] Running EM algorithm with convergence threshold: 2.777778e-4
(2026-08-08 21:31:04.268) [38;5;27mINFO[0m [savont::alignment] EM converged after 1 iterations (max change: 0.000000e0)
(2026-08-08 21:31:04.268) [38;5;27mINFO[0m [savont::alignment] Updating ASV depths based on EM abundances
(2026-08-08 21:31:04.268) [38;5;27mINFO[0m [savont::alignment] EM refinement complete: 1 ASVs remaining
(2026-08-08 21:31:04.318) [38;5;27mINFO[0m [savont::utils] STAGE 7 DONE: Refined ASV depths with EM algorithm --- Memory usage: 0.03 GB
(2026-08-08 21:31:04.319) [38;5;27mINFO[0m [savont] Final consensus count after EM refinement: 1
(2026-08-08 21:31:04.346) [38;5;27mINFO[0m [savont] Wrote 1 final consensus sequences to final_asvs.fasta
(2026-08-08 21:31:04.369) [38;5;27mINFO[0m [savont] Wrote feature-table.tsv (QIIME2-compatible)
(2026-08-08 21:31:04.392) [38;5;27mINFO[0m [savont] === SAVONT COMPLETED SUCCESSFULLY in 1 SECONDS ===
