(2026-08-08 21:30:59.092) [38;5;27mINFO[0m [savont] COMMAND: /homes9/jshaw/.cargo/bin/savont asv -t 10 /hlilab/jshaw/16s_ont/benchmark/reviewer_analyses/its_18s_benchmark/results/subsampled/18s_500.fastq -o /hlilab/jshaw/16s_ont/benchmark/reviewer_analyses/its_18s_benchmark/results/savont/18s_500 --min-read-length 1000 --max-read-length 2600
(2026-08-08 21:30:59.093) [38;5;27mINFO[0m [savont] VERSION: 0.6.3
(2026-08-08 21:30:59.115) [38;5;27mINFO[0m [savont] SYSTEM NAME: Rocky Linux
(2026-08-08 21:30:59.115) [38;5;27mINFO[0m [savont] SYSTEM HOST NAME: ara.dfci.harvard.edu
(2026-08-08 21:30:59.116) [38;5;27mINFO[0m [savont] Created temp directory for intermediate files: /hlilab/jshaw/16s_ont/benchmark/reviewer_analyses/its_18s_benchmark/results/savont/18s_500/temp
(2026-08-08 21:30:59.145) [38;5;27mINFO[0m [savont] === SAVONT STARTED: Generating ASVs ===
(2026-08-08 21:30:59.145) [38;5;27mINFO[0m [savont] === STAGE 1: Processing k-mers and polymorphic markers ===
(2026-08-08 21:30:59.162) [38;5;27mINFO[0m [savont::seq_parse] Finished with k-mer counting in 17.220101ms. Total SNPmers after bloom filter: 42769
(2026-08-08 21:30:59.166) [38;5;27mINFO[0m [savont::utils] Memory usage after second round of k-mer counting processing --- Memory usage: 0.01 GB
(2026-08-08 21:30:59.190) [38;5;27mINFO[0m [savont::seq_parse] Removed 34745 SNPmers with counts < 1 in both strands and <= 3 multiplicity.
(2026-08-08 21:30:59.218) [38;5;27mINFO[0m [savont] Time elapsed in for counting k-mers is: 73.211603ms
(2026-08-08 21:30:59.247) [38;5;27mINFO[0m [savont::kmer_comp] Finding snpmers...
(2026-08-08 21:30:59.270) [38;5;27mINFO[0m [savont::kmer_comp] Number of snpmers: 46. 
(2026-08-08 21:30:59.298) [38;5;27mINFO[0m [savont] Time elapsed in for parsing snpmers is: 51.046735ms
(2026-08-08 21:30:59.298) [38;5;27mINFO[0m [savont::utils] STAGE 1 DONE: Obtained SNPmers --- Memory usage: 0.01 GB
(2026-08-08 21:30:59.320) [38;5;27mINFO[0m [savont] Using blockmers: false
(2026-08-08 21:30:59.320) [38;5;27mINFO[0m [savont] Getting reads...
(2026-08-08 21:30:59.322) [38;5;27mINFO[0m [savont::kmer_comp] Number of reads removed due to length filtering: 49.
(2026-08-08 21:30:59.345) [38;5;27mINFO[0m [savont::kmer_comp] Number of valid reads  - 451. Number of reads below quality threshold - 192.
(2026-08-08 21:30:59.373) [38;5;27mINFO[0m [savont::kmer_comp] Mean SNPmer density: 1.16%
(2026-08-08 21:30:59.373) [38;5;27mINFO[0m [savont::kmer_comp] Mean Blockmer density: 0.00%
(2026-08-08 21:30:59.373) [38;5;27mINFO[0m [savont] Total reads: 259, Reads without SNPmers: 2 (0.77%)
(2026-08-08 21:30:59.401) [38;5;27mINFO[0m [savont] === STAGE 2: Clustering reads by k-mers ===
(2026-08-08 21:30:59.401) [38;5;27mINFO[0m [savont::asv_cluster] Starting greedy k-mer based clustering...
(2026-08-08 21:30:59.407) [38;5;27mINFO[0m [savont::asv_cluster] Greedy clustering complete. 13 cluster representatives found
(2026-08-08 21:30:59.429) [38;5;27mINFO[0m [savont::asv_cluster] K-mer clustering complete. 3 clusters found. Largest cluster: 181 reads
(2026-08-08 21:30:59.461) [38;5;27mINFO[0m [savont::asv_cluster] Wrote k-mer clusters to /hlilab/jshaw/16s_ont/benchmark/reviewer_analyses/its_18s_benchmark/results/savont/18s_500/temp/kmer_clusters_stage2.tsv
(2026-08-08 21:30:59.482) [38;5;27mINFO[0m [savont::utils] STAGE 2 DONE: Clustered reads by k-mers --- Memory usage: 0.01 GB
(2026-08-08 21:30:59.490) [38;5;27mINFO[0m [savont] === STAGE 3: Secondary clustering of reads by polymorphic markers ===
(2026-08-08 21:30:59.490) [38;5;27mINFO[0m [savont::asv_cluster] Starting greedy SNPmer-based clustering within k-mer clusters...
(2026-08-08 21:30:59.492) [38;5;27mINFO[0m [savont::asv_cluster] Wrote SNPmer clusters to /hlilab/jshaw/16s_ont/benchmark/reviewer_analyses/its_18s_benchmark/results/savont/18s_500/temp/snpmer_clusters_before_reclust2.5.tsv
(2026-08-08 21:30:59.517) [38;5;27mINFO[0m [savont::asv_cluster] Starting iterative reclustering using consensus representatives...
(2026-08-08 21:30:59.517) [38;5;27mINFO[0m [savont::asv_cluster] Starting with 3 k-mer groups containing 4 total SNPmer clusters
(2026-08-08 21:30:59.518) [38;5;27mINFO[0m [savont::asv_cluster] Iteration 1: 0 total merges, 17 total reassignments across 3 k-mer groups
(2026-08-08 21:30:59.553) [38;5;27mINFO[0m [savont::asv_cluster] Convergence reached after 1 iterations
(2026-08-08 21:30:59.553) [38;5;27mINFO[0m [savont::asv_cluster] Final result: 3 total clusters across 3 k-mer groups
(2026-08-08 21:30:59.553) [38;5;27mINFO[0m [savont::asv_cluster] SNPmer clustering complete. 3 total SNPmer clusters from 3 k-mer clusters
(2026-08-08 21:30:59.618) [38;5;27mINFO[0m [savont::utils] STAGE 3 DONE: Clustered reads by polymorphic markers --- Memory usage: 0.01 GB
(2026-08-08 21:30:59.618) [38;5;27mINFO[0m [savont] === STAGE 4: Generating consensus sequences and analyzing pileupes ===
(2026-08-08 21:30:59.618) [38;5;27mINFO[0m [savont::alignment] Generating consensus sequences from SNPmer clusters...
(2026-08-08 21:30:59.867) [38;5;27mINFO[0m [savont::alignment] Wrote 3 consensus sequences to consensus_sequences.fasta
(2026-08-08 21:30:59.973) [38;5;27mINFO[0m [savont::alignment] Analyzing quality error rates from top 0 clusters
(2026-08-08 21:30:59.986) [38;5;27mINFO[0m [savont::alignment] Low quality consensus sequences: []
(2026-08-08 21:30:59.987) [38;5;27mINFO[0m [savont::alignment] Wrote low quality cluster information to low_quality_clusters.tsv
(2026-08-08 21:31:00.017) [38;5;27mINFO[0m [savont::alignment] Wrote cluster information before filtering to clusters_after_quality_filter_stage4.tsv
(2026-08-08 21:31:00.017) [38;5;27mINFO[0m [savont::alignment] Polishing complete
(2026-08-08 21:31:00.019) [38;5;27mINFO[0m [savont::utils] STAGE 4 DONE: Analyzed pileups and estimated consensus qualities --- Memory usage: 0.05 GB
(2026-08-08 21:31:00.020) [38;5;27mINFO[0m [savont] === STAGE 5: Merging similar consensus sequences ===
(2026-08-08 21:31:00.020) [38;5;27mINFO[0m [savont::alignment] Removing duplicate consensus sequences based on k-mer similarity
(2026-08-08 21:31:00.020) [38;5;27mINFO[0m [savont::alignment] Reduced consensus sequences from 3 to 3 after k-mer based deduplication
(2026-08-08 21:31:00.047) [38;5;27mINFO[0m [savont::alignment] Wrote 3 polished consensus sequences to polished_consensuses.fasta
(2026-08-08 21:31:00.050) [38;5;27mINFO[0m [savont::alignment] Merging 0 low quality consensuses into high quality consensuses
(2026-08-08 21:31:00.073) [38;5;27mINFO[0m [savont::alignment] Merging similar consensus sequences based on alignment and depth criteria
(2026-08-08 21:31:00.075) [38;5;27mINFO[0m [savont::alignment] Consensus merging complete: 3 -> 3 consensuses
(2026-08-08 21:31:00.154) [38;5;27mINFO[0m [savont::alignment] Wrote 3 merged consensus sequences to merged_consensus_sequences.fasta
(2026-08-08 21:31:00.155) [38;5;27mINFO[0m [savont::utils] STAGE 5 DONE: Merged similar consensus sequences --- Memory usage: 0.05 GB
(2026-08-08 21:31:00.181) [38;5;27mINFO[0m [savont] === STAGE 6: Detecting and filtering chimeric consensus sequences ===
(2026-08-08 21:31:00.200) [38;5;27mINFO[0m [savont::chimera] Starting chimera detection for 3 consensuses
(2026-08-08 21:31:00.200) [38;5;27mINFO[0m [savont::chimera] Calculating pairwise similarities for 3 consensuses (using decompressed sequences)
(2026-08-08 21:31:00.207) [38;5;27mINFO[0m [savont::chimera] Filtered 0 chimeric consensuses with mean chimera score NaN and std NaN, 3 remaining
(2026-08-08 21:31:00.240) [38;5;27mINFO[0m [savont::utils] STAGE 6 DONE: Filtered chimeric consensus sequences --- Memory usage: 0.05 GB
(2026-08-08 21:31:00.265) [38;5;27mINFO[0m [savont] === Final consensus count after chimera filtering: 3 ===
(2026-08-08 21:31:00.265) [38;5;27mINFO[0m [savont] === STAGE 7: Refining ASV depths with alignments and EM algorithm ===
(2026-08-08 21:31:00.266) [38;5;27mINFO[0m [savont::alignment] Refining ASV depths using EM algorithm with k-mer based read mapping
(2026-08-08 21:31:00.332) [38;5;27mINFO[0m [savont::alignment] Loaded 3 ASVs as TwinReads for k-mer comparison
(2026-08-08 21:31:00.353) [38;5;27mINFO[0m [savont::alignment] Built SNPmer index with 40 unique splitmers
(2026-08-08 21:31:00.353) [38;5;27mINFO[0m [savont::alignment] Mapping 259 reads to 3 ASVs using k-mer comparison
(2026-08-08 21:31:00.379) [38;5;27mINFO[0m [savont::alignment] Filtered 14 reads with ratio > 0.005
(2026-08-08 21:31:00.380) [38;5;27mINFO[0m [savont::alignment] Total assigned reads: 245
(2026-08-08 21:31:00.380) [38;5;27mINFO[0m [savont::alignment] Total percentage assigned: 94.59%
(2026-08-08 21:31:00.380) [38;5;27mINFO[0m [savont::alignment] Number of unique equivalence classes: 3
(2026-08-08 21:31:00.380) [38;5;27mINFO[0m [savont::alignment] Running EM algorithm with convergence threshold: 4.081633e-5
(2026-08-08 21:31:00.380) [38;5;27mINFO[0m [savont::alignment] EM converged after 2 iterations (max change: 1.110223e-16)
(2026-08-08 21:31:00.380) [38;5;27mINFO[0m [savont::alignment] Updating ASV depths based on EM abundances
(2026-08-08 21:31:00.380) [38;5;27mINFO[0m [savont::alignment] EM refinement complete: 3 ASVs remaining
(2026-08-08 21:31:00.443) [38;5;27mINFO[0m [savont::utils] STAGE 7 DONE: Refined ASV depths with EM algorithm --- Memory usage: 0.06 GB
(2026-08-08 21:31:00.443) [38;5;27mINFO[0m [savont] Final consensus count after EM refinement: 3
(2026-08-08 21:31:00.497) [38;5;27mINFO[0m [savont] Wrote 3 final consensus sequences to final_asvs.fasta
(2026-08-08 21:31:00.525) [38;5;27mINFO[0m [savont] Wrote feature-table.tsv (QIIME2-compatible)
(2026-08-08 21:31:00.558) [38;5;27mINFO[0m [savont] === SAVONT COMPLETED SUCCESSFULLY in 1 SECONDS ===
