(2026-08-08 21:30:46.654) [38;5;27mINFO[0m [savont] COMMAND: /homes9/jshaw/.cargo/bin/savont asv -t 10 /hlilab/jshaw/16s_ont/benchmark/reviewer_analyses/its_18s_benchmark/results/subsampled/18s_12500.fastq -o /hlilab/jshaw/16s_ont/benchmark/reviewer_analyses/its_18s_benchmark/results/savont/18s_12500 --min-read-length 1000 --max-read-length 2600
(2026-08-08 21:30:46.655) [38;5;27mINFO[0m [savont] VERSION: 0.6.3
(2026-08-08 21:30:46.675) [38;5;27mINFO[0m [savont] SYSTEM NAME: Rocky Linux
(2026-08-08 21:30:46.675) [38;5;27mINFO[0m [savont] SYSTEM HOST NAME: ara.dfci.harvard.edu
(2026-08-08 21:30:46.676) [38;5;27mINFO[0m [savont] Created temp directory for intermediate files: /hlilab/jshaw/16s_ont/benchmark/reviewer_analyses/its_18s_benchmark/results/savont/18s_12500/temp
(2026-08-08 21:30:46.700) [38;5;27mINFO[0m [savont] === SAVONT STARTED: Generating ASVs ===
(2026-08-08 21:30:46.700) [38;5;27mINFO[0m [savont] === STAGE 1: Processing k-mers and polymorphic markers ===
(2026-08-08 21:30:47.065) [38;5;27mINFO[0m [savont::seq_parse] Finished with k-mer counting in 365.161375ms. Total SNPmers after bloom filter: 379245
(2026-08-08 21:30:47.066) [38;5;27mINFO[0m [savont::utils] Memory usage after second round of k-mer counting processing --- Memory usage: 0.02 GB
(2026-08-08 21:30:47.072) [38;5;27mINFO[0m [savont::seq_parse] Removed 316581 SNPmers with counts < 1 in both strands and <= 3 multiplicity.
(2026-08-08 21:30:47.072) [38;5;27mINFO[0m [savont] Time elapsed in for counting k-mers is: 372.852562ms
(2026-08-08 21:30:47.073) [38;5;27mINFO[0m [savont::kmer_comp] Finding snpmers...
(2026-08-08 21:30:47.077) [38;5;27mINFO[0m [savont::kmer_comp] Number of snpmers: 569. 
(2026-08-08 21:30:47.077) [38;5;27mINFO[0m [savont] Time elapsed in for parsing snpmers is: 5.008378ms
(2026-08-08 21:30:47.078) [38;5;27mINFO[0m [savont::utils] STAGE 1 DONE: Obtained SNPmers --- Memory usage: 0.01 GB
(2026-08-08 21:30:47.078) [38;5;27mINFO[0m [savont] Using blockmers: false
(2026-08-08 21:30:47.078) [38;5;27mINFO[0m [savont] Getting reads...
(2026-08-08 21:30:47.134) [38;5;27mINFO[0m [savont::kmer_comp] Number of reads removed due to length filtering: 1218.
(2026-08-08 21:30:47.451) [38;5;27mINFO[0m [savont::kmer_comp] Number of valid reads  - 11282. Number of reads below quality threshold - 4179.
(2026-08-08 21:30:47.454) [38;5;27mINFO[0m [savont::kmer_comp] Mean SNPmer density: 1.60%
(2026-08-08 21:30:47.454) [38;5;27mINFO[0m [savont::kmer_comp] Mean Blockmer density: 0.00%
(2026-08-08 21:30:47.466) [38;5;27mINFO[0m [savont] Total reads: 7103, Reads without SNPmers: 62 (0.87%)
(2026-08-08 21:30:47.466) [38;5;27mINFO[0m [savont] === STAGE 2: Clustering reads by k-mers ===
(2026-08-08 21:30:47.466) [38;5;27mINFO[0m [savont::asv_cluster] Starting greedy k-mer based clustering...
(2026-08-08 21:30:47.945) [38;5;27mINFO[0m [savont::asv_cluster] Greedy clustering complete. 95 cluster representatives found
(2026-08-08 21:30:47.947) [38;5;27mINFO[0m [savont::asv_cluster] K-mer clustering complete. 11 clusters found. Largest cluster: 4862 reads
(2026-08-08 21:30:47.967) [38;5;27mINFO[0m [savont::asv_cluster] Wrote k-mer clusters to /hlilab/jshaw/16s_ont/benchmark/reviewer_analyses/its_18s_benchmark/results/savont/18s_12500/temp/kmer_clusters_stage2.tsv
(2026-08-08 21:30:48.017) [38;5;27mINFO[0m [savont::utils] STAGE 2 DONE: Clustered reads by k-mers --- Memory usage: 0.10 GB
(2026-08-08 21:30:48.017) [38;5;27mINFO[0m [savont] === STAGE 3: Secondary clustering of reads by polymorphic markers ===
(2026-08-08 21:30:48.017) [38;5;27mINFO[0m [savont::asv_cluster] Starting greedy SNPmer-based clustering within k-mer clusters...
(2026-08-08 21:30:48.079) [38;5;27mINFO[0m [savont::asv_cluster] Wrote SNPmer clusters to /hlilab/jshaw/16s_ont/benchmark/reviewer_analyses/its_18s_benchmark/results/savont/18s_12500/temp/snpmer_clusters_before_reclust2.5.tsv
(2026-08-08 21:30:48.079) [38;5;27mINFO[0m [savont::asv_cluster] Starting iterative reclustering using consensus representatives...
(2026-08-08 21:30:48.079) [38;5;27mINFO[0m [savont::asv_cluster] Starting with 11 k-mer groups containing 24 total SNPmer clusters
(2026-08-08 21:30:48.119) [38;5;27mINFO[0m [savont::asv_cluster] Iteration 1: 3 total merges, 194 total reassignments across 4 k-mer groups
(2026-08-08 21:30:48.163) [38;5;27mINFO[0m [savont::asv_cluster] Iteration 2: 0 total merges, 52 total reassignments across 4 k-mer groups
(2026-08-08 21:30:48.180) [38;5;27mINFO[0m [savont::asv_cluster] Convergence reached after 2 iterations
(2026-08-08 21:30:48.180) [38;5;27mINFO[0m [savont::asv_cluster] Final result: 18 total clusters across 4 k-mer groups
(2026-08-08 21:30:48.180) [38;5;27mINFO[0m [savont::asv_cluster] SNPmer clustering complete. 18 total SNPmer clusters from 11 k-mer clusters
(2026-08-08 21:30:48.254) [38;5;27mINFO[0m [savont::utils] STAGE 3 DONE: Clustered reads by polymorphic markers --- Memory usage: 0.10 GB
(2026-08-08 21:30:48.254) [38;5;27mINFO[0m [savont] === STAGE 4: Generating consensus sequences and analyzing pileupes ===
(2026-08-08 21:30:48.254) [38;5;27mINFO[0m [savont::alignment] Generating consensus sequences from SNPmer clusters...
(2026-08-08 21:30:48.938) [38;5;27mINFO[0m [savont::alignment] Wrote 18 consensus sequences to consensus_sequences.fasta
(2026-08-08 21:30:49.185) [38;5;27mINFO[0m [savont::alignment] Analyzing quality error rates from top 2 clusters
(2026-08-08 21:30:49.351) [38;5;27mINFO[0m [savont::alignment] Low quality consensus sequences: [6, 7, 10, 11, 12, 13, 14, 15, 16, 17]
(2026-08-08 21:30:49.377) [38;5;27mINFO[0m [savont::alignment] Wrote low quality cluster information to low_quality_clusters.tsv
(2026-08-08 21:30:49.423) [38;5;27mINFO[0m [savont::alignment] Wrote cluster information before filtering to clusters_after_quality_filter_stage4.tsv
(2026-08-08 21:30:49.444) [38;5;27mINFO[0m [savont::alignment] Polishing complete
(2026-08-08 21:30:49.456) [38;5;27mINFO[0m [savont::utils] STAGE 4 DONE: Analyzed pileups and estimated consensus qualities --- Memory usage: 0.53 GB
(2026-08-08 21:30:49.487) [38;5;27mINFO[0m [savont] === STAGE 5: Merging similar consensus sequences ===
(2026-08-08 21:30:49.494) [38;5;27mINFO[0m [savont::alignment] Removing duplicate consensus sequences based on k-mer similarity
(2026-08-08 21:30:49.495) [38;5;27mINFO[0m [savont::alignment] Reduced consensus sequences from 8 to 8 after k-mer based deduplication
(2026-08-08 21:30:49.523) [38;5;27mINFO[0m [savont::alignment] Wrote 8 polished consensus sequences to polished_consensuses.fasta
(2026-08-08 21:30:49.532) [38;5;27mINFO[0m [savont::alignment] Merging 10 low quality consensuses into high quality consensuses
(2026-08-08 21:30:49.562) [38;5;27mINFO[0m [savont::alignment] Merging similar consensus sequences based on alignment and depth criteria
(2026-08-08 21:30:49.585) [38;5;27mINFO[0m [savont::alignment] Consensus merging complete: 8 -> 4 consensuses
(2026-08-08 21:30:49.687) [38;5;27mINFO[0m [savont::alignment] Wrote 4 merged consensus sequences to merged_consensus_sequences.fasta
(2026-08-08 21:30:49.694) [38;5;27mINFO[0m [savont::utils] STAGE 5 DONE: Merged similar consensus sequences --- Memory usage: 0.53 GB
(2026-08-08 21:30:49.694) [38;5;27mINFO[0m [savont] === STAGE 6: Detecting and filtering chimeric consensus sequences ===
(2026-08-08 21:30:49.694) [38;5;27mINFO[0m [savont::chimera] Starting chimera detection for 4 consensuses
(2026-08-08 21:30:49.694) [38;5;27mINFO[0m [savont::chimera] Calculating pairwise similarities for 4 consensuses (using decompressed sequences)
(2026-08-08 21:30:49.704) [38;5;27mINFO[0m [savont::chimera] Filtered 0 chimeric consensuses with mean chimera score NaN and std NaN, 4 remaining
(2026-08-08 21:30:49.709) [38;5;27mINFO[0m [savont::utils] STAGE 6 DONE: Filtered chimeric consensus sequences --- Memory usage: 0.53 GB
(2026-08-08 21:30:49.709) [38;5;27mINFO[0m [savont] === Final consensus count after chimera filtering: 4 ===
(2026-08-08 21:30:49.709) [38;5;27mINFO[0m [savont] === STAGE 7: Refining ASV depths with alignments and EM algorithm ===
(2026-08-08 21:30:49.710) [38;5;27mINFO[0m [savont::alignment] Refining ASV depths using EM algorithm with k-mer based read mapping
(2026-08-08 21:30:49.736) [38;5;27mINFO[0m [savont::alignment] Loaded 4 ASVs as TwinReads for k-mer comparison
(2026-08-08 21:30:49.765) [38;5;27mINFO[0m [savont::alignment] Built SNPmer index with 98 unique splitmers
(2026-08-08 21:30:49.765) [38;5;27mINFO[0m [savont::alignment] Mapping 7103 reads to 4 ASVs using k-mer comparison
(2026-08-08 21:30:50.335) [38;5;27mINFO[0m [savont::alignment] Filtered 331 reads with ratio > 0.005
(2026-08-08 21:30:50.335) [38;5;27mINFO[0m [savont::alignment] Total assigned reads: 6772
(2026-08-08 21:30:50.335) [38;5;27mINFO[0m [savont::alignment] Total percentage assigned: 95.34%
(2026-08-08 21:30:50.335) [38;5;27mINFO[0m [savont::alignment] Number of unique equivalence classes: 4
(2026-08-08 21:30:50.335) [38;5;27mINFO[0m [savont::alignment] Running EM algorithm with convergence threshold: 1.476669e-6
(2026-08-08 21:30:50.335) [38;5;27mINFO[0m [savont::alignment] EM converged after 2 iterations (max change: 0.000000e0)
(2026-08-08 21:30:50.357) [38;5;27mINFO[0m [savont::alignment] Updating ASV depths based on EM abundances
(2026-08-08 21:30:50.357) [38;5;27mINFO[0m [savont::alignment] EM refinement complete: 4 ASVs remaining
(2026-08-08 21:30:50.427) [38;5;27mINFO[0m [savont::utils] STAGE 7 DONE: Refined ASV depths with EM algorithm --- Memory usage: 0.54 GB
(2026-08-08 21:30:50.427) [38;5;27mINFO[0m [savont] Final consensus count after EM refinement: 4
(2026-08-08 21:30:50.451) [38;5;27mINFO[0m [savont] Wrote 4 final consensus sequences to final_asvs.fasta
(2026-08-08 21:30:50.481) [38;5;27mINFO[0m [savont] Wrote feature-table.tsv (QIIME2-compatible)
(2026-08-08 21:30:50.541) [38;5;27mINFO[0m [savont] === SAVONT COMPLETED SUCCESSFULLY in 3 SECONDS ===
