(2026-08-08 21:30:54.396) [38;5;27mINFO[0m [savont] COMMAND: /homes9/jshaw/.cargo/bin/savont asv -t 10 /hlilab/jshaw/16s_ont/benchmark/reviewer_analyses/its_18s_benchmark/results/subsampled/18s_2500.fastq -o /hlilab/jshaw/16s_ont/benchmark/reviewer_analyses/its_18s_benchmark/results/savont/18s_2500 --min-read-length 1000 --max-read-length 2600
(2026-08-08 21:30:54.397) [38;5;27mINFO[0m [savont] VERSION: 0.6.3
(2026-08-08 21:30:54.397) [38;5;27mINFO[0m [savont] SYSTEM NAME: Rocky Linux
(2026-08-08 21:30:54.397) [38;5;27mINFO[0m [savont] SYSTEM HOST NAME: ara.dfci.harvard.edu
(2026-08-08 21:30:54.398) [38;5;27mINFO[0m [savont] Created temp directory for intermediate files: /hlilab/jshaw/16s_ont/benchmark/reviewer_analyses/its_18s_benchmark/results/savont/18s_2500/temp
(2026-08-08 21:30:54.398) [38;5;27mINFO[0m [savont] === SAVONT STARTED: Generating ASVs ===
(2026-08-08 21:30:54.398) [38;5;27mINFO[0m [savont] === STAGE 1: Processing k-mers and polymorphic markers ===
(2026-08-08 21:30:54.469) [38;5;27mINFO[0m [savont::seq_parse] Finished with k-mer counting in 70.626764ms. Total SNPmers after bloom filter: 136797
(2026-08-08 21:30:54.469) [38;5;27mINFO[0m [savont::utils] Memory usage after second round of k-mer counting processing --- Memory usage: 0.02 GB
(2026-08-08 21:30:54.471) [38;5;27mINFO[0m [savont::seq_parse] Removed 117467 SNPmers with counts < 1 in both strands and <= 3 multiplicity.
(2026-08-08 21:30:54.471) [38;5;27mINFO[0m [savont] Time elapsed in for counting k-mers is: 73.430315ms
(2026-08-08 21:30:54.472) [38;5;27mINFO[0m [savont::kmer_comp] Finding snpmers...
(2026-08-08 21:30:54.473) [38;5;27mINFO[0m [savont::kmer_comp] Number of snpmers: 175. 
(2026-08-08 21:30:54.473) [38;5;27mINFO[0m [savont] Time elapsed in for parsing snpmers is: 1.865835ms
(2026-08-08 21:30:54.474) [38;5;27mINFO[0m [savont::utils] STAGE 1 DONE: Obtained SNPmers --- Memory usage: 0.01 GB
(2026-08-08 21:30:54.474) [38;5;27mINFO[0m [savont] Using blockmers: false
(2026-08-08 21:30:54.474) [38;5;27mINFO[0m [savont] Getting reads...
(2026-08-08 21:30:54.483) [38;5;27mINFO[0m [savont::kmer_comp] Number of reads removed due to length filtering: 274.
(2026-08-08 21:30:54.545) [38;5;27mINFO[0m [savont::kmer_comp] Number of valid reads  - 2226. Number of reads below quality threshold - 823.
(2026-08-08 21:30:54.546) [38;5;27mINFO[0m [savont::kmer_comp] Mean SNPmer density: 1.51%
(2026-08-08 21:30:54.546) [38;5;27mINFO[0m [savont::kmer_comp] Mean Blockmer density: 0.00%
(2026-08-08 21:30:54.547) [38;5;27mINFO[0m [savont] Total reads: 1403, Reads without SNPmers: 7 (0.50%)
(2026-08-08 21:30:54.547) [38;5;27mINFO[0m [savont] === STAGE 2: Clustering reads by k-mers ===
(2026-08-08 21:30:54.547) [38;5;27mINFO[0m [savont::asv_cluster] Starting greedy k-mer based clustering...
(2026-08-08 21:30:54.600) [38;5;27mINFO[0m [savont::asv_cluster] Greedy clustering complete. 43 cluster representatives found
(2026-08-08 21:30:54.602) [38;5;27mINFO[0m [savont::asv_cluster] K-mer clustering complete. 4 clusters found. Largest cluster: 967 reads
(2026-08-08 21:30:54.602) [38;5;27mINFO[0m [savont::asv_cluster] Wrote k-mer clusters to /hlilab/jshaw/16s_ont/benchmark/reviewer_analyses/its_18s_benchmark/results/savont/18s_2500/temp/kmer_clusters_stage2.tsv
(2026-08-08 21:30:54.630) [38;5;27mINFO[0m [savont::utils] STAGE 2 DONE: Clustered reads by k-mers --- Memory usage: 0.03 GB
(2026-08-08 21:30:54.630) [38;5;27mINFO[0m [savont] === STAGE 3: Secondary clustering of reads by polymorphic markers ===
(2026-08-08 21:30:54.630) [38;5;27mINFO[0m [savont::asv_cluster] Starting greedy SNPmer-based clustering within k-mer clusters...
(2026-08-08 21:30:54.634) [38;5;27mINFO[0m [savont::asv_cluster] Wrote SNPmer clusters to /hlilab/jshaw/16s_ont/benchmark/reviewer_analyses/its_18s_benchmark/results/savont/18s_2500/temp/snpmer_clusters_before_reclust2.5.tsv
(2026-08-08 21:30:54.634) [38;5;27mINFO[0m [savont::asv_cluster] Starting iterative reclustering using consensus representatives...
(2026-08-08 21:30:54.634) [38;5;27mINFO[0m [savont::asv_cluster] Starting with 4 k-mer groups containing 11 total SNPmer clusters
(2026-08-08 21:30:54.639) [38;5;27mINFO[0m [savont::asv_cluster] Iteration 1: 3 total merges, 103 total reassignments across 4 k-mer groups
(2026-08-08 21:30:54.643) [38;5;27mINFO[0m [savont::asv_cluster] Iteration 2: 0 total merges, 0 total reassignments across 4 k-mer groups
(2026-08-08 21:30:54.643) [38;5;27mINFO[0m [savont::asv_cluster] Convergence reached after 2 iterations
(2026-08-08 21:30:54.643) [38;5;27mINFO[0m [savont::asv_cluster] Final result: 5 total clusters across 4 k-mer groups
(2026-08-08 21:30:54.643) [38;5;27mINFO[0m [savont::asv_cluster] SNPmer clustering complete. 5 total SNPmer clusters from 4 k-mer clusters
(2026-08-08 21:30:54.708) [38;5;27mINFO[0m [savont::utils] STAGE 3 DONE: Clustered reads by polymorphic markers --- Memory usage: 0.03 GB
(2026-08-08 21:30:54.708) [38;5;27mINFO[0m [savont] === STAGE 4: Generating consensus sequences and analyzing pileupes ===
(2026-08-08 21:30:54.708) [38;5;27mINFO[0m [savont::alignment] Generating consensus sequences from SNPmer clusters...
(2026-08-08 21:30:55.307) [38;5;27mINFO[0m [savont::alignment] Wrote 5 consensus sequences to consensus_sequences.fasta
(2026-08-08 21:30:55.463) [38;5;27mINFO[0m [savont::alignment] Analyzing quality error rates from top 1 clusters
(2026-08-08 21:30:55.529) [38;5;27mINFO[0m [savont::alignment] Low quality consensus sequences: []
(2026-08-08 21:30:55.530) [38;5;27mINFO[0m [savont::alignment] Wrote low quality cluster information to low_quality_clusters.tsv
(2026-08-08 21:30:55.578) [38;5;27mINFO[0m [savont::alignment] Wrote cluster information before filtering to clusters_after_quality_filter_stage4.tsv
(2026-08-08 21:30:55.645) [38;5;27mINFO[0m [savont::alignment] Polishing complete
(2026-08-08 21:30:55.650) [38;5;27mINFO[0m [savont::utils] STAGE 4 DONE: Analyzed pileups and estimated consensus qualities --- Memory usage: 0.17 GB
(2026-08-08 21:30:55.667) [38;5;27mINFO[0m [savont] === STAGE 5: Merging similar consensus sequences ===
(2026-08-08 21:30:55.688) [38;5;27mINFO[0m [savont::alignment] Removing duplicate consensus sequences based on k-mer similarity
(2026-08-08 21:30:55.688) [38;5;27mINFO[0m [savont::alignment] Reduced consensus sequences from 5 to 5 after k-mer based deduplication
(2026-08-08 21:30:55.744) [38;5;27mINFO[0m [savont::alignment] Wrote 5 polished consensus sequences to polished_consensuses.fasta
(2026-08-08 21:30:55.747) [38;5;27mINFO[0m [savont::alignment] Merging 0 low quality consensuses into high quality consensuses
(2026-08-08 21:30:55.772) [38;5;27mINFO[0m [savont::alignment] Merging similar consensus sequences based on alignment and depth criteria
(2026-08-08 21:30:55.774) [38;5;27mINFO[0m [savont::alignment] Consensus merging complete: 5 -> 4 consensuses
(2026-08-08 21:30:55.850) [38;5;27mINFO[0m [savont::alignment] Wrote 4 merged consensus sequences to merged_consensus_sequences.fasta
(2026-08-08 21:30:55.852) [38;5;27mINFO[0m [savont::utils] STAGE 5 DONE: Merged similar consensus sequences --- Memory usage: 0.17 GB
(2026-08-08 21:30:55.874) [38;5;27mINFO[0m [savont] === STAGE 6: Detecting and filtering chimeric consensus sequences ===
(2026-08-08 21:30:55.874) [38;5;27mINFO[0m [savont::chimera] Starting chimera detection for 4 consensuses
(2026-08-08 21:30:55.874) [38;5;27mINFO[0m [savont::chimera] Calculating pairwise similarities for 4 consensuses (using decompressed sequences)
(2026-08-08 21:30:55.884) [38;5;27mINFO[0m [savont::chimera] Filtered 0 chimeric consensuses with mean chimera score NaN and std NaN, 4 remaining
(2026-08-08 21:30:55.896) [38;5;27mINFO[0m [savont::utils] STAGE 6 DONE: Filtered chimeric consensus sequences --- Memory usage: 0.18 GB
(2026-08-08 21:30:55.918) [38;5;27mINFO[0m [savont] === Final consensus count after chimera filtering: 4 ===
(2026-08-08 21:30:55.918) [38;5;27mINFO[0m [savont] === STAGE 7: Refining ASV depths with alignments and EM algorithm ===
(2026-08-08 21:30:55.919) [38;5;27mINFO[0m [savont::alignment] Refining ASV depths using EM algorithm with k-mer based read mapping
(2026-08-08 21:30:55.976) [38;5;27mINFO[0m [savont::alignment] Loaded 4 ASVs as TwinReads for k-mer comparison
(2026-08-08 21:30:55.987) [38;5;27mINFO[0m [savont::alignment] Built SNPmer index with 96 unique splitmers
(2026-08-08 21:30:55.987) [38;5;27mINFO[0m [savont::alignment] Mapping 1403 reads to 4 ASVs using k-mer comparison
(2026-08-08 21:30:56.143) [38;5;27mINFO[0m [savont::alignment] Filtered 60 reads with ratio > 0.005
(2026-08-08 21:30:56.143) [38;5;27mINFO[0m [savont::alignment] Total assigned reads: 1343
(2026-08-08 21:30:56.143) [38;5;27mINFO[0m [savont::alignment] Total percentage assigned: 95.72%
(2026-08-08 21:30:56.143) [38;5;27mINFO[0m [savont::alignment] Number of unique equivalence classes: 4
(2026-08-08 21:30:56.143) [38;5;27mINFO[0m [savont::alignment] Running EM algorithm with convergence threshold: 7.446016e-6
(2026-08-08 21:30:56.143) [38;5;27mINFO[0m [savont::alignment] EM converged after 2 iterations (max change: 0.000000e0)
(2026-08-08 21:30:56.143) [38;5;27mINFO[0m [savont::alignment] Updating ASV depths based on EM abundances
(2026-08-08 21:30:56.143) [38;5;27mINFO[0m [savont::alignment] EM refinement complete: 4 ASVs remaining
(2026-08-08 21:30:56.244) [38;5;27mINFO[0m [savont::utils] STAGE 7 DONE: Refined ASV depths with EM algorithm --- Memory usage: 0.19 GB
(2026-08-08 21:30:56.244) [38;5;27mINFO[0m [savont] Final consensus count after EM refinement: 4
(2026-08-08 21:30:56.268) [38;5;27mINFO[0m [savont] Wrote 4 final consensus sequences to final_asvs.fasta
(2026-08-08 21:30:56.297) [38;5;27mINFO[0m [savont] Wrote feature-table.tsv (QIIME2-compatible)
(2026-08-08 21:30:56.321) [38;5;27mINFO[0m [savont] === SAVONT COMPLETED SUCCESSFULLY in 1 SECONDS ===
