(2026-08-08 21:28:58.907) [38;5;27mINFO[0m [savont] COMMAND: /homes9/jshaw/.cargo/bin/savont asv -t 10 /hlilab/jshaw/16s_ont/benchmark/reviewer_analyses/its_18s_benchmark/results/subsampled/18s_300000.fastq -o /hlilab/jshaw/16s_ont/benchmark/reviewer_analyses/its_18s_benchmark/results/savont/18s_300000 --min-read-length 1000 --max-read-length 2600
(2026-08-08 21:28:58.908) [38;5;27mINFO[0m [savont] VERSION: 0.6.3
(2026-08-08 21:28:58.908) [38;5;27mINFO[0m [savont] SYSTEM NAME: Rocky Linux
(2026-08-08 21:28:58.908) [38;5;27mINFO[0m [savont] SYSTEM HOST NAME: ara.dfci.harvard.edu
(2026-08-08 21:28:58.909) [38;5;27mINFO[0m [savont] Created temp directory for intermediate files: /hlilab/jshaw/16s_ont/benchmark/reviewer_analyses/its_18s_benchmark/results/savont/18s_300000/temp
(2026-08-08 21:28:58.909) [38;5;27mINFO[0m [savont] === SAVONT STARTED: Generating ASVs ===
(2026-08-08 21:28:58.909) [38;5;27mINFO[0m [savont] === STAGE 1: Processing k-mers and polymorphic markers ===
(2026-08-08 21:29:08.012) [38;5;27mINFO[0m [savont::seq_parse] Finished with k-mer counting in 9.103351193s. Total SNPmers after bloom filter: 2462302
(2026-08-08 21:29:08.015) [38;5;27mINFO[0m [savont::utils] Memory usage after second round of k-mer counting processing --- Memory usage: 0.08 GB
(2026-08-08 21:29:08.050) [38;5;27mINFO[0m [savont::seq_parse] Removed 2080351 SNPmers with counts < 1 in both strands and <= 3 multiplicity.
(2026-08-08 21:29:08.051) [38;5;27mINFO[0m [savont] Time elapsed in for counting k-mers is: 9.141947773s
(2026-08-08 21:29:08.054) [38;5;27mINFO[0m [savont::kmer_comp] Finding snpmers...
(2026-08-08 21:29:08.119) [38;5;27mINFO[0m [savont::kmer_comp] Number of snpmers: 5108. 
(2026-08-08 21:29:08.140) [38;5;27mINFO[0m [savont] Time elapsed in for parsing snpmers is: 88.741099ms
(2026-08-08 21:29:08.141) [38;5;27mINFO[0m [savont::utils] STAGE 1 DONE: Obtained SNPmers --- Memory usage: 0.02 GB
(2026-08-08 21:29:08.141) [38;5;27mINFO[0m [savont] Using blockmers: false
(2026-08-08 21:29:08.141) [38;5;27mINFO[0m [savont] Getting reads...
(2026-08-08 21:29:09.049) [38;5;27mINFO[0m [savont::kmer_comp] Number of reads removed due to length filtering: 28787.
(2026-08-08 21:29:17.962) [38;5;27mINFO[0m [savont::kmer_comp] Number of valid reads  - 271213. Number of reads below quality threshold - 100049.
(2026-08-08 21:29:18.537) [38;5;27mINFO[0m [savont::kmer_comp] Mean SNPmer density: 1.76%
(2026-08-08 21:29:18.539) [38;5;27mINFO[0m [savont::kmer_comp] Mean Blockmer density: 0.00%
(2026-08-08 21:29:18.966) [38;5;27mINFO[0m [savont] Total reads: 171164, Reads without SNPmers: 883 (0.52%)
(2026-08-08 21:29:18.966) [38;5;27mINFO[0m [savont] === STAGE 2: Clustering reads by k-mers ===
(2026-08-08 21:29:18.966) [38;5;27mINFO[0m [savont::asv_cluster] Starting greedy k-mer based clustering...
(2026-08-08 21:29:19.655) [38;5;27mINFO[0m [savont::asv_cluster] Processed 10000 / 171164 reads. Current representatives: 86
(2026-08-08 21:29:20.721) [38;5;27mINFO[0m [savont::asv_cluster] Processed 20000 / 171164 reads. Current representatives: 124
(2026-08-08 21:29:21.984) [38;5;27mINFO[0m [savont::asv_cluster] Processed 30000 / 171164 reads. Current representatives: 139
(2026-08-08 21:29:23.241) [38;5;27mINFO[0m [savont::asv_cluster] Processed 40000 / 171164 reads. Current representatives: 164
(2026-08-08 21:29:24.552) [38;5;27mINFO[0m [savont::asv_cluster] Processed 50000 / 171164 reads. Current representatives: 183
(2026-08-08 21:29:25.917) [38;5;27mINFO[0m [savont::asv_cluster] Processed 60000 / 171164 reads. Current representatives: 201
(2026-08-08 21:29:27.207) [38;5;27mINFO[0m [savont::asv_cluster] Processed 70000 / 171164 reads. Current representatives: 222
(2026-08-08 21:29:28.563) [38;5;27mINFO[0m [savont::asv_cluster] Processed 80000 / 171164 reads. Current representatives: 242
(2026-08-08 21:29:29.961) [38;5;27mINFO[0m [savont::asv_cluster] Processed 90000 / 171164 reads. Current representatives: 261
(2026-08-08 21:29:31.332) [38;5;27mINFO[0m [savont::asv_cluster] Processed 100000 / 171164 reads. Current representatives: 280
(2026-08-08 21:29:32.640) [38;5;27mINFO[0m [savont::asv_cluster] Processed 110000 / 171164 reads. Current representatives: 303
(2026-08-08 21:29:34.022) [38;5;27mINFO[0m [savont::asv_cluster] Processed 120000 / 171164 reads. Current representatives: 328
(2026-08-08 21:29:35.360) [38;5;27mINFO[0m [savont::asv_cluster] Processed 130000 / 171164 reads. Current representatives: 343
(2026-08-08 21:29:36.636) [38;5;27mINFO[0m [savont::asv_cluster] Processed 140000 / 171164 reads. Current representatives: 368
(2026-08-08 21:29:37.899) [38;5;27mINFO[0m [savont::asv_cluster] Processed 150000 / 171164 reads. Current representatives: 386
(2026-08-08 21:29:39.097) [38;5;27mINFO[0m [savont::asv_cluster] Processed 160000 / 171164 reads. Current representatives: 410
(2026-08-08 21:29:40.260) [38;5;27mINFO[0m [savont::asv_cluster] Processed 170000 / 171164 reads. Current representatives: 440
(2026-08-08 21:29:40.396) [38;5;27mINFO[0m [savont::asv_cluster] Greedy clustering complete. 440 cluster representatives found
(2026-08-08 21:29:40.434) [38;5;27mINFO[0m [savont::asv_cluster] K-mer clustering complete. 132 clusters found. Largest cluster: 115649 reads
(2026-08-08 21:29:40.440) [38;5;27mINFO[0m [savont::asv_cluster] Wrote k-mer clusters to /hlilab/jshaw/16s_ont/benchmark/reviewer_analyses/its_18s_benchmark/results/savont/18s_300000/temp/kmer_clusters_stage2.tsv
(2026-08-08 21:29:40.587) [38;5;27mINFO[0m [savont::utils] STAGE 2 DONE: Clustered reads by k-mers --- Memory usage: 2.15 GB
(2026-08-08 21:29:40.614) [38;5;27mINFO[0m [savont] === STAGE 3: Secondary clustering of reads by polymorphic markers ===
(2026-08-08 21:29:40.614) [38;5;27mINFO[0m [savont::asv_cluster] Starting greedy SNPmer-based clustering within k-mer clusters...
(2026-08-08 21:29:40.614) [38;5;27mINFO[0m [savont::asv_cluster] Processed 100 / 132 k-mer clusters for SNPmer clustering
(2026-08-08 21:29:40.653) [38;5;27mINFO[0m [savont::asv_cluster] Processed 10000 / 15341 reads for SNPmer clustering in k-mer cluster 1 with 400 reps
(2026-08-08 21:29:40.691) [38;5;27mINFO[0m [savont::asv_cluster] Processed 10000 / 10170 reads for SNPmer clustering in k-mer cluster 2 with 50 reps
(2026-08-08 21:29:40.769) [38;5;27mINFO[0m [savont::asv_cluster] Processed 10000 / 115649 reads for SNPmer clustering in k-mer cluster 0 with 166 reps
(2026-08-08 21:29:41.014) [38;5;27mINFO[0m [savont::asv_cluster] Processed 20000 / 115649 reads for SNPmer clustering in k-mer cluster 0 with 219 reps
(2026-08-08 21:29:41.300) [38;5;27mINFO[0m [savont::asv_cluster] Processed 30000 / 115649 reads for SNPmer clustering in k-mer cluster 0 with 261 reps
(2026-08-08 21:29:41.637) [38;5;27mINFO[0m [savont::asv_cluster] Processed 40000 / 115649 reads for SNPmer clustering in k-mer cluster 0 with 304 reps
(2026-08-08 21:29:42.007) [38;5;27mINFO[0m [savont::asv_cluster] Processed 50000 / 115649 reads for SNPmer clustering in k-mer cluster 0 with 327 reps
(2026-08-08 21:29:42.401) [38;5;27mINFO[0m [savont::asv_cluster] Processed 60000 / 115649 reads for SNPmer clustering in k-mer cluster 0 with 352 reps
(2026-08-08 21:29:42.801) [38;5;27mINFO[0m [savont::asv_cluster] Processed 70000 / 115649 reads for SNPmer clustering in k-mer cluster 0 with 369 reps
(2026-08-08 21:29:43.221) [38;5;27mINFO[0m [savont::asv_cluster] Processed 80000 / 115649 reads for SNPmer clustering in k-mer cluster 0 with 388 reps
(2026-08-08 21:29:43.655) [38;5;27mINFO[0m [savont::asv_cluster] Processed 90000 / 115649 reads for SNPmer clustering in k-mer cluster 0 with 399 reps
(2026-08-08 21:29:44.104) [38;5;27mINFO[0m [savont::asv_cluster] Processed 100000 / 115649 reads for SNPmer clustering in k-mer cluster 0 with 419 reps
(2026-08-08 21:29:44.561) [38;5;27mINFO[0m [savont::asv_cluster] Processed 110000 / 115649 reads for SNPmer clustering in k-mer cluster 0 with 427 reps
(2026-08-08 21:29:44.860) [38;5;27mINFO[0m [savont::asv_cluster] Wrote SNPmer clusters to /hlilab/jshaw/16s_ont/benchmark/reviewer_analyses/its_18s_benchmark/results/savont/18s_300000/temp/snpmer_clusters_before_reclust2.5.tsv
(2026-08-08 21:29:44.860) [38;5;27mINFO[0m [savont::asv_cluster] Starting iterative reclustering using consensus representatives...
(2026-08-08 21:29:44.860) [38;5;27mINFO[0m [savont::asv_cluster] Starting with 132 k-mer groups containing 511 total SNPmer clusters
(2026-08-08 21:29:48.449) [38;5;27mINFO[0m [savont::asv_cluster] Iteration 1: 119 total merges, 22236 total reassignments across 66 k-mer groups
(2026-08-08 21:29:51.204) [38;5;27mINFO[0m [savont::asv_cluster] Iteration 2: 3 total merges, 4489 total reassignments across 66 k-mer groups
(2026-08-08 21:29:54.428) [38;5;27mINFO[0m [savont::asv_cluster] Iteration 3: 2 total merges, 1908 total reassignments across 66 k-mer groups
(2026-08-08 21:29:57.260) [38;5;27mINFO[0m [savont::asv_cluster] Iteration 4: 1 total merges, 804 total reassignments across 66 k-mer groups
(2026-08-08 21:30:00.074) [38;5;27mINFO[0m [savont::asv_cluster] Iteration 5: 0 total merges, 1938 total reassignments across 66 k-mer groups
(2026-08-08 21:30:00.074) [38;5;27mINFO[0m [savont::asv_cluster] Convergence reached after 5 iterations
(2026-08-08 21:30:00.104) [38;5;27mINFO[0m [savont::asv_cluster] Final result: 293 total clusters across 66 k-mer groups
(2026-08-08 21:30:00.126) [38;5;27mINFO[0m [savont::asv_cluster] SNPmer clustering complete. 293 total SNPmer clusters from 132 k-mer clusters
(2026-08-08 21:30:00.459) [38;5;27mINFO[0m [savont::utils] STAGE 3 DONE: Clustered reads by polymorphic markers --- Memory usage: 2.20 GB
(2026-08-08 21:30:00.459) [38;5;27mINFO[0m [savont] === STAGE 4: Generating consensus sequences and analyzing pileupes ===
(2026-08-08 21:30:00.459) [38;5;27mINFO[0m [savont::alignment] Generating consensus sequences from SNPmer clusters...
(2026-08-08 21:30:11.405) [38;5;27mINFO[0m [savont::alignment] Wrote 293 consensus sequences to consensus_sequences.fasta
(2026-08-08 21:30:13.591) [38;5;27mINFO[0m [savont::alignment] Analyzing quality error rates from top 29 clusters
(2026-08-08 21:30:16.260) [38;5;27mINFO[0m [savont::alignment] Low quality consensus sequences: [15, 21, 25, 26, 31, 33, 37, 39, 52, 53, 55, 58, 61, 62, 65, 66, 68, 74, 76, 79, 81, 86, 88, 90, 95, 96, 101, 102, 103, 104, 105, 110, 111, 113, 118, 119, 121, 123, 126, 128, 129, 130, 133, 135, 136, 138, 139, 141, 144, 145, 146, 147, 148, 149, 152, 153, 155, 156, 158, 160, 161, 163, 165, 166, 167, 170, 171, 172, 174, 178, 179, 181, 182, 186, 188, 189, 190, 191, 192, 194, 197, 198, 199, 203, 204, 205, 206, 207, 208, 210, 212, 214, 215, 220, 221, 222, 223, 224, 225, 226, 227, 228, 229, 230, 231, 232, 233, 235, 237, 238, 239, 241, 242, 243, 244, 245, 246, 247, 249, 250, 251, 252, 253, 255, 256, 257, 258, 259, 261, 263, 265, 266, 267, 268, 269, 271, 272, 274, 275, 276, 277, 278, 279, 280, 281, 282, 284, 285, 286, 287, 288, 289, 290, 291, 292]
(2026-08-08 21:30:16.294) [38;5;27mINFO[0m [savont::alignment] Wrote low quality cluster information to low_quality_clusters.tsv
(2026-08-08 21:30:16.507) [38;5;27mINFO[0m [savont::alignment] Wrote cluster information before filtering to clusters_after_quality_filter_stage4.tsv
(2026-08-08 21:30:16.507) [38;5;27mINFO[0m [savont::alignment] Polishing complete
(2026-08-08 21:30:16.648) [38;5;27mINFO[0m [savont::utils] STAGE 4 DONE: Analyzed pileups and estimated consensus qualities --- Memory usage: 4.63 GB
(2026-08-08 21:30:16.681) [38;5;27mINFO[0m [savont] === STAGE 5: Merging similar consensus sequences ===
(2026-08-08 21:30:16.681) [38;5;27mINFO[0m [savont::alignment] Removing duplicate consensus sequences based on k-mer similarity
(2026-08-08 21:30:16.787) [38;5;27mINFO[0m [savont::alignment] Reduced consensus sequences from 138 to 135 after k-mer based deduplication
(2026-08-08 21:30:16.816) [38;5;27mINFO[0m [savont::alignment] Wrote 135 polished consensus sequences to polished_consensuses.fasta
(2026-08-08 21:30:16.869) [38;5;27mINFO[0m [savont::alignment] Merging 155 low quality consensuses into high quality consensuses
(2026-08-08 21:30:17.228) [38;5;27mINFO[0m [savont::alignment] Merging similar consensus sequences based on alignment and depth criteria
(2026-08-08 21:30:17.451) [38;5;27mINFO[0m [savont::alignment] Consensus merging complete: 135 -> 77 consensuses
(2026-08-08 21:30:17.632) [38;5;27mINFO[0m [savont::alignment] Wrote 77 merged consensus sequences to merged_consensus_sequences.fasta
(2026-08-08 21:30:17.685) [38;5;27mINFO[0m [savont::utils] STAGE 5 DONE: Merged similar consensus sequences --- Memory usage: 4.62 GB
(2026-08-08 21:30:17.706) [38;5;27mINFO[0m [savont] === STAGE 6: Detecting and filtering chimeric consensus sequences ===
(2026-08-08 21:30:17.706) [38;5;27mINFO[0m [savont::chimera] Starting chimera detection for 77 consensuses
(2026-08-08 21:30:17.706) [38;5;27mINFO[0m [savont::chimera] Calculating pairwise similarities for 77 consensuses (using decompressed sequences)
(2026-08-08 21:30:18.167) [38;5;27mINFO[0m [savont::chimera] Filtered 38 chimeric consensuses with mean chimera score 0.00 and std 0.00, 39 remaining
(2026-08-08 21:30:18.236) [38;5;27mINFO[0m [savont::utils] STAGE 6 DONE: Filtered chimeric consensus sequences --- Memory usage: 4.63 GB
(2026-08-08 21:30:18.237) [38;5;27mINFO[0m [savont] === Final consensus count after chimera filtering: 39 ===
(2026-08-08 21:30:18.237) [38;5;27mINFO[0m [savont] === STAGE 7: Refining ASV depths with alignments and EM algorithm ===
(2026-08-08 21:30:18.238) [38;5;27mINFO[0m [savont::alignment] Refining ASV depths using EM algorithm with k-mer based read mapping
(2026-08-08 21:30:18.273) [38;5;27mINFO[0m [savont::alignment] Loaded 39 ASVs as TwinReads for k-mer comparison
(2026-08-08 21:30:18.273) [38;5;27mINFO[0m [savont::alignment] Built SNPmer index with 843 unique splitmers
(2026-08-08 21:30:18.273) [38;5;27mINFO[0m [savont::alignment] Mapping 171164 reads to 39 ASVs using k-mer comparison
(2026-08-08 21:30:35.924) [38;5;27mINFO[0m [savont::alignment] Filtered 3445 reads with ratio > 0.005
(2026-08-08 21:30:35.924) [38;5;27mINFO[0m [savont::alignment] Total assigned reads: 167719
(2026-08-08 21:30:35.924) [38;5;27mINFO[0m [savont::alignment] Total percentage assigned: 97.99%
(2026-08-08 21:30:35.924) [38;5;27mINFO[0m [savont::alignment] Number of unique equivalence classes: 61
(2026-08-08 21:30:35.924) [38;5;27mINFO[0m [savont::alignment] Running EM algorithm with convergence threshold: 5.962354e-8
(2026-08-08 21:30:35.924) [38;5;27mINFO[0m [savont::alignment] EM converged after 5 iterations (max change: 1.036150e-8)
(2026-08-08 21:30:35.924) [38;5;27mINFO[0m [savont::alignment] Updating ASV depths based on EM abundances
(2026-08-08 21:30:35.924) [38;5;27mINFO[0m [savont::alignment] EM refinement complete: 39 ASVs remaining
(2026-08-08 21:30:36.073) [38;5;27mINFO[0m [savont::utils] STAGE 7 DONE: Refined ASV depths with EM algorithm --- Memory usage: 4.61 GB
(2026-08-08 21:30:36.097) [38;5;27mINFO[0m [savont] Final consensus count after EM refinement: 39
(2026-08-08 21:30:36.128) [38;5;27mINFO[0m [savont] Wrote 39 final consensus sequences to final_asvs.fasta
(2026-08-08 21:30:36.152) [38;5;27mINFO[0m [savont] Wrote feature-table.tsv (QIIME2-compatible)
(2026-08-08 21:30:36.332) [38;5;27mINFO[0m [savont] === SAVONT COMPLETED SUCCESSFULLY in 97 SECONDS ===
