(2026-08-08 21:28:46.505) [38;5;27mINFO[0m [savont] COMMAND: /homes9/jshaw/.cargo/bin/savont asv -t 10 /hlilab/jshaw/16s_ont/benchmark/reviewer_analyses/its_18s_benchmark/results/subsampled/its_300000.fastq -o /hlilab/jshaw/16s_ont/benchmark/reviewer_analyses/its_18s_benchmark/results/savont/its_300000 --min-read-length 300 --max-read-length 1000
(2026-08-08 21:28:46.506) [38;5;27mINFO[0m [savont] VERSION: 0.6.3
(2026-08-08 21:28:46.523) [38;5;27mINFO[0m [savont] SYSTEM NAME: Rocky Linux
(2026-08-08 21:28:46.523) [38;5;27mINFO[0m [savont] SYSTEM HOST NAME: ara.dfci.harvard.edu
(2026-08-08 21:28:46.524) [38;5;27mINFO[0m [savont] Created temp directory for intermediate files: /hlilab/jshaw/16s_ont/benchmark/reviewer_analyses/its_18s_benchmark/results/savont/its_300000/temp
(2026-08-08 21:28:46.544) [38;5;27mINFO[0m [savont] === SAVONT STARTED: Generating ASVs ===
(2026-08-08 21:28:46.544) [38;5;27mINFO[0m [savont] === STAGE 1: Processing k-mers and polymorphic markers ===
(2026-08-08 21:28:51.827) [38;5;27mINFO[0m [savont::seq_parse] Finished with k-mer counting in 5.282757445s. Total SNPmers after bloom filter: 987377
(2026-08-08 21:28:51.828) [38;5;27mINFO[0m [savont::utils] Memory usage after second round of k-mer counting processing --- Memory usage: 0.05 GB
(2026-08-08 21:28:51.865) [38;5;27mINFO[0m [savont::seq_parse] Removed 839678 SNPmers with counts < 1 in both strands and <= 3 multiplicity.
(2026-08-08 21:28:51.879) [38;5;27mINFO[0m [savont] Time elapsed in for counting k-mers is: 5.334798433s
(2026-08-08 21:28:51.903) [38;5;27mINFO[0m [savont::kmer_comp] Finding snpmers...
(2026-08-08 21:28:51.970) [38;5;27mINFO[0m [savont::kmer_comp] Number of snpmers: 771. 
(2026-08-08 21:28:51.981) [38;5;27mINFO[0m [savont] Time elapsed in for parsing snpmers is: 79.398679ms
(2026-08-08 21:28:51.982) [38;5;27mINFO[0m [savont::utils] STAGE 1 DONE: Obtained SNPmers --- Memory usage: 0.02 GB
(2026-08-08 21:28:52.015) [38;5;27mINFO[0m [savont] Using blockmers: false
(2026-08-08 21:28:52.015) [38;5;27mINFO[0m [savont] Getting reads...
(2026-08-08 21:28:52.616) [38;5;27mINFO[0m [savont::kmer_comp] Number of reads removed due to length filtering: 4233.
(2026-08-08 21:28:56.087) [38;5;27mINFO[0m [savont::kmer_comp] Number of valid reads  - 295766. Number of reads below quality threshold - 109754.
(2026-08-08 21:28:56.334) [38;5;27mINFO[0m [savont::kmer_comp] Mean SNPmer density: 1.24%
(2026-08-08 21:28:56.337) [38;5;27mINFO[0m [savont::kmer_comp] Mean Blockmer density: 0.00%
(2026-08-08 21:28:56.597) [38;5;27mINFO[0m [savont] Total reads: 186012, Reads without SNPmers: 169 (0.09%)
(2026-08-08 21:28:56.597) [38;5;27mINFO[0m [savont] === STAGE 2: Clustering reads by k-mers ===
(2026-08-08 21:28:56.597) [38;5;27mINFO[0m [savont::asv_cluster] Starting greedy k-mer based clustering...
(2026-08-08 21:28:56.647) [38;5;27mINFO[0m [savont::asv_cluster] Processed 10000 / 186012 reads. Current representatives: 17
(2026-08-08 21:28:56.712) [38;5;27mINFO[0m [savont::asv_cluster] Processed 20000 / 186012 reads. Current representatives: 25
(2026-08-08 21:28:56.789) [38;5;27mINFO[0m [savont::asv_cluster] Processed 30000 / 186012 reads. Current representatives: 29
(2026-08-08 21:28:56.871) [38;5;27mINFO[0m [savont::asv_cluster] Processed 40000 / 186012 reads. Current representatives: 33
(2026-08-08 21:28:56.954) [38;5;27mINFO[0m [savont::asv_cluster] Processed 50000 / 186012 reads. Current representatives: 36
(2026-08-08 21:28:57.045) [38;5;27mINFO[0m [savont::asv_cluster] Processed 60000 / 186012 reads. Current representatives: 43
(2026-08-08 21:28:57.138) [38;5;27mINFO[0m [savont::asv_cluster] Processed 70000 / 186012 reads. Current representatives: 47
(2026-08-08 21:28:57.234) [38;5;27mINFO[0m [savont::asv_cluster] Processed 80000 / 186012 reads. Current representatives: 50
(2026-08-08 21:28:57.331) [38;5;27mINFO[0m [savont::asv_cluster] Processed 90000 / 186012 reads. Current representatives: 50
(2026-08-08 21:28:57.429) [38;5;27mINFO[0m [savont::asv_cluster] Processed 100000 / 186012 reads. Current representatives: 55
(2026-08-08 21:28:57.529) [38;5;27mINFO[0m [savont::asv_cluster] Processed 110000 / 186012 reads. Current representatives: 61
(2026-08-08 21:28:57.636) [38;5;27mINFO[0m [savont::asv_cluster] Processed 120000 / 186012 reads. Current representatives: 65
(2026-08-08 21:28:57.741) [38;5;27mINFO[0m [savont::asv_cluster] Processed 130000 / 186012 reads. Current representatives: 68
(2026-08-08 21:28:57.851) [38;5;27mINFO[0m [savont::asv_cluster] Processed 140000 / 186012 reads. Current representatives: 73
(2026-08-08 21:28:57.963) [38;5;27mINFO[0m [savont::asv_cluster] Processed 150000 / 186012 reads. Current representatives: 78
(2026-08-08 21:28:58.082) [38;5;27mINFO[0m [savont::asv_cluster] Processed 160000 / 186012 reads. Current representatives: 88
(2026-08-08 21:28:58.210) [38;5;27mINFO[0m [savont::asv_cluster] Processed 170000 / 186012 reads. Current representatives: 99
(2026-08-08 21:28:58.349) [38;5;27mINFO[0m [savont::asv_cluster] Processed 180000 / 186012 reads. Current representatives: 109
(2026-08-08 21:28:58.434) [38;5;27mINFO[0m [savont::asv_cluster] Greedy clustering complete. 115 cluster representatives found
(2026-08-08 21:28:58.454) [38;5;27mINFO[0m [savont::asv_cluster] K-mer clustering complete. 40 clusters found. Largest cluster: 46325 reads
(2026-08-08 21:28:58.464) [38;5;27mINFO[0m [savont::asv_cluster] Wrote k-mer clusters to /hlilab/jshaw/16s_ont/benchmark/reviewer_analyses/its_18s_benchmark/results/savont/its_300000/temp/kmer_clusters_stage2.tsv
(2026-08-08 21:28:58.547) [38;5;27mINFO[0m [savont::utils] STAGE 2 DONE: Clustered reads by k-mers --- Memory usage: 1.03 GB
(2026-08-08 21:28:58.569) [38;5;27mINFO[0m [savont] === STAGE 3: Secondary clustering of reads by polymorphic markers ===
(2026-08-08 21:28:58.569) [38;5;27mINFO[0m [savont::asv_cluster] Starting greedy SNPmer-based clustering within k-mer clusters...
(2026-08-08 21:28:58.580) [38;5;27mINFO[0m [savont::asv_cluster] Processed 10000 / 43782 reads for SNPmer clustering in k-mer cluster 1 with 5 reps
(2026-08-08 21:28:58.583) [38;5;27mINFO[0m [savont::asv_cluster] Processed 10000 / 46325 reads for SNPmer clustering in k-mer cluster 0 with 11 reps
(2026-08-08 21:28:58.585) [38;5;27mINFO[0m [savont::asv_cluster] Processed 10000 / 25575 reads for SNPmer clustering in k-mer cluster 3 with 9 reps
(2026-08-08 21:28:58.586) [38;5;27mINFO[0m [savont::asv_cluster] Processed 10000 / 26711 reads for SNPmer clustering in k-mer cluster 2 with 9 reps
(2026-08-08 21:28:58.593) [38;5;27mINFO[0m [savont::asv_cluster] Processed 10000 / 21430 reads for SNPmer clustering in k-mer cluster 4 with 7 reps
(2026-08-08 21:28:58.606) [38;5;27mINFO[0m [savont::asv_cluster] Processed 20000 / 43782 reads for SNPmer clustering in k-mer cluster 1 with 8 reps
(2026-08-08 21:28:58.609) [38;5;27mINFO[0m [savont::asv_cluster] Processed 20000 / 25575 reads for SNPmer clustering in k-mer cluster 3 with 9 reps
(2026-08-08 21:28:58.609) [38;5;27mINFO[0m [savont::asv_cluster] Processed 20000 / 46325 reads for SNPmer clustering in k-mer cluster 0 with 12 reps
(2026-08-08 21:28:58.609) [38;5;27mINFO[0m [savont::asv_cluster] Processed 20000 / 26711 reads for SNPmer clustering in k-mer cluster 2 with 10 reps
(2026-08-08 21:28:58.612) [38;5;27mINFO[0m [savont::asv_cluster] Processed 20000 / 21430 reads for SNPmer clustering in k-mer cluster 4 with 8 reps
(2026-08-08 21:28:58.632) [38;5;27mINFO[0m [savont::asv_cluster] Processed 30000 / 43782 reads for SNPmer clustering in k-mer cluster 1 with 11 reps
(2026-08-08 21:28:58.635) [38;5;27mINFO[0m [savont::asv_cluster] Processed 30000 / 46325 reads for SNPmer clustering in k-mer cluster 0 with 13 reps
(2026-08-08 21:28:58.655) [38;5;27mINFO[0m [savont::asv_cluster] Processed 40000 / 43782 reads for SNPmer clustering in k-mer cluster 1 with 23 reps
(2026-08-08 21:28:58.658) [38;5;27mINFO[0m [savont::asv_cluster] Processed 40000 / 46325 reads for SNPmer clustering in k-mer cluster 0 with 13 reps
(2026-08-08 21:28:58.703) [38;5;27mINFO[0m [savont::asv_cluster] Wrote SNPmer clusters to /hlilab/jshaw/16s_ont/benchmark/reviewer_analyses/its_18s_benchmark/results/savont/its_300000/temp/snpmer_clusters_before_reclust2.5.tsv
(2026-08-08 21:28:58.710) [38;5;27mINFO[0m [savont::asv_cluster] Starting iterative reclustering using consensus representatives...
(2026-08-08 21:28:58.710) [38;5;27mINFO[0m [savont::asv_cluster] Starting with 40 k-mer groups containing 96 total SNPmer clusters
(2026-08-08 21:28:58.860) [38;5;27mINFO[0m [savont::asv_cluster] Iteration 1: 51 total merges, 7479 total reassignments across 33 k-mer groups
(2026-08-08 21:28:58.974) [38;5;27mINFO[0m [savont::asv_cluster] Iteration 2: 0 total merges, 253 total reassignments across 33 k-mer groups
(2026-08-08 21:28:58.974) [38;5;27mINFO[0m [savont::asv_cluster] Convergence reached after 2 iterations
(2026-08-08 21:28:58.974) [38;5;27mINFO[0m [savont::asv_cluster] Final result: 41 total clusters across 33 k-mer groups
(2026-08-08 21:28:59.000) [38;5;27mINFO[0m [savont::asv_cluster] SNPmer clustering complete. 41 total SNPmer clusters from 40 k-mer clusters
(2026-08-08 21:28:59.482) [38;5;27mINFO[0m [savont::utils] STAGE 3 DONE: Clustered reads by polymorphic markers --- Memory usage: 1.06 GB
(2026-08-08 21:28:59.482) [38;5;27mINFO[0m [savont] === STAGE 4: Generating consensus sequences and analyzing pileupes ===
(2026-08-08 21:28:59.482) [38;5;27mINFO[0m [savont::alignment] Generating consensus sequences from SNPmer clusters...
(2026-08-08 21:29:00.845) [38;5;27mINFO[0m [savont::alignment] Wrote 41 consensus sequences to consensus_sequences.fasta
(2026-08-08 21:29:01.133) [38;5;27mINFO[0m [savont::alignment] Analyzing quality error rates from top 4 clusters
(2026-08-08 21:29:01.329) [38;5;27mINFO[0m [savont::alignment] Low quality consensus sequences: [13, 22, 26, 28, 29, 30, 31, 32, 34, 35, 37, 38, 39, 40]
(2026-08-08 21:29:01.361) [38;5;27mINFO[0m [savont::alignment] Wrote low quality cluster information to low_quality_clusters.tsv
(2026-08-08 21:29:01.798) [38;5;27mINFO[0m [savont::alignment] Wrote cluster information before filtering to clusters_after_quality_filter_stage4.tsv
(2026-08-08 21:29:01.798) [38;5;27mINFO[0m [savont::alignment] Polishing complete
(2026-08-08 21:29:01.823) [38;5;27mINFO[0m [savont::utils] STAGE 4 DONE: Analyzed pileups and estimated consensus qualities --- Memory usage: 1.54 GB
(2026-08-08 21:29:01.855) [38;5;27mINFO[0m [savont] === STAGE 5: Merging similar consensus sequences ===
(2026-08-08 21:29:01.870) [38;5;27mINFO[0m [savont::alignment] Removing duplicate consensus sequences based on k-mer similarity
(2026-08-08 21:29:01.871) [38;5;27mINFO[0m [savont::alignment] Reduced consensus sequences from 27 to 27 after k-mer based deduplication
(2026-08-08 21:29:01.945) [38;5;27mINFO[0m [savont::alignment] Wrote 27 polished consensus sequences to polished_consensuses.fasta
(2026-08-08 21:29:01.998) [38;5;27mINFO[0m [savont::alignment] Merging 14 low quality consensuses into high quality consensuses
(2026-08-08 21:29:02.000) [38;5;27mINFO[0m [savont::alignment] Merging similar consensus sequences based on alignment and depth criteria
(2026-08-08 21:29:02.029) [38;5;27mINFO[0m [savont::alignment] Consensus merging complete: 27 -> 10 consensuses
(2026-08-08 21:29:02.515) [38;5;27mINFO[0m [savont::alignment] Wrote 10 merged consensus sequences to merged_consensus_sequences.fasta
(2026-08-08 21:29:02.532) [38;5;27mINFO[0m [savont::utils] STAGE 5 DONE: Merged similar consensus sequences --- Memory usage: 1.54 GB
(2026-08-08 21:29:02.543) [38;5;27mINFO[0m [savont] === STAGE 6: Detecting and filtering chimeric consensus sequences ===
(2026-08-08 21:29:02.543) [38;5;27mINFO[0m [savont::chimera] Starting chimera detection for 10 consensuses
(2026-08-08 21:29:02.543) [38;5;27mINFO[0m [savont::chimera] Calculating pairwise similarities for 10 consensuses (using decompressed sequences)
(2026-08-08 21:29:02.553) [38;5;27mINFO[0m [savont::chimera] Filtered 0 chimeric consensuses with mean chimera score NaN and std NaN, 10 remaining
(2026-08-08 21:29:02.587) [38;5;27mINFO[0m [savont::utils] STAGE 6 DONE: Filtered chimeric consensus sequences --- Memory usage: 1.55 GB
(2026-08-08 21:29:02.591) [38;5;27mINFO[0m [savont] === Final consensus count after chimera filtering: 10 ===
(2026-08-08 21:29:02.591) [38;5;27mINFO[0m [savont] === STAGE 7: Refining ASV depths with alignments and EM algorithm ===
(2026-08-08 21:29:02.592) [38;5;27mINFO[0m [savont::alignment] Refining ASV depths using EM algorithm with k-mer based read mapping
(2026-08-08 21:29:02.647) [38;5;27mINFO[0m [savont::alignment] Loaded 10 ASVs as TwinReads for k-mer comparison
(2026-08-08 21:29:02.669) [38;5;27mINFO[0m [savont::alignment] Built SNPmer index with 21 unique splitmers
(2026-08-08 21:29:02.669) [38;5;27mINFO[0m [savont::alignment] Mapping 186012 reads to 10 ASVs using k-mer comparison
(2026-08-08 21:30:21.072) [38;5;27mINFO[0m [savont::alignment] Filtered 22159 reads with ratio > 0.005
(2026-08-08 21:30:21.072) [38;5;27mINFO[0m [savont::alignment] Total assigned reads: 163853
(2026-08-08 21:30:21.072) [38;5;27mINFO[0m [savont::alignment] Total percentage assigned: 88.09%
(2026-08-08 21:30:21.072) [38;5;27mINFO[0m [savont::alignment] Number of unique equivalence classes: 10
(2026-08-08 21:30:21.072) [38;5;27mINFO[0m [savont::alignment] Running EM algorithm with convergence threshold: 6.103031e-8
(2026-08-08 21:30:21.072) [38;5;27mINFO[0m [savont::alignment] EM converged after 3 iterations (max change: 4.497341e-11)
(2026-08-08 21:30:21.072) [38;5;27mINFO[0m [savont::alignment] Updating ASV depths based on EM abundances
(2026-08-08 21:30:21.072) [38;5;27mINFO[0m [savont::alignment] Filtered 1 ASVs with zero depth after EM refinement
(2026-08-08 21:30:21.072) [38;5;27mINFO[0m [savont::alignment] EM refinement complete: 9 ASVs remaining
(2026-08-08 21:30:21.163) [38;5;27mINFO[0m [savont::utils] STAGE 7 DONE: Refined ASV depths with EM algorithm --- Memory usage: 1.55 GB
(2026-08-08 21:30:21.163) [38;5;27mINFO[0m [savont] Final consensus count after EM refinement: 9
(2026-08-08 21:30:21.186) [38;5;27mINFO[0m [savont] Wrote 9 final consensus sequences to final_asvs.fasta
(2026-08-08 21:30:21.211) [38;5;27mINFO[0m [savont] Wrote feature-table.tsv (QIIME2-compatible)
(2026-08-08 21:30:21.631) [38;5;27mINFO[0m [savont] === SAVONT COMPLETED SUCCESSFULLY in 95 SECONDS ===
