(2026-08-08 21:30:56.017) [38;5;27mINFO[0m [savont] COMMAND: /homes9/jshaw/.cargo/bin/savont asv -t 10 /hlilab/jshaw/16s_ont/benchmark/reviewer_analyses/its_18s_benchmark/results/subsampled/its_2500.fastq -o /hlilab/jshaw/16s_ont/benchmark/reviewer_analyses/its_18s_benchmark/results/savont/its_2500 --min-read-length 300 --max-read-length 1000
(2026-08-08 21:30:56.018) [38;5;27mINFO[0m [savont] VERSION: 0.6.3
(2026-08-08 21:30:56.018) [38;5;27mINFO[0m [savont] SYSTEM NAME: Rocky Linux
(2026-08-08 21:30:56.018) [38;5;27mINFO[0m [savont] SYSTEM HOST NAME: ara.dfci.harvard.edu
(2026-08-08 21:30:56.018) [38;5;27mINFO[0m [savont] Created temp directory for intermediate files: /hlilab/jshaw/16s_ont/benchmark/reviewer_analyses/its_18s_benchmark/results/savont/its_2500/temp
(2026-08-08 21:30:56.018) [38;5;27mINFO[0m [savont] === SAVONT STARTED: Generating ASVs ===
(2026-08-08 21:30:56.018) [38;5;27mINFO[0m [savont] === STAGE 1: Processing k-mers and polymorphic markers ===
(2026-08-08 21:30:56.069) [38;5;27mINFO[0m [savont::seq_parse] Finished with k-mer counting in 50.193439ms. Total SNPmers after bloom filter: 58571
(2026-08-08 21:30:56.092) [38;5;27mINFO[0m [savont::utils] Memory usage after second round of k-mer counting processing --- Memory usage: 0.01 GB
(2026-08-08 21:30:56.120) [38;5;27mINFO[0m [savont::seq_parse] Removed 51440 SNPmers with counts < 1 in both strands and <= 3 multiplicity.
(2026-08-08 21:30:56.149) [38;5;27mINFO[0m [savont] Time elapsed in for counting k-mers is: 130.217928ms
(2026-08-08 21:30:56.195) [38;5;27mINFO[0m [savont::kmer_comp] Finding snpmers...
(2026-08-08 21:30:56.196) [38;5;27mINFO[0m [savont::kmer_comp] Number of snpmers: 32. 
(2026-08-08 21:30:56.218) [38;5;27mINFO[0m [savont] Time elapsed in for parsing snpmers is: 23.262716ms
(2026-08-08 21:30:56.218) [38;5;27mINFO[0m [savont::utils] STAGE 1 DONE: Obtained SNPmers --- Memory usage: 0.01 GB
(2026-08-08 21:30:56.250) [38;5;27mINFO[0m [savont] Using blockmers: false
(2026-08-08 21:30:56.250) [38;5;27mINFO[0m [savont] Getting reads...
(2026-08-08 21:30:56.255) [38;5;27mINFO[0m [savont::kmer_comp] Number of reads removed due to length filtering: 36.
(2026-08-08 21:30:56.278) [38;5;27mINFO[0m [savont::kmer_comp] Number of valid reads  - 2464. Number of reads below quality threshold - 913.
(2026-08-08 21:30:56.297) [38;5;27mINFO[0m [savont::kmer_comp] Mean SNPmer density: 1.36%
(2026-08-08 21:30:56.321) [38;5;27mINFO[0m [savont::kmer_comp] Mean Blockmer density: 0.00%
(2026-08-08 21:30:56.322) [38;5;27mINFO[0m [savont] Total reads: 1551, Reads without SNPmers: 1 (0.06%)
(2026-08-08 21:30:56.348) [38;5;27mINFO[0m [savont] === STAGE 2: Clustering reads by k-mers ===
(2026-08-08 21:30:56.348) [38;5;27mINFO[0m [savont::asv_cluster] Starting greedy k-mer based clustering...
(2026-08-08 21:30:56.356) [38;5;27mINFO[0m [savont::asv_cluster] Greedy clustering complete. 15 cluster representatives found
(2026-08-08 21:30:56.369) [38;5;27mINFO[0m [savont::asv_cluster] K-mer clustering complete. 10 clusters found. Largest cluster: 389 reads
(2026-08-08 21:30:56.393) [38;5;27mINFO[0m [savont::asv_cluster] Wrote k-mer clusters to /hlilab/jshaw/16s_ont/benchmark/reviewer_analyses/its_18s_benchmark/results/savont/its_2500/temp/kmer_clusters_stage2.tsv
(2026-08-08 21:30:56.417) [38;5;27mINFO[0m [savont::utils] STAGE 2 DONE: Clustered reads by k-mers --- Memory usage: 0.02 GB
(2026-08-08 21:30:56.445) [38;5;27mINFO[0m [savont] === STAGE 3: Secondary clustering of reads by polymorphic markers ===
(2026-08-08 21:30:56.445) [38;5;27mINFO[0m [savont::asv_cluster] Starting greedy SNPmer-based clustering within k-mer clusters...
(2026-08-08 21:30:56.446) [38;5;27mINFO[0m [savont::asv_cluster] Wrote SNPmer clusters to /hlilab/jshaw/16s_ont/benchmark/reviewer_analyses/its_18s_benchmark/results/savont/its_2500/temp/snpmer_clusters_before_reclust2.5.tsv
(2026-08-08 21:30:56.474) [38;5;27mINFO[0m [savont::asv_cluster] Starting iterative reclustering using consensus representatives...
(2026-08-08 21:30:56.474) [38;5;27mINFO[0m [savont::asv_cluster] Starting with 10 k-mer groups containing 14 total SNPmer clusters
(2026-08-08 21:30:56.475) [38;5;27mINFO[0m [savont::asv_cluster] Iteration 1: 4 total merges, 0 total reassignments across 10 k-mer groups
(2026-08-08 21:30:56.499) [38;5;27mINFO[0m [savont::asv_cluster] Iteration 2: 0 total merges, 0 total reassignments across 10 k-mer groups
(2026-08-08 21:30:56.527) [38;5;27mINFO[0m [savont::asv_cluster] Convergence reached after 2 iterations
(2026-08-08 21:30:56.527) [38;5;27mINFO[0m [savont::asv_cluster] Final result: 10 total clusters across 10 k-mer groups
(2026-08-08 21:30:56.527) [38;5;27mINFO[0m [savont::asv_cluster] SNPmer clustering complete. 10 total SNPmer clusters from 10 k-mer clusters
(2026-08-08 21:30:56.588) [38;5;27mINFO[0m [savont::utils] STAGE 3 DONE: Clustered reads by polymorphic markers --- Memory usage: 0.02 GB
(2026-08-08 21:30:56.588) [38;5;27mINFO[0m [savont] === STAGE 4: Generating consensus sequences and analyzing pileupes ===
(2026-08-08 21:30:56.588) [38;5;27mINFO[0m [savont::alignment] Generating consensus sequences from SNPmer clusters...
(2026-08-08 21:30:56.757) [38;5;27mINFO[0m [savont::alignment] Wrote 10 consensus sequences to consensus_sequences.fasta
(2026-08-08 21:30:56.844) [38;5;27mINFO[0m [savont::alignment] Analyzing quality error rates from top 1 clusters
(2026-08-08 21:30:56.897) [38;5;27mINFO[0m [savont::alignment] Low quality consensus sequences: [9]
(2026-08-08 21:30:56.924) [38;5;27mINFO[0m [savont::alignment] Wrote low quality cluster information to low_quality_clusters.tsv
(2026-08-08 21:30:56.965) [38;5;27mINFO[0m [savont::alignment] Wrote cluster information before filtering to clusters_after_quality_filter_stage4.tsv
(2026-08-08 21:30:56.990) [38;5;27mINFO[0m [savont::alignment] Polishing complete
(2026-08-08 21:30:56.994) [38;5;27mINFO[0m [savont::utils] STAGE 4 DONE: Analyzed pileups and estimated consensus qualities --- Memory usage: 0.11 GB
(2026-08-08 21:30:57.039) [38;5;27mINFO[0m [savont] === STAGE 5: Merging similar consensus sequences ===
(2026-08-08 21:30:57.066) [38;5;27mINFO[0m [savont::alignment] Removing duplicate consensus sequences based on k-mer similarity
(2026-08-08 21:30:57.067) [38;5;27mINFO[0m [savont::alignment] Reduced consensus sequences from 9 to 9 after k-mer based deduplication
(2026-08-08 21:30:57.116) [38;5;27mINFO[0m [savont::alignment] Wrote 9 polished consensus sequences to polished_consensuses.fasta
(2026-08-08 21:30:57.143) [38;5;27mINFO[0m [savont::alignment] Merging 1 low quality consensuses into high quality consensuses
(2026-08-08 21:30:57.170) [38;5;27mINFO[0m [savont::alignment] Merging similar consensus sequences based on alignment and depth criteria
(2026-08-08 21:30:57.190) [38;5;27mINFO[0m [savont::alignment] Consensus merging complete: 9 -> 9 consensuses
(2026-08-08 21:30:57.262) [38;5;27mINFO[0m [savont::alignment] Wrote 9 merged consensus sequences to merged_consensus_sequences.fasta
(2026-08-08 21:30:57.265) [38;5;27mINFO[0m [savont::utils] STAGE 5 DONE: Merged similar consensus sequences --- Memory usage: 0.11 GB
(2026-08-08 21:30:57.285) [38;5;27mINFO[0m [savont] === STAGE 6: Detecting and filtering chimeric consensus sequences ===
(2026-08-08 21:30:57.285) [38;5;27mINFO[0m [savont::chimera] Starting chimera detection for 9 consensuses
(2026-08-08 21:30:57.285) [38;5;27mINFO[0m [savont::chimera] Calculating pairwise similarities for 9 consensuses (using decompressed sequences)
(2026-08-08 21:30:57.292) [38;5;27mINFO[0m [savont::chimera] Filtered 0 chimeric consensuses with mean chimera score NaN and std NaN, 9 remaining
(2026-08-08 21:30:57.309) [38;5;27mINFO[0m [savont::utils] STAGE 6 DONE: Filtered chimeric consensus sequences --- Memory usage: 0.11 GB
(2026-08-08 21:30:57.341) [38;5;27mINFO[0m [savont] === Final consensus count after chimera filtering: 9 ===
(2026-08-08 21:30:57.341) [38;5;27mINFO[0m [savont] === STAGE 7: Refining ASV depths with alignments and EM algorithm ===
(2026-08-08 21:30:57.343) [38;5;27mINFO[0m [savont::alignment] Refining ASV depths using EM algorithm with k-mer based read mapping
(2026-08-08 21:30:57.400) [38;5;27mINFO[0m [savont::alignment] Loaded 9 ASVs as TwinReads for k-mer comparison
(2026-08-08 21:30:57.420) [38;5;27mINFO[0m [savont::alignment] Built SNPmer index with 27 unique splitmers
(2026-08-08 21:30:57.420) [38;5;27mINFO[0m [savont::alignment] Mapping 1551 reads to 9 ASVs using k-mer comparison
(2026-08-08 21:30:57.505) [38;5;27mINFO[0m [savont::alignment] Filtered 16 reads with ratio > 0.005
(2026-08-08 21:30:57.505) [38;5;27mINFO[0m [savont::alignment] Total assigned reads: 1535
(2026-08-08 21:30:57.505) [38;5;27mINFO[0m [savont::alignment] Total percentage assigned: 98.97%
(2026-08-08 21:30:57.505) [38;5;27mINFO[0m [savont::alignment] Number of unique equivalence classes: 9
(2026-08-08 21:30:57.505) [38;5;27mINFO[0m [savont::alignment] Running EM algorithm with convergence threshold: 6.514658e-6
(2026-08-08 21:30:57.505) [38;5;27mINFO[0m [savont::alignment] EM converged after 2 iterations (max change: 2.775558e-17)
(2026-08-08 21:30:57.505) [38;5;27mINFO[0m [savont::alignment] Updating ASV depths based on EM abundances
(2026-08-08 21:30:57.505) [38;5;27mINFO[0m [savont::alignment] EM refinement complete: 9 ASVs remaining
(2026-08-08 21:30:57.559) [38;5;27mINFO[0m [savont::utils] STAGE 7 DONE: Refined ASV depths with EM algorithm --- Memory usage: 0.11 GB
(2026-08-08 21:30:57.573) [38;5;27mINFO[0m [savont] Final consensus count after EM refinement: 9
(2026-08-08 21:30:57.596) [38;5;27mINFO[0m [savont] Wrote 9 final consensus sequences to final_asvs.fasta
(2026-08-08 21:30:57.649) [38;5;27mINFO[0m [savont] Wrote feature-table.tsv (QIIME2-compatible)
(2026-08-08 21:30:57.686) [38;5;27mINFO[0m [savont] === SAVONT COMPLETED SUCCESSFULLY in 1 SECONDS ===
