(2026-08-08 21:30:43.602) [38;5;27mINFO[0m [savont] COMMAND: /homes9/jshaw/.cargo/bin/savont asv -t 10 /hlilab/jshaw/16s_ont/benchmark/reviewer_analyses/its_18s_benchmark/results/subsampled/its_60000.fastq -o /hlilab/jshaw/16s_ont/benchmark/reviewer_analyses/its_18s_benchmark/results/savont/its_60000 --min-read-length 300 --max-read-length 1000
(2026-08-08 21:30:43.603) [38;5;27mINFO[0m [savont] VERSION: 0.6.3
(2026-08-08 21:30:43.627) [38;5;27mINFO[0m [savont] SYSTEM NAME: Rocky Linux
(2026-08-08 21:30:43.627) [38;5;27mINFO[0m [savont] SYSTEM HOST NAME: ara.dfci.harvard.edu
(2026-08-08 21:30:43.628) [38;5;27mINFO[0m [savont] Created temp directory for intermediate files: /hlilab/jshaw/16s_ont/benchmark/reviewer_analyses/its_18s_benchmark/results/savont/its_60000/temp
(2026-08-08 21:30:43.628) [38;5;27mINFO[0m [savont] === SAVONT STARTED: Generating ASVs ===
(2026-08-08 21:30:43.628) [38;5;27mINFO[0m [savont] === STAGE 1: Processing k-mers and polymorphic markers ===
(2026-08-08 21:30:44.799) [38;5;27mINFO[0m [savont::seq_parse] Finished with k-mer counting in 1.171081502s. Total SNPmers after bloom filter: 398731
(2026-08-08 21:30:44.800) [38;5;27mINFO[0m [savont::utils] Memory usage after second round of k-mer counting processing --- Memory usage: 0.02 GB
(2026-08-08 21:30:44.830) [38;5;27mINFO[0m [savont::seq_parse] Removed 332489 SNPmers with counts < 1 in both strands and <= 3 multiplicity.
(2026-08-08 21:30:44.854) [38;5;27mINFO[0m [savont] Time elapsed in for counting k-mers is: 1.226236327s
(2026-08-08 21:30:44.877) [38;5;27mINFO[0m [savont::kmer_comp] Finding snpmers...
(2026-08-08 21:30:44.908) [38;5;27mINFO[0m [savont::kmer_comp] Number of snpmers: 308. 
(2026-08-08 21:30:44.926) [38;5;27mINFO[0m [savont] Time elapsed in for parsing snpmers is: 50.120217ms
(2026-08-08 21:30:44.927) [38;5;27mINFO[0m [savont::utils] STAGE 1 DONE: Obtained SNPmers --- Memory usage: 0.01 GB
(2026-08-08 21:30:44.955) [38;5;27mINFO[0m [savont] Using blockmers: false
(2026-08-08 21:30:44.955) [38;5;27mINFO[0m [savont] Getting reads...
(2026-08-08 21:30:45.082) [38;5;27mINFO[0m [savont::kmer_comp] Number of reads removed due to length filtering: 890.
(2026-08-08 21:30:45.656) [38;5;27mINFO[0m [savont::kmer_comp] Number of valid reads  - 59109. Number of reads below quality threshold - 21947.
(2026-08-08 21:30:45.695) [38;5;27mINFO[0m [savont::kmer_comp] Mean SNPmer density: 1.24%
(2026-08-08 21:30:45.706) [38;5;27mINFO[0m [savont::kmer_comp] Mean Blockmer density: 0.00%
(2026-08-08 21:30:45.755) [38;5;27mINFO[0m [savont] Total reads: 37162, Reads without SNPmers: 41 (0.11%)
(2026-08-08 21:30:45.755) [38;5;27mINFO[0m [savont] === STAGE 2: Clustering reads by k-mers ===
(2026-08-08 21:30:45.755) [38;5;27mINFO[0m [savont::asv_cluster] Starting greedy k-mer based clustering...
(2026-08-08 21:30:45.821) [38;5;27mINFO[0m [savont::asv_cluster] Processed 10000 / 37162 reads. Current representatives: 21
(2026-08-08 21:30:45.915) [38;5;27mINFO[0m [savont::asv_cluster] Processed 20000 / 37162 reads. Current representatives: 31
(2026-08-08 21:30:46.019) [38;5;27mINFO[0m [savont::asv_cluster] Processed 30000 / 37162 reads. Current representatives: 40
(2026-08-08 21:30:46.094) [38;5;27mINFO[0m [savont::asv_cluster] Greedy clustering complete. 53 cluster representatives found
(2026-08-08 21:30:46.101) [38;5;27mINFO[0m [savont::asv_cluster] K-mer clustering complete. 17 clusters found. Largest cluster: 9050 reads
(2026-08-08 21:30:46.101) [38;5;27mINFO[0m [savont::asv_cluster] Wrote k-mer clusters to /hlilab/jshaw/16s_ont/benchmark/reviewer_analyses/its_18s_benchmark/results/savont/its_60000/temp/kmer_clusters_stage2.tsv
(2026-08-08 21:30:46.134) [38;5;27mINFO[0m [savont::utils] STAGE 2 DONE: Clustered reads by k-mers --- Memory usage: 0.22 GB
(2026-08-08 21:30:46.134) [38;5;27mINFO[0m [savont] === STAGE 3: Secondary clustering of reads by polymorphic markers ===
(2026-08-08 21:30:46.134) [38;5;27mINFO[0m [savont::asv_cluster] Starting greedy SNPmer-based clustering within k-mer clusters...
(2026-08-08 21:30:46.150) [38;5;27mINFO[0m [savont::asv_cluster] Wrote SNPmer clusters to /hlilab/jshaw/16s_ont/benchmark/reviewer_analyses/its_18s_benchmark/results/savont/its_60000/temp/snpmer_clusters_before_reclust2.5.tsv
(2026-08-08 21:30:46.150) [38;5;27mINFO[0m [savont::asv_cluster] Starting iterative reclustering using consensus representatives...
(2026-08-08 21:30:46.150) [38;5;27mINFO[0m [savont::asv_cluster] Starting with 17 k-mer groups containing 53 total SNPmer clusters
(2026-08-08 21:30:46.181) [38;5;27mINFO[0m [savont::asv_cluster] Iteration 1: 33 total merges, 150 total reassignments across 15 k-mer groups
(2026-08-08 21:30:46.194) [38;5;27mINFO[0m [savont::asv_cluster] Iteration 2: 0 total merges, 15 total reassignments across 15 k-mer groups
(2026-08-08 21:30:46.194) [38;5;27mINFO[0m [savont::asv_cluster] Convergence reached after 2 iterations
(2026-08-08 21:30:46.194) [38;5;27mINFO[0m [savont::asv_cluster] Final result: 17 total clusters across 15 k-mer groups
(2026-08-08 21:30:46.194) [38;5;27mINFO[0m [savont::asv_cluster] SNPmer clustering complete. 17 total SNPmer clusters from 17 k-mer clusters
(2026-08-08 21:30:46.331) [38;5;27mINFO[0m [savont::utils] STAGE 3 DONE: Clustered reads by polymorphic markers --- Memory usage: 0.22 GB
(2026-08-08 21:30:46.331) [38;5;27mINFO[0m [savont] === STAGE 4: Generating consensus sequences and analyzing pileupes ===
(2026-08-08 21:30:46.331) [38;5;27mINFO[0m [savont::alignment] Generating consensus sequences from SNPmer clusters...
(2026-08-08 21:30:46.703) [38;5;27mINFO[0m [savont::alignment] Wrote 17 consensus sequences to consensus_sequences.fasta
(2026-08-08 21:30:46.902) [38;5;27mINFO[0m [savont::alignment] Analyzing quality error rates from top 2 clusters
(2026-08-08 21:30:47.020) [38;5;27mINFO[0m [savont::alignment] Low quality consensus sequences: [14, 15, 16]
(2026-08-08 21:30:47.050) [38;5;27mINFO[0m [savont::alignment] Wrote low quality cluster information to low_quality_clusters.tsv
(2026-08-08 21:30:47.170) [38;5;27mINFO[0m [savont::alignment] Wrote cluster information before filtering to clusters_after_quality_filter_stage4.tsv
(2026-08-08 21:30:47.171) [38;5;27mINFO[0m [savont::alignment] Polishing complete
(2026-08-08 21:30:47.181) [38;5;27mINFO[0m [savont::utils] STAGE 4 DONE: Analyzed pileups and estimated consensus qualities --- Memory usage: 0.41 GB
(2026-08-08 21:30:47.209) [38;5;27mINFO[0m [savont] === STAGE 5: Merging similar consensus sequences ===
(2026-08-08 21:30:47.215) [38;5;27mINFO[0m [savont::alignment] Removing duplicate consensus sequences based on k-mer similarity
(2026-08-08 21:30:47.216) [38;5;27mINFO[0m [savont::alignment] Reduced consensus sequences from 14 to 14 after k-mer based deduplication
(2026-08-08 21:30:47.240) [38;5;27mINFO[0m [savont::alignment] Wrote 14 polished consensus sequences to polished_consensuses.fasta
(2026-08-08 21:30:47.244) [38;5;27mINFO[0m [savont::alignment] Merging 3 low quality consensuses into high quality consensuses
(2026-08-08 21:30:47.270) [38;5;27mINFO[0m [savont::alignment] Merging similar consensus sequences based on alignment and depth criteria
(2026-08-08 21:30:47.294) [38;5;27mINFO[0m [savont::alignment] Consensus merging complete: 14 -> 10 consensuses
(2026-08-08 21:30:47.442) [38;5;27mINFO[0m [savont::alignment] Wrote 10 merged consensus sequences to merged_consensus_sequences.fasta
(2026-08-08 21:30:47.448) [38;5;27mINFO[0m [savont::utils] STAGE 5 DONE: Merged similar consensus sequences --- Memory usage: 0.42 GB
(2026-08-08 21:30:47.477) [38;5;27mINFO[0m [savont] === STAGE 6: Detecting and filtering chimeric consensus sequences ===
(2026-08-08 21:30:47.477) [38;5;27mINFO[0m [savont::chimera] Starting chimera detection for 10 consensuses
(2026-08-08 21:30:47.477) [38;5;27mINFO[0m [savont::chimera] Calculating pairwise similarities for 10 consensuses (using decompressed sequences)
(2026-08-08 21:30:47.485) [38;5;27mINFO[0m [savont::chimera] Filtered 0 chimeric consensuses with mean chimera score NaN and std NaN, 10 remaining
(2026-08-08 21:30:47.509) [38;5;27mINFO[0m [savont::utils] STAGE 6 DONE: Filtered chimeric consensus sequences --- Memory usage: 0.42 GB
(2026-08-08 21:30:47.509) [38;5;27mINFO[0m [savont] === Final consensus count after chimera filtering: 10 ===
(2026-08-08 21:30:47.509) [38;5;27mINFO[0m [savont] === STAGE 7: Refining ASV depths with alignments and EM algorithm ===
(2026-08-08 21:30:47.511) [38;5;27mINFO[0m [savont::alignment] Refining ASV depths using EM algorithm with k-mer based read mapping
(2026-08-08 21:30:47.535) [38;5;27mINFO[0m [savont::alignment] Loaded 10 ASVs as TwinReads for k-mer comparison
(2026-08-08 21:30:47.535) [38;5;27mINFO[0m [savont::alignment] Built SNPmer index with 23 unique splitmers
(2026-08-08 21:30:47.536) [38;5;27mINFO[0m [savont::alignment] Mapping 37162 reads to 10 ASVs using k-mer comparison
(2026-08-08 21:30:48.897) [38;5;27mINFO[0m [savont::alignment] Filtered 3649 reads with ratio > 0.005
(2026-08-08 21:30:48.897) [38;5;27mINFO[0m [savont::alignment] Total assigned reads: 33513
(2026-08-08 21:30:48.898) [38;5;27mINFO[0m [savont::alignment] Total percentage assigned: 90.18%
(2026-08-08 21:30:48.898) [38;5;27mINFO[0m [savont::alignment] Number of unique equivalence classes: 11
(2026-08-08 21:30:48.898) [38;5;27mINFO[0m [savont::alignment] Running EM algorithm with convergence threshold: 2.983917e-7
(2026-08-08 21:30:48.898) [38;5;27mINFO[0m [savont::alignment] EM converged after 3 iterations (max change: 2.657780e-10)
(2026-08-08 21:30:48.898) [38;5;27mINFO[0m [savont::alignment] Updating ASV depths based on EM abundances
(2026-08-08 21:30:48.898) [38;5;27mINFO[0m [savont::alignment] EM refinement complete: 10 ASVs remaining
(2026-08-08 21:30:48.983) [38;5;27mINFO[0m [savont::utils] STAGE 7 DONE: Refined ASV depths with EM algorithm --- Memory usage: 0.42 GB
(2026-08-08 21:30:48.983) [38;5;27mINFO[0m [savont] Final consensus count after EM refinement: 10
(2026-08-08 21:30:49.010) [38;5;27mINFO[0m [savont] Wrote 10 final consensus sequences to final_asvs.fasta
(2026-08-08 21:30:49.059) [38;5;27mINFO[0m [savont] Wrote feature-table.tsv (QIIME2-compatible)
(2026-08-08 21:30:49.179) [38;5;27mINFO[0m [savont] === SAVONT COMPLETED SUCCESSFULLY in 5 SECONDS ===
