(2026-08-08 19:28:52.636) INFO [savont] COMMAND: /homes9/jshaw/.cargo/bin/savont asv -t 10 /hlilab/jshaw/16s_ont/benchmark/reviewer_analyses/read_accuracy_sensitivity/subsampled/mean_accuracy_98_reads_300.fastq -o /hlilab/jshaw/16s_ont/benchmark/reviewer_analyses/read_accuracy_sensitivity/results/mean_accuracy_98/reads_300
(2026-08-08 19:28:52.637) INFO [savont] VERSION: 0.6.3
(2026-08-08 19:28:52.637) INFO [savont] SYSTEM NAME: Rocky Linux
(2026-08-08 19:28:52.637) INFO [savont] SYSTEM HOST NAME: ara.dfci.harvard.edu
(2026-08-08 19:28:52.638) INFO [savont] Created temp directory for intermediate files: /hlilab/jshaw/16s_ont/benchmark/reviewer_analyses/read_accuracy_sensitivity/results/mean_accuracy_98/reads_300/temp
(2026-08-08 19:28:52.664) INFO [savont] === SAVONT STARTED: Generating ASVs ===
(2026-08-08 19:28:52.664) INFO [savont] === STAGE 1: Processing k-mers and polymorphic markers ===
(2026-08-08 19:28:52.674) INFO [savont::seq_parse] Finished with k-mer counting in 9.582008ms. Total SNPmers after bloom filter: 41868
(2026-08-08 19:28:52.688) INFO [savont::utils] Memory usage after second round of k-mer counting processing --- Memory usage: 0.01 GB
(2026-08-08 19:28:52.689) INFO [savont::seq_parse] Removed 34758 SNPmers with counts < 1 in both strands and <= 3 multiplicity.
(2026-08-08 19:28:52.689) INFO [savont] Time elapsed in for counting k-mers is: 24.929757ms
(2026-08-08 19:28:52.689) INFO [savont::kmer_comp] Finding snpmers...
(2026-08-08 19:28:52.690) INFO [savont::kmer_comp] Number of snpmers: 136. 
(2026-08-08 19:28:52.690) INFO [savont] Time elapsed in for parsing snpmers is: 1.049838ms
(2026-08-08 19:28:52.691) INFO [savont::utils] STAGE 1 DONE: Obtained SNPmers --- Memory usage: 0.01 GB
(2026-08-08 19:28:52.691) INFO [savont] Using blockmers: false
(2026-08-08 19:28:52.691) INFO [savont] Getting reads...
(2026-08-08 19:28:52.692) INFO [savont::kmer_comp] Number of reads removed due to length filtering: 0.
(2026-08-08 19:28:52.699) INFO [savont::kmer_comp] Number of valid reads  - 300. Number of reads below quality threshold - 107.
(2026-08-08 19:28:52.699) INFO [savont::kmer_comp] Mean SNPmer density: 2.84%
(2026-08-08 19:28:52.699) INFO [savont::kmer_comp] Mean Blockmer density: 0.00%
(2026-08-08 19:28:52.700) INFO [savont] Total reads: 193, Reads without SNPmers: 0 (0.00%)
(2026-08-08 19:28:52.700) INFO [savont] === STAGE 2: Clustering reads by k-mers ===
(2026-08-08 19:28:52.700) INFO [savont::asv_cluster] Starting greedy k-mer based clustering...
(2026-08-08 19:28:52.703) INFO [savont::asv_cluster] Greedy clustering complete. 7 cluster representatives found
(2026-08-08 19:28:52.704) INFO [savont::asv_cluster] K-mer clustering complete. 6 clusters found. Largest cluster: 46 reads
(2026-08-08 19:28:52.704) INFO [savont::asv_cluster] Wrote k-mer clusters to /hlilab/jshaw/16s_ont/benchmark/reviewer_analyses/read_accuracy_sensitivity/results/mean_accuracy_98/reads_300/temp/kmer_clusters_stage2.tsv
(2026-08-08 19:28:52.727) INFO [savont::utils] STAGE 2 DONE: Clustered reads by k-mers --- Memory usage: 0.01 GB
(2026-08-08 19:28:52.733) INFO [savont] === STAGE 3: Secondary clustering of reads by polymorphic markers ===
(2026-08-08 19:28:52.733) INFO [savont::asv_cluster] Starting greedy SNPmer-based clustering within k-mer clusters...
(2026-08-08 19:28:52.752) INFO [savont::asv_cluster] Wrote SNPmer clusters to /hlilab/jshaw/16s_ont/benchmark/reviewer_analyses/read_accuracy_sensitivity/results/mean_accuracy_98/reads_300/temp/snpmer_clusters_before_reclust2.5.tsv
(2026-08-08 19:28:52.756) INFO [savont::asv_cluster] Starting iterative reclustering using consensus representatives...
(2026-08-08 19:28:52.756) INFO [savont::asv_cluster] Starting with 6 k-mer groups containing 5 total SNPmer clusters
(2026-08-08 19:28:52.756) INFO [savont::asv_cluster] Iteration 1: 0 total merges, 4 total reassignments across 4 k-mer groups
(2026-08-08 19:28:52.756) INFO [savont::asv_cluster] Convergence reached after 1 iterations
(2026-08-08 19:28:52.756) INFO [savont::asv_cluster] Final result: 4 total clusters across 4 k-mer groups
(2026-08-08 19:28:52.756) INFO [savont::asv_cluster] SNPmer clustering complete. 4 total SNPmer clusters from 6 k-mer clusters
(2026-08-08 19:28:52.815) INFO [savont::utils] STAGE 3 DONE: Clustered reads by polymorphic markers --- Memory usage: 0.01 GB
(2026-08-08 19:28:52.815) INFO [savont] === STAGE 4: Generating consensus sequences and analyzing pileupes ===
(2026-08-08 19:28:52.815) INFO [savont::alignment] Generating consensus sequences from SNPmer clusters...
(2026-08-08 19:28:52.904) INFO [savont::alignment] Wrote 4 consensus sequences to consensus_sequences.fasta
(2026-08-08 19:28:52.926) INFO [savont::alignment] Analyzing quality error rates from top 0 clusters
(2026-08-08 19:28:52.936) INFO [savont::alignment] Low quality consensus sequences: []
(2026-08-08 19:28:52.958) INFO [savont::alignment] Wrote low quality cluster information to low_quality_clusters.tsv
(2026-08-08 19:28:53.005) INFO [savont::alignment] Wrote cluster information before filtering to clusters_after_quality_filter_stage4.tsv
(2026-08-08 19:28:53.005) INFO [savont::alignment] Polishing complete
(2026-08-08 19:28:53.006) INFO [savont::utils] STAGE 4 DONE: Analyzed pileups and estimated consensus qualities --- Memory usage: 0.03 GB
(2026-08-08 19:28:53.007) INFO [savont] === STAGE 5: Merging similar consensus sequences ===
(2026-08-08 19:28:53.007) INFO [savont::alignment] Removing duplicate consensus sequences based on k-mer similarity
(2026-08-08 19:28:53.008) INFO [savont::alignment] Reduced consensus sequences from 4 to 4 after k-mer based deduplication
(2026-08-08 19:28:53.035) INFO [savont::alignment] Wrote 4 polished consensus sequences to polished_consensuses.fasta
(2026-08-08 19:28:53.039) INFO [savont::alignment] Merging 0 low quality consensuses into high quality consensuses
(2026-08-08 19:28:53.094) INFO [savont::alignment] Merging similar consensus sequences based on alignment and depth criteria
(2026-08-08 19:28:53.095) INFO [savont::alignment] Consensus merging complete: 4 -> 4 consensuses
(2026-08-08 19:28:53.181) INFO [savont::alignment] Wrote 4 merged consensus sequences to merged_consensus_sequences.fasta
(2026-08-08 19:28:53.182) INFO [savont::utils] STAGE 5 DONE: Merged similar consensus sequences --- Memory usage: 0.03 GB
(2026-08-08 19:28:53.182) INFO [savont] === STAGE 6: Detecting and filtering chimeric consensus sequences ===
(2026-08-08 19:28:53.182) INFO [savont::chimera] Starting chimera detection for 4 consensuses
(2026-08-08 19:28:53.182) INFO [savont::chimera] Calculating pairwise similarities for 4 consensuses (using decompressed sequences)
(2026-08-08 19:28:53.184) INFO [savont::chimera] Filtered 0 chimeric consensuses with mean chimera score NaN and std NaN, 4 remaining
(2026-08-08 19:28:53.185) INFO [savont::utils] STAGE 6 DONE: Filtered chimeric consensus sequences --- Memory usage: 0.03 GB
(2026-08-08 19:28:53.185) INFO [savont] === Final consensus count after chimera filtering: 4 ===
(2026-08-08 19:28:53.185) INFO [savont] === STAGE 7: Refining ASV depths with alignments and EM algorithm ===
(2026-08-08 19:28:53.185) INFO [savont::alignment] Refining ASV depths using EM algorithm with k-mer based read mapping
(2026-08-08 19:28:53.209) INFO [savont::alignment] Loaded 4 ASVs as TwinReads for k-mer comparison
(2026-08-08 19:28:53.234) INFO [savont::alignment] Built SNPmer index with 109 unique splitmers
(2026-08-08 19:28:53.234) INFO [savont::alignment] Mapping 193 reads to 4 ASVs using k-mer comparison
(2026-08-08 19:28:53.245) INFO [savont::alignment] Filtered 64 reads with ratio > 0.005
(2026-08-08 19:28:53.253) INFO [savont::alignment] Total assigned reads: 129
(2026-08-08 19:28:53.253) INFO [savont::alignment] Total percentage assigned: 66.84%
(2026-08-08 19:28:53.253) INFO [savont::alignment] Number of unique equivalence classes: 4
(2026-08-08 19:28:53.253) INFO [savont::alignment] Running EM algorithm with convergence threshold: 7.751938e-5
(2026-08-08 19:28:53.253) INFO [savont::alignment] EM converged after 2 iterations (max change: 2.775558e-17)
(2026-08-08 19:28:53.253) INFO [savont::alignment] Updating ASV depths based on EM abundances
(2026-08-08 19:28:53.253) INFO [savont::alignment] EM refinement complete: 4 ASVs remaining
(2026-08-08 19:28:53.310) INFO [savont::utils] STAGE 7 DONE: Refined ASV depths with EM algorithm --- Memory usage: 0.04 GB
(2026-08-08 19:28:53.310) INFO [savont] Final consensus count after EM refinement: 4
(2026-08-08 19:28:53.337) INFO [savont] Wrote 4 final consensus sequences to final_asvs.fasta
(2026-08-08 19:28:53.364) INFO [savont] Wrote feature-table.tsv (QIIME2-compatible)
(2026-08-08 19:28:53.393) INFO [savont] === SAVONT COMPLETED SUCCESSFULLY in 0 SECONDS ===
