(2026-08-08 14:52:34.120) INFO [savont] COMMAND: /homes9/jshaw/.cargo/bin/savont asv -t 10 /hlilab/jshaw/16s_ont/benchmark/results-FINAL-preprint/subsampled/v1v8_zmock1_frac5792.093186649751.fastq -o /hlilab/jshaw/16s_ont/benchmark/reviewer_analyses/min_cluster_sensitivity/results/reads_5792/min_cluster_18 --min-cluster-size 18
(2026-08-08 14:52:34.121) INFO [savont] VERSION: 0.6.2
(2026-08-08 14:52:34.121) INFO [savont] SYSTEM NAME: Rocky Linux
(2026-08-08 14:52:34.121) INFO [savont] SYSTEM HOST NAME: ara.dfci.harvard.edu
(2026-08-08 14:52:34.123) INFO [savont] Created temp directory for intermediate files: /hlilab/jshaw/16s_ont/benchmark/reviewer_analyses/min_cluster_sensitivity/results/reads_5792/min_cluster_18/temp
(2026-08-08 14:52:34.147) INFO [savont] === SAVONT STARTED: Generating ASVs ===
(2026-08-08 14:52:34.147) INFO [savont] === STAGE 1: Processing k-mers and polymorphic markers ===
(2026-08-08 14:52:34.299) INFO [savont::seq_parse] Finished with k-mer counting in 152.075468ms. Total SNPmers after bloom filter: 162272
(2026-08-08 14:52:34.300) INFO [savont::utils] Memory usage after second round of k-mer counting processing --- Memory usage: 0.02 GB
(2026-08-08 14:52:34.302) INFO [savont::seq_parse] Removed 150498 SNPmers with counts < 1 in both strands and <= 3 multiplicity.
(2026-08-08 14:52:34.302) INFO [savont] Time elapsed in for counting k-mers is: 154.960994ms
(2026-08-08 14:52:34.302) INFO [savont::kmer_comp] Finding snpmers...
(2026-08-08 14:52:34.304) INFO [savont::kmer_comp] Number of snpmers: 156. 
(2026-08-08 14:52:34.304) INFO [savont] Time elapsed in for parsing snpmers is: 1.397416ms
(2026-08-08 14:52:34.304) INFO [savont::utils] STAGE 1 DONE: Obtained SNPmers --- Memory usage: 0.02 GB
(2026-08-08 14:52:34.304) INFO [savont] Using blockmers: false
(2026-08-08 14:52:34.304) INFO [savont] Getting reads...
(2026-08-08 14:52:34.320) INFO [savont::kmer_comp] Number of reads removed due to length filtering: 12.
(2026-08-08 14:52:34.454) INFO [savont::kmer_comp] Number of valid reads  - 5780. Number of reads below quality threshold - 258.
(2026-08-08 14:52:34.455) INFO [savont::kmer_comp] Mean SNPmer density: 3.77%
(2026-08-08 14:52:34.455) INFO [savont::kmer_comp] Mean Blockmer density: 0.00%
(2026-08-08 14:52:34.467) INFO [savont] Total reads: 5522, Reads without SNPmers: 0 (0.00%)
(2026-08-08 14:52:34.467) INFO [savont] === STAGE 2: Clustering reads by k-mers ===
(2026-08-08 14:52:34.467) INFO [savont::asv_cluster] Starting greedy k-mer based clustering...
(2026-08-08 14:52:34.638) INFO [savont::asv_cluster] Greedy clustering complete. 31 cluster representatives found
(2026-08-08 14:52:34.639) INFO [savont::asv_cluster] K-mer clustering complete. 17 clusters found. Largest cluster: 1131 reads
(2026-08-08 14:52:34.639) INFO [savont::asv_cluster] Wrote k-mer clusters to /hlilab/jshaw/16s_ont/benchmark/reviewer_analyses/min_cluster_sensitivity/results/reads_5792/min_cluster_18/temp/kmer_clusters_stage2.tsv
(2026-08-08 14:52:34.670) INFO [savont::utils] STAGE 2 DONE: Clustered reads by k-mers --- Memory usage: 0.05 GB
(2026-08-08 14:52:34.677) INFO [savont] === STAGE 3: Secondary clustering of reads by polymorphic markers ===
(2026-08-08 14:52:34.677) INFO [savont::asv_cluster] Starting greedy SNPmer-based clustering within k-mer clusters...
(2026-08-08 14:52:34.701) INFO [savont::asv_cluster] Wrote SNPmer clusters to /hlilab/jshaw/16s_ont/benchmark/reviewer_analyses/min_cluster_sensitivity/results/reads_5792/min_cluster_18/temp/snpmer_clusters_before_reclust2.5.tsv
(2026-08-08 14:52:34.704) INFO [savont::asv_cluster] Starting iterative reclustering using consensus representatives...
(2026-08-08 14:52:34.704) INFO [savont::asv_cluster] Starting with 17 k-mer groups containing 46 total SNPmer clusters
(2026-08-08 14:52:34.712) INFO [savont::asv_cluster] Iteration 1: 7 total merges, 184 total reassignments across 10 k-mer groups
(2026-08-08 14:52:34.718) INFO [savont::asv_cluster] Iteration 2: 0 total merges, 3 total reassignments across 10 k-mer groups
(2026-08-08 14:52:34.718) INFO [savont::asv_cluster] Convergence reached after 2 iterations
(2026-08-08 14:52:34.718) INFO [savont::asv_cluster] Final result: 34 total clusters across 10 k-mer groups
(2026-08-08 14:52:34.718) INFO [savont::asv_cluster] SNPmer clustering complete. 34 total SNPmer clusters from 17 k-mer clusters
(2026-08-08 14:52:34.783) INFO [savont::utils] STAGE 3 DONE: Clustered reads by polymorphic markers --- Memory usage: 0.06 GB
(2026-08-08 14:52:34.783) INFO [savont] === STAGE 4: Generating consensus sequences and analyzing pileupes ===
(2026-08-08 14:52:34.783) INFO [savont::alignment] Generating consensus sequences from SNPmer clusters...
(2026-08-08 14:52:35.223) INFO [savont::alignment] Wrote 34 consensus sequences to consensus_sequences.fasta
(2026-08-08 14:52:35.481) INFO [savont::alignment] Analyzing quality error rates from top 3 clusters
(2026-08-08 14:52:35.748) INFO [savont::alignment] Low quality consensus sequences: [33]
(2026-08-08 14:52:35.777) INFO [savont::alignment] Wrote low quality cluster information to low_quality_clusters.tsv
(2026-08-08 14:52:35.813) INFO [savont::alignment] Wrote cluster information before filtering to clusters_after_quality_filter_stage4.tsv
(2026-08-08 14:52:35.813) INFO [savont::alignment] Polishing complete
(2026-08-08 14:52:35.826) INFO [savont::utils] STAGE 4 DONE: Analyzed pileups and estimated consensus qualities --- Memory usage: 0.44 GB
(2026-08-08 14:52:35.859) INFO [savont] === STAGE 5: Merging similar consensus sequences ===
(2026-08-08 14:52:35.859) INFO [savont::alignment] Removing duplicate consensus sequences based on k-mer similarity
(2026-08-08 14:52:35.862) INFO [savont::alignment] Reduced consensus sequences from 33 to 32 after k-mer based deduplication
(2026-08-08 14:52:35.900) INFO [savont::alignment] Wrote 32 polished consensus sequences to polished_consensuses.fasta
(2026-08-08 14:52:35.904) INFO [savont::alignment] Merging 1 low quality consensuses into high quality consensuses
(2026-08-08 14:52:35.925) INFO [savont::alignment] Merging similar consensus sequences based on alignment and depth criteria
(2026-08-08 14:52:35.959) INFO [savont::alignment] Consensus merging complete: 32 -> 25 consensuses
(2026-08-08 14:52:36.020) INFO [savont::alignment] Wrote 25 merged consensus sequences to merged_consensus_sequences.fasta
(2026-08-08 14:52:36.025) INFO [savont::utils] STAGE 5 DONE: Merged similar consensus sequences --- Memory usage: 0.44 GB
(2026-08-08 14:52:36.043) INFO [savont] === STAGE 6: Detecting and filtering chimeric consensus sequences ===
(2026-08-08 14:52:36.043) INFO [savont::chimera] Starting chimera detection for 25 consensuses
(2026-08-08 14:52:36.043) INFO [savont::chimera] Calculating pairwise similarities for 25 consensuses (using decompressed sequences)
(2026-08-08 14:52:36.089) INFO [savont::chimera] Filtered 0 chimeric consensuses with mean chimera score NaN and std NaN, 25 remaining
(2026-08-08 14:52:36.106) INFO [savont::utils] STAGE 6 DONE: Filtered chimeric consensus sequences --- Memory usage: 0.45 GB
(2026-08-08 14:52:36.106) INFO [savont] === Final consensus count after chimera filtering: 25 ===
(2026-08-08 14:52:36.106) INFO [savont] === STAGE 7: Refining ASV depths with alignments and EM algorithm ===
(2026-08-08 14:52:36.107) INFO [savont::alignment] Refining ASV depths using EM algorithm with k-mer based read mapping
(2026-08-08 14:52:36.135) INFO [savont::alignment] Loaded 25 ASVs as TwinReads for k-mer comparison
(2026-08-08 14:52:36.152) INFO [savont::alignment] Built SNPmer index with 152 unique splitmers
(2026-08-08 14:52:36.152) INFO [savont::alignment] Mapping 5522 reads to 25 ASVs using k-mer comparison
(2026-08-08 14:52:37.080) INFO [savont::alignment] Filtered 481 reads with ratio > 0.005
(2026-08-08 14:52:37.080) INFO [savont::alignment] Total assigned reads: 5041
(2026-08-08 14:52:37.080) INFO [savont::alignment] Total percentage assigned: 91.29%
(2026-08-08 14:52:37.080) INFO [savont::alignment] Number of unique equivalence classes: 42
(2026-08-08 14:52:37.080) INFO [savont::alignment] Running EM algorithm with convergence threshold: 1.983733e-6
(2026-08-08 14:52:37.080) INFO [savont::alignment] EM converged after 7 iterations (max change: 6.333925e-7)
(2026-08-08 14:52:37.080) INFO [savont::alignment] Updating ASV depths based on EM abundances
(2026-08-08 14:52:37.080) INFO [savont::alignment] EM refinement complete: 25 ASVs remaining
(2026-08-08 14:52:37.169) INFO [savont::utils] STAGE 7 DONE: Refined ASV depths with EM algorithm --- Memory usage: 0.45 GB
(2026-08-08 14:52:37.169) INFO [savont] Final consensus count after EM refinement: 25
(2026-08-08 14:52:37.200) INFO [savont] Wrote 25 final consensus sequences to final_asvs.fasta
(2026-08-08 14:52:37.227) INFO [savont] Wrote feature-table.tsv (QIIME2-compatible)
(2026-08-08 14:52:37.279) INFO [savont] === SAVONT COMPLETED SUCCESSFULLY in 3 SECONDS ===
