(2026-08-08 14:53:28.267) INFO [savont] COMMAND: /homes9/jshaw/.cargo/bin/savont asv -t 10 /hlilab/jshaw/16s_ont/benchmark/results-FINAL-preprint/subsampled/v1v8_zmock1_frac111827.81160944818.fastq -o /hlilab/jshaw/16s_ont/benchmark/reviewer_analyses/min_cluster_sensitivity/results/reads_111828/min_cluster_4 --min-cluster-size 4
(2026-08-08 14:53:28.268) INFO [savont] VERSION: 0.6.2
(2026-08-08 14:53:28.268) INFO [savont] SYSTEM NAME: Rocky Linux
(2026-08-08 14:53:28.268) INFO [savont] SYSTEM HOST NAME: ara.dfci.harvard.edu
(2026-08-08 14:53:28.270) INFO [savont] Created temp directory for intermediate files: /hlilab/jshaw/16s_ont/benchmark/reviewer_analyses/min_cluster_sensitivity/results/reads_111828/min_cluster_4/temp
(2026-08-08 14:53:28.270) INFO [savont] === SAVONT STARTED: Generating ASVs ===
(2026-08-08 14:53:28.270) INFO [savont] === STAGE 1: Processing k-mers and polymorphic markers ===
(2026-08-08 14:53:31.130) INFO [savont::seq_parse] Finished with k-mer counting in 2.860249355s. Total SNPmers after bloom filter: 784982
(2026-08-08 14:53:31.131) INFO [savont::utils] Memory usage after second round of k-mer counting processing --- Memory usage: 0.04 GB
(2026-08-08 14:53:31.147) INFO [savont::seq_parse] Removed 604238 SNPmers with counts < 1 in both strands and <= 3 multiplicity.
(2026-08-08 14:53:31.148) INFO [savont] Time elapsed in for counting k-mers is: 2.878434567s
(2026-08-08 14:53:31.150) INFO [savont::kmer_comp] Finding snpmers...
(2026-08-08 14:53:31.170) INFO [savont::kmer_comp] Number of snpmers: 3302. 
(2026-08-08 14:53:31.170) INFO [savont] Time elapsed in for parsing snpmers is: 21.60298ms
(2026-08-08 14:53:31.170) INFO [savont::utils] STAGE 1 DONE: Obtained SNPmers --- Memory usage: 0.02 GB
(2026-08-08 14:53:31.170) INFO [savont] Using blockmers: false
(2026-08-08 14:53:31.170) INFO [savont] Getting reads...
(2026-08-08 14:53:31.561) INFO [savont::kmer_comp] Number of reads removed due to length filtering: 180.
(2026-08-08 14:53:34.896) INFO [savont::kmer_comp] Number of valid reads  - 111648. Number of reads below quality threshold - 4877.
(2026-08-08 14:53:34.943) INFO [savont::kmer_comp] Mean SNPmer density: 3.94%
(2026-08-08 14:53:34.945) INFO [savont::kmer_comp] Mean Blockmer density: 0.00%
(2026-08-08 14:53:35.322) INFO [savont] Total reads: 106771, Reads without SNPmers: 0 (0.00%)
(2026-08-08 14:53:35.322) INFO [savont] === STAGE 2: Clustering reads by k-mers ===
(2026-08-08 14:53:35.322) INFO [savont::asv_cluster] Starting greedy k-mer based clustering...
(2026-08-08 14:53:35.695) INFO [savont::asv_cluster] Processed 10000 / 106771 reads. Current representatives: 25
(2026-08-08 14:53:36.133) INFO [savont::asv_cluster] Processed 20000 / 106771 reads. Current representatives: 29
(2026-08-08 14:53:36.601) INFO [savont::asv_cluster] Processed 30000 / 106771 reads. Current representatives: 34
(2026-08-08 14:53:37.101) INFO [savont::asv_cluster] Processed 40000 / 106771 reads. Current representatives: 39
(2026-08-08 14:53:37.613) INFO [savont::asv_cluster] Processed 50000 / 106771 reads. Current representatives: 39
(2026-08-08 14:53:38.119) INFO [savont::asv_cluster] Processed 60000 / 106771 reads. Current representatives: 43
(2026-08-08 14:53:38.660) INFO [savont::asv_cluster] Processed 70000 / 106771 reads. Current representatives: 55
(2026-08-08 14:53:39.249) INFO [savont::asv_cluster] Processed 80000 / 106771 reads. Current representatives: 62
(2026-08-08 14:53:39.864) INFO [savont::asv_cluster] Processed 90000 / 106771 reads. Current representatives: 64
(2026-08-08 14:53:40.465) INFO [savont::asv_cluster] Processed 100000 / 106771 reads. Current representatives: 75
(2026-08-08 14:53:40.853) INFO [savont::asv_cluster] Greedy clustering complete. 91 cluster representatives found
(2026-08-08 14:53:40.876) INFO [savont::asv_cluster] K-mer clustering complete. 60 clusters found. Largest cluster: 19135 reads
(2026-08-08 14:53:40.876) INFO [savont::asv_cluster] Wrote k-mer clusters to /hlilab/jshaw/16s_ont/benchmark/reviewer_analyses/min_cluster_sensitivity/results/reads_111828/min_cluster_4/temp/kmer_clusters_stage2.tsv
(2026-08-08 14:53:40.924) INFO [savont::utils] STAGE 2 DONE: Clustered reads by k-mers --- Memory usage: 0.73 GB
(2026-08-08 14:53:40.924) INFO [savont] === STAGE 3: Secondary clustering of reads by polymorphic markers ===
(2026-08-08 14:53:40.924) INFO [savont::asv_cluster] Starting greedy SNPmer-based clustering within k-mer clusters...
(2026-08-08 14:53:41.284) INFO [savont::asv_cluster] Processed 10000 / 14023 reads for SNPmer clustering in k-mer cluster 3 with 276 reps
(2026-08-08 14:53:41.540) INFO [savont::asv_cluster] Processed 10000 / 19135 reads for SNPmer clustering in k-mer cluster 0 with 476 reps
(2026-08-08 14:53:41.587) INFO [savont::asv_cluster] Processed 10000 / 16084 reads for SNPmer clustering in k-mer cluster 2 with 464 reps
(2026-08-08 14:53:41.710) INFO [savont::asv_cluster] Processed 10000 / 11879 reads for SNPmer clustering in k-mer cluster 4 with 522 reps
(2026-08-08 14:53:41.866) INFO [savont::asv_cluster] Processed 10000 / 17889 reads for SNPmer clustering in k-mer cluster 1 with 664 reps
(2026-08-08 14:53:43.155) INFO [savont::asv_cluster] Wrote SNPmer clusters to /hlilab/jshaw/16s_ont/benchmark/reviewer_analyses/min_cluster_sensitivity/results/reads_111828/min_cluster_4/temp/snpmer_clusters_before_reclust2.5.tsv
(2026-08-08 14:53:43.155) INFO [savont::asv_cluster] Starting iterative reclustering using consensus representatives...
(2026-08-08 14:53:43.155) INFO [savont::asv_cluster] Starting with 60 k-mer groups containing 2324 total SNPmer clusters
(2026-08-08 14:53:45.119) INFO [savont::asv_cluster] Iteration 1: 268 total merges, 18172 total reassignments across 48 k-mer groups
(2026-08-08 14:53:47.118) INFO [savont::asv_cluster] Iteration 2: 17 total merges, 3725 total reassignments across 48 k-mer groups
(2026-08-08 14:53:48.881) INFO [savont::asv_cluster] Iteration 3: 9 total merges, 1372 total reassignments across 48 k-mer groups
(2026-08-08 14:53:50.875) INFO [savont::asv_cluster] Iteration 4: 5 total merges, 595 total reassignments across 48 k-mer groups
(2026-08-08 14:53:52.693) INFO [savont::asv_cluster] Iteration 5: 5 total merges, 340 total reassignments across 48 k-mer groups
(2026-08-08 14:53:54.593) INFO [savont::asv_cluster] Iteration 6: 1 total merges, 145 total reassignments across 48 k-mer groups
(2026-08-08 14:53:56.382) INFO [savont::asv_cluster] Iteration 7: 1 total merges, 94 total reassignments across 48 k-mer groups
(2026-08-08 14:53:57.965) INFO [savont::asv_cluster] Iteration 8: 0 total merges, 62 total reassignments across 48 k-mer groups
(2026-08-08 14:53:57.965) INFO [savont::asv_cluster] Convergence reached after 8 iterations
(2026-08-08 14:53:57.969) INFO [savont::asv_cluster] Final result: 1924 total clusters across 48 k-mer groups
(2026-08-08 14:53:57.969) INFO [savont::asv_cluster] SNPmer clustering complete. 1924 total SNPmer clusters from 60 k-mer clusters
(2026-08-08 14:53:58.159) INFO [savont::utils] STAGE 3 DONE: Clustered reads by polymorphic markers --- Memory usage: 0.78 GB
(2026-08-08 14:53:58.159) INFO [savont] === STAGE 4: Generating consensus sequences and analyzing pileupes ===
(2026-08-08 14:53:58.159) INFO [savont::alignment] Generating consensus sequences from SNPmer clusters...
(2026-08-08 14:54:05.448) INFO [savont::alignment] Wrote 1924 consensus sequences to consensus_sequences.fasta
(2026-08-08 14:54:10.124) INFO [savont::alignment] Analyzing quality error rates from top 192 clusters
(2026-08-08 14:54:14.603) INFO [savont::alignment] Low quality consensus sequences: [36, 37, 38, 41, 43, 49, 50, 56, 62, 63, 69, 75, 87, 88, 98, 99, 102, 107, 112, 114, 115, 129, 132, 135, 137, 146, 158, 159, 163, 168, 169, 170, 171, 173, 176, 179, 183, 185, 196, 198, 200, 203, 208, 209, 210, 213, 216, 224, 227, 230, 235, 237, 241, 248, 250, 255, 257, 263, 264, 276, 280, 286, 289, 291, 298, 307, 310, 313, 315, 318, 319, 321, 322, 326, 327, 328, 336, 342, 345, 347, 348, 350, 352, 356, 359, 363, 369, 378, 384, 393, 400, 401, 403, 404, 405, 407, 409, 416, 418, 419, 421, 422, 425, 428, 430, 431, 434, 439, 440, 446, 447, 449, 450, 451, 455, 456, 459, 460, 461, 462, 468, 473, 475, 481, 485, 489, 491, 493, 516, 518, 519, 521, 522, 523, 529, 532, 537, 542, 543, 547, 549, 552, 553, 557, 558, 560, 563, 564, 567, 569, 572, 573, 574, 583, 584, 588, 591, 594, 596, 600, 605, 607, 608, 609, 610, 611, 613, 614, 615, 621, 622, 624, 628, 629, 637, 638, 639, 640, 645, 646, 647, 650, 652, 655, 657, 660, 664, 665, 667, 668, 669, 670, 671, 672, 675, 678, 680, 681, 683, 689, 690, 691, 692, 694, 696, 697, 699, 703, 705, 709, 712, 713, 715, 719, 722, 723, 725, 726, 728, 731, 732, 733, 735, 738, 739, 741, 742, 747, 748, 750, 751, 754, 757, 758, 761, 763, 764, 766, 772, 773, 774, 775, 776, 777, 782, 783, 784, 788, 789, 791, 792, 797, 798, 801, 804, 806, 812, 813, 814, 816, 818, 819, 821, 823, 824, 826, 827, 829, 830, 831, 834, 838, 839, 840, 841, 843, 846, 848, 849, 854, 858, 859, 860, 861, 862, 869, 870, 871, 872, 880, 881, 884, 886, 887, 888, 891, 892, 893, 896, 897, 901, 903, 909, 911, 912, 913, 914, 915, 917, 918, 919, 920, 921, 926, 927, 932, 933, 934, 938, 939, 941, 946, 949, 950, 951, 952, 953, 954, 955, 957, 960, 961, 963, 965, 966, 969, 972, 973, 975, 977, 980, 981, 982, 983, 984, 985, 986, 988, 990, 991, 996, 1001, 1002, 1006, 1009, 1011, 1013, 1014, 1015, 1016, 1017, 1018, 1019, 1020, 1024, 1026, 1027, 1028, 1032, 1033, 1036, 1038, 1040, 1041, 1043, 1044, 1048, 1054, 1056, 1057, 1060, 1062, 1063, 1065, 1066, 1069, 1071, 1072, 1077, 1078, 1079, 1080, 1081, 1084, 1085, 1088, 1090, 1094, 1095, 1096, 1097, 1098, 1099, 1101, 1102, 1104, 1106, 1107, 1108, 1109, 1111, 1112, 1113, 1114, 1116, 1117, 1119, 1120, 1122, 1123, 1126, 1128, 1129, 1132, 1133, 1137, 1139, 1140, 1143, 1144, 1145, 1146, 1149, 1150, 1151, 1153, 1155, 1156, 1157, 1161, 1163, 1164, 1165, 1168, 1169, 1170, 1171, 1173, 1176, 1177, 1178, 1179, 1180, 1181, 1184, 1185, 1186, 1188, 1190, 1192, 1193, 1194, 1198, 1199, 1202, 1203, 1204, 1205, 1206, 1207, 1209, 1211, 1212, 1213, 1214, 1216, 1217, 1218, 1219, 1223, 1224, 1225, 1226, 1227, 1230, 1231, 1235, 1236, 1237, 1239, 1242, 1243, 1245, 1246, 1247, 1248, 1249, 1251, 1252, 1255, 1256, 1258, 1259, 1260, 1261, 1263, 1265, 1267, 1269, 1270, 1271, 1275, 1277, 1281, 1288, 1289, 1290, 1292, 1293, 1294, 1295, 1297, 1300, 1301, 1302, 1303, 1304, 1305, 1307, 1308, 1309, 1310, 1311, 1314, 1315, 1316, 1317, 1318, 1322, 1324, 1325, 1326, 1328, 1329, 1330, 1331, 1333, 1334, 1336, 1337, 1338, 1339, 1340, 1342, 1343, 1344, 1345, 1346, 1347, 1348, 1350, 1351, 1352, 1353, 1354, 1355, 1356, 1357, 1361, 1362, 1363, 1364, 1365, 1366, 1367, 1368, 1370, 1371, 1372, 1373, 1374, 1375, 1376, 1378, 1379, 1381, 1382, 1384, 1386, 1387, 1388, 1389, 1390, 1391, 1392, 1394, 1395, 1399, 1401, 1402, 1403, 1404, 1406, 1407, 1409, 1410, 1412, 1414, 1415, 1416, 1418, 1419, 1421, 1422, 1424, 1425, 1427, 1428, 1429, 1430, 1431, 1432, 1434, 1435, 1436, 1437, 1438, 1439, 1440, 1441, 1443, 1444, 1445, 1448, 1451, 1453, 1454, 1455, 1456, 1457, 1458, 1459, 1460, 1461, 1462, 1463, 1464, 1465, 1466, 1467, 1468, 1469, 1470, 1472, 1473, 1475, 1476, 1477, 1478, 1479, 1480, 1481, 1482, 1483, 1484, 1485, 1488, 1489, 1490, 1491, 1492, 1493, 1494, 1495, 1496, 1497, 1498, 1499, 1500, 1502, 1503, 1504, 1505, 1506, 1507, 1509, 1510, 1511, 1512, 1513, 1514, 1515, 1516, 1517, 1518, 1519, 1520, 1521, 1522, 1523, 1524, 1526, 1527, 1528, 1529, 1530, 1531, 1532, 1533, 1534, 1536, 1537, 1538, 1540, 1541, 1542, 1544, 1545, 1546, 1547, 1549, 1550, 1551, 1552, 1553, 1554, 1555, 1556, 1557, 1558, 1559, 1560, 1561, 1562, 1563, 1564, 1565, 1566, 1567, 1569, 1570, 1571, 1572, 1573, 1574, 1575, 1576, 1577, 1578, 1579, 1580, 1581, 1582, 1583, 1584, 1585, 1587, 1589, 1591, 1592, 1593, 1594, 1596, 1597, 1598, 1599, 1601, 1603, 1604, 1605, 1606, 1609, 1610, 1611, 1614, 1615, 1616, 1617, 1618, 1619, 1620, 1621, 1622, 1623, 1624, 1625, 1626, 1627, 1628, 1630, 1631, 1632, 1633, 1634, 1635, 1636, 1637, 1638, 1639, 1641, 1642, 1644, 1645, 1646, 1647, 1648, 1649, 1650, 1651, 1652, 1653, 1654, 1655, 1657, 1658, 1659, 1660, 1661, 1662, 1663, 1665, 1666, 1667, 1668, 1669, 1670, 1671, 1672, 1673, 1675, 1676, 1678, 1679, 1680, 1681, 1682, 1683, 1684, 1685, 1686, 1687, 1688, 1689, 1690, 1692, 1693, 1694, 1695, 1696, 1697, 1698, 1699, 1700, 1701, 1702, 1703, 1704, 1705, 1706, 1707, 1708, 1709, 1710, 1711, 1712, 1713, 1714, 1715, 1716, 1717, 1718, 1719, 1720, 1721, 1722, 1723, 1724, 1725, 1726, 1727, 1728, 1729, 1730, 1731, 1732, 1733, 1734, 1735, 1736, 1737, 1738, 1739, 1740, 1741, 1742, 1743, 1744, 1745, 1746, 1747, 1748, 1749, 1750, 1751, 1753, 1754, 1756, 1757, 1758, 1759, 1760, 1761, 1762, 1763, 1764, 1765, 1766, 1767, 1768, 1769, 1770, 1771, 1772, 1773, 1774, 1775, 1776, 1777, 1778, 1779, 1780, 1781, 1782, 1783, 1784, 1785, 1786, 1787, 1788, 1789, 1790, 1791, 1792, 1793, 1794, 1795, 1796, 1797, 1798, 1799, 1800, 1801, 1802, 1803, 1804, 1805, 1806, 1807, 1808, 1809, 1810, 1811, 1812, 1813, 1814, 1815, 1816, 1817, 1818, 1819, 1820, 1821, 1822, 1823, 1824, 1825, 1826, 1827, 1828, 1829, 1830, 1831, 1832, 1833, 1834, 1835, 1836, 1837, 1838, 1839, 1840, 1841, 1842, 1843, 1844, 1845, 1846, 1847, 1848, 1849, 1850, 1851, 1852, 1853, 1854, 1855, 1856, 1857, 1858, 1859, 1860, 1861, 1862, 1863, 1864, 1865, 1866, 1867, 1868, 1869, 1870, 1871, 1872, 1873, 1874, 1875, 1876, 1877, 1878, 1879, 1880, 1881, 1882, 1883, 1884, 1885, 1886, 1887, 1888, 1889, 1890, 1891, 1892, 1893, 1894, 1895, 1896, 1897, 1898, 1899, 1900, 1901, 1902, 1903, 1904, 1905, 1906, 1907, 1908, 1909, 1910, 1911, 1912, 1913, 1914, 1915, 1916, 1917, 1918, 1919, 1920, 1921, 1922, 1923]
(2026-08-08 14:54:14.654) INFO [savont::alignment] Wrote low quality cluster information to low_quality_clusters.tsv
(2026-08-08 14:54:14.767) INFO [savont::alignment] Wrote cluster information before filtering to clusters_after_quality_filter_stage4.tsv
(2026-08-08 14:54:14.767) INFO [savont::alignment] Polishing complete
(2026-08-08 14:54:15.203) INFO [savont::utils] STAGE 4 DONE: Analyzed pileups and estimated consensus qualities --- Memory usage: 4.16 GB
(2026-08-08 14:54:15.269) INFO [savont] === STAGE 5: Merging similar consensus sequences ===
(2026-08-08 14:54:15.269) INFO [savont::alignment] Removing duplicate consensus sequences based on k-mer similarity
(2026-08-08 14:54:16.455) INFO [savont::alignment] Reduced consensus sequences from 850 to 803 after k-mer based deduplication
(2026-08-08 14:54:16.491) INFO [savont::alignment] Wrote 803 polished consensus sequences to polished_consensuses.fasta
(2026-08-08 14:54:16.519) INFO [savont::alignment] Merging 1074 low quality consensuses into high quality consensuses
(2026-08-08 14:54:18.785) INFO [savont::alignment] Merging similar consensus sequences based on alignment and depth criteria
(2026-08-08 14:54:20.347) INFO [savont::alignment] Consensus merging complete: 803 -> 490 consensuses
(2026-08-08 14:54:20.492) INFO [savont::alignment] Wrote 490 merged consensus sequences to merged_consensus_sequences.fasta
(2026-08-08 14:54:20.535) INFO [savont::utils] STAGE 5 DONE: Merged similar consensus sequences --- Memory usage: 3.89 GB
(2026-08-08 14:54:20.535) INFO [savont] === STAGE 6: Detecting and filtering chimeric consensus sequences ===
(2026-08-08 14:54:20.535) INFO [savont::chimera] Starting chimera detection for 490 consensuses
(2026-08-08 14:54:20.535) INFO [savont::chimera] Calculating pairwise similarities for 490 consensuses (using decompressed sequences)
(2026-08-08 14:54:30.418) INFO [savont::chimera] Filtered 463 chimeric consensuses with mean chimera score 0.00 and std 0.00, 27 remaining
(2026-08-08 14:54:30.457) INFO [savont::utils] STAGE 6 DONE: Filtered chimeric consensus sequences --- Memory usage: 3.82 GB
(2026-08-08 14:54:30.457) INFO [savont] === Final consensus count after chimera filtering: 27 ===
(2026-08-08 14:54:30.457) INFO [savont] === STAGE 7: Refining ASV depths with alignments and EM algorithm ===
(2026-08-08 14:54:30.458) INFO [savont::alignment] Refining ASV depths using EM algorithm with k-mer based read mapping
(2026-08-08 14:54:30.492) INFO [savont::alignment] Loaded 27 ASVs as TwinReads for k-mer comparison
(2026-08-08 14:54:30.492) INFO [savont::alignment] Built SNPmer index with 161 unique splitmers
(2026-08-08 14:54:30.492) INFO [savont::alignment] Mapping 106771 reads to 27 ASVs using k-mer comparison
(2026-08-08 14:54:38.766) INFO [savont::alignment] Filtered 8894 reads with ratio > 0.005
(2026-08-08 14:54:38.766) INFO [savont::alignment] Total assigned reads: 97877
(2026-08-08 14:54:38.766) INFO [savont::alignment] Total percentage assigned: 91.67%
(2026-08-08 14:54:38.766) INFO [savont::alignment] Number of unique equivalence classes: 68
(2026-08-08 14:54:38.766) INFO [savont::alignment] Running EM algorithm with convergence threshold: 1.021690e-7
(2026-08-08 14:54:38.766) INFO [savont::alignment] EM converged after 8 iterations (max change: 1.461678e-8)
(2026-08-08 14:54:38.766) INFO [savont::alignment] Updating ASV depths based on EM abundances
(2026-08-08 14:54:38.766) INFO [savont::alignment] EM refinement complete: 27 ASVs remaining
(2026-08-08 14:54:38.862) INFO [savont::utils] STAGE 7 DONE: Refined ASV depths with EM algorithm --- Memory usage: 3.82 GB
(2026-08-08 14:54:38.862) INFO [savont] Final consensus count after EM refinement: 27
(2026-08-08 14:54:38.904) INFO [savont] Wrote 27 final consensus sequences to final_asvs.fasta
(2026-08-08 14:54:38.930) INFO [savont] Wrote feature-table.tsv (QIIME2-compatible)
(2026-08-08 14:54:39.028) INFO [savont] === SAVONT COMPLETED SUCCESSFULLY in 70 SECONDS ===
