(2026-08-08 14:52:26.298) INFO [savont] COMMAND: /homes9/jshaw/.cargo/bin/savont asv -t 10 /hlilab/jshaw/16s_ont/benchmark/results-FINAL-preprint/subsampled/v1v8_zmock1_frac5792.093186649751.fastq -o /hlilab/jshaw/16s_ont/benchmark/reviewer_analyses/min_cluster_sensitivity/results/reads_5792/min_cluster_8 --min-cluster-size 8
(2026-08-08 14:52:26.299) INFO [savont] VERSION: 0.6.2
(2026-08-08 14:52:26.299) INFO [savont] SYSTEM NAME: Rocky Linux
(2026-08-08 14:52:26.299) INFO [savont] SYSTEM HOST NAME: ara.dfci.harvard.edu
(2026-08-08 14:52:26.299) INFO [savont] Created temp directory for intermediate files: /hlilab/jshaw/16s_ont/benchmark/reviewer_analyses/min_cluster_sensitivity/results/reads_5792/min_cluster_8/temp
(2026-08-08 14:52:26.299) INFO [savont] === SAVONT STARTED: Generating ASVs ===
(2026-08-08 14:52:26.299) INFO [savont] === STAGE 1: Processing k-mers and polymorphic markers ===
(2026-08-08 14:52:26.422) INFO [savont::seq_parse] Finished with k-mer counting in 122.415583ms. Total SNPmers after bloom filter: 162272
(2026-08-08 14:52:26.422) INFO [savont::utils] Memory usage after second round of k-mer counting processing --- Memory usage: 0.01 GB
(2026-08-08 14:52:26.424) INFO [savont::seq_parse] Removed 150498 SNPmers with counts < 1 in both strands and <= 3 multiplicity.
(2026-08-08 14:52:26.424) INFO [savont] Time elapsed in for counting k-mers is: 125.031407ms
(2026-08-08 14:52:26.425) INFO [savont::kmer_comp] Finding snpmers...
(2026-08-08 14:52:26.426) INFO [savont::kmer_comp] Number of snpmers: 156. 
(2026-08-08 14:52:26.426) INFO [savont] Time elapsed in for parsing snpmers is: 1.565525ms
(2026-08-08 14:52:26.426) INFO [savont::utils] STAGE 1 DONE: Obtained SNPmers --- Memory usage: 0.01 GB
(2026-08-08 14:52:26.426) INFO [savont] Using blockmers: false
(2026-08-08 14:52:26.426) INFO [savont] Getting reads...
(2026-08-08 14:52:26.443) INFO [savont::kmer_comp] Number of reads removed due to length filtering: 12.
(2026-08-08 14:52:26.569) INFO [savont::kmer_comp] Number of valid reads  - 5780. Number of reads below quality threshold - 258.
(2026-08-08 14:52:26.569) INFO [savont::kmer_comp] Mean SNPmer density: 3.77%
(2026-08-08 14:52:26.569) INFO [savont::kmer_comp] Mean Blockmer density: 0.00%
(2026-08-08 14:52:26.581) INFO [savont] Total reads: 5522, Reads without SNPmers: 0 (0.00%)
(2026-08-08 14:52:26.581) INFO [savont] === STAGE 2: Clustering reads by k-mers ===
(2026-08-08 14:52:26.581) INFO [savont::asv_cluster] Starting greedy k-mer based clustering...
(2026-08-08 14:52:26.754) INFO [savont::asv_cluster] Greedy clustering complete. 31 cluster representatives found
(2026-08-08 14:52:26.756) INFO [savont::asv_cluster] K-mer clustering complete. 24 clusters found. Largest cluster: 1131 reads
(2026-08-08 14:52:26.756) INFO [savont::asv_cluster] Wrote k-mer clusters to /hlilab/jshaw/16s_ont/benchmark/reviewer_analyses/min_cluster_sensitivity/results/reads_5792/min_cluster_8/temp/kmer_clusters_stage2.tsv
(2026-08-08 14:52:26.792) INFO [savont::utils] STAGE 2 DONE: Clustered reads by k-mers --- Memory usage: 0.05 GB
(2026-08-08 14:52:26.823) INFO [savont] === STAGE 3: Secondary clustering of reads by polymorphic markers ===
(2026-08-08 14:52:26.823) INFO [savont::asv_cluster] Starting greedy SNPmer-based clustering within k-mer clusters...
(2026-08-08 14:52:26.843) INFO [savont::asv_cluster] Wrote SNPmer clusters to /hlilab/jshaw/16s_ont/benchmark/reviewer_analyses/min_cluster_sensitivity/results/reads_5792/min_cluster_8/temp/snpmer_clusters_before_reclust2.5.tsv
(2026-08-08 14:52:26.843) INFO [savont::asv_cluster] Starting iterative reclustering using consensus representatives...
(2026-08-08 14:52:26.843) INFO [savont::asv_cluster] Starting with 24 k-mer groups containing 90 total SNPmer clusters
(2026-08-08 14:52:26.854) INFO [savont::asv_cluster] Iteration 1: 11 total merges, 300 total reassignments across 12 k-mer groups
(2026-08-08 14:52:26.862) INFO [savont::asv_cluster] Iteration 2: 0 total merges, 3 total reassignments across 12 k-mer groups
(2026-08-08 14:52:26.862) INFO [savont::asv_cluster] Convergence reached after 2 iterations
(2026-08-08 14:52:26.862) INFO [savont::asv_cluster] Final result: 64 total clusters across 12 k-mer groups
(2026-08-08 14:52:26.862) INFO [savont::asv_cluster] SNPmer clustering complete. 64 total SNPmer clusters from 24 k-mer clusters
(2026-08-08 14:52:26.926) INFO [savont::utils] STAGE 3 DONE: Clustered reads by polymorphic markers --- Memory usage: 0.05 GB
(2026-08-08 14:52:26.938) INFO [savont] === STAGE 4: Generating consensus sequences and analyzing pileupes ===
(2026-08-08 14:52:26.938) INFO [savont::alignment] Generating consensus sequences from SNPmer clusters...
(2026-08-08 14:52:27.471) INFO [savont::alignment] Wrote 64 consensus sequences to consensus_sequences.fasta
(2026-08-08 14:52:27.768) INFO [savont::alignment] Analyzing quality error rates from top 6 clusters
(2026-08-08 14:52:28.109) INFO [savont::alignment] Low quality consensus sequences: [34, 39, 41, 42, 45, 46, 47, 48, 51, 52, 53, 54, 55, 57, 58, 59, 60, 61, 63]
(2026-08-08 14:52:28.132) INFO [savont::alignment] Wrote low quality cluster information to low_quality_clusters.tsv
(2026-08-08 14:52:28.174) INFO [savont::alignment] Wrote cluster information before filtering to clusters_after_quality_filter_stage4.tsv
(2026-08-08 14:52:28.174) INFO [savont::alignment] Polishing complete
(2026-08-08 14:52:28.194) INFO [savont::utils] STAGE 4 DONE: Analyzed pileups and estimated consensus qualities --- Memory usage: 0.51 GB
(2026-08-08 14:52:28.245) INFO [savont] === STAGE 5: Merging similar consensus sequences ===
(2026-08-08 14:52:28.268) INFO [savont::alignment] Removing duplicate consensus sequences based on k-mer similarity
(2026-08-08 14:52:28.274) INFO [savont::alignment] Reduced consensus sequences from 45 to 40 after k-mer based deduplication
(2026-08-08 14:52:28.328) INFO [savont::alignment] Wrote 40 polished consensus sequences to polished_consensuses.fasta
(2026-08-08 14:52:28.333) INFO [savont::alignment] Merging 19 low quality consensuses into high quality consensuses
(2026-08-08 14:52:28.357) INFO [savont::alignment] Merging similar consensus sequences based on alignment and depth criteria
(2026-08-08 14:52:28.371) INFO [savont::alignment] Consensus merging complete: 40 -> 29 consensuses
(2026-08-08 14:52:28.435) INFO [savont::alignment] Wrote 29 merged consensus sequences to merged_consensus_sequences.fasta
(2026-08-08 14:52:28.443) INFO [savont::utils] STAGE 5 DONE: Merged similar consensus sequences --- Memory usage: 0.51 GB
(2026-08-08 14:52:28.461) INFO [savont] === STAGE 6: Detecting and filtering chimeric consensus sequences ===
(2026-08-08 14:52:28.461) INFO [savont::chimera] Starting chimera detection for 29 consensuses
(2026-08-08 14:52:28.461) INFO [savont::chimera] Calculating pairwise similarities for 29 consensuses (using decompressed sequences)
(2026-08-08 14:52:28.521) INFO [savont::chimera] Filtered 4 chimeric consensuses with mean chimera score 0.00 and std 0.00, 25 remaining
(2026-08-08 14:52:28.529) INFO [savont::utils] STAGE 6 DONE: Filtered chimeric consensus sequences --- Memory usage: 0.52 GB
(2026-08-08 14:52:28.529) INFO [savont] === Final consensus count after chimera filtering: 25 ===
(2026-08-08 14:52:28.529) INFO [savont] === STAGE 7: Refining ASV depths with alignments and EM algorithm ===
(2026-08-08 14:52:28.530) INFO [savont::alignment] Refining ASV depths using EM algorithm with k-mer based read mapping
(2026-08-08 14:52:28.560) INFO [savont::alignment] Loaded 25 ASVs as TwinReads for k-mer comparison
(2026-08-08 14:52:28.561) INFO [savont::alignment] Built SNPmer index with 152 unique splitmers
(2026-08-08 14:52:28.561) INFO [savont::alignment] Mapping 5522 reads to 25 ASVs using k-mer comparison
(2026-08-08 14:52:28.986) INFO [savont::alignment] Filtered 481 reads with ratio > 0.005
(2026-08-08 14:52:28.986) INFO [savont::alignment] Total assigned reads: 5041
(2026-08-08 14:52:28.986) INFO [savont::alignment] Total percentage assigned: 91.29%
(2026-08-08 14:52:28.986) INFO [savont::alignment] Number of unique equivalence classes: 42
(2026-08-08 14:52:28.986) INFO [savont::alignment] Running EM algorithm with convergence threshold: 1.983733e-6
(2026-08-08 14:52:28.986) INFO [savont::alignment] EM converged after 7 iterations (max change: 6.333925e-7)
(2026-08-08 14:52:28.986) INFO [savont::alignment] Updating ASV depths based on EM abundances
(2026-08-08 14:52:28.986) INFO [savont::alignment] EM refinement complete: 25 ASVs remaining
(2026-08-08 14:52:29.071) INFO [savont::utils] STAGE 7 DONE: Refined ASV depths with EM algorithm --- Memory usage: 0.52 GB
(2026-08-08 14:52:29.071) INFO [savont] Final consensus count after EM refinement: 25
(2026-08-08 14:52:29.099) INFO [savont] Wrote 25 final consensus sequences to final_asvs.fasta
(2026-08-08 14:52:29.137) INFO [savont] Wrote feature-table.tsv (QIIME2-compatible)
(2026-08-08 14:52:29.183) INFO [savont] === SAVONT COMPLETED SUCCESSFULLY in 2 SECONDS ===
