(2026-08-08 19:28:39.210) INFO [savont] COMMAND: /homes9/jshaw/.cargo/bin/savont asv -t 10 /hlilab/jshaw/16s_ont/benchmark/reviewer_analyses/read_accuracy_sensitivity/subsampled/mean_accuracy_97_reads_5792.fastq -o /hlilab/jshaw/16s_ont/benchmark/reviewer_analyses/read_accuracy_sensitivity/results/mean_accuracy_97/reads_5792
(2026-08-08 19:28:39.211) INFO [savont] VERSION: 0.6.3
(2026-08-08 19:28:39.211) INFO [savont] SYSTEM NAME: Rocky Linux
(2026-08-08 19:28:39.211) INFO [savont] SYSTEM HOST NAME: ara.dfci.harvard.edu
(2026-08-08 19:28:39.211) INFO [savont] Created temp directory for intermediate files: /hlilab/jshaw/16s_ont/benchmark/reviewer_analyses/read_accuracy_sensitivity/results/mean_accuracy_97/reads_5792/temp
(2026-08-08 19:28:39.236) INFO [savont] === SAVONT STARTED: Generating ASVs ===
(2026-08-08 19:28:39.236) INFO [savont] === STAGE 1: Processing k-mers and polymorphic markers ===
(2026-08-08 19:28:39.398) INFO [savont::seq_parse] Finished with k-mer counting in 162.557271ms. Total SNPmers after bloom filter: 474654
(2026-08-08 19:28:39.399) INFO [savont::utils] Memory usage after second round of k-mer counting processing --- Memory usage: 0.03 GB
(2026-08-08 19:28:39.426) INFO [savont::seq_parse] Removed 406947 SNPmers with counts < 1 in both strands and <= 3 multiplicity.
(2026-08-08 19:28:39.443) INFO [savont] Time elapsed in for counting k-mers is: 207.253372ms
(2026-08-08 19:28:39.463) INFO [savont::kmer_comp] Finding snpmers...
(2026-08-08 19:28:39.485) INFO [savont::kmer_comp] Number of snpmers: 905. 
(2026-08-08 19:28:39.510) INFO [savont] Time elapsed in for parsing snpmers is: 47.564882ms
(2026-08-08 19:28:39.511) INFO [savont::utils] STAGE 1 DONE: Obtained SNPmers --- Memory usage: 0.01 GB
(2026-08-08 19:28:39.534) INFO [savont] Using blockmers: false
(2026-08-08 19:28:39.534) INFO [savont] Getting reads...
(2026-08-08 19:28:39.554) INFO [savont::kmer_comp] Number of reads removed due to length filtering: 0.
(2026-08-08 19:28:39.701) INFO [savont::kmer_comp] Number of valid reads  - 5792. Number of reads below quality threshold - 3550.
(2026-08-08 19:28:39.701) WARN [savont::kmer_comp] More than 50% of reads are below the quality threshold of 98%. This may imply that these reads are not high enough quality for ASV reconstruction. Proceed with caution!
(2026-08-08 19:28:39.704) INFO [savont::kmer_comp] Mean SNPmer density: 3.05%
(2026-08-08 19:28:39.720) INFO [savont::kmer_comp] Mean Blockmer density: 0.00%
(2026-08-08 19:28:39.724) INFO [savont] Total reads: 2242, Reads without SNPmers: 0 (0.00%)
(2026-08-08 19:28:39.746) INFO [savont] === STAGE 2: Clustering reads by k-mers ===
(2026-08-08 19:28:39.746) INFO [savont::asv_cluster] Starting greedy k-mer based clustering...
(2026-08-08 19:28:39.796) INFO [savont::asv_cluster] Greedy clustering complete. 12 cluster representatives found
(2026-08-08 19:28:39.797) INFO [savont::asv_cluster] K-mer clustering complete. 7 clusters found. Largest cluster: 446 reads
(2026-08-08 19:28:39.817) INFO [savont::asv_cluster] Wrote k-mer clusters to /hlilab/jshaw/16s_ont/benchmark/reviewer_analyses/read_accuracy_sensitivity/results/mean_accuracy_97/reads_5792/temp/kmer_clusters_stage2.tsv
(2026-08-08 19:28:39.853) INFO [savont::utils] STAGE 2 DONE: Clustered reads by k-mers --- Memory usage: 0.05 GB
(2026-08-08 19:28:39.874) INFO [savont] === STAGE 3: Secondary clustering of reads by polymorphic markers ===
(2026-08-08 19:28:39.874) INFO [savont::asv_cluster] Starting greedy SNPmer-based clustering within k-mer clusters...
(2026-08-08 19:28:39.876) INFO [savont::asv_cluster] Wrote SNPmer clusters to /hlilab/jshaw/16s_ont/benchmark/reviewer_analyses/read_accuracy_sensitivity/results/mean_accuracy_97/reads_5792/temp/snpmer_clusters_before_reclust2.5.tsv
(2026-08-08 19:28:39.894) INFO [savont::asv_cluster] Starting iterative reclustering using consensus representatives...
(2026-08-08 19:28:39.894) INFO [savont::asv_cluster] Starting with 7 k-mer groups containing 22 total SNPmer clusters
(2026-08-08 19:28:39.899) INFO [savont::asv_cluster] Iteration 1: 1 total merges, 163 total reassignments across 7 k-mer groups
(2026-08-08 19:28:39.903) INFO [savont::asv_cluster] Iteration 2: 0 total merges, 41 total reassignments across 7 k-mer groups
(2026-08-08 19:28:39.903) INFO [savont::asv_cluster] Convergence reached after 2 iterations
(2026-08-08 19:28:39.903) INFO [savont::asv_cluster] Final result: 21 total clusters across 7 k-mer groups
(2026-08-08 19:28:39.903) INFO [savont::asv_cluster] SNPmer clustering complete. 21 total SNPmer clusters from 7 k-mer clusters
(2026-08-08 19:28:39.956) INFO [savont::utils] STAGE 3 DONE: Clustered reads by polymorphic markers --- Memory usage: 0.05 GB
(2026-08-08 19:28:39.956) INFO [savont] === STAGE 4: Generating consensus sequences and analyzing pileupes ===
(2026-08-08 19:28:39.956) INFO [savont::alignment] Generating consensus sequences from SNPmer clusters...
(2026-08-08 19:28:40.297) INFO [savont::alignment] Wrote 21 consensus sequences to consensus_sequences.fasta
(2026-08-08 19:28:40.478) INFO [savont::alignment] Analyzing quality error rates from top 2 clusters
(2026-08-08 19:28:40.666) INFO [savont::alignment] Low quality consensus sequences: []
(2026-08-08 19:28:40.667) INFO [savont::alignment] Wrote low quality cluster information to low_quality_clusters.tsv
(2026-08-08 19:28:40.729) INFO [savont::alignment] Wrote cluster information before filtering to clusters_after_quality_filter_stage4.tsv
(2026-08-08 19:28:40.729) INFO [savont::alignment] Polishing complete
(2026-08-08 19:28:40.739) INFO [savont::utils] STAGE 4 DONE: Analyzed pileups and estimated consensus qualities --- Memory usage: 0.34 GB
(2026-08-08 19:28:40.756) INFO [savont] === STAGE 5: Merging similar consensus sequences ===
(2026-08-08 19:28:40.777) INFO [savont::alignment] Removing duplicate consensus sequences based on k-mer similarity
(2026-08-08 19:28:40.779) INFO [savont::alignment] Reduced consensus sequences from 21 to 21 after k-mer based deduplication
(2026-08-08 19:28:40.832) INFO [savont::alignment] Wrote 21 polished consensus sequences to polished_consensuses.fasta
(2026-08-08 19:28:40.835) INFO [savont::alignment] Merging 0 low quality consensuses into high quality consensuses
(2026-08-08 19:28:40.850) INFO [savont::alignment] Merging similar consensus sequences based on alignment and depth criteria
(2026-08-08 19:28:40.854) INFO [savont::alignment] Consensus merging complete: 21 -> 21 consensuses
(2026-08-08 19:28:40.954) INFO [savont::alignment] Wrote 21 merged consensus sequences to merged_consensus_sequences.fasta
(2026-08-08 19:28:40.958) INFO [savont::utils] STAGE 5 DONE: Merged similar consensus sequences --- Memory usage: 0.34 GB
(2026-08-08 19:28:40.979) INFO [savont] === STAGE 6: Detecting and filtering chimeric consensus sequences ===
(2026-08-08 19:28:40.979) INFO [savont::chimera] Starting chimera detection for 21 consensuses
(2026-08-08 19:28:40.979) INFO [savont::chimera] Calculating pairwise similarities for 21 consensuses (using decompressed sequences)
(2026-08-08 19:28:41.021) INFO [savont::chimera] Filtered 0 chimeric consensuses with mean chimera score NaN and std NaN, 21 remaining
(2026-08-08 19:28:41.025) INFO [savont::utils] STAGE 6 DONE: Filtered chimeric consensus sequences --- Memory usage: 0.35 GB
(2026-08-08 19:28:41.042) INFO [savont] === Final consensus count after chimera filtering: 21 ===
(2026-08-08 19:28:41.042) INFO [savont] === STAGE 7: Refining ASV depths with alignments and EM algorithm ===
(2026-08-08 19:28:41.042) INFO [savont::alignment] Refining ASV depths using EM algorithm with k-mer based read mapping
(2026-08-08 19:28:41.112) INFO [savont::alignment] Loaded 21 ASVs as TwinReads for k-mer comparison
(2026-08-08 19:28:41.112) INFO [savont::alignment] Built SNPmer index with 161 unique splitmers
(2026-08-08 19:28:41.142) INFO [savont::alignment] Mapping 2242 reads to 21 ASVs using k-mer comparison
(2026-08-08 19:28:42.348) INFO [savont::alignment] Filtered 0 reads with ratio > 0.005
(2026-08-08 19:28:42.348) INFO [savont::alignment] Total assigned reads: 2242
(2026-08-08 19:28:42.348) INFO [savont::alignment] Total percentage assigned: 100.00%
(2026-08-08 19:28:42.348) INFO [savont::alignment] Number of unique equivalence classes: 23
(2026-08-08 19:28:42.348) INFO [savont::alignment] Running EM algorithm with convergence threshold: 4.460303e-6
(2026-08-08 19:28:42.348) INFO [savont::alignment] EM converged after 5 iterations (max change: 3.259453e-6)
(2026-08-08 19:28:42.348) INFO [savont::alignment] Updating ASV depths based on EM abundances
(2026-08-08 19:28:42.348) INFO [savont::alignment] EM refinement complete: 21 ASVs remaining
(2026-08-08 19:28:42.468) INFO [savont::utils] STAGE 7 DONE: Refined ASV depths with EM algorithm --- Memory usage: 0.35 GB
(2026-08-08 19:28:42.468) INFO [savont] Final consensus count after EM refinement: 21
(2026-08-08 19:28:42.493) INFO [savont] Wrote 21 final consensus sequences to final_asvs.fasta
(2026-08-08 19:28:42.518) INFO [savont] Wrote feature-table.tsv (QIIME2-compatible)
(2026-08-08 19:28:42.554) INFO [savont] === SAVONT COMPLETED SUCCESSFULLY in 3 SECONDS ===
