(2026-08-08 14:52:52.262) INFO [savont] COMMAND: /homes9/jshaw/.cargo/bin/savont asv -t 10 /hlilab/jshaw/16s_ont/benchmark/results-FINAL-preprint/subsampled/v1v8_zmock1_frac25450.286947322187.fastq -o /hlilab/jshaw/16s_ont/benchmark/reviewer_analyses/min_cluster_sensitivity/results/reads_25450/min_cluster_10 --min-cluster-size 10
(2026-08-08 14:52:52.263) INFO [savont] VERSION: 0.6.2
(2026-08-08 14:52:52.263) INFO [savont] SYSTEM NAME: Rocky Linux
(2026-08-08 14:52:52.263) INFO [savont] SYSTEM HOST NAME: ara.dfci.harvard.edu
(2026-08-08 14:52:52.264) INFO [savont] Created temp directory for intermediate files: /hlilab/jshaw/16s_ont/benchmark/reviewer_analyses/min_cluster_sensitivity/results/reads_25450/min_cluster_10/temp
(2026-08-08 14:52:52.286) INFO [savont] === SAVONT STARTED: Generating ASVs ===
(2026-08-08 14:52:52.286) INFO [savont] === STAGE 1: Processing k-mers and polymorphic markers ===
(2026-08-08 14:52:52.878) INFO [savont::seq_parse] Finished with k-mer counting in 591.911198ms. Total SNPmers after bloom filter: 359700
(2026-08-08 14:52:52.878) INFO [savont::utils] Memory usage after second round of k-mer counting processing --- Memory usage: 0.02 GB
(2026-08-08 14:52:52.907) INFO [savont::seq_parse] Removed 308403 SNPmers with counts < 1 in both strands and <= 3 multiplicity.
(2026-08-08 14:52:52.929) INFO [savont] Time elapsed in for counting k-mers is: 643.065916ms
(2026-08-08 14:52:52.954) INFO [savont::kmer_comp] Finding snpmers...
(2026-08-08 14:52:52.958) INFO [savont::kmer_comp] Number of snpmers: 522. 
(2026-08-08 14:52:52.975) INFO [savont] Time elapsed in for parsing snpmers is: 21.370926ms
(2026-08-08 14:52:52.975) INFO [savont::utils] STAGE 1 DONE: Obtained SNPmers --- Memory usage: 0.01 GB
(2026-08-08 14:52:52.996) INFO [savont] Using blockmers: false
(2026-08-08 14:52:52.996) INFO [savont] Getting reads...
(2026-08-08 14:52:53.074) INFO [savont::kmer_comp] Number of reads removed due to length filtering: 43.
(2026-08-08 14:52:53.780) INFO [savont::kmer_comp] Number of valid reads  - 25407. Number of reads below quality threshold - 1099.
(2026-08-08 14:52:53.782) INFO [savont::kmer_comp] Mean SNPmer density: 3.83%
(2026-08-08 14:52:53.810) INFO [savont::kmer_comp] Mean Blockmer density: 0.00%
(2026-08-08 14:52:53.891) INFO [savont] Total reads: 24308, Reads without SNPmers: 0 (0.00%)
(2026-08-08 14:52:53.891) INFO [savont] === STAGE 2: Clustering reads by k-mers ===
(2026-08-08 14:52:53.891) INFO [savont::asv_cluster] Starting greedy k-mer based clustering...
(2026-08-08 14:52:54.284) INFO [savont::asv_cluster] Processed 10000 / 24308 reads. Current representatives: 34
(2026-08-08 14:52:54.718) INFO [savont::asv_cluster] Processed 20000 / 24308 reads. Current representatives: 38
(2026-08-08 14:52:54.916) INFO [savont::asv_cluster] Greedy clustering complete. 46 cluster representatives found
(2026-08-08 14:52:54.923) INFO [savont::asv_cluster] K-mer clustering complete. 32 clusters found. Largest cluster: 4631 reads
(2026-08-08 14:52:54.938) INFO [savont::asv_cluster] Wrote k-mer clusters to /hlilab/jshaw/16s_ont/benchmark/reviewer_analyses/min_cluster_sensitivity/results/reads_25450/min_cluster_10/temp/kmer_clusters_stage2.tsv
(2026-08-08 14:52:54.969) INFO [savont::utils] STAGE 2 DONE: Clustered reads by k-mers --- Memory usage: 0.18 GB
(2026-08-08 14:52:54.969) INFO [savont] === STAGE 3: Secondary clustering of reads by polymorphic markers ===
(2026-08-08 14:52:54.969) INFO [savont::asv_cluster] Starting greedy SNPmer-based clustering within k-mer clusters...
(2026-08-08 14:52:55.460) INFO [savont::asv_cluster] Wrote SNPmer clusters to /hlilab/jshaw/16s_ont/benchmark/reviewer_analyses/min_cluster_sensitivity/results/reads_25450/min_cluster_10/temp/snpmer_clusters_before_reclust2.5.tsv
(2026-08-08 14:52:55.460) INFO [savont::asv_cluster] Starting iterative reclustering using consensus representatives...
(2026-08-08 14:52:55.460) INFO [savont::asv_cluster] Starting with 32 k-mer groups containing 327 total SNPmer clusters
(2026-08-08 14:52:55.559) INFO [savont::asv_cluster] Iteration 1: 67 total merges, 2748 total reassignments across 21 k-mer groups
(2026-08-08 14:52:55.621) INFO [savont::asv_cluster] Iteration 2: 1 total merges, 159 total reassignments across 21 k-mer groups
(2026-08-08 14:52:55.683) INFO [savont::asv_cluster] Iteration 3: 0 total merges, 9 total reassignments across 21 k-mer groups
(2026-08-08 14:52:55.683) INFO [savont::asv_cluster] Convergence reached after 3 iterations
(2026-08-08 14:52:55.683) INFO [savont::asv_cluster] Final result: 176 total clusters across 21 k-mer groups
(2026-08-08 14:52:55.705) INFO [savont::asv_cluster] SNPmer clustering complete. 176 total SNPmer clusters from 32 k-mer clusters
(2026-08-08 14:52:55.789) INFO [savont::utils] STAGE 3 DONE: Clustered reads by polymorphic markers --- Memory usage: 0.19 GB
(2026-08-08 14:52:55.789) INFO [savont] === STAGE 4: Generating consensus sequences and analyzing pileupes ===
(2026-08-08 14:52:55.789) INFO [savont::alignment] Generating consensus sequences from SNPmer clusters...
(2026-08-08 14:52:57.317) INFO [savont::alignment] Wrote 176 consensus sequences to consensus_sequences.fasta
(2026-08-08 14:52:58.371) INFO [savont::alignment] Analyzing quality error rates from top 18 clusters
(2026-08-08 14:52:59.448) INFO [savont::alignment] Low quality consensus sequences: [42, 43, 45, 47, 53, 57, 59, 60, 61, 63, 66, 67, 69, 72, 73, 75, 76, 79, 80, 90, 91, 93, 94, 95, 99, 102, 104, 105, 108, 109, 110, 111, 114, 117, 118, 120, 121, 124, 125, 126, 127, 129, 132, 133, 134, 135, 136, 138, 139, 140, 141, 142, 143, 144, 147, 150, 152, 153, 155, 156, 158, 159, 160, 161, 162, 163, 164, 165, 167, 168, 169, 170, 171, 172, 173, 174, 175]
(2026-08-08 14:52:59.488) INFO [savont::alignment] Wrote low quality cluster information to low_quality_clusters.tsv
(2026-08-08 14:52:59.538) INFO [savont::alignment] Wrote cluster information before filtering to clusters_after_quality_filter_stage4.tsv
(2026-08-08 14:52:59.538) INFO [savont::alignment] Polishing complete
(2026-08-08 14:52:59.670) INFO [savont::utils] STAGE 4 DONE: Analyzed pileups and estimated consensus qualities --- Memory usage: 1.02 GB
(2026-08-08 14:52:59.719) INFO [savont] === STAGE 5: Merging similar consensus sequences ===
(2026-08-08 14:52:59.728) INFO [savont::alignment] Removing duplicate consensus sequences based on k-mer similarity
(2026-08-08 14:52:59.751) INFO [savont::alignment] Reduced consensus sequences from 99 to 89 after k-mer based deduplication
(2026-08-08 14:52:59.781) INFO [savont::alignment] Wrote 89 polished consensus sequences to polished_consensuses.fasta
(2026-08-08 14:52:59.788) INFO [savont::alignment] Merging 77 low quality consensuses into high quality consensuses
(2026-08-08 14:52:59.889) INFO [savont::alignment] Merging similar consensus sequences based on alignment and depth criteria
(2026-08-08 14:52:59.956) INFO [savont::alignment] Consensus merging complete: 89 -> 54 consensuses
(2026-08-08 14:53:00.034) INFO [savont::alignment] Wrote 54 merged consensus sequences to merged_consensus_sequences.fasta
(2026-08-08 14:53:00.050) INFO [savont::utils] STAGE 5 DONE: Merged similar consensus sequences --- Memory usage: 1.00 GB
(2026-08-08 14:53:00.050) INFO [savont] === STAGE 6: Detecting and filtering chimeric consensus sequences ===
(2026-08-08 14:53:00.050) INFO [savont::chimera] Starting chimera detection for 54 consensuses
(2026-08-08 14:53:00.050) INFO [savont::chimera] Calculating pairwise similarities for 54 consensuses (using decompressed sequences)
(2026-08-08 14:53:00.270) INFO [savont::chimera] Filtered 29 chimeric consensuses with mean chimera score 0.00 and std 0.00, 25 remaining
(2026-08-08 14:53:00.284) INFO [savont::utils] STAGE 6 DONE: Filtered chimeric consensus sequences --- Memory usage: 1.01 GB
(2026-08-08 14:53:00.301) INFO [savont] === Final consensus count after chimera filtering: 25 ===
(2026-08-08 14:53:00.301) INFO [savont] === STAGE 7: Refining ASV depths with alignments and EM algorithm ===
(2026-08-08 14:53:00.303) INFO [savont::alignment] Refining ASV depths using EM algorithm with k-mer based read mapping
(2026-08-08 14:53:00.339) INFO [savont::alignment] Loaded 25 ASVs as TwinReads for k-mer comparison
(2026-08-08 14:53:00.339) INFO [savont::alignment] Built SNPmer index with 159 unique splitmers
(2026-08-08 14:53:00.339) INFO [savont::alignment] Mapping 24308 reads to 25 ASVs using k-mer comparison
(2026-08-08 14:53:04.038) INFO [savont::alignment] Filtered 2123 reads with ratio > 0.005
(2026-08-08 14:53:04.038) INFO [savont::alignment] Total assigned reads: 22185
(2026-08-08 14:53:04.038) INFO [savont::alignment] Total percentage assigned: 91.27%
(2026-08-08 14:53:04.038) INFO [savont::alignment] Number of unique equivalence classes: 54
(2026-08-08 14:53:04.038) INFO [savont::alignment] Running EM algorithm with convergence threshold: 4.507550e-7
(2026-08-08 14:53:04.038) INFO [savont::alignment] EM converged after 6 iterations (max change: 4.306479e-8)
(2026-08-08 14:53:04.038) INFO [savont::alignment] Updating ASV depths based on EM abundances
(2026-08-08 14:53:04.038) INFO [savont::alignment] EM refinement complete: 25 ASVs remaining
(2026-08-08 14:53:04.120) INFO [savont::utils] STAGE 7 DONE: Refined ASV depths with EM algorithm --- Memory usage: 0.99 GB
(2026-08-08 14:53:04.120) INFO [savont] Final consensus count after EM refinement: 25
(2026-08-08 14:53:04.149) INFO [savont] Wrote 25 final consensus sequences to final_asvs.fasta
(2026-08-08 14:53:04.171) INFO [savont] Wrote feature-table.tsv (QIIME2-compatible)
(2026-08-08 14:53:04.235) INFO [savont] === SAVONT COMPLETED SUCCESSFULLY in 11 SECONDS ===
