(2026-08-08 17:35:18.406) INFO [savont] COMMAND: /homes9/jshaw/.cargo/bin/savont asv -t 10 /hlilab/jshaw/16s_ont/benchmark/results-FINAL-preprint/subsampled/v1v8_zmock1_frac111827.81160944818.fastq -o /hlilab/jshaw/16s_ont/benchmark/reviewer_analyses/primary_clustering_threshold_sensitivity/results/reads_111828/threshold_0.99 --primary-clustering-threshold 0.99
(2026-08-08 17:35:18.407) INFO [savont] VERSION: 0.6.3
(2026-08-08 17:35:18.407) INFO [savont] SYSTEM NAME: Rocky Linux
(2026-08-08 17:35:18.407) INFO [savont] SYSTEM HOST NAME: ara.dfci.harvard.edu
(2026-08-08 17:35:18.408) INFO [savont] Created temp directory for intermediate files: /hlilab/jshaw/16s_ont/benchmark/reviewer_analyses/primary_clustering_threshold_sensitivity/results/reads_111828/threshold_0.99/temp
(2026-08-08 17:35:18.472) INFO [savont] === SAVONT STARTED: Generating ASVs ===
(2026-08-08 17:35:18.472) INFO [savont] === STAGE 1: Processing k-mers and polymorphic markers ===
(2026-08-08 17:35:22.101) INFO [savont::seq_parse] Finished with k-mer counting in 3.628189089s. Total SNPmers after bloom filter: 784982
(2026-08-08 17:35:22.102) INFO [savont::utils] Memory usage after second round of k-mer counting processing --- Memory usage: 0.04 GB
(2026-08-08 17:35:22.119) INFO [savont::seq_parse] Removed 604238 SNPmers with counts < 1 in both strands and <= 3 multiplicity.
(2026-08-08 17:35:22.138) INFO [savont] Time elapsed in for counting k-mers is: 3.665619997s
(2026-08-08 17:35:22.166) INFO [savont::kmer_comp] Finding snpmers...
(2026-08-08 17:35:22.215) INFO [savont::kmer_comp] Number of snpmers: 3302. 
(2026-08-08 17:35:22.217) INFO [savont] Time elapsed in for parsing snpmers is: 52.817111ms
(2026-08-08 17:35:22.217) INFO [savont::utils] STAGE 1 DONE: Obtained SNPmers --- Memory usage: 0.02 GB
(2026-08-08 17:35:22.240) INFO [savont] Using blockmers: false
(2026-08-08 17:35:22.240) INFO [savont] Getting reads...
(2026-08-08 17:35:22.594) INFO [savont::kmer_comp] Number of reads removed due to length filtering: 180.
(2026-08-08 17:35:26.113) INFO [savont::kmer_comp] Number of valid reads  - 111648. Number of reads below quality threshold - 4877.
(2026-08-08 17:35:26.147) INFO [savont::kmer_comp] Mean SNPmer density: 3.94%
(2026-08-08 17:35:26.171) INFO [savont::kmer_comp] Mean Blockmer density: 0.00%
(2026-08-08 17:35:26.575) INFO [savont] Total reads: 106771, Reads without SNPmers: 0 (0.00%)
(2026-08-08 17:35:26.575) INFO [savont] === STAGE 2: Clustering reads by k-mers ===
(2026-08-08 17:35:26.575) INFO [savont::asv_cluster] Starting greedy k-mer based clustering...
(2026-08-08 17:35:27.770) INFO [savont::asv_cluster] Processed 10000 / 106771 reads. Current representatives: 740
(2026-08-08 17:35:29.048) INFO [savont::asv_cluster] Processed 20000 / 106771 reads. Current representatives: 1317
(2026-08-08 17:35:30.626) INFO [savont::asv_cluster] Processed 30000 / 106771 reads. Current representatives: 1941
(2026-08-08 17:35:32.530) INFO [savont::asv_cluster] Processed 40000 / 106771 reads. Current representatives: 2599
(2026-08-08 17:35:34.775) INFO [savont::asv_cluster] Processed 50000 / 106771 reads. Current representatives: 3320
(2026-08-08 17:35:37.315) INFO [savont::asv_cluster] Processed 60000 / 106771 reads. Current representatives: 4241
(2026-08-08 17:35:40.156) INFO [savont::asv_cluster] Processed 70000 / 106771 reads. Current representatives: 5357
(2026-08-08 17:35:43.326) INFO [savont::asv_cluster] Processed 80000 / 106771 reads. Current representatives: 6763
(2026-08-08 17:35:47.109) INFO [savont::asv_cluster] Processed 90000 / 106771 reads. Current representatives: 8763
(2026-08-08 17:35:51.791) INFO [savont::asv_cluster] Processed 100000 / 106771 reads. Current representatives: 12505
(2026-08-08 17:35:55.563) INFO [savont::asv_cluster] Greedy clustering complete. 17433 cluster representatives found
(2026-08-08 17:35:55.591) INFO [savont::asv_cluster] K-mer clustering complete. 542 clusters found. Largest cluster: 16226 reads
(2026-08-08 17:35:55.591) INFO [savont::asv_cluster] Wrote k-mer clusters to /hlilab/jshaw/16s_ont/benchmark/reviewer_analyses/primary_clustering_threshold_sensitivity/results/reads_111828/threshold_0.99/temp/kmer_clusters_stage2.tsv
(2026-08-08 17:35:55.632) INFO [savont::utils] STAGE 2 DONE: Clustered reads by k-mers --- Memory usage: 0.74 GB
(2026-08-08 17:35:55.633) INFO [savont] === STAGE 3: Secondary clustering of reads by polymorphic markers ===
(2026-08-08 17:35:55.633) INFO [savont::asv_cluster] Starting greedy SNPmer-based clustering within k-mer clusters...
(2026-08-08 17:35:55.641) INFO [savont::asv_cluster] Processed 500 / 542 k-mer clusters for SNPmer clustering
(2026-08-08 17:35:55.643) INFO [savont::asv_cluster] Processed 300 / 542 k-mer clusters for SNPmer clustering
(2026-08-08 17:35:55.658) INFO [savont::asv_cluster] Processed 400 / 542 k-mer clusters for SNPmer clustering
(2026-08-08 17:35:55.658) INFO [savont::asv_cluster] Processed 200 / 542 k-mer clusters for SNPmer clustering
(2026-08-08 17:35:55.666) INFO [savont::asv_cluster] Processed 100 / 542 k-mer clusters for SNPmer clustering
(2026-08-08 17:35:55.945) INFO [savont::asv_cluster] Processed 10000 / 11847 reads for SNPmer clustering in k-mer cluster 2 with 156 reps
(2026-08-08 17:35:55.963) INFO [savont::asv_cluster] Processed 10000 / 11859 reads for SNPmer clustering in k-mer cluster 1 with 182 reps
(2026-08-08 17:35:56.019) INFO [savont::asv_cluster] Processed 10000 / 16226 reads for SNPmer clustering in k-mer cluster 0 with 222 reps
(2026-08-08 17:35:57.508) INFO [savont::asv_cluster] Wrote SNPmer clusters to /hlilab/jshaw/16s_ont/benchmark/reviewer_analyses/primary_clustering_threshold_sensitivity/results/reads_111828/threshold_0.99/temp/snpmer_clusters_before_reclust2.5.tsv
(2026-08-08 17:35:57.508) INFO [savont::asv_cluster] Starting iterative reclustering using consensus representatives...
(2026-08-08 17:35:57.508) INFO [savont::asv_cluster] Starting with 542 k-mer groups containing 958 total SNPmer clusters
(2026-08-08 17:35:58.061) INFO [savont::asv_cluster] Iteration 1: 198 total merges, 9680 total reassignments across 331 k-mer groups
(2026-08-08 17:35:58.391) INFO [savont::asv_cluster] Iteration 2: 26 total merges, 1046 total reassignments across 331 k-mer groups
(2026-08-08 17:35:58.701) INFO [savont::asv_cluster] Iteration 3: 2 total merges, 54 total reassignments across 331 k-mer groups
(2026-08-08 17:35:59.024) INFO [savont::asv_cluster] Iteration 4: 0 total merges, 11 total reassignments across 331 k-mer groups
(2026-08-08 17:35:59.024) INFO [savont::asv_cluster] Convergence reached after 4 iterations
(2026-08-08 17:35:59.025) INFO [savont::asv_cluster] Final result: 585 total clusters across 331 k-mer groups
(2026-08-08 17:35:59.047) INFO [savont::asv_cluster] SNPmer clustering complete. 585 total SNPmer clusters from 542 k-mer clusters
(2026-08-08 17:36:00.189) INFO [savont::utils] STAGE 3 DONE: Clustered reads by polymorphic markers --- Memory usage: 0.77 GB
(2026-08-08 17:36:00.189) INFO [savont] === STAGE 4: Generating consensus sequences and analyzing pileupes ===
(2026-08-08 17:36:00.189) INFO [savont::alignment] Generating consensus sequences from SNPmer clusters...
(2026-08-08 17:36:03.909) INFO [savont::alignment] Wrote 585 consensus sequences to consensus_sequences.fasta
(2026-08-08 17:36:05.955) INFO [savont::alignment] Analyzing quality error rates from top 59 clusters
(2026-08-08 17:36:08.575) INFO [savont::alignment] Low quality consensus sequences: [40, 76, 78, 106, 127, 134, 147, 154, 157, 159, 161, 176, 185, 193, 205, 213, 220, 221, 227, 231, 235, 247, 257, 258, 263, 264, 267, 269, 288, 297, 298, 299, 306, 317, 319, 323, 334, 335, 337, 344, 345, 348, 353, 364, 365, 366, 367, 369, 372, 374, 376, 378, 381, 382, 391, 392, 394, 398, 399, 403, 412, 418, 423, 424, 432, 433, 435, 438, 439, 443, 445, 446, 447, 448, 458, 459, 471, 474, 478, 480, 481, 482, 483, 486, 489, 492, 499, 500, 503, 504, 506, 508, 511, 513, 514, 515, 516, 517, 520, 521, 523, 525, 527, 539, 545, 546, 547, 551, 555, 556, 557, 558, 559, 562, 565, 568, 571, 573, 581]
(2026-08-08 17:36:08.611) INFO [savont::alignment] Wrote low quality cluster information to low_quality_clusters.tsv
(2026-08-08 17:36:09.937) INFO [savont::alignment] Wrote cluster information before filtering to clusters_after_quality_filter_stage4.tsv
(2026-08-08 17:36:09.937) INFO [savont::alignment] Polishing complete
(2026-08-08 17:36:10.057) INFO [savont::utils] STAGE 4 DONE: Analyzed pileups and estimated consensus qualities --- Memory usage: 2.73 GB
(2026-08-08 17:36:10.088) INFO [savont] === STAGE 5: Merging similar consensus sequences ===
(2026-08-08 17:36:10.088) INFO [savont::alignment] Removing duplicate consensus sequences based on k-mer similarity
(2026-08-08 17:36:10.450) INFO [savont::alignment] Reduced consensus sequences from 466 to 355 after k-mer based deduplication
(2026-08-08 17:36:10.497) INFO [savont::alignment] Wrote 355 polished consensus sequences to polished_consensuses.fasta
(2026-08-08 17:36:10.516) INFO [savont::alignment] Merging 119 low quality consensuses into high quality consensuses
(2026-08-08 17:36:10.765) INFO [savont::alignment] Merging similar consensus sequences based on alignment and depth criteria
(2026-08-08 17:36:11.390) INFO [savont::alignment] Consensus merging complete: 355 -> 200 consensuses
(2026-08-08 17:36:11.621) INFO [savont::alignment] Wrote 200 merged consensus sequences to merged_consensus_sequences.fasta
(2026-08-08 17:36:11.650) INFO [savont::utils] STAGE 5 DONE: Merged similar consensus sequences --- Memory usage: 2.40 GB
(2026-08-08 17:36:11.650) INFO [savont] === STAGE 6: Detecting and filtering chimeric consensus sequences ===
(2026-08-08 17:36:11.650) INFO [savont::chimera] Starting chimera detection for 200 consensuses
(2026-08-08 17:36:11.650) INFO [savont::chimera] Calculating pairwise similarities for 200 consensuses (using decompressed sequences)
(2026-08-08 17:36:12.975) INFO [savont::chimera] Filtered 176 chimeric consensuses with mean chimera score 0.00 and std 0.00, 24 remaining
(2026-08-08 17:36:13.000) INFO [savont::utils] STAGE 6 DONE: Filtered chimeric consensus sequences --- Memory usage: 2.40 GB
(2026-08-08 17:36:13.000) INFO [savont] === Final consensus count after chimera filtering: 24 ===
(2026-08-08 17:36:13.000) INFO [savont] === STAGE 7: Refining ASV depths with alignments and EM algorithm ===
(2026-08-08 17:36:13.001) INFO [savont::alignment] Refining ASV depths using EM algorithm with k-mer based read mapping
(2026-08-08 17:36:13.056) INFO [savont::alignment] Loaded 24 ASVs as TwinReads for k-mer comparison
(2026-08-08 17:36:13.056) INFO [savont::alignment] Built SNPmer index with 160 unique splitmers
(2026-08-08 17:36:13.078) INFO [savont::alignment] Mapping 106771 reads to 24 ASVs using k-mer comparison
(2026-08-08 17:36:32.152) INFO [savont::alignment] Filtered 9384 reads with ratio > 0.005
(2026-08-08 17:36:32.152) INFO [savont::alignment] Total assigned reads: 97387
(2026-08-08 17:36:32.152) INFO [savont::alignment] Total percentage assigned: 91.21%
(2026-08-08 17:36:32.152) INFO [savont::alignment] Number of unique equivalence classes: 64
(2026-08-08 17:36:32.152) INFO [savont::alignment] Running EM algorithm with convergence threshold: 1.026831e-7
(2026-08-08 17:36:32.152) INFO [savont::alignment] EM converged after 9 iterations (max change: 3.166684e-8)
(2026-08-08 17:36:32.152) INFO [savont::alignment] Updating ASV depths based on EM abundances
(2026-08-08 17:36:32.152) INFO [savont::alignment] EM refinement complete: 24 ASVs remaining
(2026-08-08 17:36:32.259) INFO [savont::utils] STAGE 7 DONE: Refined ASV depths with EM algorithm --- Memory usage: 2.40 GB
(2026-08-08 17:36:32.259) INFO [savont] Final consensus count after EM refinement: 24
(2026-08-08 17:36:32.288) INFO [savont] Wrote 24 final consensus sequences to final_asvs.fasta
(2026-08-08 17:36:32.312) INFO [savont] Wrote feature-table.tsv (QIIME2-compatible)
(2026-08-08 17:36:32.435) INFO [savont] === SAVONT COMPLETED SUCCESSFULLY in 74 SECONDS ===
