(2026-08-10 12:58:57.429) [38;5;27mINFO[0m [savont] COMMAND: /homes9/jshaw/.cargo/bin/savont classify -i /hlilab/jshaw/16s_ont/benchmark/reviewer_analyses/its_18s_benchmark/results/unoise_classify_input/unoise_min3/18s_300000 -o /hlilab/jshaw/16s_ont/benchmark/reviewer_analyses/its_18s_benchmark/results/classification/18s/unoise_min3/300000 -d /hlilab/jshaw/16s_ont/benchmark/reviewer_analyses/its_18s_benchmark/databases/silva-138.2 -t 10
(2026-08-10 12:58:57.430) [38;5;27mINFO[0m [savont] VERSION: 0.6.3
(2026-08-10 12:58:57.431) [38;5;27mINFO[0m [savont] Starting classification...
(2026-08-10 12:58:57.432) [38;5;27mINFO[0m [savont::databases] Detected database type 'silva-138.2' for /hlilab/jshaw/16s_ont/benchmark/reviewer_analyses/its_18s_benchmark/databases/silva-138.2
(2026-08-10 12:58:57.432) [38;5;27mINFO[0m [savont::taxonomy] Loading Silva taxonomy from /hlilab/jshaw/16s_ont/benchmark/reviewer_analyses/its_18s_benchmark/databases/silva-138.2/taxmap_slv_ssu_ref_nr_138.2.txt
(2026-08-10 12:58:58.268) [38;5;27mINFO[0m [savont::taxonomy] Loaded 458470 taxonomy entries
(2026-08-10 12:58:58.268) [38;5;27mINFO[0m [savont::classify] Loading consensus sequences from /hlilab/jshaw/16s_ont/benchmark/reviewer_analyses/its_18s_benchmark/results/unoise_classify_input/unoise_min3/18s_300000/final_asvs.fasta
(2026-08-10 12:58:58.270) [38;5;27mINFO[0m [savont::classify] Loaded 13 consensus sequences
(2026-08-10 12:58:58.270) [38;5;27mINFO[0m [savont::classify] Building minimap2 index from database FASTA: /hlilab/jshaw/16s_ont/benchmark/reviewer_analyses/its_18s_benchmark/databases/silva-138.2/SILVA_138.2_SSURef_NR99_tax_silva_trunc.fasta.gz
(2026-08-10 12:58:58.271) [38;5;27mINFO[0m [savont::classify] Loading pre-built minimap2 index: /hlilab/jshaw/16s_ont/benchmark/reviewer_analyses/its_18s_benchmark/databases/silva-138.2/SILVA_138.2_SSURef_NR99_tax_silva_trunc.fasta.gz.mmi
(2026-08-10 12:58:59.880) [38;5;27mINFO[0m [savont::classify] Aligning 13 consensus sequences to database
(2026-08-10 12:59:00.063) [38;5;27mINFO[0m [savont::classify] Collected 13 total mappings from 13 ASVs
(2026-08-10 12:59:00.064) [38;5;27mINFO[0m [savont::classify] Found 9 unique taxonomic IDs
(2026-08-10 12:59:00.064) [38;5;27mINFO[0m [savont::classify] Running EM algorithm to distribute abundances
(2026-08-10 12:59:00.064) [38;5;27mINFO[0m [savont::classify] Starting EM algorithm with 9 taxa and 13 mappings
(2026-08-10 12:59:00.064) [38;5;27mINFO[0m [savont::classify] EM converged after 2 iterations (max change: 8.673617e-19)
(2026-08-10 12:59:00.095) [38;5;27mINFO[0m [savont::classify] Wrote species abundance table to /hlilab/jshaw/16s_ont/benchmark/reviewer_analyses/its_18s_benchmark/results/classification/18s/unoise_min3/300000/species_abundance.tsv
(2026-08-10 12:59:00.132) [38;5;27mINFO[0m [savont::classify] Wrote genus abundance table to /hlilab/jshaw/16s_ont/benchmark/reviewer_analyses/its_18s_benchmark/results/classification/18s/unoise_min3/300000/genus_abundance.tsv
(2026-08-10 12:59:00.155) [38;5;27mINFO[0m [savont::classify] Wrote ASV mappings table to /hlilab/jshaw/16s_ont/benchmark/reviewer_analyses/its_18s_benchmark/results/classification/18s/unoise_min3/300000/asv_mappings.tsv
(2026-08-10 12:59:00.155) [38;5;27mINFO[0m [savont::classify] Classification complete! Classified 13/13 ASVs
(2026-08-10 12:59:00.155) [38;5;27mINFO[0m [savont::classify] Classified 6/13 ASVs at species level
(2026-08-10 12:59:00.155) [38;5;27mINFO[0m [savont::classify] Classified 6/13 ASVs at genus level
