(2026-08-10 12:59:13.490) [38;5;27mINFO[0m [savont] COMMAND: /homes9/jshaw/.cargo/bin/savont classify -i /hlilab/jshaw/16s_ont/benchmark/reviewer_analyses/its_18s_benchmark/results/banana_classify_input/18s_100 -o /hlilab/jshaw/16s_ont/benchmark/reviewer_analyses/its_18s_benchmark/results/classification/18s/banana/100 -d /hlilab/jshaw/16s_ont/benchmark/reviewer_analyses/its_18s_benchmark/databases/silva-138.2 -t 10
(2026-08-10 12:59:13.491) [38;5;27mINFO[0m [savont] VERSION: 0.6.3
(2026-08-10 12:59:13.492) [38;5;27mINFO[0m [savont] Starting classification...
(2026-08-10 12:59:13.493) [38;5;27mINFO[0m [savont::databases] Detected database type 'silva-138.2' for /hlilab/jshaw/16s_ont/benchmark/reviewer_analyses/its_18s_benchmark/databases/silva-138.2
(2026-08-10 12:59:13.494) [38;5;27mINFO[0m [savont::taxonomy] Loading Silva taxonomy from /hlilab/jshaw/16s_ont/benchmark/reviewer_analyses/its_18s_benchmark/databases/silva-138.2/taxmap_slv_ssu_ref_nr_138.2.txt
(2026-08-10 12:59:14.294) [38;5;27mINFO[0m [savont::taxonomy] Loaded 458470 taxonomy entries
(2026-08-10 12:59:14.294) [38;5;27mINFO[0m [savont::classify] Loading consensus sequences from /hlilab/jshaw/16s_ont/benchmark/reviewer_analyses/its_18s_benchmark/results/banana_classify_input/18s_100/final_asvs.fasta
(2026-08-10 12:59:14.295) [38;5;27mINFO[0m [savont::classify] Loaded 2 consensus sequences
(2026-08-10 12:59:14.295) [38;5;27mINFO[0m [savont::classify] Building minimap2 index from database FASTA: /hlilab/jshaw/16s_ont/benchmark/reviewer_analyses/its_18s_benchmark/databases/silva-138.2/SILVA_138.2_SSURef_NR99_tax_silva_trunc.fasta.gz
(2026-08-10 12:59:14.303) [38;5;27mINFO[0m [savont::classify] Loading pre-built minimap2 index: /hlilab/jshaw/16s_ont/benchmark/reviewer_analyses/its_18s_benchmark/databases/silva-138.2/SILVA_138.2_SSURef_NR99_tax_silva_trunc.fasta.gz.mmi
(2026-08-10 12:59:15.854) [38;5;27mINFO[0m [savont::classify] Aligning 2 consensus sequences to database
(2026-08-10 12:59:16.036) [38;5;27mINFO[0m [savont::classify] Collected 2 total mappings from 2 ASVs
(2026-08-10 12:59:16.036) [38;5;27mINFO[0m [savont::classify] Found 2 unique taxonomic IDs
(2026-08-10 12:59:16.036) [38;5;27mINFO[0m [savont::classify] Running EM algorithm to distribute abundances
(2026-08-10 12:59:16.036) [38;5;27mINFO[0m [savont::classify] Starting EM algorithm with 2 taxa and 2 mappings
(2026-08-10 12:59:16.036) [38;5;27mINFO[0m [savont::classify] EM converged after 2 iterations (max change: 1.110223e-16)
(2026-08-10 12:59:16.060) [38;5;27mINFO[0m [savont::classify] Wrote species abundance table to /hlilab/jshaw/16s_ont/benchmark/reviewer_analyses/its_18s_benchmark/results/classification/18s/banana/100/species_abundance.tsv
(2026-08-10 12:59:16.116) [38;5;27mINFO[0m [savont::classify] Wrote genus abundance table to /hlilab/jshaw/16s_ont/benchmark/reviewer_analyses/its_18s_benchmark/results/classification/18s/banana/100/genus_abundance.tsv
(2026-08-10 12:59:16.162) [38;5;27mINFO[0m [savont::classify] Wrote ASV mappings table to /hlilab/jshaw/16s_ont/benchmark/reviewer_analyses/its_18s_benchmark/results/classification/18s/banana/100/asv_mappings.tsv
(2026-08-10 12:59:16.162) [38;5;27mINFO[0m [savont::classify] Classification complete! Classified 2/2 ASVs
(2026-08-10 12:59:16.162) [38;5;27mINFO[0m [savont::classify] Classified 2/2 ASVs at species level
(2026-08-10 12:59:16.162) [38;5;27mINFO[0m [savont::classify] Classified 1/2 ASVs at genus level
