(2026-08-10 12:59:00.611) [38;5;27mINFO[0m [savont] COMMAND: /homes9/jshaw/.cargo/bin/savont classify -i /hlilab/jshaw/16s_ont/benchmark/reviewer_analyses/its_18s_benchmark/results/banana_classify_input/18s_2500 -o /hlilab/jshaw/16s_ont/benchmark/reviewer_analyses/its_18s_benchmark/results/classification/18s/banana/2500 -d /hlilab/jshaw/16s_ont/benchmark/reviewer_analyses/its_18s_benchmark/databases/silva-138.2 -t 10
(2026-08-10 12:59:00.612) [38;5;27mINFO[0m [savont] VERSION: 0.6.3
(2026-08-10 12:59:00.613) [38;5;27mINFO[0m [savont] Starting classification...
(2026-08-10 12:59:00.646) [38;5;27mINFO[0m [savont::databases] Detected database type 'silva-138.2' for /hlilab/jshaw/16s_ont/benchmark/reviewer_analyses/its_18s_benchmark/databases/silva-138.2
(2026-08-10 12:59:00.673) [38;5;27mINFO[0m [savont::taxonomy] Loading Silva taxonomy from /hlilab/jshaw/16s_ont/benchmark/reviewer_analyses/its_18s_benchmark/databases/silva-138.2/taxmap_slv_ssu_ref_nr_138.2.txt
(2026-08-10 12:59:01.494) [38;5;27mINFO[0m [savont::taxonomy] Loaded 458470 taxonomy entries
(2026-08-10 12:59:01.494) [38;5;27mINFO[0m [savont::classify] Loading consensus sequences from /hlilab/jshaw/16s_ont/benchmark/reviewer_analyses/its_18s_benchmark/results/banana_classify_input/18s_2500/final_asvs.fasta
(2026-08-10 12:59:01.496) [38;5;27mINFO[0m [savont::classify] Loaded 4 consensus sequences
(2026-08-10 12:59:01.496) [38;5;27mINFO[0m [savont::classify] Building minimap2 index from database FASTA: /hlilab/jshaw/16s_ont/benchmark/reviewer_analyses/its_18s_benchmark/databases/silva-138.2/SILVA_138.2_SSURef_NR99_tax_silva_trunc.fasta.gz
(2026-08-10 12:59:01.497) [38;5;27mINFO[0m [savont::classify] Loading pre-built minimap2 index: /hlilab/jshaw/16s_ont/benchmark/reviewer_analyses/its_18s_benchmark/databases/silva-138.2/SILVA_138.2_SSURef_NR99_tax_silva_trunc.fasta.gz.mmi
(2026-08-10 12:59:03.074) [38;5;27mINFO[0m [savont::classify] Aligning 4 consensus sequences to database
(2026-08-10 12:59:03.455) [38;5;27mINFO[0m [savont::classify] Collected 4 total mappings from 4 ASVs
(2026-08-10 12:59:03.455) [38;5;27mINFO[0m [savont::classify] Found 4 unique taxonomic IDs
(2026-08-10 12:59:03.455) [38;5;27mINFO[0m [savont::classify] Running EM algorithm to distribute abundances
(2026-08-10 12:59:03.455) [38;5;27mINFO[0m [savont::classify] Starting EM algorithm with 4 taxa and 4 mappings
(2026-08-10 12:59:03.455) [38;5;27mINFO[0m [savont::classify] EM converged after 2 iterations (max change: 2.775558e-17)
(2026-08-10 12:59:03.480) [38;5;27mINFO[0m [savont::classify] Wrote species abundance table to /hlilab/jshaw/16s_ont/benchmark/reviewer_analyses/its_18s_benchmark/results/classification/18s/banana/2500/species_abundance.tsv
(2026-08-10 12:59:03.523) [38;5;27mINFO[0m [savont::classify] Wrote genus abundance table to /hlilab/jshaw/16s_ont/benchmark/reviewer_analyses/its_18s_benchmark/results/classification/18s/banana/2500/genus_abundance.tsv
(2026-08-10 12:59:03.543) [38;5;27mINFO[0m [savont::classify] Wrote ASV mappings table to /hlilab/jshaw/16s_ont/benchmark/reviewer_analyses/its_18s_benchmark/results/classification/18s/banana/2500/asv_mappings.tsv
(2026-08-10 12:59:03.543) [38;5;27mINFO[0m [savont::classify] Classification complete! Classified 4/4 ASVs
(2026-08-10 12:59:03.543) [38;5;27mINFO[0m [savont::classify] Classified 4/4 ASVs at species level
(2026-08-10 12:59:03.543) [38;5;27mINFO[0m [savont::classify] Classified 3/4 ASVs at genus level
