(2026-08-08 19:28:45.882) INFO [savont] COMMAND: /homes9/jshaw/.cargo/bin/savont asv -t 10 /hlilab/jshaw/16s_ont/benchmark/reviewer_analyses/read_accuracy_sensitivity/subsampled/mean_accuracy_97_reads_111828.fastq -o /hlilab/jshaw/16s_ont/benchmark/reviewer_analyses/read_accuracy_sensitivity/results/mean_accuracy_97/reads_111828
(2026-08-08 19:28:45.883) INFO [savont] VERSION: 0.6.3
(2026-08-08 19:28:45.883) INFO [savont] SYSTEM NAME: Rocky Linux
(2026-08-08 19:28:45.883) INFO [savont] SYSTEM HOST NAME: ara.dfci.harvard.edu
(2026-08-08 19:28:45.884) INFO [savont] Created temp directory for intermediate files: /hlilab/jshaw/16s_ont/benchmark/reviewer_analyses/read_accuracy_sensitivity/results/mean_accuracy_97/reads_111828/temp
(2026-08-08 19:28:45.904) INFO [savont] === SAVONT STARTED: Generating ASVs ===
(2026-08-08 19:28:45.904) INFO [savont] === STAGE 1: Processing k-mers and polymorphic markers ===
(2026-08-08 19:28:49.132) INFO [savont::seq_parse] Finished with k-mer counting in 3.228282841s. Total SNPmers after bloom filter: 3000211
(2026-08-08 19:28:49.134) INFO [savont::utils] Memory usage after second round of k-mer counting processing --- Memory usage: 0.08 GB
(2026-08-08 19:28:49.169) INFO [savont::seq_parse] Removed 2488396 SNPmers with counts < 1 in both strands and <= 3 multiplicity.
(2026-08-08 19:28:49.170) INFO [savont] Time elapsed in for counting k-mers is: 3.265657878s
(2026-08-08 19:28:49.173) INFO [savont::kmer_comp] Finding snpmers...
(2026-08-08 19:28:49.214) INFO [savont::kmer_comp] Number of snpmers: 16030. 
(2026-08-08 19:28:49.214) INFO [savont] Time elapsed in for parsing snpmers is: 44.566714ms
(2026-08-08 19:28:49.215) INFO [savont::utils] STAGE 1 DONE: Obtained SNPmers --- Memory usage: 0.03 GB
(2026-08-08 19:28:49.215) INFO [savont] Using blockmers: false
(2026-08-08 19:28:49.215) INFO [savont] Getting reads...
(2026-08-08 19:28:49.573) INFO [savont::kmer_comp] Number of reads removed due to length filtering: 0.
(2026-08-08 19:28:52.645) INFO [savont::kmer_comp] Number of valid reads  - 111828. Number of reads below quality threshold - 67965.
(2026-08-08 19:28:52.645) WARN [savont::kmer_comp] More than 50% of reads are below the quality threshold of 98%. This may imply that these reads are not high enough quality for ASV reconstruction. Proceed with caution!
(2026-08-08 19:28:52.844) INFO [savont::kmer_comp] Mean SNPmer density: 3.27%
(2026-08-08 19:28:52.846) INFO [savont::kmer_comp] Mean Blockmer density: 0.00%
(2026-08-08 19:28:52.978) INFO [savont] Total reads: 43863, Reads without SNPmers: 0 (0.00%)
(2026-08-08 19:28:52.978) INFO [savont] === STAGE 2: Clustering reads by k-mers ===
(2026-08-08 19:28:52.978) INFO [savont::asv_cluster] Starting greedy k-mer based clustering...
(2026-08-08 19:28:53.162) INFO [savont::asv_cluster] Processed 10000 / 43863 reads. Current representatives: 7
(2026-08-08 19:28:53.337) INFO [savont::asv_cluster] Processed 20000 / 43863 reads. Current representatives: 10
(2026-08-08 19:28:53.531) INFO [savont::asv_cluster] Processed 30000 / 43863 reads. Current representatives: 18
(2026-08-08 19:28:53.774) INFO [savont::asv_cluster] Processed 40000 / 43863 reads. Current representatives: 39
(2026-08-08 19:28:53.884) INFO [savont::asv_cluster] Greedy clustering complete. 47 cluster representatives found
(2026-08-08 19:28:53.894) INFO [savont::asv_cluster] K-mer clustering complete. 15 clusters found. Largest cluster: 9105 reads
(2026-08-08 19:28:53.902) INFO [savont::asv_cluster] Wrote k-mer clusters to /hlilab/jshaw/16s_ont/benchmark/reviewer_analyses/read_accuracy_sensitivity/results/mean_accuracy_97/reads_111828/temp/kmer_clusters_stage2.tsv
(2026-08-08 19:28:53.938) INFO [savont::utils] STAGE 2 DONE: Clustered reads by k-mers --- Memory usage: 0.72 GB
(2026-08-08 19:28:53.954) INFO [savont] === STAGE 3: Secondary clustering of reads by polymorphic markers ===
(2026-08-08 19:28:53.954) INFO [savont::asv_cluster] Starting greedy SNPmer-based clustering within k-mer clusters...
(2026-08-08 19:28:53.987) INFO [savont::asv_cluster] Wrote SNPmer clusters to /hlilab/jshaw/16s_ont/benchmark/reviewer_analyses/read_accuracy_sensitivity/results/mean_accuracy_97/reads_111828/temp/snpmer_clusters_before_reclust2.5.tsv
(2026-08-08 19:28:53.989) INFO [savont::asv_cluster] Starting iterative reclustering using consensus representatives...
(2026-08-08 19:28:53.989) INFO [savont::asv_cluster] Starting with 15 k-mer groups containing 75 total SNPmer clusters
(2026-08-08 19:28:54.108) INFO [savont::asv_cluster] Iteration 1: 29 total merges, 6148 total reassignments across 14 k-mer groups
(2026-08-08 19:28:54.185) INFO [savont::asv_cluster] Iteration 2: 0 total merges, 228 total reassignments across 14 k-mer groups
(2026-08-08 19:28:54.185) INFO [savont::asv_cluster] Convergence reached after 2 iterations
(2026-08-08 19:28:54.187) INFO [savont::asv_cluster] Final result: 45 total clusters across 14 k-mer groups
(2026-08-08 19:28:54.207) INFO [savont::asv_cluster] SNPmer clustering complete. 45 total SNPmer clusters from 15 k-mer clusters
(2026-08-08 19:28:54.519) INFO [savont::utils] STAGE 3 DONE: Clustered reads by polymorphic markers --- Memory usage: 0.74 GB
(2026-08-08 19:28:54.519) INFO [savont] === STAGE 4: Generating consensus sequences and analyzing pileupes ===
(2026-08-08 19:28:54.519) INFO [savont::alignment] Generating consensus sequences from SNPmer clusters...
(2026-08-08 19:28:55.354) INFO [savont::alignment] Wrote 45 consensus sequences to consensus_sequences.fasta
(2026-08-08 19:28:55.976) INFO [savont::alignment] Analyzing quality error rates from top 5 clusters
(2026-08-08 19:28:56.695) INFO [savont::alignment] Low quality consensus sequences: [42, 44]
(2026-08-08 19:28:56.719) INFO [savont::alignment] Wrote low quality cluster information to low_quality_clusters.tsv
(2026-08-08 19:28:56.863) INFO [savont::alignment] Wrote cluster information before filtering to clusters_after_quality_filter_stage4.tsv
(2026-08-08 19:28:56.863) INFO [savont::alignment] Polishing complete
(2026-08-08 19:28:56.920) INFO [savont::utils] STAGE 4 DONE: Analyzed pileups and estimated consensus qualities --- Memory usage: 1.14 GB
(2026-08-08 19:28:56.950) INFO [savont] === STAGE 5: Merging similar consensus sequences ===
(2026-08-08 19:28:56.950) INFO [savont::alignment] Removing duplicate consensus sequences based on k-mer similarity
(2026-08-08 19:28:56.956) INFO [savont::alignment] Reduced consensus sequences from 43 to 40 after k-mer based deduplication
(2026-08-08 19:28:57.015) INFO [savont::alignment] Wrote 40 polished consensus sequences to polished_consensuses.fasta
(2026-08-08 19:28:57.028) INFO [savont::alignment] Merging 2 low quality consensuses into high quality consensuses
(2026-08-08 19:28:57.044) INFO [savont::alignment] Merging similar consensus sequences based on alignment and depth criteria
(2026-08-08 19:28:57.066) INFO [savont::alignment] Consensus merging complete: 40 -> 23 consensuses
(2026-08-08 19:28:57.189) INFO [savont::alignment] Wrote 23 merged consensus sequences to merged_consensus_sequences.fasta
(2026-08-08 19:28:57.203) INFO [savont::utils] STAGE 5 DONE: Merged similar consensus sequences --- Memory usage: 1.14 GB
(2026-08-08 19:28:57.231) INFO [savont] === STAGE 6: Detecting and filtering chimeric consensus sequences ===
(2026-08-08 19:28:57.231) INFO [savont::chimera] Starting chimera detection for 23 consensuses
(2026-08-08 19:28:57.231) INFO [savont::chimera] Calculating pairwise similarities for 23 consensuses (using decompressed sequences)
(2026-08-08 19:28:57.288) INFO [savont::chimera] Filtered 0 chimeric consensuses with mean chimera score NaN and std NaN, 23 remaining
(2026-08-08 19:28:57.301) INFO [savont::utils] STAGE 6 DONE: Filtered chimeric consensus sequences --- Memory usage: 1.15 GB
(2026-08-08 19:28:57.309) INFO [savont] === Final consensus count after chimera filtering: 23 ===
(2026-08-08 19:28:57.309) INFO [savont] === STAGE 7: Refining ASV depths with alignments and EM algorithm ===
(2026-08-08 19:28:57.310) INFO [savont::alignment] Refining ASV depths using EM algorithm with k-mer based read mapping
(2026-08-08 19:28:57.343) INFO [savont::alignment] Loaded 23 ASVs as TwinReads for k-mer comparison
(2026-08-08 19:28:57.363) INFO [savont::alignment] Built SNPmer index with 159 unique splitmers
(2026-08-08 19:28:57.363) INFO [savont::alignment] Mapping 43863 reads to 23 ASVs using k-mer comparison
(2026-08-08 19:29:15.563) INFO [savont::alignment] Filtered 0 reads with ratio > 0.005
(2026-08-08 19:29:15.563) INFO [savont::alignment] Total assigned reads: 43863
(2026-08-08 19:29:15.563) INFO [savont::alignment] Total percentage assigned: 100.00%
(2026-08-08 19:29:15.563) INFO [savont::alignment] Number of unique equivalence classes: 35
(2026-08-08 19:29:15.563) INFO [savont::alignment] Running EM algorithm with convergence threshold: 2.279826e-7
(2026-08-08 19:29:15.563) INFO [savont::alignment] EM converged after 6 iterations (max change: 1.428384e-7)
(2026-08-08 19:29:15.563) INFO [savont::alignment] Updating ASV depths based on EM abundances
(2026-08-08 19:29:15.563) INFO [savont::alignment] EM refinement complete: 23 ASVs remaining
(2026-08-08 19:29:15.627) INFO [savont::utils] STAGE 7 DONE: Refined ASV depths with EM algorithm --- Memory usage: 1.15 GB
(2026-08-08 19:29:15.640) INFO [savont] Final consensus count after EM refinement: 23
(2026-08-08 19:29:15.676) INFO [savont] Wrote 23 final consensus sequences to final_asvs.fasta
(2026-08-08 19:29:15.714) INFO [savont] Wrote feature-table.tsv (QIIME2-compatible)
(2026-08-08 19:29:15.802) INFO [savont] === SAVONT COMPLETED SUCCESSFULLY in 29 SECONDS ===
