(2026-08-08 17:33:36.773) INFO [savont] COMMAND: /homes9/jshaw/.cargo/bin/savont asv -t 10 /hlilab/jshaw/16s_ont/benchmark/results-FINAL-preprint/subsampled/v1v8_zmock1_frac25450.286947322187.fastq -o /hlilab/jshaw/16s_ont/benchmark/reviewer_analyses/primary_clustering_threshold_sensitivity/results/reads_25450/threshold_0.97 --primary-clustering-threshold 0.97
(2026-08-08 17:33:36.774) INFO [savont] VERSION: 0.6.3
(2026-08-08 17:33:36.774) INFO [savont] SYSTEM NAME: Rocky Linux
(2026-08-08 17:33:36.774) INFO [savont] SYSTEM HOST NAME: ara.dfci.harvard.edu
(2026-08-08 17:33:36.775) INFO [savont] Created temp directory for intermediate files: /hlilab/jshaw/16s_ont/benchmark/reviewer_analyses/primary_clustering_threshold_sensitivity/results/reads_25450/threshold_0.97/temp
(2026-08-08 17:33:36.798) INFO [savont] === SAVONT STARTED: Generating ASVs ===
(2026-08-08 17:33:36.798) INFO [savont] === STAGE 1: Processing k-mers and polymorphic markers ===
(2026-08-08 17:33:37.322) INFO [savont::seq_parse] Finished with k-mer counting in 523.84399ms. Total SNPmers after bloom filter: 359700
(2026-08-08 17:33:37.323) INFO [savont::utils] Memory usage after second round of k-mer counting processing --- Memory usage: 0.02 GB
(2026-08-08 17:33:37.365) INFO [savont::seq_parse] Removed 308403 SNPmers with counts < 1 in both strands and <= 3 multiplicity.
(2026-08-08 17:33:37.440) INFO [savont] Time elapsed in for counting k-mers is: 642.236408ms
(2026-08-08 17:33:37.488) INFO [savont::kmer_comp] Finding snpmers...
(2026-08-08 17:33:37.526) INFO [savont::kmer_comp] Number of snpmers: 522. 
(2026-08-08 17:33:37.568) INFO [savont] Time elapsed in for parsing snpmers is: 80.468711ms
(2026-08-08 17:33:37.568) INFO [savont::utils] STAGE 1 DONE: Obtained SNPmers --- Memory usage: 0.01 GB
(2026-08-08 17:33:37.617) INFO [savont] Using blockmers: false
(2026-08-08 17:33:37.617) INFO [savont] Getting reads...
(2026-08-08 17:33:37.685) INFO [savont::kmer_comp] Number of reads removed due to length filtering: 43.
(2026-08-08 17:33:38.306) INFO [savont::kmer_comp] Number of valid reads  - 25407. Number of reads below quality threshold - 1099.
(2026-08-08 17:33:38.309) INFO [savont::kmer_comp] Mean SNPmer density: 3.83%
(2026-08-08 17:33:38.309) INFO [savont::kmer_comp] Mean Blockmer density: 0.00%
(2026-08-08 17:33:38.371) INFO [savont] Total reads: 24308, Reads without SNPmers: 0 (0.00%)
(2026-08-08 17:33:38.371) INFO [savont] === STAGE 2: Clustering reads by k-mers ===
(2026-08-08 17:33:38.371) INFO [savont::asv_cluster] Starting greedy k-mer based clustering...
(2026-08-08 17:33:39.076) INFO [savont::asv_cluster] Processed 10000 / 24308 reads. Current representatives: 84
(2026-08-08 17:33:39.946) INFO [savont::asv_cluster] Processed 20000 / 24308 reads. Current representatives: 113
(2026-08-08 17:33:40.322) INFO [savont::asv_cluster] Greedy clustering complete. 175 cluster representatives found
(2026-08-08 17:33:40.329) INFO [savont::asv_cluster] K-mer clustering complete. 76 clusters found. Largest cluster: 4292 reads
(2026-08-08 17:33:40.382) INFO [savont::asv_cluster] Wrote k-mer clusters to /hlilab/jshaw/16s_ont/benchmark/reviewer_analyses/primary_clustering_threshold_sensitivity/results/reads_25450/threshold_0.97/temp/kmer_clusters_stage2.tsv
(2026-08-08 17:33:40.460) INFO [savont::utils] STAGE 2 DONE: Clustered reads by k-mers --- Memory usage: 0.18 GB
(2026-08-08 17:33:40.460) INFO [savont] === STAGE 3: Secondary clustering of reads by polymorphic markers ===
(2026-08-08 17:33:40.460) INFO [savont::asv_cluster] Starting greedy SNPmer-based clustering within k-mer clusters...
(2026-08-08 17:33:40.610) INFO [savont::asv_cluster] Wrote SNPmer clusters to /hlilab/jshaw/16s_ont/benchmark/reviewer_analyses/primary_clustering_threshold_sensitivity/results/reads_25450/threshold_0.97/temp/snpmer_clusters_before_reclust2.5.tsv
(2026-08-08 17:33:40.610) INFO [savont::asv_cluster] Starting iterative reclustering using consensus representatives...
(2026-08-08 17:33:40.610) INFO [savont::asv_cluster] Starting with 76 k-mer groups containing 263 total SNPmer clusters
(2026-08-08 17:33:40.679) INFO [savont::asv_cluster] Iteration 1: 66 total merges, 2518 total reassignments across 32 k-mer groups
(2026-08-08 17:33:40.719) INFO [savont::asv_cluster] Iteration 2: 1 total merges, 160 total reassignments across 32 k-mer groups
(2026-08-08 17:33:40.760) INFO [savont::asv_cluster] Iteration 3: 0 total merges, 15 total reassignments across 32 k-mer groups
(2026-08-08 17:33:40.760) INFO [savont::asv_cluster] Convergence reached after 3 iterations
(2026-08-08 17:33:40.760) INFO [savont::asv_cluster] Final result: 128 total clusters across 32 k-mer groups
(2026-08-08 17:33:40.760) INFO [savont::asv_cluster] SNPmer clustering complete. 128 total SNPmer clusters from 76 k-mer clusters
(2026-08-08 17:33:40.911) INFO [savont::utils] STAGE 3 DONE: Clustered reads by polymorphic markers --- Memory usage: 0.19 GB
(2026-08-08 17:33:40.911) INFO [savont] === STAGE 4: Generating consensus sequences and analyzing pileupes ===
(2026-08-08 17:33:40.911) INFO [savont::alignment] Generating consensus sequences from SNPmer clusters...
(2026-08-08 17:33:42.053) INFO [savont::alignment] Wrote 128 consensus sequences to consensus_sequences.fasta
(2026-08-08 17:33:42.972) INFO [savont::alignment] Analyzing quality error rates from top 13 clusters
(2026-08-08 17:33:43.899) INFO [savont::alignment] Low quality consensus sequences: [32, 35, 36, 37, 44, 46, 48, 51, 52, 53, 54, 58, 60, 61, 63, 66, 67, 68, 69, 73, 75, 78, 80, 82, 83, 84, 85, 86, 88, 90, 92, 93, 94, 95, 98, 101, 102, 104, 112, 113, 114, 115, 118, 119, 120, 122, 123, 124, 125, 126, 127]
(2026-08-08 17:33:43.929) INFO [savont::alignment] Wrote low quality cluster information to low_quality_clusters.tsv
(2026-08-08 17:33:43.988) INFO [savont::alignment] Wrote cluster information before filtering to clusters_after_quality_filter_stage4.tsv
(2026-08-08 17:33:43.988) INFO [savont::alignment] Polishing complete
(2026-08-08 17:33:44.031) INFO [savont::utils] STAGE 4 DONE: Analyzed pileups and estimated consensus qualities --- Memory usage: 0.87 GB
(2026-08-08 17:33:44.062) INFO [savont] === STAGE 5: Merging similar consensus sequences ===
(2026-08-08 17:33:44.078) INFO [savont::alignment] Removing duplicate consensus sequences based on k-mer similarity
(2026-08-08 17:33:44.093) INFO [savont::alignment] Reduced consensus sequences from 77 to 72 after k-mer based deduplication
(2026-08-08 17:33:44.144) INFO [savont::alignment] Wrote 72 polished consensus sequences to polished_consensuses.fasta
(2026-08-08 17:33:44.150) INFO [savont::alignment] Merging 51 low quality consensuses into high quality consensuses
(2026-08-08 17:33:44.182) INFO [savont::alignment] Merging similar consensus sequences based on alignment and depth criteria
(2026-08-08 17:33:44.269) INFO [savont::alignment] Consensus merging complete: 72 -> 48 consensuses
(2026-08-08 17:33:44.360) INFO [savont::alignment] Wrote 48 merged consensus sequences to merged_consensus_sequences.fasta
(2026-08-08 17:33:44.371) INFO [savont::utils] STAGE 5 DONE: Merged similar consensus sequences --- Memory usage: 0.85 GB
(2026-08-08 17:33:44.387) INFO [savont] === STAGE 6: Detecting and filtering chimeric consensus sequences ===
(2026-08-08 17:33:44.387) INFO [savont::chimera] Starting chimera detection for 48 consensuses
(2026-08-08 17:33:44.387) INFO [savont::chimera] Calculating pairwise similarities for 48 consensuses (using decompressed sequences)
(2026-08-08 17:33:44.536) INFO [savont::chimera] Filtered 22 chimeric consensuses with mean chimera score 0.00 and std 0.00, 26 remaining
(2026-08-08 17:33:44.547) INFO [savont::utils] STAGE 6 DONE: Filtered chimeric consensus sequences --- Memory usage: 0.86 GB
(2026-08-08 17:33:44.547) INFO [savont] === Final consensus count after chimera filtering: 26 ===
(2026-08-08 17:33:44.547) INFO [savont] === STAGE 7: Refining ASV depths with alignments and EM algorithm ===
(2026-08-08 17:33:44.548) INFO [savont::alignment] Refining ASV depths using EM algorithm with k-mer based read mapping
(2026-08-08 17:33:44.591) INFO [savont::alignment] Loaded 26 ASVs as TwinReads for k-mer comparison
(2026-08-08 17:33:44.591) INFO [savont::alignment] Built SNPmer index with 159 unique splitmers
(2026-08-08 17:33:44.591) INFO [savont::alignment] Mapping 24308 reads to 26 ASVs using k-mer comparison
(2026-08-08 17:33:48.821) INFO [savont::alignment] Filtered 2120 reads with ratio > 0.005
(2026-08-08 17:33:48.821) INFO [savont::alignment] Total assigned reads: 22188
(2026-08-08 17:33:48.821) INFO [savont::alignment] Total percentage assigned: 91.28%
(2026-08-08 17:33:48.821) INFO [savont::alignment] Number of unique equivalence classes: 61
(2026-08-08 17:33:48.821) INFO [savont::alignment] Running EM algorithm with convergence threshold: 4.506941e-7
(2026-08-08 17:33:48.821) INFO [savont::alignment] EM converged after 7 iterations (max change: 2.869589e-7)
(2026-08-08 17:33:48.821) INFO [savont::alignment] Updating ASV depths based on EM abundances
(2026-08-08 17:33:48.821) INFO [savont::alignment] EM refinement complete: 26 ASVs remaining
(2026-08-08 17:33:48.902) INFO [savont::utils] STAGE 7 DONE: Refined ASV depths with EM algorithm --- Memory usage: 0.83 GB
(2026-08-08 17:33:48.902) INFO [savont] Final consensus count after EM refinement: 26
(2026-08-08 17:33:48.934) INFO [savont] Wrote 26 final consensus sequences to final_asvs.fasta
(2026-08-08 17:33:48.974) INFO [savont] Wrote feature-table.tsv (QIIME2-compatible)
(2026-08-08 17:33:49.027) INFO [savont] === SAVONT COMPLETED SUCCESSFULLY in 12 SECONDS ===
