(2026-08-08 19:28:33.360) INFO [savont] COMMAND: /homes9/jshaw/.cargo/bin/savont asv -t 10 /hlilab/jshaw/16s_ont/benchmark/reviewer_analyses/read_accuracy_sensitivity/subsampled/mean_accuracy_96_reads_111828.fastq -o /hlilab/jshaw/16s_ont/benchmark/reviewer_analyses/read_accuracy_sensitivity/results/mean_accuracy_96/reads_111828
(2026-08-08 19:28:33.361) INFO [savont] VERSION: 0.6.3
(2026-08-08 19:28:33.361) INFO [savont] SYSTEM NAME: Rocky Linux
(2026-08-08 19:28:33.361) INFO [savont] SYSTEM HOST NAME: ara.dfci.harvard.edu
(2026-08-08 19:28:33.363) INFO [savont] Created temp directory for intermediate files: /hlilab/jshaw/16s_ont/benchmark/reviewer_analyses/read_accuracy_sensitivity/results/mean_accuracy_96/reads_111828/temp
(2026-08-08 19:28:33.363) INFO [savont] === SAVONT STARTED: Generating ASVs ===
(2026-08-08 19:28:33.363) INFO [savont] === STAGE 1: Processing k-mers and polymorphic markers ===
(2026-08-08 19:28:36.811) INFO [savont::seq_parse] Finished with k-mer counting in 3.448174568s. Total SNPmers after bloom filter: 3805156
(2026-08-08 19:28:36.813) INFO [savont::utils] Memory usage after second round of k-mer counting processing --- Memory usage: 0.15 GB
(2026-08-08 19:28:36.865) INFO [savont::seq_parse] Removed 3210845 SNPmers with counts < 1 in both strands and <= 3 multiplicity.
(2026-08-08 19:28:36.866) INFO [savont] Time elapsed in for counting k-mers is: 3.502937115s
(2026-08-08 19:28:36.869) INFO [savont::kmer_comp] Finding snpmers...
(2026-08-08 19:28:36.914) INFO [savont::kmer_comp] Number of snpmers: 17929. 
(2026-08-08 19:28:36.914) INFO [savont] Time elapsed in for parsing snpmers is: 48.691413ms
(2026-08-08 19:28:36.915) INFO [savont::utils] STAGE 1 DONE: Obtained SNPmers --- Memory usage: 0.03 GB
(2026-08-08 19:28:36.915) INFO [savont] Using blockmers: false
(2026-08-08 19:28:36.915) INFO [savont] Getting reads...
(2026-08-08 19:28:37.243) INFO [savont::kmer_comp] Number of reads removed due to length filtering: 0.
(2026-08-08 19:28:40.353) INFO [savont::kmer_comp] Number of valid reads  - 111828. Number of reads below quality threshold - 90929.
(2026-08-08 19:28:40.353) WARN [savont::kmer_comp] More than 50% of reads are below the quality threshold of 98%. This may imply that these reads are not high enough quality for ASV reconstruction. Proceed with caution!
(2026-08-08 19:28:40.539) INFO [savont::kmer_comp] Mean SNPmer density: 3.25%
(2026-08-08 19:28:40.540) INFO [savont::kmer_comp] Mean Blockmer density: 0.00%
(2026-08-08 19:28:40.591) INFO [savont] Total reads: 20899, Reads without SNPmers: 0 (0.00%)
(2026-08-08 19:28:40.591) INFO [savont] === STAGE 2: Clustering reads by k-mers ===
(2026-08-08 19:28:40.591) INFO [savont::asv_cluster] Starting greedy k-mer based clustering...
(2026-08-08 19:28:40.786) INFO [savont::asv_cluster] Processed 10000 / 20899 reads. Current representatives: 12
(2026-08-08 19:28:41.024) INFO [savont::asv_cluster] Processed 20000 / 20899 reads. Current representatives: 34
(2026-08-08 19:28:41.046) INFO [savont::asv_cluster] Greedy clustering complete. 37 cluster representatives found
(2026-08-08 19:28:41.051) INFO [savont::asv_cluster] K-mer clustering complete. 13 clusters found. Largest cluster: 4342 reads
(2026-08-08 19:28:41.051) INFO [savont::asv_cluster] Wrote k-mer clusters to /hlilab/jshaw/16s_ont/benchmark/reviewer_analyses/read_accuracy_sensitivity/results/mean_accuracy_96/reads_111828/temp/kmer_clusters_stage2.tsv
(2026-08-08 19:28:41.118) INFO [savont::utils] STAGE 2 DONE: Clustered reads by k-mers --- Memory usage: 0.72 GB
(2026-08-08 19:28:41.118) INFO [savont] === STAGE 3: Secondary clustering of reads by polymorphic markers ===
(2026-08-08 19:28:41.118) INFO [savont::asv_cluster] Starting greedy SNPmer-based clustering within k-mer clusters...
(2026-08-08 19:28:41.133) INFO [savont::asv_cluster] Wrote SNPmer clusters to /hlilab/jshaw/16s_ont/benchmark/reviewer_analyses/read_accuracy_sensitivity/results/mean_accuracy_96/reads_111828/temp/snpmer_clusters_before_reclust2.5.tsv
(2026-08-08 19:28:41.133) INFO [savont::asv_cluster] Starting iterative reclustering using consensus representatives...
(2026-08-08 19:28:41.133) INFO [savont::asv_cluster] Starting with 13 k-mer groups containing 46 total SNPmer clusters
(2026-08-08 19:28:41.201) INFO [savont::asv_cluster] Iteration 1: 12 total merges, 4007 total reassignments across 11 k-mer groups
(2026-08-08 19:28:41.240) INFO [savont::asv_cluster] Iteration 2: 0 total merges, 707 total reassignments across 11 k-mer groups
(2026-08-08 19:28:41.240) INFO [savont::asv_cluster] Convergence reached after 2 iterations
(2026-08-08 19:28:41.240) INFO [savont::asv_cluster] Final result: 31 total clusters across 11 k-mer groups
(2026-08-08 19:28:41.240) INFO [savont::asv_cluster] SNPmer clustering complete. 31 total SNPmer clusters from 13 k-mer clusters
(2026-08-08 19:28:41.344) INFO [savont::utils] STAGE 3 DONE: Clustered reads by polymorphic markers --- Memory usage: 0.74 GB
(2026-08-08 19:28:41.344) INFO [savont] === STAGE 4: Generating consensus sequences and analyzing pileupes ===
(2026-08-08 19:28:41.344) INFO [savont::alignment] Generating consensus sequences from SNPmer clusters...
(2026-08-08 19:28:41.987) INFO [savont::alignment] Wrote 31 consensus sequences to consensus_sequences.fasta
(2026-08-08 19:28:42.538) INFO [savont::alignment] Analyzing quality error rates from top 3 clusters
(2026-08-08 19:28:43.106) INFO [savont::alignment] Low quality consensus sequences: [29]
(2026-08-08 19:28:43.143) INFO [savont::alignment] Wrote low quality cluster information to low_quality_clusters.tsv
(2026-08-08 19:28:43.214) INFO [savont::alignment] Wrote cluster information before filtering to clusters_after_quality_filter_stage4.tsv
(2026-08-08 19:28:43.214) INFO [savont::alignment] Polishing complete
(2026-08-08 19:28:43.263) INFO [savont::utils] STAGE 4 DONE: Analyzed pileups and estimated consensus qualities --- Memory usage: 1.15 GB
(2026-08-08 19:28:43.289) INFO [savont] === STAGE 5: Merging similar consensus sequences ===
(2026-08-08 19:28:43.289) INFO [savont::alignment] Removing duplicate consensus sequences based on k-mer similarity
(2026-08-08 19:28:43.292) INFO [savont::alignment] Reduced consensus sequences from 30 to 29 after k-mer based deduplication
(2026-08-08 19:28:43.318) INFO [savont::alignment] Wrote 29 polished consensus sequences to polished_consensuses.fasta
(2026-08-08 19:28:43.322) INFO [savont::alignment] Merging 1 low quality consensuses into high quality consensuses
(2026-08-08 19:28:43.324) INFO [savont::alignment] Merging similar consensus sequences based on alignment and depth criteria
(2026-08-08 19:28:43.334) INFO [savont::alignment] Consensus merging complete: 29 -> 23 consensuses
(2026-08-08 19:28:43.485) INFO [savont::alignment] Wrote 23 merged consensus sequences to merged_consensus_sequences.fasta
(2026-08-08 19:28:43.499) INFO [savont::utils] STAGE 5 DONE: Merged similar consensus sequences --- Memory usage: 1.15 GB
(2026-08-08 19:28:43.499) INFO [savont] === STAGE 6: Detecting and filtering chimeric consensus sequences ===
(2026-08-08 19:28:43.499) INFO [savont::chimera] Starting chimera detection for 23 consensuses
(2026-08-08 19:28:43.499) INFO [savont::chimera] Calculating pairwise similarities for 23 consensuses (using decompressed sequences)
(2026-08-08 19:28:43.546) INFO [savont::chimera] Filtered 0 chimeric consensuses with mean chimera score NaN and std NaN, 23 remaining
(2026-08-08 19:28:43.564) INFO [savont::utils] STAGE 6 DONE: Filtered chimeric consensus sequences --- Memory usage: 1.16 GB
(2026-08-08 19:28:43.564) INFO [savont] === Final consensus count after chimera filtering: 23 ===
(2026-08-08 19:28:43.564) INFO [savont] === STAGE 7: Refining ASV depths with alignments and EM algorithm ===
(2026-08-08 19:28:43.565) INFO [savont::alignment] Refining ASV depths using EM algorithm with k-mer based read mapping
(2026-08-08 19:28:43.600) INFO [savont::alignment] Loaded 23 ASVs as TwinReads for k-mer comparison
(2026-08-08 19:28:43.601) INFO [savont::alignment] Built SNPmer index with 160 unique splitmers
(2026-08-08 19:28:43.601) INFO [savont::alignment] Mapping 20899 reads to 23 ASVs using k-mer comparison
(2026-08-08 19:28:45.483) INFO [savont::alignment] Filtered 0 reads with ratio > 0.005
(2026-08-08 19:28:45.483) INFO [savont::alignment] Total assigned reads: 20899
(2026-08-08 19:28:45.483) INFO [savont::alignment] Total percentage assigned: 100.00%
(2026-08-08 19:28:45.483) INFO [savont::alignment] Number of unique equivalence classes: 34
(2026-08-08 19:28:45.483) INFO [savont::alignment] Running EM algorithm with convergence threshold: 4.784918e-7
(2026-08-08 19:28:45.483) INFO [savont::alignment] EM converged after 6 iterations (max change: 8.835801e-8)
(2026-08-08 19:28:45.483) INFO [savont::alignment] Updating ASV depths based on EM abundances
(2026-08-08 19:28:45.483) INFO [savont::alignment] EM refinement complete: 23 ASVs remaining
(2026-08-08 19:28:45.566) INFO [savont::utils] STAGE 7 DONE: Refined ASV depths with EM algorithm --- Memory usage: 1.16 GB
(2026-08-08 19:28:45.566) INFO [savont] Final consensus count after EM refinement: 23
(2026-08-08 19:28:45.598) INFO [savont] Wrote 23 final consensus sequences to final_asvs.fasta
(2026-08-08 19:28:45.631) INFO [savont] Wrote feature-table.tsv (QIIME2-compatible)
(2026-08-08 19:28:45.711) INFO [savont] === SAVONT COMPLETED SUCCESSFULLY in 12 SECONDS ===
